43424168-e44e-473a-bf12-dba8a4a4453a 2016-12-13 11:24:01.796390655 2618790 [56250.388870]   963  1896 D ThermaPlan->Batch: {"func":"Batch->add()","batch":{"what":"BATCH","start":259786617,"end":280795765,"flags":8,"flagsBinary":"1000","oldStart":259345161,"oldEnd":280795765}}
43424168-e44e-473a-bf12-dba8a4a4453a 2016-12-13 11:24:01.796390655 2618791 [56250.389235]   963  1896 D ThermaPlan->Batch: {"func":"Batch->add()","batch":{"what":"BATCH","start":261333689,"end":280795765,"flags":8,"flagsBinary":"1000","oldStart":259786617,"oldEnd":280795765}}
43424168-e44e-473a-bf12-dba8a4a4453a 2016-12-13 11:24:01.806390655 2618792 [56250.389760]   963  1896 D ThermaPlan->Batch: {"func":"Batch->add()","batch":{"what":"BATCH","start":270989138,"end":280795765,"flags":8,"flagsBinary":"1000","oldStart":261333689,"oldEnd":280795765}}
43424168-e44e-473a-bf12-dba8a4a4453a 2016-12-13 11:24:01.806390655 2618793 [56250.392426]   963  1958 D ThermaPlan->AlarmManagerService: {"func":"AlarmManagerService->mService->set","pid":1821,"uid":10014,"flagsBinary":"1","flags":1,"type":3,"triggerAtTime":213652534,"nowELAPSED":213532539,"rtc":1481646241812,"windowLength":0,"interval":0,"creatorPkg":"com.google.android.gms","targetPkg":"com.google.android.gms"}
43424168-e44e-473a-bf12-dba8a4a4453a 2016-12-13 11:24:01.806390655 2618794 [56250.393617]   963  1896 D ThermaPlan->Batch: {"func":"Batch->add()","batch":{"what":"BATCH","start":292490680,"end":331748773,"flags":0,"flagsBinary":"0","oldStart":280825099,"oldEnd":331748773}}
43424168-e44e-473a-bf12-dba8a4a4453a 2016-12-13 11:24:01.806390655 2618795 [56250.393953]   963  1896 D ThermaPlan->Batch: {"func":"Batch->add()","batch":{"what":"BATCH","start":296563796,"end":331748773,"flags":0,"flagsBinary":"0","oldStart":292490680,"oldEnd":331748773}}
43424168-e44e-473a-bf12-dba8a4a4453a 2016-12-13 11:24:01.806390655 2618796 [56250.395050]   963  1896 D ThermaPlan->Batch: {"func":"Batch->add()","batch":{"what":"BATCH","start":299911065,"end":331748773,"flags":8,"flagsBinary":"1000","oldStart":296563796,"oldEnd":331748773}}
43424168-e44e-473a-bf12-dba8a4a4453a 2016-12-13 11:24:01.806390655 2618797 [56250.395640]   963  1896 D ThermaPlan->Batch: {"func":"Batch->add()","batch":{"what":"BATCH","start":605813326,"end":1058493260,"flags":0,"flagsBinary":"0","oldStart":604893262,"oldEnd":1058493260}}
43424168-e44e-473a-bf12-dba8a4a4453a 2016-12-13 11:24:01.806390655 2618798 [56250.396022]   963  1896 D ThermaPlan->Batch: {"func":"Batch->add()","batch":{"what":"BATCH","start":624143935,"end":992076404,"flags":0,"flagsBinary":"0","oldStart":605813326,"oldEnd":1058493260}}
43424168-e44e-473a-bf12-dba8a4a4453a 2016-12-13 11:24:01.806390655 2618799 [56250.396382]   963  1896 D ThermaPlan->Batch: {"func":"Batch->add()","batch":{"what":"BATCH","start":694490727,"end":992076404,"flags":0,"flagsBinary":"0","oldStart":624143935,"oldEnd":992076404}}
43424168-e44e-473a-bf12-dba8a4a4453a 2016-12-13 11:24:01.806390655 2618800 [56250.396957]   963  1896 D ThermaPlan->Batch: {"func":"Batch->add()","batch":{"what":"BATCH","start":701674709,"end":992076404,"flags":0,"flagsBinary":"0","oldStart":694490727,"oldEnd":992076404}}
43424168-e44e-473a-bf12-dba8a4a4453a 2016-12-13 11:24:01.806390655 2618801 [56250.397781]   963  1896 D ThermaPlan->Batch: {"func":"Batch->add()","batch":{"what":"BATCH","start":315360057206,"end":551880056972,"flags":0,"flagsBinary":"0","oldStart":315360056973,"oldEnd":551880056972}}
43424168-e44e-473a-bf12-dba8a4a4453a 2016-12-13 11:24:01.806390655 2618802 [56250.398129]   963  1896 D ThermaPlan->Batch: {"func":"Batch->add()","batch":{"what":"BATCH","start":315360057236,"end":551880056972,"flags":0,"flagsBinary":"0","oldStart":315360057206,"oldEnd":551880056972}}
43424168-e44e-473a-bf12-dba8a4a4453a 2016-12-13 11:24:01.806390655 2618803 [56250.398475]   963  1896 D ThermaPlan->Batch: {"func":"Batch->add()","batch":{"what":"BATCH","start":315360057240,"end":551880056972,"flags":0,"flagsBinary":"0","oldStart":315360057236,"oldEnd":551880056972}}
43424168-e44e-473a-bf12-dba8a4a4453a 2016-12-13 11:24:01.806390655 2618804 [56250.398817]   963  1896 D ThermaPlan->Batch: {"func":"Batch->add()","batch":{"what":"BATCH","start":315360057254,"end":551880056972,"flags":0,"flagsBinary":"0","oldStart":315360057240,"oldEnd":551880056972}}
43424168-e44e-473a-bf12-dba8a4a4453a 2016-12-13 11:24:01.806390655 2618805 [56250.399153]   963  1896 D ThermaPlan->Batch: {"func":"Batch->add()","batch":{"what":"BATCH","start":315360057257,"end":551880056972,"flags":0,"flagsBinary":"0","oldStart":315360057254,"oldEnd":551880056972}}
43424168-e44e-473a-bf12-dba8a4a4453a 2016-12-13 11:24:01.816390655 2618806 [56250.399549]   963  1896 D ThermaPlan->Batch: {"func":"Batch->add()","batch":{"what":"BATCH","start":315360057259,"end":551880056972,"flags":0,"flagsBinary":"0","oldStart":315360057257,"oldEnd":551880056972}}
43424168-e44e-473a-bf12-dba8a4a4453a 2016-12-13 11:24:01.816390655 2618807 [56250.399896]   963  1896 D ThermaPlan->Batch: {"func":"Batch->add()","batch":{"what":"BATCH","start":315360094195,"end":551880056972,"flags":0,"flagsBinary":"0","oldStart":315360057259,"oldEnd":551880056972}}
43424168-e44e-473a-bf12-dba8a4a4453a 2016-12-13 11:24:01.816390655 2618808 [56250.400228]   963  1896 D ThermaPlan->Batch: {"func":"Batch->add()","batch":{"what":"BATCH","start":315360113203,"end":551880056972,"flags":0,"flagsBinary":"0","oldStart":315360094195,"oldEnd":551880056972}}
43424168-e44e-473a-bf12-dba8a4a4453a 2016-12-13 11:24:01.816390655 2618809 [56250.400558]   963  1896 D ThermaPlan->Batch: {"func":"Batch->add()","batch":{"what":"BATCH","start":315399259724,"end":551880056972,"flags":0,"flagsBinary":"0","oldStart":315360113203,"oldEnd":551880056972}}
43424168-e44e-473a-bf12-dba8a4a4453a 2016-12-13 11:24:01.816390655 2618810 [56250.401150]   963  1896 D ThermaPlan->Batch: {"func":"Batch->add()","batch":{"what":"BATCH","start":315399259747,"end":551880056972,"flags":0,"flagsBinary":"0","oldStart":315399259724,"oldEnd":551880056972}}
43424168-e44e-473a-bf12-dba8a4a4453a 2016-12-13 11:24:01.816390655 2618811 [56250.402264]   963  1896 D ThermaPlan->Batch: {"func":"Batch->add()","batch":{"what":"BATCH","start":315572926898,"end":551880056972,"flags":0,"flagsBinary":"0","oldStart":315399259747,"oldEnd":551880056972}}
43424168-e44e-473a-bf12-dba8a4a4453a 2016-12-13 11:24:01.816390655 2618812 [56250.405898]   963  1378 E native  : do suspend true
43424168-e44e-473a-bf12-dba8a4a4453a 2016-12-13 11:24:01.816390655 2618813 [56250.406065]   963  1958 D ThermaPlan->Batch: {"func":"Batch->add()","batch":{"what":"BATCH","start":213700771,"end":213730771,"flags":0,"flagsBinary":"0","oldStart":213650727,"oldEnd":213740727}}
43424168-e44e-473a-bf12-dba8a4a4453a 2016-12-13 11:24:01.816390655 2618814 [56250.406401]   963  1958 D ThermaPlan->Batch: {"func":"Batch->add()","batch":{"what":"BATCH","start":213711754,"end":213730771,"flags":8,"flagsBinary":"1000","oldStart":213700771,"oldEnd":213730771}}
43424168-e44e-473a-bf12-dba8a4a4453a 2016-12-13 11:24:01.816390655 2618815 [56250.408722]   963  1958 D ThermaPlan->Batch: {"func":"Batch->add()","batch":{"what":"BATCH","start":214276095,"end":214951095,"flags":8,"flagsBinary":"1000","oldStart":214251322,"oldEnd":215601322}}
43424168-e44e-473a-bf12-dba8a4a4453a 2016-12-13 11:24:01.816390655 2618816 [56250.409052]   963  1958 D ThermaPlan->Batch: {"func":"Batch->add()","batch":{"what":"BATCH","start":214278171,"end":214951095,"flags":8,"flagsBinary":"1000","oldStart":214276095,"oldEnd":214951095}}
43424168-e44e-473a-bf12-dba8a4a4453a 2016-12-13 11:24:01.826390655 2618817 [56250.409423]   963  1958 D ThermaPlan->Batch: {"func":"Batch->add()","batch":{"what":"BATCH","start":214278914,"end":214951095,"flags":8,"flagsBinary":"1000","oldStart":214278171,"oldEnd":214951095}}
43424168-e44e-473a-bf12-dba8a4a4453a 2016-12-13 11:24:01.786390655 2618768 [56250.373543]   963  1896 D ThermaPlan->Batch: {"func":"Batch->add()","batch":{"what":"BATCH","start":214294563,"end":214951095,"flags":8,"flagsBinary":"1000","oldStart":214282485,"oldEnd":214951095}}
43424168-e44e-473a-bf12-dba8a4a4453a 2016-12-13 11:24:01.786390655 2618769 [56250.373915]   963  1896 D ThermaPlan->Batch: {"func":"Batch->add()","batch":{"what":"BATCH","start":214733822,"end":214951095,"flags":8,"flagsBinary":"1000","oldStart":214294563,"oldEnd":214951095}}
43424168-e44e-473a-bf12-dba8a4a4453a 2016-12-13 11:24:01.786390655 2618770 [56250.374273]   963  1896 D ThermaPlan->Batch: {"func":"Batch->add()","batch":{"what":"BATCH","start":214750705,"end":214951095,"flags":8,"flagsBinary":"1000","oldStart":214733822,"oldEnd":214951095}}
43424168-e44e-473a-bf12-dba8a4a4453a 2016-12-13 11:24:01.786390655 2618771 [56250.377333]   963  1896 D ThermaPlan->Batch: {"func":"Batch->add()","batch":{"what":"BATCH","start":215759161,"end":219062073,"flags":8,"flagsBinary":"1000","oldStart":215226149,"oldEnd":219062073}}
43424168-e44e-473a-bf12-dba8a4a4453a 2016-12-13 11:24:01.786390655 2618772 [56250.377658]   963  1896 D ThermaPlan->Batch: {"func":"Batch->add()","batch":{"what":"BATCH","start":216082518,"end":218782518,"flags":8,"flagsBinary":"1000","oldStart":215759161,"oldEnd":219062073}}
43424168-e44e-473a-bf12-dba8a4a4453a 2016-12-13 11:24:01.786390655 2618773 [56250.378154]   963  1896 D ThermaPlan->Batch: {"func":"Batch->add()","batch":{"what":"BATCH","start":216144078,"end":218782518,"flags":8,"flagsBinary":"1000","oldStart":216082518,"oldEnd":218782518}}
43424168-e44e-473a-bf12-dba8a4a4453a 2016-12-13 11:24:01.786390655 2618774 [56250.378502]   963  1896 D ThermaPlan->Batch: {"func":"Batch->add()","batch":{"what":"BATCH","start":216526830,"end":218782518,"flags":8,"flagsBinary":"1000","oldStart":216144078,"oldEnd":218782518}}
43424168-e44e-473a-bf12-dba8a4a4453a 2016-12-13 11:24:01.786390655 2618775 [56250.378830]   963  1896 D ThermaPlan->Batch: {"func":"Batch->add()","batch":{"what":"BATCH","start":217737182,"end":218037182,"flags":8,"flagsBinary":"1000","oldStart":216526830,"oldEnd":218782518}}
43424168-e44e-473a-bf12-dba8a4a4453a 2016-12-13 11:24:01.796390655 2618776 [56250.379509]   963  1896 D ThermaPlan->Batch: {"func":"Batch->add()","batch":{"what":"BATCH","start":220150599,"end":224060131,"flags":0,"flagsBinary":"0","oldStart":219290727,"oldEnd":224060131}}
43424168-e44e-473a-bf12-dba8a4a4453a 2016-12-13 11:24:01.796390655 2618777 [56250.379982]   963  1896 D ThermaPlan->Batch: {"func":"Batch->add()","batch":{"what":"BATCH","start":220380550,"end":224060131,"flags":0,"flagsBinary":"0","oldStart":220150599,"oldEnd":224060131}}
43424168-e44e-473a-bf12-dba8a4a4453a 2016-12-13 11:24:01.796390655 2618778 [56250.380214]   963   976 I Location-Misc-PhoneLab: {"Action":"android.location.LOCATION_CHANGED","Location":{"Provider":"network","Time":1481646241754,"ElapsedRealtimeNanos":213532481000000,"Latitude":43.002659,"Longitude":-78.7875089,"HasAltitude":false,"Altitude":0,"HasSpeed":false,"Speed":0,"HasBearing":false,"Bearing":0,"HasAccuracy":true,"Accuracy":18.715,"IsFromMockProvider":false},"timestamp":1481646241796,"uptimeNanos":213532523381743,"LogFormat":"1.1"}
43424168-e44e-473a-bf12-dba8a4a4453a 2016-12-13 11:24:01.796390655 2618779 [56250.381601]   963  1896 D ThermaPlan->Batch: {"func":"Batch->add()","batch":{"what":"BATCH","start":230499939,"end":240422669,"flags":0,"flagsBinary":"0","oldStart":224222674,"oldEnd":240422669}}
43424168-e44e-473a-bf12-dba8a4a4453a 2016-12-13 11:24:01.796390655 2618780 [56250.381956]   963  1896 D ThermaPlan->Batch: {"func":"Batch->add()","batch":{"what":"BATCH","start":231188198,"end":240422669,"flags":0,"flagsBinary":"0","oldStart":230499939,"oldEnd":240422669}}
43424168-e44e-473a-bf12-dba8a4a4453a 2016-12-13 11:24:01.796390655 2618781 [56250.382332]   963  1896 D ThermaPlan->Batch: {"func":"Batch->add()","batch":{"what":"BATCH","start":231548284,"end":240422669,"flags":0,"flagsBinary":"0","oldStart":231188198,"oldEnd":240422669}}
43424168-e44e-473a-bf12-dba8a4a4453a 2016-12-13 11:24:01.796390655 2618782 [56250.382702]   963  1896 D ThermaPlan->Batch: {"func":"Batch->add()","batch":{"what":"BATCH","start":240305189,"end":240422669,"flags":8,"flagsBinary":"1000","oldStart":231548284,"oldEnd":240422669}}
43424168-e44e-473a-bf12-dba8a4a4453a 2016-12-13 11:24:01.796390655 2618783 [56250.386418]   963  1896 D ThermaPlan->Batch: {"func":"Batch->add()","batch":{"what":"BATCH","start":249541608,"end":282059671,"flags":0,"flagsBinary":"0","oldStart":248330836,"oldEnd":313495978}}
43424168-e44e-473a-bf12-dba8a4a4453a 2016-12-13 11:24:01.796390655 2618784 [56250.386772]   963  1896 D ThermaPlan->Batch: {"func":"Batch->add()","batch":{"what":"BATCH","start":249641515,"end":280795765,"flags":0,"flagsBinary":"0","oldStart":249541608,"oldEnd":282059671}}
43424168-e44e-473a-bf12-dba8a4a4453a 2016-12-13 11:24:01.796390655 2618785 [56250.387144]   963  1896 D ThermaPlan->Batch: {"func":"Batch->add()","batch":{"what":"BATCH","start":258890727,"end":280795765,"flags":0,"flagsBinary":"0","oldStart":249641515,"oldEnd":280795765}}
43424168-e44e-473a-bf12-dba8a4a4453a 2016-12-13 11:24:01.796390655 2618786 [56250.387506]   963  1896 D ThermaPlan->Batch: {"func":"Batch->add()","batch":{"what":"BATCH","start":259200000,"end":280795765,"flags":0,"flagsBinary":"0","oldStart":258890727,"oldEnd":280795765}}
43424168-e44e-473a-bf12-dba8a4a4453a 2016-12-13 11:24:01.796390655 2618787 [56250.387833]   963  1896 D ThermaPlan->Batch: {"func":"Batch->add()","batch":{"what":"BATCH","start":259252542,"end":280795765,"flags":8,"flagsBinary":"1000","oldStart":259200000,"oldEnd":280795765}}
43424168-e44e-473a-bf12-dba8a4a4453a 2016-12-13 11:24:01.796390655 2618788 [56250.388175]   963  1896 D ThermaPlan->Batch: {"func":"Batch->add()","batch":{"what":"BATCH","start":259281310,"end":280795765,"flags":8,"flagsBinary":"1000","oldStart":259252542,"oldEnd":280795765}}
43424168-e44e-473a-bf12-dba8a4a4453a 2016-12-13 11:24:01.796390655 2618789 [56250.388520]   963  1896 D ThermaPlan->Batch: {"func":"Batch->add()","batch":{"what":"BATCH","start":259345161,"end":280795765,"flags":8,"flagsBinary":"1000","oldStart":259281310,"oldEnd":280795765}}
43424168-e44e-473a-bf12-dba8a4a4453a 2016-12-13 11:24:01.826390655 2618818 [56250.409524]   387   387 D KernelPrintk: 4,349701,56250406164,-;dhd_set_suspend: force extra Suspend setting 
43424168-e44e-473a-bf12-dba8a4a4453a 2016-12-13 11:24:01.826390655 2618819 [56250.409772]   963  1958 D ThermaPlan->Batch: {"func":"Batch->add()","batch":{"what":"BATCH","start":214278988,"end":214951095,"flags":8,"flagsBinary":"1000","oldStart":214278914,"oldEnd":214951095}}
43424168-e44e-473a-bf12-dba8a4a4453a 2016-12-13 11:24:01.826390655 2618820 [56250.410105]   963  1958 D ThermaPlan->Batch: {"func":"Batch->add()","batch":{"what":"BATCH","start":214281415,"end":214951095,"flags":8,"flagsBinary":"1000","oldStart":214278988,"oldEnd":214951095}}
43424168-e44e-473a-bf12-dba8a4a4453a 2016-12-13 11:24:01.826390655 2618821 [56250.410161]  1821 23290 W ctxmgr  : [ContextSpecificAclFactory]LocationConsent failed, ULR opt-in status is: false, account#-464948517#
43424168-e44e-473a-bf12-dba8a4a4453a 2016-12-13 11:24:01.826390655 2618822 [56250.410265]  1821 23290 W ctxmgr  : [AclManager]No 2 for (accnt=account#-464948517#, com.google.android.gms(10014):UserLocationProducer, vrsn=10084000, 0, 3pPkg = null ,  3pMdlId = null). Was: 2 for 1, account#-464948517#
43424168-e44e-473a-bf12-dba8a4a4453a 2016-12-13 11:24:01.826390655 2618823 [56250.410388]   963  1958 D ThermaPlan->Batch: {"func":"Batch->add()","batch":{"what":"BATCH","start":214281680,"end":214951095,"flags":8,"flagsBinary":"1000","oldStart":214281415,"oldEnd":214951095}}
43424168-e44e-473a-bf12-dba8a4a4453a 2016-12-13 11:24:01.826390655 2618824 [56250.410678]   963  1958 D ThermaPlan->Batch: {"func":"Batch->add()","batch":{"what":"BATCH","start":214282094,"end":214951095,"flags":8,"flagsBinary":"1000","oldStart":214281680,"oldEnd":214951095}}
43424168-e44e-473a-bf12-dba8a4a4453a 2016-12-13 11:24:01.826390655 2618825 [56250.410934]   963  1958 D ThermaPlan->Batch: {"func":"Batch->add()","batch":{"what":"BATCH","start":214282211,"end":214951095,"flags":8,"flagsBinary":"1000","oldStart":214282094,"oldEnd":214951095}}
43424168-e44e-473a-bf12-dba8a4a4453a 2016-12-13 11:24:01.826390655 2618826 [56250.411215]  1821 25701 I GCoreUlr: Successfully inserted 1 locations
43424168-e44e-473a-bf12-dba8a4a4453a 2016-12-13 11:24:01.826390655 2618827 [56250.411255]   963  1958 D ThermaPlan->Batch: {"func":"Batch->add()","batch":{"what":"BATCH","start":214282485,"end":214951095,"flags":8,"flagsBinary":"1000","oldStart":214282211,"oldEnd":214951095}}
43424168-e44e-473a-bf12-dba8a4a4453a 2016-12-13 11:24:01.826390655 2618828 [56250.411542]   963  1958 D ThermaPlan->Batch: {"func":"Batch->add()","batch":{"what":"BATCH","start":214294563,"end":214951095,"flags":8,"flagsBinary":"1000","oldStart":214282485,"oldEnd":214951095}}
43424168-e44e-473a-bf12-dba8a4a4453a 2016-12-13 11:24:01.826390655 2618829 [56250.412490]   963  1958 D ThermaPlan->Batch: {"func":"Batch->add()","batch":{"what":"BATCH","start":214733822,"end":214951095,"flags":8,"flagsBinary":"1000","oldStart":214294563,"oldEnd":214951095}}
43424168-e44e-473a-bf12-dba8a4a4453a 2016-12-13 11:24:01.826390655 2618830 [56250.413205]   963  1958 D ThermaPlan->Batch: {"func":"Batch->add()","batch":{"what":"BATCH","start":214750705,"end":214951095,"flags":8,"flagsBinary":"1000","oldStart":214733822,"oldEnd":214951095}}
43424168-e44e-473a-bf12-dba8a4a4453a 2016-12-13 11:24:01.826390655 2618831 [56250.415193]   963  1958 D ThermaPlan->Batch: {"func":"Batch->add()","batch":{"what":"BATCH","start":215759161,"end":219062073,"flags":8,"flagsBinary":"1000","oldStart":215226149,"oldEnd":219062073}}
43424168-e44e-473a-bf12-dba8a4a4453a 2016-12-13 11:24:01.826390655 2618832 [56250.415453]   963  1958 D ThermaPlan->Batch: {"func":"Batch->add()","batch":{"what":"BATCH","start":216082518,"end":218782518,"flags":8,"flagsBinary":"1000","oldStart":215759161,"oldEnd":219062073}}
43424168-e44e-473a-bf12-dba8a4a4453a 2016-12-13 11:24:01.826390655 2618833 [56250.415746]   963  1958 D ThermaPlan->Batch: {"func":"Batch->add()","batch":{"what":"BATCH","start":216144078,"end":218782518,"flags":8,"flagsBinary":"1000","oldStart":216082518,"oldEnd":218782518}}
43424168-e44e-473a-bf12-dba8a4a4453a 2016-12-13 11:24:01.826390655 2618834 [56250.416034]   963  1958 D ThermaPlan->Batch: {"func":"Batch->add()","batch":{"what":"BATCH","start":216526830,"end":218782518,"flags":8,"flagsBinary":"1000","oldStart":216144078,"oldEnd":218782518}}
43424168-e44e-473a-bf12-dba8a4a4453a 2016-12-13 11:24:01.826390655 2618835 [56250.416304]   963  1958 D ThermaPlan->Batch: {"func":"Batch->add()","batch":{"what":"BATCH","start":217737182,"end":218037182,"flags":8,"flagsBinary":"1000","oldStart":216526830,"oldEnd":218782518}}
43424168-e44e-473a-bf12-dba8a4a4453a 2016-12-13 11:24:01.826390655 2618836 [56250.417463]   963  1958 D ThermaPlan->Batch: {"func":"Batch->add()","batch":{"what":"BATCH","start":220150599,"end":224060132,"flags":0,"flagsBinary":"0","oldStart":219290728,"oldEnd":224060132}}
43424168-e44e-473a-bf12-dba8a4a4453a 2016-12-13 11:24:01.826390655 2618837 [56250.417930]   963  1958 D ThermaPlan->Batch: {"func":"Batch->add()","batch":{"what":"BATCH","start":220380550,"end":224060132,"flags":0,"flagsBinary":"0","oldStart":220150599,"oldEnd":224060132}}
43424168-e44e-473a-bf12-dba8a4a4453a 2016-12-13 11:24:01.826390655 2618838 [56250.418768]   963  1958 D ThermaPlan->Batch: {"func":"Batch->add()","batch":{"what":"BATCH","start":230499939,"end":240422670,"flags":0,"flagsBinary":"0","oldStart":224222675,"oldEnd":240422670}}
43424168-e44e-473a-bf12-dba8a4a4453a 2016-12-13 11:24:01.826390655 2618839 [56250.419040]   963  1958 D ThermaPlan->Batch: {"func":"Batch->add()","batch":{"what":"BATCH","start":231188198,"end":240422670,"flags":0,"flagsBinary":"0","oldStart":230499939,"oldEnd":240422670}}
43424168-e44e-473a-bf12-dba8a4a4453a 2016-12-13 11:24:01.836390655 2618840 [56250.419376]   963  1958 D ThermaPlan->Batch: {"func":"Batch->add()","batch":{"what":"BATCH","start":231548284,"end":240422670,"flags":0,"flagsBinary":"0","oldStart":231188198,"oldEnd":240422670}}
43424168-e44e-473a-bf12-dba8a4a4453a 2016-12-13 11:24:01.836390655 2618841 [56250.419488]   388   388 D Kernel-Trace:     kworker/2:2H-10277 [002] ...1 56250.330631: cpu_frequency: state=1497600 cpu_id=2
43424168-e44e-473a-bf12-dba8a4a4453a 2016-12-13 11:24:01.836390655 2618842 [56250.419496]   388   388 D Kernel-Trace:     kworker/1:2H-12491 [001] ...1 56250.369791: cpu_frequency: state=1497600 cpu_id=1
43424168-e44e-473a-bf12-dba8a4a4453a 2016-12-13 11:24:01.836390655 2618843 [56250.419502]   388   388 D Kernel-Trace:     kworker/0:0H-7043  [000] ...1 56250.379848: cpu_frequency: state=422400 cpu_id=0
43424168-e44e-473a-bf12-dba8a4a4453a 2016-12-13 11:24:01.836390655 2618844 [56250.419508]   388   388 D Kernel-Trace:     kworker/3:2H-12900 [003] ...1 56250.390059: cpu_frequency: state=1497600 cpu_id=3
43424168-e44e-473a-bf12-dba8a4a4453a 2016-12-13 11:24:01.836390655 2618845 [56250.419513]   388   388 D Kernel-Trace:     kworker/0:0H-7043  [000] ...1 56250.399615: cpu_frequency: state=1497600 cpu_id=0
43424168-e44e-473a-bf12-dba8a4a4453a 2016-12-13 11:24:01.836390655 2618846 [56250.419518]   388   388 D Kernel-Trace:     kworker/2:2H-10277 [002] ...1 56250.410093: cpu_frequency: state=2265600 cpu_id=2
43424168-e44e-473a-bf12-dba8a4a4453a 2016-12-13 11:24:01.836390655 2618847 [56250.419643]   963  1958 D ThermaPlan->Batch: {"func":"Batch->add()","batch":{"what":"BATCH","start":240305189,"end":240422670,"flags":8,"flagsBinary":"1000","oldStart":231548284,"oldEnd":240422670}}
43424168-e44e-473a-bf12-dba8a4a4453a 2016-12-13 11:24:01.836390655 2618848 [56250.421135]   963  1958 D ThermaPlan->Batch: {"func":"Batch->add()","batch":{"what":"BATCH","start":249541608,"end":282059671,"flags":0,"flagsBinary":"0","oldStart":248330836,"oldEnd":313495978}}
43424168-e44e-473a-bf12-dba8a4a4453a 2016-12-13 11:24:01.836390655 2618849 [56250.421432]   963  1958 D ThermaPlan->Batch: {"func":"Batch->add()","batch":{"what":"BATCH","start":249641515,"end":280795765,"flags":0,"flagsBinary":"0","oldStart":249541608,"oldEnd":282059671}}
43424168-e44e-473a-bf12-dba8a4a4453a 2016-12-13 11:24:01.836390655 2618850 [56250.421738]   963  1958 D ThermaPlan->Batch: {"func":"Batch->add()","batch":{"what":"BATCH","start":258890727,"end":280795765,"flags":0,"flagsBinary":"0","oldStart":249641515,"oldEnd":280795765}}
43424168-e44e-473a-bf12-dba8a4a4453a 2016-12-13 11:24:01.836390655 2618851 [56250.422029]   963  1958 D ThermaPlan->Batch: {"func":"Batch->add()","batch":{"what":"BATCH","start":259200000,"end":280795765,"flags":0,"flagsBinary":"0","oldStart":258890727,"oldEnd":280795765}}
43424168-e44e-473a-bf12-dba8a4a4453a 2016-12-13 11:24:01.836390655 2618852 [56250.422307]   963  1958 D ThermaPlan->Batch: {"func":"Batch->add()","batch":{"what":"BATCH","start":259252542,"end":280795765,"flags":8,"flagsBinary":"1000","oldStart":259200000,"oldEnd":280795765}}
43424168-e44e-473a-bf12-dba8a4a4453a 2016-12-13 11:24:01.836390655 2618853 [56250.422584]   963  1958 D ThermaPlan->Batch: {"func":"Batch->add()","batch":{"what":"BATCH","start":259281310,"end":280795765,"flags":8,"flagsBinary":"1000","oldStart":259252542,"oldEnd":280795765}}
43424168-e44e-473a-bf12-dba8a4a4453a 2016-12-13 11:24:01.836390655 2618854 [56250.422886]   963  1958 D ThermaPlan->Batch: {"func":"Batch->add()","batch":{"what":"BATCH","start":259345161,"end":280795765,"flags":8,"flagsBinary":"1000","oldStart":259281310,"oldEnd":280795765}}
43424168-e44e-473a-bf12-dba8a4a4453a 2016-12-13 11:24:01.836390655 2618855 [56250.423196]   963  1958 D ThermaPlan->Batch: {"func":"Batch->add()","batch":{"what":"BATCH","start":259786617,"end":280795765,"flags":8,"flagsBinary":"1000","oldStart":259345161,"oldEnd":280795765}}
43424168-e44e-473a-bf12-dba8a4a4453a 2016-12-13 11:24:01.836390655 2618856 [56250.423481]   963  1958 D ThermaPlan->Batch: {"func":"Batch->add()","batch":{"what":"BATCH","start":261333689,"end":280795765,"flags":8,"flagsBinary":"1000","oldStart":259786617,"oldEnd":280795765}}
43424168-e44e-473a-bf12-dba8a4a4453a 2016-12-13 11:24:01.836390655 2618857 [56250.423773]   963  1958 D ThermaPlan->Batch: {"func":"Batch->add()","batch":{"what":"BATCH","start":270989138,"end":280795765,"flags":8,"flagsBinary":"1000","oldStart":261333689,"oldEnd":280795765}}
43424168-e44e-473a-bf12-dba8a4a4453a 2016-12-13 11:24:01.836390655 2618858 [56250.426646]   963  1958 D ThermaPlan->Batch: {"func":"Batch->add()","batch":{"what":"BATCH","start":292490680,"end":331748773,"flags":0,"flagsBinary":"0","oldStart":280825099,"oldEnd":331748773}}
43424168-e44e-473a-bf12-dba8a4a4453a 2016-12-13 11:24:01.836390655 2618859 [56250.426928]   963  1958 D ThermaPlan->Batch: {"func":"Batch->add()","batch":{"what":"BATCH","start":296563796,"end":331748773,"flags":0,"flagsBinary":"0","oldStart":292490680,"oldEnd":331748773}}
43424168-e44e-473a-bf12-dba8a4a4453a 2016-12-13 11:24:01.836390655 2618860 [56250.427206]   963  1958 D ThermaPlan->Batch: {"func":"Batch->add()","batch":{"what":"BATCH","start":299911065,"end":331748773,"flags":8,"flagsBinary":"1000","oldStart":296563796,"oldEnd":331748773}}
43424168-e44e-473a-bf12-dba8a4a4453a 2016-12-13 11:24:01.836390655 2618861 [56250.427670]   963  1958 D ThermaPlan->Batch: {"func":"Batch->add()","batch":{"what":"BATCH","start":605813326,"end":1058493260,"flags":0,"flagsBinary":"0","oldStart":604893262,"oldEnd":1058493260}}
43424168-e44e-473a-bf12-dba8a4a4453a 2016-12-13 11:24:01.836390655 2618862 [56250.427959]   963  1958 D ThermaPlan->Batch: {"func":"Batch->add()","batch":{"what":"BATCH","start":624143935,"end":992076404,"flags":0,"flagsBinary":"0","oldStart":605813326,"oldEnd":1058493260}}
43424168-e44e-473a-bf12-dba8a4a4453a 2016-12-13 11:24:01.836390655 2618863 [56250.428241]   963  1958 D ThermaPlan->Batch: {"func":"Batch->add()","batch":{"what":"BATCH","start":694490727,"end":992076404,"flags":0,"flagsBinary":"0","oldStart":624143935,"oldEnd":992076404}}
43424168-e44e-473a-bf12-dba8a4a4453a 2016-12-13 11:24:01.836390655 2618864 [56250.428716]   963  1958 D ThermaPlan->Batch: {"func":"Batch->add()","batch":{"what":"BATCH","start":701674709,"end":992076404,"flags":0,"flagsBinary":"0","oldStart":694490727,"oldEnd":992076404}}
43424168-e44e-473a-bf12-dba8a4a4453a 2016-12-13 11:24:01.846390655 2618865 [56250.429440]   963  1958 D ThermaPlan->Batch: {"func":"Batch->add()","batch":{"what":"BATCH","start":315360057206,"end":551880056972,"flags":0,"flagsBinary":"0","oldStart":315360056973,"oldEnd":551880056972}}
43424168-e44e-473a-bf12-dba8a4a4453a 2016-12-13 11:24:01.846390655 2618866 [56250.429745]   963  1958 D ThermaPlan->Batch: {"func":"Batch->add()","batch":{"what":"BATCH","start":315360057236,"end":551880056972,"flags":0,"flagsBinary":"0","oldStart":315360057206,"oldEnd":551880056972}}
43424168-e44e-473a-bf12-dba8a4a4453a 2016-12-13 11:24:01.846390655 2618867 [56250.430030]   963  1958 D ThermaPlan->Batch: {"func":"Batch->add()","batch":{"what":"BATCH","start":315360057240,"end":551880056972,"flags":0,"flagsBinary":"0","oldStart":315360057236,"oldEnd":551880056972}}
43424168-e44e-473a-bf12-dba8a4a4453a 2016-12-13 11:24:01.846390655 2618868 [56250.430307]   963  1958 D ThermaPlan->Batch: {"func":"Batch->add()","batch":{"what":"BATCH","start":315360057254,"end":551880056972,"flags":0,"flagsBinary":"0","oldStart":315360057240,"oldEnd":551880056972}}
43424168-e44e-473a-bf12-dba8a4a4453a 2016-12-13 11:24:01.846390655 2618869 [56250.430576]   963  1958 D ThermaPlan->Batch: {"func":"Batch->add()","batch":{"what":"BATCH","start":315360057257,"end":551880056972,"flags":0,"flagsBinary":"0","oldStart":315360057254,"oldEnd":551880056972}}
43424168-e44e-473a-bf12-dba8a4a4453a 2016-12-13 11:24:01.846390655 2618870 [56250.430863]   963  1958 D ThermaPlan->Batch: {"func":"Batch->add()","batch":{"what":"BATCH","start":315360057259,"end":551880056972,"flags":0,"flagsBinary":"0","oldStart":315360057257,"oldEnd":551880056972}}
43424168-e44e-473a-bf12-dba8a4a4453a 2016-12-13 11:24:01.846390655 2618871 [56250.431136]   963  1958 D ThermaPlan->Batch: {"func":"Batch->add()","batch":{"what":"BATCH","start":315360094195,"end":551880056972,"flags":0,"flagsBinary":"0","oldStart":315360057259,"oldEnd":551880056972}}
43424168-e44e-473a-bf12-dba8a4a4453a 2016-12-13 11:24:01.846390655 2618872 [56250.431444]   963  1958 D ThermaPlan->Batch: {"func":"Batch->add()","batch":{"what":"BATCH","start":315360113203,"end":551880056972,"flags":0,"flagsBinary":"0","oldStart":315360094195,"oldEnd":551880056972}}
43424168-e44e-473a-bf12-dba8a4a4453a 2016-12-13 11:24:01.846390655 2618873 [56250.431723]   963  1958 D ThermaPlan->Batch: {"func":"Batch->add()","batch":{"what":"BATCH","start":315399259724,"end":551880056972,"flags":0,"flagsBinary":"0","oldStart":315360113203,"oldEnd":551880056972}}
43424168-e44e-473a-bf12-dba8a4a4453a 2016-12-13 11:24:01.846390655 2618874 [56250.432010]   963  1958 D ThermaPlan->Batch: {"func":"Batch->add()","batch":{"what":"BATCH","start":315399259747,"end":551880056972,"flags":0,"flagsBinary":"0","oldStart":315399259724,"oldEnd":551880056972}}
43424168-e44e-473a-bf12-dba8a4a4453a 2016-12-13 11:24:01.846390655 2618875 [56250.432287]   963  1958 D ThermaPlan->Batch: {"func":"Batch->add()","batch":{"what":"BATCH","start":315572926898,"end":551880056972,"flags":0,"flagsBinary":"0","oldStart":315399259747,"oldEnd":551880056972}}
43424168-e44e-473a-bf12-dba8a4a4453a 2016-12-13 11:24:01.846390655 2618876 [56250.435968]   963  3256 D ThermaPlan->Batch: {"func":"Batch->add()","batch":{"what":"BATCH","start":213700771,"end":213730771,"flags":0,"flagsBinary":"0","oldStart":213650727,"oldEnd":213740727}}
43424168-e44e-473a-bf12-dba8a4a4453a 2016-12-13 11:24:01.846390655 2618877 [56250.436244]   963  3256 D ThermaPlan->Batch: {"func":"Batch->add()","batch":{"what":"BATCH","start":213711754,"end":213730771,"flags":8,"flagsBinary":"1000","oldStart":213700771,"oldEnd":213730771}}
43424168-e44e-473a-bf12-dba8a4a4453a 2016-12-13 11:24:01.846390655 2618878 [56250.436665]   963  3256 D ThermaPlan->Batch: {"func":"Batch->add()","batch":{"what":"BATCH","start":213831840,"end":213869340,"flags":0,"flagsBinary":"0","oldStart":213741687,"oldEnd":213913602}}
43424168-e44e-473a-bf12-dba8a4a4453a 2016-12-13 11:24:01.846390655 2618879 [56250.437900]   963  3256 D ThermaPlan->Batch: {"func":"Batch->add()","batch":{"what":"BATCH","start":214276095,"end":214951095,"flags":8,"flagsBinary":"1000","oldStart":214251322,"oldEnd":215601322}}
43424168-e44e-473a-bf12-dba8a4a4453a 2016-12-13 11:24:01.846390655 2618880 [56250.438183]   963  3256 D ThermaPlan->Batch: {"func":"Batch->add()","batch":{"what":"BATCH","start":214278171,"end":214951095,"flags":8,"flagsBinary":"1000","oldStart":214276095,"oldEnd":214951095}}
43424168-e44e-473a-bf12-dba8a4a4453a 2016-12-13 11:24:01.846390655 2618881 [56250.438457]   963  3256 D ThermaPlan->Batch: {"func":"Batch->add()","batch":{"what":"BATCH","start":214278914,"end":214951095,"flags":8,"flagsBinary":"1000","oldStart":214278171,"oldEnd":214951095}}
43424168-e44e-473a-bf12-dba8a4a4453a 2016-12-13 11:24:01.846390655 2618882 [56250.438735]   963  3256 D ThermaPlan->Batch: {"func":"Batch->add()","batch":{"what":"BATCH","start":214278988,"end":214951095,"flags":8,"flagsBinary":"1000","oldStart":214278914,"oldEnd":214951095}}
43424168-e44e-473a-bf12-dba8a4a4453a 2016-12-13 11:24:01.846390655 2618883 [56250.439018]   963  3256 D ThermaPlan->Batch: {"func":"Batch->add()","batch":{"what":"BATCH","start":214281415,"end":214951095,"flags":8,"flagsBinary":"1000","oldStart":214278988,"oldEnd":214951095}}
43424168-e44e-473a-bf12-dba8a4a4453a 2016-12-13 11:24:01.856390655 2618884 [56250.439342]   963  3256 D ThermaPlan->Batch: {"func":"Batch->add()","batch":{"what":"BATCH","start":214281680,"end":214951095,"flags":8,"flagsBinary":"1000","oldStart":214281415,"oldEnd":214951095}}
43424168-e44e-473a-bf12-dba8a4a4453a 2016-12-13 11:24:01.856390655 2618885 [56250.439637]   963  3256 D ThermaPlan->Batch: {"func":"Batch->add()","batch":{"what":"BATCH","start":214282094,"end":214951095,"flags":8,"flagsBinary":"1000","oldStart":214281680,"oldEnd":214951095}}
43424168-e44e-473a-bf12-dba8a4a4453a 2016-12-13 11:24:01.856390655 2618886 [56250.439899]   963  3256 D ThermaPlan->Batch: {"func":"Batch->add()","batch":{"what":"BATCH","start":214282211,"end":214951095,"flags":8,"flagsBinary":"1000","oldStart":214282094,"oldEnd":214951095}}
43424168-e44e-473a-bf12-dba8a4a4453a 2016-12-13 11:24:01.856390655 2618887 [56250.440147]   963  3256 D ThermaPlan->Batch: {"func":"Batch->add()","batch":{"what":"BATCH","start":214282485,"end":214951095,"flags":8,"flagsBinary":"1000","oldStart":214282211,"oldEnd":214951095}}
43424168-e44e-473a-bf12-dba8a4a4453a 2016-12-13 11:24:01.856390655 2618888 [56250.440436]   963  3256 D ThermaPlan->Batch: {"func":"Batch->add()","batch":{"what":"BATCH","start":214294563,"end":214951095,"flags":8,"flagsBinary":"1000","oldStart":214282485,"oldEnd":214951095}}
43424168-e44e-473a-bf12-dba8a4a4453a 2016-12-13 11:24:01.856390655 2618889 [56250.440710]   963  3256 D ThermaPlan->Batch: {"func":"Batch->add()","batch":{"what":"BATCH","start":214733822,"end":214951095,"flags":8,"flagsBinary":"1000","oldStart":214294563,"oldEnd":214951095}}
43424168-e44e-473a-bf12-dba8a4a4453a 2016-12-13 11:24:01.856390655 2618890 [56250.441011]   963  3256 D ThermaPlan->Batch: {"func":"Batch->add()","batch":{"what":"BATCH","start":214750705,"end":214951095,"flags":8,"flagsBinary":"1000","oldStart":214733822,"oldEnd":214951095}}
43424168-e44e-473a-bf12-dba8a4a4453a 2016-12-13 11:24:01.856390655 2618891 [56250.442875]   963  3256 D ThermaPlan->Batch: {"func":"Batch->add()","batch":{"what":"BATCH","start":215759161,"end":219062073,"flags":8,"flagsBinary":"1000","oldStart":215226149,"oldEnd":219062073}}
43424168-e44e-473a-bf12-dba8a4a4453a 2016-12-13 11:24:01.856390655 2618892 [56250.443141]   963  3256 D ThermaPlan->Batch: {"func":"Batch->add()","batch":{"what":"BATCH","start":216082518,"end":218782518,"flags":8,"flagsBinary":"1000","oldStart":215759161,"oldEnd":219062073}}
43424168-e44e-473a-bf12-dba8a4a4453a 2016-12-13 11:24:01.856390655 2618893 [56250.443422]   963  3256 D ThermaPlan->Batch: {"func":"Batch->add()","batch":{"what":"BATCH","start":216144078,"end":218782518,"flags":8,"flagsBinary":"1000","oldStart":216082518,"oldEnd":218782518}}
43424168-e44e-473a-bf12-dba8a4a4453a 2016-12-13 11:24:01.856390655 2618894 [56250.443722]   963  3256 D ThermaPlan->Batch: {"func":"Batch->add()","batch":{"what":"BATCH","start":216526830,"end":218782518,"flags":8,"flagsBinary":"1000","oldStart":216144078,"oldEnd":218782518}}
43424168-e44e-473a-bf12-dba8a4a4453a 2016-12-13 11:24:01.856390655 2618895 [56250.444002]   963  3256 D ThermaPlan->Batch: {"func":"Batch->add()","batch":{"what":"BATCH","start":217737182,"end":218037182,"flags":8,"flagsBinary":"1000","oldStart":216526830,"oldEnd":218782518}}
43424168-e44e-473a-bf12-dba8a4a4453a 2016-12-13 11:24:01.856390655 2618896 [56250.444460]   963  3256 D ThermaPlan->Batch: {"func":"Batch->add()","batch":{"what":"BATCH","start":220150599,"end":224060131,"flags":0,"flagsBinary":"0","oldStart":219290727,"oldEnd":224060131}}
43424168-e44e-473a-bf12-dba8a4a4453a 2016-12-13 11:24:01.856390655 2618897 [56250.444743]   963  3256 D ThermaPlan->Batch: {"func":"Batch->add()","batch":{"what":"BATCH","start":220380550,"end":224060131,"flags":0,"flagsBinary":"0","oldStart":220150599,"oldEnd":224060131}}
43424168-e44e-473a-bf12-dba8a4a4453a 2016-12-13 11:24:01.856390655 2618898 [56250.445539]   963  3256 D ThermaPlan->Batch: {"func":"Batch->add()","batch":{"what":"BATCH","start":230499939,"end":240422669,"flags":0,"flagsBinary":"0","oldStart":224222674,"oldEnd":240422669}}
43424168-e44e-473a-bf12-dba8a4a4453a 2016-12-13 11:24:01.856390655 2618899 [56250.445801]   963  3256 D ThermaPlan->Batch: {"func":"Batch->add()","batch":{"what":"BATCH","start":231188198,"end":240422669,"flags":0,"flagsBinary":"0","oldStart":230499939,"oldEnd":240422669}}
43424168-e44e-473a-bf12-dba8a4a4453a 2016-12-13 11:24:01.856390655 2618900 [56250.446084]   963  3256 D ThermaPlan->Batch: {"func":"Batch->add()","batch":{"what":"BATCH","start":231548284,"end":240422669,"flags":0,"flagsBinary":"0","oldStart":231188198,"oldEnd":240422669}}
43424168-e44e-473a-bf12-dba8a4a4453a 2016-12-13 11:24:01.856390655 2618901 [56250.446361]   963  3256 D ThermaPlan->Batch: {"func":"Batch->add()","batch":{"what":"BATCH","start":240305189,"end":240422669,"flags":8,"flagsBinary":"1000","oldStart":231548284,"oldEnd":240422669}}
43424168-e44e-473a-bf12-dba8a4a4453a 2016-12-13 11:24:01.856390655 2618902 [56250.447812]   963  3256 D ThermaPlan->Batch: {"func":"Batch->add()","batch":{"what":"BATCH","start":249541608,"end":282059671,"flags":0,"flagsBinary":"0","oldStart":248330836,"oldEnd":313495978}}
43424168-e44e-473a-bf12-dba8a4a4453a 2016-12-13 11:24:01.856390655 2618903 [56250.448099]   963  3256 D ThermaPlan->Batch: {"func":"Batch->add()","batch":{"what":"BATCH","start":249641515,"end":280795765,"flags":0,"flagsBinary":"0","oldStart":249541608,"oldEnd":282059671}}
43424168-e44e-473a-bf12-dba8a4a4453a 2016-12-13 11:24:01.856390655 2618904 [56250.448388]   963  3256 D ThermaPlan->Batch: {"func":"Batch->add()","batch":{"what":"BATCH","start":258890727,"end":280795765,"flags":0,"flagsBinary":"0","oldStart":249641515,"oldEnd":280795765}}
43424168-e44e-473a-bf12-dba8a4a4453a 2016-12-13 11:24:01.856390655 2618905 [56250.448657]   963  3256 D ThermaPlan->Batch: {"func":"Batch->add()","batch":{"what":"BATCH","start":259200000,"end":280795765,"flags":0,"flagsBinary":"0","oldStart":258890727,"oldEnd":280795765}}
43424168-e44e-473a-bf12-dba8a4a4453a 2016-12-13 11:24:01.856390655 2618906 [56250.448931]   963  3256 D ThermaPlan->Batch: {"func":"Batch->add()","batch":{"what":"BATCH","start":259252542,"end":280795765,"flags":8,"flagsBinary":"1000","oldStart":259200000,"oldEnd":280795765}}
43424168-e44e-473a-bf12-dba8a4a4453a 2016-12-13 11:24:01.856390655 2618907 [56250.449203]   963  3256 D ThermaPlan->Batch: {"func":"Batch->add()","batch":{"what":"BATCH","start":259281310,"end":280795765,"flags":8,"flagsBinary":"1000","oldStart":259252542,"oldEnd":280795765}}
43424168-e44e-473a-bf12-dba8a4a4453a 2016-12-13 11:24:01.866390655 2618908 [56250.449684]   963  3256 D ThermaPlan->Batch: {"func":"Batch->add()","batch":{"what":"BATCH","start":259345161,"end":280795765,"flags":8,"flagsBinary":"1000","oldStart":259281310,"oldEnd":280795765}}
43424168-e44e-473a-bf12-dba8a4a4453a 2016-12-13 11:24:01.866390655 2618909 [56250.449909]   963  3256 D ThermaPlan->Batch: {"func":"Batch->add()","batch":{"what":"BATCH","start":259786617,"end":280795765,"flags":8,"flagsBinary":"1000","oldStart":259345161,"oldEnd":280795765}}
43424168-e44e-473a-bf12-dba8a4a4453a 2016-12-13 11:24:01.866390655 2618910 [56250.450113]   963  3256 D ThermaPlan->Batch: {"func":"Batch->add()","batch":{"what":"BATCH","start":261333689,"end":280795765,"flags":8,"flagsBinary":"1000","oldStart":259786617,"oldEnd":280795765}}
43424168-e44e-473a-bf12-dba8a4a4453a 2016-12-13 11:24:01.866390655 2618911 [56250.450327]   963  3256 D ThermaPlan->Batch: {"func":"Batch->add()","batch":{"what":"BATCH","start":270989138,"end":280795765,"flags":8,"flagsBinary":"1000","oldStart":261333689,"oldEnd":280795765}}
43424168-e44e-473a-bf12-dba8a4a4453a 2016-12-13 11:24:01.866390655 2618912 [56250.452051]   963  1811 E LocSvc_IzatApiV02: E/virtual int izat_core::IzatApiV02::injectLocation(GpsExtLocation):857]: error! inject position failed
43424168-e44e-473a-bf12-dba8a4a4453a 2016-12-13 11:24:01.866390655 2618913 [56250.452634]   963  3256 D ThermaPlan->Batch: {"func":"Batch->add()","batch":{"what":"BATCH","start":292490680,"end":331748773,"flags":0,"flagsBinary":"0","oldStart":280825099,"oldEnd":331748773}}
43424168-e44e-473a-bf12-dba8a4a4453a 2016-12-13 11:24:01.866390655 2618914 [56250.452856]   963  3256 D ThermaPlan->Batch: {"func":"Batch->add()","batch":{"what":"BATCH","start":296563796,"end":331748773,"flags":0,"flagsBinary":"0","oldStart":292490680,"oldEnd":331748773}}
43424168-e44e-473a-bf12-dba8a4a4453a 2016-12-13 11:24:01.866390655 2618915 [56250.453081]   963  3256 D ThermaPlan->Batch: {"func":"Batch->add()","batch":{"what":"BATCH","start":299911065,"end":331748773,"flags":8,"flagsBinary":"1000","oldStart":296563796,"oldEnd":331748773}}
43424168-e44e-473a-bf12-dba8a4a4453a 2016-12-13 11:24:01.866390655 2618916 [56250.453451]   963  3256 D ThermaPlan->Batch: {"func":"Batch->add()","batch":{"what":"BATCH","start":605813325,"end":1058493260,"flags":0,"flagsBinary":"0","oldStart":604893262,"oldEnd":1058493260}}
43424168-e44e-473a-bf12-dba8a4a4453a 2016-12-13 11:24:01.866390655 2618917 [56250.453694]   963  3256 D ThermaPlan->Batch: {"func":"Batch->add()","batch":{"what":"BATCH","start":624143935,"end":992076404,"flags":0,"flagsBinary":"0","oldStart":605813325,"oldEnd":1058493260}}
43424168-e44e-473a-bf12-dba8a4a4453a 2016-12-13 11:24:01.866390655 2618918 [56250.453920]   963  3256 D ThermaPlan->Batch: {"func":"Batch->add()","batch":{"what":"BATCH","start":694490727,"end":992076404,"flags":0,"flagsBinary":"0","oldStart":624143935,"oldEnd":992076404}}
43424168-e44e-473a-bf12-dba8a4a4453a 2016-12-13 11:24:01.866390655 2618919 [56250.454302]   963  3256 D ThermaPlan->Batch: {"func":"Batch->add()","batch":{"what":"BATCH","start":701674709,"end":992076404,"flags":0,"flagsBinary":"0","oldStart":694490727,"oldEnd":992076404}}
43424168-e44e-473a-bf12-dba8a4a4453a 2016-12-13 11:24:01.866390655 2618920 [56250.454817]   963  3256 D ThermaPlan->Batch: {"func":"Batch->add()","batch":{"what":"BATCH","start":315360057206,"end":551880056972,"flags":0,"flagsBinary":"0","oldStart":315360056973,"oldEnd":551880056972}}
43424168-e44e-473a-bf12-dba8a4a4453a 2016-12-13 11:24:01.866390655 2618921 [56250.455053]   963  3256 D ThermaPlan->Batch: {"func":"Batch->add()","batch":{"what":"BATCH","start":315360057236,"end":551880056972,"flags":0,"flagsBinary":"0","oldStart":315360057206,"oldEnd":551880056972}}
43424168-e44e-473a-bf12-dba8a4a4453a 2016-12-13 11:24:01.866390655 2618922 [56250.455266]   963  3256 D ThermaPlan->Batch: {"func":"Batch->add()","batch":{"what":"BATCH","start":315360057240,"end":551880056972,"flags":0,"flagsBinary":"0","oldStart":315360057236,"oldEnd":551880056972}}
43424168-e44e-473a-bf12-dba8a4a4453a 2016-12-13 11:24:01.866390655 2618923 [56250.455497]   963  3256 D ThermaPlan->Batch: {"func":"Batch->add()","batch":{"what":"BATCH","start":315360057254,"end":551880056972,"flags":0,"flagsBinary":"0","oldStart":315360057240,"oldEnd":551880056972}}
43424168-e44e-473a-bf12-dba8a4a4453a 2016-12-13 11:24:01.866390655 2618924 [56250.455725]   963  3256 D ThermaPlan->Batch: {"func":"Batch->add()","batch":{"what":"BATCH","start":315360057257,"end":551880056972,"flags":0,"flagsBinary":"0","oldStart":315360057254,"oldEnd":551880056972}}
43424168-e44e-473a-bf12-dba8a4a4453a 2016-12-13 11:24:01.866390655 2618925 [56250.455953]   963  3256 D ThermaPlan->Batch: {"func":"Batch->add()","batch":{"what":"BATCH","start":315360057259,"end":551880056972,"flags":0,"flagsBinary":"0","oldStart":315360057257,"oldEnd":551880056972}}
43424168-e44e-473a-bf12-dba8a4a4453a 2016-12-13 11:24:01.866390655 2618926 [56250.456190]   963  3256 D ThermaPlan->Batch: {"func":"Batch->add()","batch":{"what":"BATCH","start":315360094195,"end":551880056972,"flags":0,"flagsBinary":"0","oldStart":315360057259,"oldEnd":551880056972}}
43424168-e44e-473a-bf12-dba8a4a4453a 2016-12-13 11:24:01.866390655 2618927 [56250.456419]   963  3256 D ThermaPlan->Batch: {"func":"Batch->add()","batch":{"what":"BATCH","start":315360113203,"end":551880056972,"flags":0,"flagsBinary":"0","oldStart":315360094195,"oldEnd":551880056972}}
43424168-e44e-473a-bf12-dba8a4a4453a 2016-12-13 11:24:01.866390655 2618928 [56250.456655]   963  3256 D ThermaPlan->Batch: {"func":"Batch->add()","batch":{"what":"BATCH","start":315399259724,"end":551880056972,"flags":0,"flagsBinary":"0","oldStart":315360113203,"oldEnd":551880056972}}
43424168-e44e-473a-bf12-dba8a4a4453a 2016-12-13 11:24:01.866390655 2618929 [56250.456903]   963  3256 D ThermaPlan->Batch: {"func":"Batch->add()","batch":{"what":"BATCH","start":315399259747,"end":551880056972,"flags":0,"flagsBinary":"0","oldStart":315399259724,"oldEnd":551880056972}}
43424168-e44e-473a-bf12-dba8a4a4453a 2016-12-13 11:24:01.866390655 2618930 [56250.457140]   963  3256 D ThermaPlan->Batch: {"func":"Batch->add()","batch":{"what":"BATCH","start":315572926898,"end":551880056972,"flags":0,"flagsBinary":"0","oldStart":315399259747,"oldEnd":551880056972}}
43424168-e44e-473a-bf12-dba8a4a4453a 2016-12-13 11:24:01.876390655 2618931 [56250.462754]   963  2381 D ThermaPlan->AlarmManagerService: {"func":"AlarmManagerService->mService->set","pid":1821,"uid":10014,"flagsBinary":"1","flags":1,"type":3,"triggerAtTime":214073506,"nowELAPSED":213532609,"rtc":1481646241882,"windowLength":0,"interval":0,"creatorPkg":"com.google.android.gms","targetPkg":"com.google.android.gms"}
43424168-e44e-473a-bf12-dba8a4a4453a 2016-12-13 11:24:01.936390655 2618932 [56250.519562]   388   388 D Kernel-Trace:     kworker/0:0H-7043  [000] ...1 56250.439607: cpu_frequency: state=652800 cpu_id=0
43424168-e44e-473a-bf12-dba8a4a4453a 2016-12-13 11:24:01.936390655 2618933 [56250.519585]   388   388 D Kernel-Trace:      kworker/0:4-27226 [000] ...1 56250.449425: thermal_temp: sensor_id=5 temp=37
43424168-e44e-473a-bf12-dba8a4a4453a 2016-12-13 11:24:01.936390655 2618934 [56250.519593]   388   388 D Kernel-Trace:     kworker/3:2H-12900 [003] ...1 56250.449498: cpu_frequency: state=2265600 cpu_id=3
43424168-e44e-473a-bf12-dba8a4a4453a 2016-12-13 11:24:01.936390655 2618935 [56250.519601]   388   388 D Kernel-Trace:     kworker/1:2H-12491 [001] ...1 56250.451864: cpu_frequency: state=300000 cpu_id=1
43424168-e44e-473a-bf12-dba8a4a4453a 2016-12-13 11:24:01.936390655 2618936 [56250.519608]   388   388 D Kernel-Trace:     kworker/2:2H-10277 [002] ...1 56250.452130: cpu_frequency: state=300000 cpu_id=2
43424168-e44e-473a-bf12-dba8a4a4453a 2016-12-13 11:24:01.936390655 2618937 [56250.519615]   388   388 D Kernel-Trace:     kworker/3:2H-12900 [003] ...1 56250.469658: cpu_frequency: state=2457600 cpu_id=3
43424168-e44e-473a-bf12-dba8a4a4453a 2016-12-13 11:24:01.936390655 2618938 [56250.519623]   388   388 D Kernel-Trace:     kworker/0:0H-7043  [000] ...1 56250.479633: cpu_frequency: state=1497600 cpu_id=0
43424168-e44e-473a-bf12-dba8a4a4453a 2016-12-13 11:24:01.956390655 2618939 [56250.544296]   963  1914 I Network-Telephony-PhoneLab: {"Action":"android.intent.action.SIG_STR","SignalStrength":{"Type":"CDMA","Level":1,"Strength":-97,"Asu":1},"timestamp":1481646241964,"uptimeNanos":213532691540962,"LogFormat":"1.1"}
43424168-e44e-473a-bf12-dba8a4a4453a 2016-12-13 11:24:02.36390655 2618940 [56250.619703]   388   388 D Kernel-Trace:     kworker/0:0H-7043  [000] ...1 56250.519864: cpu_frequency: state=2265600 cpu_id=0
43424168-e44e-473a-bf12-dba8a4a4453a 2016-12-13 11:24:02.36390655 2618941 [56250.619781]   388   388 D Kernel-Trace:     kworker/3:2H-12900 [003] ...1 56250.529537: cpu_frequency: state=300000 cpu_id=3
43424168-e44e-473a-bf12-dba8a4a4453a 2016-12-13 11:24:02.36390655 2618942 [56250.619812]   388   388 D Kernel-Trace:     kworker/0:0H-7043  [000] ...1 56250.560982: cpu_frequency: state=300000 cpu_id=0
43424168-e44e-473a-bf12-dba8a4a4453a 2016-12-13 11:24:02.136390655 2618943 [56250.719630]   388   388 D Kernel-Trace:      kworker/0:4-27226 [000] ...1 56250.699613: thermal_temp: sensor_id=5 temp=34
43424168-e44e-473a-bf12-dba8a4a4453a 2016-12-13 11:24:02.436390655 2618944 [56251.019658]   388   388 D Kernel-Trace:      kworker/0:4-27226 [000] ...1 56250.949548: thermal_temp: sensor_id=5 temp=34
43424168-e44e-473a-bf12-dba8a4a4453a 2016-12-13 11:24:02.636390655 2618945 [56251.219618]   388   388 D Kernel-Trace:      kworker/0:4-27226 [000] ...1 56251.199619: thermal_temp: sensor_id=5 temp=34
43424168-e44e-473a-bf12-dba8a4a4453a 2016-12-13 11:24:02.936390655 2618946 [56251.519718]   388   388 D Kernel-Trace:      kworker/0:4-27226 [000] ...1 56251.449555: thermal_temp: sensor_id=5 temp=34
43424168-e44e-473a-bf12-dba8a4a4453a 2016-12-13 11:24:03.136390655 2618947 [56251.719609]   388   388 D Kernel-Trace:      kworker/0:4-27226 [000] ...1 56251.699550: thermal_temp: sensor_id=5 temp=33
43424168-e44e-473a-bf12-dba8a4a4453a 2016-12-13 11:24:03.266390655 2618948 [56251.850396]   963 29630 D NetlinkSocketObserver: NeighborEvent{elapsedMs=213533997, fde5:bdee:339a::1, [10FEEDE58C95], RTM_NEWNEIGH, NUD_STALE}
43424168-e44e-473a-bf12-dba8a4a4453a 2016-12-13 11:24:03.436390655 2618949 [56252.019654]   388   388 D Kernel-Trace:      kworker/0:4-27226 [000] ...1 56251.949597: thermal_temp: sensor_id=5 temp=33
43424168-e44e-473a-bf12-dba8a4a4453a 2016-12-13 11:24:03.636390655 2618950 [56252.219993]   388   388 D Kernel-Trace:      kworker/0:4-27226 [000] ...1 56252.199837: thermal_temp: sensor_id=5 temp=33
43424168-e44e-473a-bf12-dba8a4a4453a 2016-12-13 11:24:03.936390655 2618951 [56252.519937]   388   388 D Kernel-Trace:      kworker/0:4-27226 [000] ...1 56252.449794: thermal_temp: sensor_id=5 temp=33
43424168-e44e-473a-bf12-dba8a4a4453a 2016-12-13 11:24:04.136390655 2618952 [56252.719905]   388   388 D Kernel-Trace:      kworker/0:4-27226 [000] ...1 56252.699897: thermal_temp: sensor_id=5 temp=33
43424168-e44e-473a-bf12-dba8a4a4453a 2016-12-13 11:24:04.436390654 2618953 [56253.019934]   388   388 D Kernel-Trace:      kworker/0:4-27226 [000] ...1 56252.949796: thermal_temp: sensor_id=5 temp=33
43424168-e44e-473a-bf12-dba8a4a4453a 2016-12-13 11:24:04.636390654 2618954 [56253.219898]   388   388 D Kernel-Trace:      kworker/0:4-27226 [000] ...1 56253.199834: thermal_temp: sensor_id=5 temp=33
43424168-e44e-473a-bf12-dba8a4a4453a 2016-12-13 11:24:04.936390654 2618955 [56253.519936]   388   388 D Kernel-Trace:      kworker/0:4-27226 [000] ...1 56253.449795: thermal_temp: sensor_id=5 temp=33
43424168-e44e-473a-bf12-dba8a4a4453a 2016-12-13 11:24:05.136390654 2618956 [56253.719906]   388   388 D Kernel-Trace:      kworker/0:4-27226 [000] ...1 56253.699837: thermal_temp: sensor_id=5 temp=32
43424168-e44e-473a-bf12-dba8a4a4453a 2016-12-13 11:24:05.436390654 2618957 [56254.019934]   388   388 D Kernel-Trace:      kworker/0:4-27226 [000] ...1 56253.949795: thermal_temp: sensor_id=5 temp=32
43424168-e44e-473a-bf12-dba8a4a4453a 2016-12-13 11:24:05.636390654 2618958 [56254.219914]   388   388 D Kernel-Trace:      kworker/0:4-27226 [000] ...1 56254.199854: thermal_temp: sensor_id=5 temp=32
43424168-e44e-473a-bf12-dba8a4a4453a 2016-12-13 11:24:05.936390654 2618959 [56254.519942]   388   388 D Kernel-Trace:      kworker/0:4-27226 [000] ...1 56254.449798: thermal_temp: sensor_id=5 temp=32
43424168-e44e-473a-bf12-dba8a4a4453a 2016-12-13 11:24:06.136390654 2618960 [56254.719896]   388   388 D Kernel-Trace:      kworker/0:4-27226 [000] ...1 56254.699835: thermal_temp: sensor_id=5 temp=32
43424168-e44e-473a-bf12-dba8a4a4453a 2016-12-13 11:24:06.436390654 2618961 [56255.019940]   388   388 D Kernel-Trace:      kworker/0:4-27226 [000] ...1 56254.949795: thermal_temp: sensor_id=5 temp=32
43424168-e44e-473a-bf12-dba8a4a4453a 2016-12-13 11:24:06.636390654 2618962 [56255.219961]   388   388 D Kernel-Trace:      kworker/0:4-27226 [000] ...1 56255.199752: thermal_temp: sensor_id=5 temp=33
43424168-e44e-473a-bf12-dba8a4a4453a 2016-12-13 11:24:06.936390653 2618963 [56255.519945]   388   388 D Kernel-Trace:      kworker/0:4-27226 [000] ...1 56255.449799: thermal_temp: sensor_id=5 temp=33
43424168-e44e-473a-bf12-dba8a4a4453a 2016-12-13 11:24:07.136390653 2618964 [56255.719913]   388   388 D Kernel-Trace:      kworker/0:4-27226 [000] ...1 56255.699842: thermal_temp: sensor_id=5 temp=32
43424168-e44e-473a-bf12-dba8a4a4453a 2016-12-13 11:24:07.436390653 2618965 [56256.019992]   388   388 D Kernel-Trace:      kworker/0:4-27226 [000] ...1 56255.949798: thermal_temp: sensor_id=5 temp=32
43424168-e44e-473a-bf12-dba8a4a4453a 2016-12-13 11:24:07.636390653 2618966 [56256.219898]   388   388 D Kernel-Trace:      kworker/0:4-27226 [000] ...1 56256.199833: thermal_temp: sensor_id=5 temp=32
43424168-e44e-473a-bf12-dba8a4a4453a 2016-12-13 11:24:07.936390653 2618967 [56256.520012]   388   388 D Kernel-Trace:      kworker/0:4-27226 [000] ...1 56256.449796: thermal_temp: sensor_id=5 temp=32
43424168-e44e-473a-bf12-dba8a4a4453a 2016-12-13 11:24:08.136390653 2618968 [56256.719897]   388   388 D Kernel-Trace:      kworker/0:4-27226 [000] ...1 56256.699835: thermal_temp: sensor_id=5 temp=32
43424168-e44e-473a-bf12-dba8a4a4453a 2016-12-13 11:24:08.436390653 2618969 [56257.019938]   388   388 D Kernel-Trace:      kworker/0:4-27226 [000] ...1 56256.949834: thermal_temp: sensor_id=5 temp=32
43424168-e44e-473a-bf12-dba8a4a4453a 2016-12-13 11:24:08.636390653 2618970 [56257.219898]   388   388 D Kernel-Trace:      kworker/0:4-27226 [000] ...1 56257.199843: thermal_temp: sensor_id=5 temp=32
43424168-e44e-473a-bf12-dba8a4a4453a 2016-12-13 11:24:08.936390653 2618971 [56257.519991]   388   388 D Kernel-Trace:      kworker/0:4-27226 [000] ...1 56257.449799: thermal_temp: sensor_id=5 temp=32
43424168-e44e-473a-bf12-dba8a4a4453a 2016-12-13 11:24:09.136390653 2618972 [56257.719906]   388   388 D Kernel-Trace:      kworker/0:4-27226 [000] ...1 56257.699886: thermal_temp: sensor_id=5 temp=32
43424168-e44e-473a-bf12-dba8a4a4453a 2016-12-13 11:24:09.436390653 2618973 [56258.019893]   388   388 D Kernel-Trace:      kworker/0:4-27226 [000] ...1 56257.949794: thermal_temp: sensor_id=5 temp=32
43424168-e44e-473a-bf12-dba8a4a4453a 2016-12-13 11:24:09.636390652 2618974 [56258.219895]   388   388 D Kernel-Trace:      kworker/0:4-27226 [000] ...1 56258.199854: thermal_temp: sensor_id=5 temp=32
43424168-e44e-473a-bf12-dba8a4a4453a 2016-12-13 11:24:09.936390652 2618975 [56258.520007]   388   388 D Kernel-Trace:      kworker/0:4-27226 [000] ...1 56258.449816: thermal_temp: sensor_id=5 temp=32
43424168-e44e-473a-bf12-dba8a4a4453a 2016-12-13 11:24:10.136390652 2618976 [56258.719899]   388   388 D Kernel-Trace:      kworker/0:4-27226 [000] ...1 56258.699834: thermal_temp: sensor_id=5 temp=32
43424168-e44e-473a-bf12-dba8a4a4453a 2016-12-13 11:24:10.436390652 2618977 [56259.020020]   388   388 D Kernel-Trace:      kworker/0:4-27226 [000] ...1 56258.949895: thermal_temp: sensor_id=5 temp=32
43424168-e44e-473a-bf12-dba8a4a4453a 2016-12-13 11:24:10.636390652 2618978 [56259.219900]   388   388 D Kernel-Trace:      kworker/0:4-27226 [000] ...1 56259.199840: thermal_temp: sensor_id=5 temp=32
43424168-e44e-473a-bf12-dba8a4a4453a 2016-12-13 11:24:10.936390652 2618979 [56259.520087]   388   388 D Kernel-Trace:      kworker/0:4-27226 [000] ...1 56259.449808: thermal_temp: sensor_id=5 temp=32
43424168-e44e-473a-bf12-dba8a4a4453a 2016-12-13 11:24:11.136390652 2618980 [56259.719907]   388   388 D Kernel-Trace:      kworker/0:4-27226 [000] ...1 56259.699842: thermal_temp: sensor_id=5 temp=32
43424168-e44e-473a-bf12-dba8a4a4453a 2016-12-13 11:24:11.436390652 2618981 [56260.019946]   388   388 D Kernel-Trace:      kworker/0:4-27226 [000] ...1 56259.949783: thermal_temp: sensor_id=5 temp=32
43424168-e44e-473a-bf12-dba8a4a4453a 2016-12-13 11:24:11.636390652 2618982 [56260.219903]   388   388 D Kernel-Trace:      kworker/0:4-27226 [000] ...1 56260.199853: thermal_temp: sensor_id=5 temp=32
43424168-e44e-473a-bf12-dba8a4a4453a 2016-12-13 11:24:11.936390652 2618983 [56260.519951]   388   388 D Kernel-Trace:      kworker/0:4-27226 [000] ...1 56260.449802: thermal_temp: sensor_id=5 temp=32
43424168-e44e-473a-bf12-dba8a4a4453a 2016-12-13 11:24:12.136390651 2618984 [56260.719904]   388   388 D Kernel-Trace:      kworker/0:4-27226 [000] ...1 56260.699841: thermal_temp: sensor_id=5 temp=32
43424168-e44e-473a-bf12-dba8a4a4453a 2016-12-13 11:24:12.436390651 2618985 [56261.020087]   388   388 D Kernel-Trace:      kworker/0:4-27226 [000] ...1 56260.949957: thermal_temp: sensor_id=5 temp=32
43424168-e44e-473a-bf12-dba8a4a4453a 2016-12-13 11:24:12.536390651 2618986 [56261.119710]   388   388 D Kernel-Trace:     kworker/0:0H-7043  [000] ...1 56261.061743: cpu_frequency: state=1497600 cpu_id=0
43424168-e44e-473a-bf12-dba8a4a4453a 2016-12-13 11:24:12.636390651 2618987 [56261.219941]   388   388 D Kernel-Trace:     kworker/0:0H-7043  [000] ...1 56261.120935: cpu_frequency: state=300000 cpu_id=0
43424168-e44e-473a-bf12-dba8a4a4453a 2016-12-13 11:24:12.636390651 2618988 [56261.220014]   388   388 D Kernel-Trace:      kworker/0:4-27226 [000] ...1 56261.199857: thermal_temp: sensor_id=5 temp=32
43424168-e44e-473a-bf12-dba8a4a4453a 2016-12-13 11:24:12.936390651 2618989 [56261.521188]   388   388 D Kernel-Trace:      kworker/0:4-27226 [000] ...1 56261.449899: thermal_temp: sensor_id=5 temp=32
43424168-e44e-473a-bf12-dba8a4a4453a 2016-12-13 11:24:13.136390651 2618990 [56261.720874]   388   388 D Kernel-Trace:      kworker/0:4-27226 [000] ...1 56261.701122: thermal_temp: sensor_id=5 temp=32
43424168-e44e-473a-bf12-dba8a4a4453a 2016-12-13 11:24:13.436390651 2618991 [56262.021873]   388   388 D Kernel-Trace:      kworker/0:4-27226 [000] ...1 56261.950870: thermal_temp: sensor_id=5 temp=32
43424168-e44e-473a-bf12-dba8a4a4453a 2016-12-13 11:24:13.636390651 2618992 [56262.220805]   388   388 D Kernel-Trace:      kworker/0:4-27226 [000] ...1 56262.201151: thermal_temp: sensor_id=5 temp=32
43424168-e44e-473a-bf12-dba8a4a4453a 2016-12-13 11:24:13.836390651 2618993 [56262.428603]   963  2381 I Network-Telephony-PhoneLab: {"Action":"android.intent.action.SIG_STR","SignalStrength":{"Type":"CDMA","Level":1,"Strength":-98,"Asu":1},"timestamp":1481646253848,"uptimeNanos":213544575730853,"LogFormat":"1.1"}
43424168-e44e-473a-bf12-dba8a4a4453a 2016-12-13 11:24:13.936390651 2618994 [56262.519990]   388   388 D Kernel-Trace:      kworker/0:4-27226 [000] ...1 56262.449894: thermal_temp: sensor_id=5 temp=32
43424168-e44e-473a-bf12-dba8a4a4453a 2016-12-13 11:24:14.136390651 2618995 [56262.721059]   388   388 D Kernel-Trace:      kworker/0:4-27226 [000] ...1 56262.699807: thermal_temp: sensor_id=5 temp=32
43424168-e44e-473a-bf12-dba8a4a4453a 2016-12-13 11:24:14.436390651 2618996 [56263.021771]   388   388 D Kernel-Trace:      kworker/0:4-27226 [000] ...1 56262.950799: thermal_temp: sensor_id=5 temp=32
43424168-e44e-473a-bf12-dba8a4a4453a 2016-12-13 11:24:14.636390651 2618997 [56263.220512]   388   388 D Kernel-Trace:      kworker/0:4-27226 [000] ...1 56263.201580: thermal_temp: sensor_id=5 temp=32
43424168-e44e-473a-bf12-dba8a4a4453a 2016-12-13 11:24:14.936390650 2618998 [56263.521723]   388   388 D Kernel-Trace:      kworker/0:4-27226 [000] ...1 56263.450947: thermal_temp: sensor_id=5 temp=32
43424168-e44e-473a-bf12-dba8a4a4453a 2016-12-13 11:24:15.136390650 2618999 [56263.720893]   388   388 D Kernel-Trace:      kworker/0:4-27226 [000] ...1 56263.701051: thermal_temp: sensor_id=5 temp=32
43424168-e44e-473a-bf12-dba8a4a4453a 2016-12-13 11:24:15.436390650 2619000 [56264.021716]   388   388 D Kernel-Trace:      kworker/0:4-27226 [000] ...1 56263.950862: thermal_temp: sensor_id=5 temp=32
43424168-e44e-473a-bf12-dba8a4a4453a 2016-12-13 11:24:15.636390650 2619001 [56264.220942]   388   388 D Kernel-Trace:      kworker/0:4-27226 [000] ...1 56264.201086: thermal_temp: sensor_id=5 temp=32
43424168-e44e-473a-bf12-dba8a4a4453a 2016-12-13 11:24:15.936390650 2619002 [56264.521754]   388   388 D Kernel-Trace:      kworker/0:4-27226 [000] ...1 56264.450859: thermal_temp: sensor_id=5 temp=32
43424168-e44e-473a-bf12-dba8a4a4453a 2016-12-13 11:24:16.136390650 2619003 [56264.720474]   388   388 D Kernel-Trace:      kworker/0:4-27226 [000] ...1 56264.701848: thermal_temp: sensor_id=5 temp=32
43424168-e44e-473a-bf12-dba8a4a4453a 2016-12-13 11:24:16.436390650 2619004 [56265.021707]   388   388 D Kernel-Trace:      kworker/0:4-27226 [000] ...1 56264.950807: thermal_temp: sensor_id=5 temp=32
43424168-e44e-473a-bf12-dba8a4a4453a 2016-12-13 11:24:16.636390650 2619005 [56265.220016]   388   388 D Kernel-Trace:      kworker/0:4-27226 [000] ...1 56265.199857: thermal_temp: sensor_id=5 temp=32
43424168-e44e-473a-bf12-dba8a4a4453a 2016-12-13 11:24:16.936390650 2619006 [56265.521725]   388   388 D Kernel-Trace:      kworker/0:4-27226 [000] ...1 56265.450813: thermal_temp: sensor_id=5 temp=32
43424168-e44e-473a-bf12-dba8a4a4453a 2016-12-13 11:24:17.136390650 2619007 [56265.720430]   388   388 D Kernel-Trace:      kworker/0:4-27226 [000] ...1 56265.701740: thermal_temp: sensor_id=5 temp=32
43424168-e44e-473a-bf12-dba8a4a4453a 2016-12-13 11:24:17.436390649 2619008 [56266.020085]   388   388 D Kernel-Trace:      kworker/0:4-27226 [000] ...1 56265.950807: thermal_temp: sensor_id=5 temp=32
43424168-e44e-473a-bf12-dba8a4a4453a 2016-12-13 11:24:17.636390649 2619009 [56266.220361]   388   388 D Kernel-Trace:      kworker/0:4-27226 [000] ...1 56266.201743: thermal_temp: sensor_id=5 temp=32
43424168-e44e-473a-bf12-dba8a4a4453a 2016-12-13 11:24:17.936390649 2619010 [56266.520142]   388   388 D Kernel-Trace:      kworker/0:4-27226 [000] ...1 56266.451237: thermal_temp: sensor_id=5 temp=32
43424168-e44e-473a-bf12-dba8a4a4453a 2016-12-13 11:24:18.136390649 2619011 [56266.720189]   388   388 D Kernel-Trace:     kworker/1:2H-12491 [001] ...1 56266.620278: cpu_frequency: state=422400 cpu_id=1
43424168-e44e-473a-bf12-dba8a4a4453a 2016-12-13 11:24:18.136390649 2619012 [56266.720256]   388   388 D Kernel-Trace:     kworker/1:2H-12491 [001] ...1 56266.631270: cpu_frequency: state=1497600 cpu_id=1
43424168-e44e-473a-bf12-dba8a4a4453a 2016-12-13 11:24:18.136390649 2619013 [56266.720283]   388   388 D Kernel-Trace:     kworker/1:2H-12491 [001] ...1 56266.670975: cpu_frequency: state=2265600 cpu_id=1
43424168-e44e-473a-bf12-dba8a4a4453a 2016-12-13 11:24:18.136390649 2619014 [56266.720314]   388   388 D Kernel-Trace:     kworker/1:2H-12491 [001] ...1 56266.690198: cpu_frequency: state=2649600 cpu_id=1
43424168-e44e-473a-bf12-dba8a4a4453a 2016-12-13 11:24:18.136390649 2619015 [56266.720346]   388   388 D Kernel-Trace:      kworker/0:4-27226 [000] ...1 56266.699888: thermal_temp: sensor_id=5 temp=32
43424168-e44e-473a-bf12-dba8a4a4453a 2016-12-13 11:24:18.236390649 2619016 [56266.819965]   388   388 D Kernel-Trace:     kworker/1:2H-12491 [001] ...1 56266.804240: cpu_frequency: state=300000 cpu_id=1
43424168-e44e-473a-bf12-dba8a4a4453a 2016-12-13 11:24:18.436390649 2619017 [56267.021510]   388   388 D Kernel-Trace:      kworker/0:4-27226 [000] ...1 56266.949833: thermal_temp: sensor_id=5 temp=32
43424168-e44e-473a-bf12-dba8a4a4453a 2016-12-13 11:24:18.636390649 2619018 [56267.220329]   388   388 D Kernel-Trace:      kworker/0:4-27226 [000] ...1 56267.201699: thermal_temp: sensor_id=5 temp=32
43424168-e44e-473a-bf12-dba8a4a4453a 2016-12-13 11:24:18.936390649 2619019 [56267.521775]   388   388 D Kernel-Trace:      kworker/0:4-27226 [000] ...1 56267.450823: thermal_temp: sensor_id=5 temp=32
43424168-e44e-473a-bf12-dba8a4a4453a 2016-12-13 11:24:19.136390649 2619020 [56267.720362]   388   388 D Kernel-Trace:      kworker/0:4-27226 [000] ...1 56267.701625: thermal_temp: sensor_id=5 temp=32
43424168-e44e-473a-bf12-dba8a4a4453a 2016-12-13 11:24:19.436390649 2619021 [56268.021774]   388   388 D Kernel-Trace:      kworker/0:4-27226 [000] ...1 56267.950819: thermal_temp: sensor_id=5 temp=32
43424168-e44e-473a-bf12-dba8a4a4453a 2016-12-13 11:24:19.636390649 2619022 [56268.220926]   388   388 D Kernel-Trace:      kworker/0:4-27226 [000] ...1 56268.200874: thermal_temp: sensor_id=5 temp=32
43424168-e44e-473a-bf12-dba8a4a4453a 2016-12-13 11:24:19.936390649 2619023 [56268.521766]   388   388 D Kernel-Trace:      kworker/0:4-27226 [000] ...1 56268.450881: thermal_temp: sensor_id=5 temp=32
43424168-e44e-473a-bf12-dba8a4a4453a 2016-12-13 11:24:20.136390648 2619024 [56268.720334]   388   388 D Kernel-Trace:      kworker/0:4-27226 [000] ...1 56268.701765: thermal_temp: sensor_id=5 temp=32
43424168-e44e-473a-bf12-dba8a4a4453a 2016-12-13 11:24:20.316390648 2619025 [56268.908618]   963  1896 I Network-Telephony-PhoneLab: {"Action":"android.intent.action.SIG_STR","SignalStrength":{"Type":"CDMA","Level":1,"Strength":-99,"Asu":1},"timestamp":1481646260328,"uptimeNanos":213551055773663,"LogFormat":"1.1"}
43424168-e44e-473a-bf12-dba8a4a4453a 2016-12-13 11:24:20.436390648 2619026 [56269.020000]   388   388 D Kernel-Trace:      kworker/0:4-27226 [000] ...1 56268.950796: thermal_temp: sensor_id=5 temp=32
43424168-e44e-473a-bf12-dba8a4a4453a 2016-12-13 11:24:20.636390648 2619027 [56269.220886]   388   388 D Kernel-Trace:      kworker/0:4-27226 [000] ...1 56269.201073: thermal_temp: sensor_id=5 temp=32
43424168-e44e-473a-bf12-dba8a4a4453a 2016-12-13 11:24:20.936390648 2619028 [56269.521668]   388   388 D Kernel-Trace:      kworker/0:4-27226 [000] ...1 56269.450817: thermal_temp: sensor_id=5 temp=32
43424168-e44e-473a-bf12-dba8a4a4453a 2016-12-13 11:24:21.136390648 2619029 [56269.720415]   388   388 D Kernel-Trace:      kworker/0:4-27226 [000] ...1 56269.701817: thermal_temp: sensor_id=5 temp=32
43424168-e44e-473a-bf12-dba8a4a4453a 2016-12-13 11:24:21.436390648 2619030 [56270.022020]   388   388 D Kernel-Trace:      kworker/0:4-27226 [000] ...1 56269.949807: thermal_temp: sensor_id=5 temp=32
43424168-e44e-473a-bf12-dba8a4a4453a 2016-12-13 11:24:21.636390648 2619031 [56270.220980]   388   388 D Kernel-Trace:      kworker/0:4-27226 [000] ...1 56270.200960: thermal_temp: sensor_id=5 temp=32
43424168-e44e-473a-bf12-dba8a4a4453a 2016-12-13 11:24:21.936390648 2619032 [56270.521851]   388   388 D Kernel-Trace:      kworker/0:4-27226 [000] ...1 56270.450838: thermal_temp: sensor_id=5 temp=32
43424168-e44e-473a-bf12-dba8a4a4453a 2016-12-13 11:24:22.136390648 2619033 [56270.720877]   388   388 D Kernel-Trace:      kworker/0:4-27226 [000] ...1 56270.701472: thermal_temp: sensor_id=5 temp=32
43424168-e44e-473a-bf12-dba8a4a4453a 2016-12-13 11:24:22.436390648 2619034 [56271.021843]   388   388 D Kernel-Trace:      kworker/0:4-27226 [000] ...1 56270.949890: thermal_temp: sensor_id=5 temp=32
43424168-e44e-473a-bf12-dba8a4a4453a 2016-12-13 11:24:22.636390647 2619035 [56271.220080]   388   388 D Kernel-Trace:      kworker/0:4-27226 [000] ...1 56271.199770: thermal_temp: sensor_id=5 temp=32
43424168-e44e-473a-bf12-dba8a4a4453a 2016-12-13 11:24:22.936390647 2619036 [56271.522026]   388   388 D Kernel-Trace:      kworker/0:4-27226 [000] ...1 56271.449803: thermal_temp: sensor_id=5 temp=32
43424168-e44e-473a-bf12-dba8a4a4453a 2016-12-13 11:24:23.16390647 2619037 [56271.601468]   963 29630 D NetlinkSocketObserver: NeighborEvent{elapsedMs=213553747, 192.168.1.1, [10FEEDE58C95], RTM_NEWNEIGH, NUD_PROBE}
43424168-e44e-473a-bf12-dba8a4a4453a 2016-12-13 11:24:23.136390647 2619038 [56271.720752]   388   388 D Kernel-Trace:      kworker/0:4-27226 [000] ...1 56271.701460: thermal_temp: sensor_id=5 temp=32
43424168-e44e-473a-bf12-dba8a4a4453a 2016-12-13 11:24:23.436390647 2619039 [56272.021220]   388   388 D Kernel-Trace:      kworker/0:4-27226 [000] ...1 56271.950786: thermal_temp: sensor_id=5 temp=32
43424168-e44e-473a-bf12-dba8a4a4453a 2016-12-13 11:24:23.636390647 2619040 [56272.220861]   388   388 D Kernel-Trace:      kworker/0:4-27226 [000] ...1 56272.201544: thermal_temp: sensor_id=5 temp=32
43424168-e44e-473a-bf12-dba8a4a4453a 2016-12-13 11:24:23.936390647 2619041 [56272.521761]   388   388 D Kernel-Trace:      kworker/0:4-27226 [000] ...1 56272.450840: thermal_temp: sensor_id=5 temp=32
43424168-e44e-473a-bf12-dba8a4a4453a 2016-12-13 11:24:24.136390647 2619042 [56272.720851]   388   388 D Kernel-Trace:      kworker/0:4-27226 [000] ...1 56272.701491: thermal_temp: sensor_id=5 temp=32
43424168-e44e-473a-bf12-dba8a4a4453a 2016-12-13 11:24:24.436390647 2619043 [56273.021768]   388   388 D Kernel-Trace:      kworker/0:4-27226 [000] ...1 56272.950800: thermal_temp: sensor_id=5 temp=32
43424168-e44e-473a-bf12-dba8a4a4453a 2016-12-13 11:24:24.636390647 2619044 [56273.220906]   388   388 D Kernel-Trace:      kworker/0:4-27226 [000] ...1 56273.200846: thermal_temp: sensor_id=5 temp=32
43424168-e44e-473a-bf12-dba8a4a4453a 2016-12-13 11:24:24.936390647 2619045 [56273.521778]   388   388 D Kernel-Trace:      kworker/0:4-27226 [000] ...1 56273.450818: thermal_temp: sensor_id=5 temp=32
43424168-e44e-473a-bf12-dba8a4a4453a 2016-12-13 11:24:25.136390647 2619046 [56273.720352]   388   388 D Kernel-Trace:      kworker/0:4-27226 [000] ...1 56273.701740: thermal_temp: sensor_id=5 temp=32
43424168-e44e-473a-bf12-dba8a4a4453a 2016-12-13 11:24:25.436390646 2619047 [56274.019896]   388   388 D Kernel-Trace:      kworker/0:1-18635 [000] ...1 56273.950693: thermal_temp: sensor_id=5 temp=32
43424168-e44e-473a-bf12-dba8a4a4453a 2016-12-13 11:24:25.436390646 2619048 [56274.020920]   963  2298 I Network-Telephony-PhoneLab: {"Action":"android.intent.action.SIG_STR","SignalStrength":{"Type":"CDMA","Level":1,"Strength":-100,"Asu":1},"timestamp":1481646265440,"uptimeNanos":213556168070692,"LogFormat":"1.1"}
43424168-e44e-473a-bf12-dba8a4a4453a 2016-12-13 11:24:25.636390646 2619049 [56274.220103]   388   388 D Kernel-Trace:      kworker/0:4-27226 [000] ...1 56274.199837: thermal_temp: sensor_id=5 temp=32
43424168-e44e-473a-bf12-dba8a4a4453a 2016-12-13 11:24:25.936390646 2619050 [56274.521766]   388   388 D Kernel-Trace:      kworker/0:4-27226 [000] ...1 56274.449609: thermal_temp: sensor_id=5 temp=32
43424168-e44e-473a-bf12-dba8a4a4453a 2016-12-13 11:24:26.136390646 2619051 [56274.720333]   388   388 D Kernel-Trace:      kworker/0:4-27226 [000] ...1 56274.701750: thermal_temp: sensor_id=5 temp=32
43424168-e44e-473a-bf12-dba8a4a4453a 2016-12-13 11:24:26.436390646 2619052 [56275.021751]   388   388 D Kernel-Trace:      kworker/0:4-27226 [000] ...1 56274.950876: thermal_temp: sensor_id=5 temp=32
43424168-e44e-473a-bf12-dba8a4a4453a 2016-12-13 11:24:26.636390646 2619053 [56275.220091]   388   388 D Kernel-Trace:      kworker/0:4-27226 [000] ...1 56275.199838: thermal_temp: sensor_id=5 temp=32
43424168-e44e-473a-bf12-dba8a4a4453a 2016-12-13 11:24:26.936390646 2619054 [56275.521761]   388   388 D Kernel-Trace:      kworker/0:4-27226 [000] ...1 56275.450856: thermal_temp: sensor_id=5 temp=32
43424168-e44e-473a-bf12-dba8a4a4453a 2016-12-13 11:24:27.136390646 2619055 [56275.720857]   388   388 D Kernel-Trace:      kworker/0:4-27226 [000] ...1 56275.701454: thermal_temp: sensor_id=5 temp=32
43424168-e44e-473a-bf12-dba8a4a4453a 2016-12-13 11:24:27.436390646 2619056 [56276.021759]   388   388 D Kernel-Trace:      kworker/0:4-27226 [000] ...1 56275.950811: thermal_temp: sensor_id=5 temp=32
43424168-e44e-473a-bf12-dba8a4a4453a 2016-12-13 11:24:27.636390646 2619057 [56276.220901]   388   388 D Kernel-Trace:      kworker/0:4-27226 [000] ...1 56276.200839: thermal_temp: sensor_id=5 temp=32
43424168-e44e-473a-bf12-dba8a4a4453a 2016-12-13 11:24:27.936390645 2619058 [56276.521768]   388   388 D Kernel-Trace:      kworker/0:4-27226 [000] ...1 56276.451226: thermal_temp: sensor_id=5 temp=32
43424168-e44e-473a-bf12-dba8a4a4453a 2016-12-13 11:24:28.136390645 2619059 [56276.720426]   388   388 D Kernel-Trace:      kworker/0:4-27226 [000] ...1 56276.701659: thermal_temp: sensor_id=5 temp=32
43424168-e44e-473a-bf12-dba8a4a4453a 2016-12-13 11:24:28.436390645 2619060 [56277.021761]   388   388 D Kernel-Trace:      kworker/0:4-27226 [000] ...1 56276.950888: thermal_temp: sensor_id=5 temp=32
43424168-e44e-473a-bf12-dba8a4a4453a 2016-12-13 11:24:28.636390645 2619061 [56277.220919]   388   388 D Kernel-Trace:      kworker/0:4-27226 [000] ...1 56277.200731: thermal_temp: sensor_id=5 temp=32
43424168-e44e-473a-bf12-dba8a4a4453a 2016-12-13 11:24:28.936390645 2619062 [56277.521785]   388   388 D Kernel-Trace:      kworker/0:4-27226 [000] ...1 56277.450794: thermal_temp: sensor_id=5 temp=32
43424168-e44e-473a-bf12-dba8a4a4453a 2016-12-13 11:24:29.136390645 2619063 [56277.720349]   388   388 D Kernel-Trace:      kworker/0:4-27226 [000] ...1 56277.701722: thermal_temp: sensor_id=5 temp=32
43424168-e44e-473a-bf12-dba8a4a4453a 2016-12-13 11:24:29.436390645 2619064 [56278.021776]   388   388 D Kernel-Trace:      kworker/0:4-27226 [000] ...1 56277.950856: thermal_temp: sensor_id=5 temp=32
43424168-e44e-473a-bf12-dba8a4a4453a 2016-12-13 11:24:29.636390645 2619065 [56278.220969]   388   388 D Kernel-Trace:      kworker/0:4-27226 [000] ...1 56278.200825: thermal_temp: sensor_id=5 temp=32
43424168-e44e-473a-bf12-dba8a4a4453a 2016-12-13 11:24:29.936390645 2619066 [56278.521773]   388   388 D Kernel-Trace:      kworker/0:4-27226 [000] ...1 56278.450840: thermal_temp: sensor_id=5 temp=32
43424168-e44e-473a-bf12-dba8a4a4453a 2016-12-13 11:24:30.136390645 2619067 [56278.720328]   388   388 D Kernel-Trace:      kworker/0:4-27226 [000] ...1 56278.701755: thermal_temp: sensor_id=5 temp=32
43424168-e44e-473a-bf12-dba8a4a4453a 2016-12-13 11:24:30.436390644 2619068 [56279.021846]   388   388 D Kernel-Trace:      kworker/0:4-27226 [000] ...1 56278.950801: thermal_temp: sensor_id=5 temp=32
43424168-e44e-473a-bf12-dba8a4a4453a 2016-12-13 11:24:30.566390644 2619069 [56279.159199]   963  1626 I Network-Telephony-PhoneLab: {"Action":"android.intent.action.SIG_STR","SignalStrength":{"Type":"CDMA","Level":1,"Strength":-100,"Asu":1},"timestamp":1481646270579,"uptimeNanos":213561306278034,"LogFormat":"1.1"}
43424168-e44e-473a-bf12-dba8a4a4453a 2016-12-13 11:24:30.636390644 2619070 [56279.220022]   388   388 D Kernel-Trace:      kworker/0:4-27226 [000] ...1 56279.200824: thermal_temp: sensor_id=5 temp=32
43424168-e44e-473a-bf12-dba8a4a4453a 2016-12-13 11:24:30.936390644 2619071 [56279.521745]   388   388 D Kernel-Trace:      kworker/0:4-27226 [000] ...1 56279.451069: thermal_temp: sensor_id=5 temp=32
43424168-e44e-473a-bf12-dba8a4a4453a 2016-12-13 11:24:31.136390644 2619072 [56279.720307]   388   388 D Kernel-Trace:      kworker/0:4-27226 [000] ...1 56279.701739: thermal_temp: sensor_id=5 temp=32
43424168-e44e-473a-bf12-dba8a4a4453a 2016-12-13 11:24:31.426390644 2619073 [56280.012380]   963 29630 D NetlinkSocketObserver: NeighborEvent{elapsedMs=213562159, 192.168.1.1, [10FEEDE58C95], RTM_NEWNEIGH, NUD_STALE}
43424168-e44e-473a-bf12-dba8a4a4453a 2016-12-13 11:24:31.436390644 2619074 [56280.019946]   388   388 D Kernel-Trace:      kworker/0:4-27226 [000] ...1 56279.950847: thermal_temp: sensor_id=5 temp=32
43424168-e44e-473a-bf12-dba8a4a4453a 2016-12-13 11:24:31.636390644 2619075 [56280.220085]   388   388 D Kernel-Trace:      kworker/0:4-27226 [000] ...1 56280.199768: thermal_temp: sensor_id=5 temp=32
43424168-e44e-473a-bf12-dba8a4a4453a 2016-12-13 11:24:31.936390644 2619076 [56280.522112]   388   388 D Kernel-Trace:      kworker/0:4-27226 [000] ...1 56280.449804: thermal_temp: sensor_id=5 temp=32
43424168-e44e-473a-bf12-dba8a4a4453a 2016-12-13 11:24:32.136390644 2619077 [56280.720393]   388   388 D Kernel-Trace:      kworker/0:4-27226 [000] ...1 56280.701745: thermal_temp: sensor_id=5 temp=32
43424168-e44e-473a-bf12-dba8a4a4453a 2016-12-13 11:24:32.436390644 2619078 [56281.021805]   388   388 D Kernel-Trace:      kworker/0:4-27226 [000] ...1 56280.950960: thermal_temp: sensor_id=5 temp=32
43424168-e44e-473a-bf12-dba8a4a4453a 2016-12-13 11:24:32.636390644 2619079 [56281.220892]   388   388 D Kernel-Trace:      kworker/0:4-27226 [000] ...1 56281.200837: thermal_temp: sensor_id=5 temp=32
43424168-e44e-473a-bf12-dba8a4a4453a 2016-12-13 11:24:32.936390644 2619080 [56281.521735]   388   388 D Kernel-Trace:      kworker/0:4-27226 [000] ...1 56281.451171: thermal_temp: sensor_id=5 temp=32
43424168-e44e-473a-bf12-dba8a4a4453a 2016-12-13 11:24:33.136390643 2619081 [56281.720366]   388   388 D Kernel-Trace:      kworker/0:4-27226 [000] ...1 56281.701733: thermal_temp: sensor_id=5 temp=32
43424168-e44e-473a-bf12-dba8a4a4453a 2016-12-13 11:24:33.436390643 2619082 [56282.022080]   388   388 D Kernel-Trace:      kworker/0:4-27226 [000] ...1 56281.949807: thermal_temp: sensor_id=5 temp=32
43424168-e44e-473a-bf12-dba8a4a4453a 2016-12-13 11:24:33.636390643 2619083 [56282.220999]   388   388 D Kernel-Trace:      kworker/0:4-27226 [000] ...1 56282.200723: thermal_temp: sensor_id=5 temp=32
43424168-e44e-473a-bf12-dba8a4a4453a 2016-12-13 11:24:33.936390643 2619084 [56282.521302]   388   388 D Kernel-Trace:      kworker/0:4-27226 [000] ...1 56282.449855: thermal_temp: sensor_id=5 temp=32
43424168-e44e-473a-bf12-dba8a4a4453a 2016-12-13 11:24:34.136390643 2619085 [56282.720889]   388   388 D Kernel-Trace:      kworker/0:4-27226 [000] ...1 56282.699665: thermal_temp: sensor_id=5 temp=32
43424168-e44e-473a-bf12-dba8a4a4453a 2016-12-13 11:24:34.436390643 2619086 [56283.021696]   388   388 D Kernel-Trace:      kworker/0:4-27226 [000] ...1 56282.950870: thermal_temp: sensor_id=5 temp=32
43424168-e44e-473a-bf12-dba8a4a4453a 2016-12-13 11:24:34.636390643 2619087 [56283.220930]   388   388 D Kernel-Trace:      kworker/0:4-27226 [000] ...1 56283.201029: thermal_temp: sensor_id=5 temp=32
43424168-e44e-473a-bf12-dba8a4a4453a 2016-12-13 11:24:34.936390643 2619088 [56283.521989]   388   388 D Kernel-Trace:      kworker/0:4-27226 [000] ...1 56283.449806: thermal_temp: sensor_id=5 temp=32
43424168-e44e-473a-bf12-dba8a4a4453a 2016-12-13 11:24:35.136390643 2619089 [56283.720363]   388   388 D Kernel-Trace:      kworker/0:4-27226 [000] ...1 56283.701730: thermal_temp: sensor_id=5 temp=32
43424168-e44e-473a-bf12-dba8a4a4453a 2016-12-13 11:24:35.436390643 2619090 [56284.021770]   388   388 D Kernel-Trace:      kworker/0:4-27226 [000] ...1 56283.950807: thermal_temp: sensor_id=5 temp=32
43424168-e44e-473a-bf12-dba8a4a4453a 2016-12-13 11:24:35.636390643 2619091 [56284.220927]   388   388 D Kernel-Trace:      kworker/0:4-27226 [000] ...1 56284.199766: thermal_temp: sensor_id=5 temp=32
43424168-e44e-473a-bf12-dba8a4a4453a 2016-12-13 11:24:35.936390642 2619092 [56284.521604]   388   388 D Kernel-Trace:      kworker/0:4-27226 [000] ...1 56284.450848: thermal_temp: sensor_id=5 temp=32
43424168-e44e-473a-bf12-dba8a4a4453a 2016-12-13 11:24:36.136390642 2619093 [56284.720345]   388   388 D Kernel-Trace:      kworker/0:4-27226 [000] ...1 56284.701752: thermal_temp: sensor_id=5 temp=32
43424168-e44e-473a-bf12-dba8a4a4453a 2016-12-13 11:24:36.436390642 2619094 [56285.021847]   388   388 D Kernel-Trace:      kworker/0:4-27226 [000] ...1 56284.950794: thermal_temp: sensor_id=5 temp=32
43424168-e44e-473a-bf12-dba8a4a4453a 2016-12-13 11:24:36.636390642 2619095 [56285.220019]   388   388 D Kernel-Trace:      kworker/0:4-27226 [000] ...1 56285.199817: thermal_temp: sensor_id=5 temp=32
43424168-e44e-473a-bf12-dba8a4a4453a 2016-12-13 11:24:36.876390642 2619096 [56285.466966]   963  1883 I Network-Telephony-PhoneLab: {"Action":"android.intent.action.SIG_STR","SignalStrength":{"Type":"CDMA","Level":1,"Strength":-99,"Asu":1},"timestamp":1481646276886,"uptimeNanos":213567614126417,"LogFormat":"1.1"}
43424168-e44e-473a-bf12-dba8a4a4453a 2016-12-13 11:24:36.936390642 2619097 [56285.520149]   388   388 D Kernel-Trace:      kworker/0:4-27226 [000] ...1 56285.449517: thermal_temp: sensor_id=5 temp=32
43424168-e44e-473a-bf12-dba8a4a4453a 2016-12-13 11:24:37.26390642 2619098 [56285.609929]   387   387 D KernelPrintk: 4,349702,56285599766,-;wl_bss_connect_done succeeded with 10:fe:ed:e5:8c:97
43424168-e44e-473a-bf12-dba8a4a4453a 2016-12-13 11:24:37.136390642 2619099 [56285.720039]   388   388 D Kernel-Trace:      kworker/0:1-18635 [000] ...1 56285.700093: thermal_temp: sensor_id=5 temp=32
43424168-e44e-473a-bf12-dba8a4a4453a 2016-12-13 11:24:37.436390642 2619100 [56286.021779]   388   388 D Kernel-Trace:      kworker/0:4-27226 [000] ...1 56285.950806: thermal_temp: sensor_id=5 temp=32
43424168-e44e-473a-bf12-dba8a4a4453a 2016-12-13 11:24:37.636390642 2619101 [56286.220418]   388   388 D Kernel-Trace:      kworker/0:4-27226 [000] ...1 56286.201567: thermal_temp: sensor_id=5 temp=32
43424168-e44e-473a-bf12-dba8a4a4453a 2016-12-13 11:24:37.936390642 2619102 [56286.520052]   388   388 D Kernel-Trace:      kworker/0:4-27226 [000] ...1 56286.451333: thermal_temp: sensor_id=5 temp=32
43424168-e44e-473a-bf12-dba8a4a4453a 2016-12-13 11:24:38.136390642 2619103 [56286.720886]   388   388 D Kernel-Trace:      kworker/0:4-27226 [000] ...1 56286.701075: thermal_temp: sensor_id=5 temp=32
43424168-e44e-473a-bf12-dba8a4a4453a 2016-12-13 11:24:38.436390641 2619104 [56287.021790]   388   388 D Kernel-Trace:      kworker/0:4-27226 [000] ...1 56286.950796: thermal_temp: sensor_id=5 temp=32
43424168-e44e-473a-bf12-dba8a4a4453a 2016-12-13 11:24:38.636390641 2619105 [56287.220789]   388   388 D Kernel-Trace:      kworker/0:4-27226 [000] ...1 56287.201566: thermal_temp: sensor_id=5 temp=32
43424168-e44e-473a-bf12-dba8a4a4453a 2016-12-13 11:24:38.936390641 2619106 [56287.520054]   388   388 D Kernel-Trace:      kworker/0:4-27226 [000] ...1 56287.449805: thermal_temp: sensor_id=5 temp=32
43424168-e44e-473a-bf12-dba8a4a4453a 2016-12-13 11:24:39.136390641 2619107 [56287.720880]   388   388 D Kernel-Trace:      kworker/0:4-27226 [000] ...1 56287.701346: thermal_temp: sensor_id=5 temp=32
43424168-e44e-473a-bf12-dba8a4a4453a 2016-12-13 11:24:39.436390641 2619108 [56288.019882]   388   388 D Kernel-Trace:      kworker/0:1-18635 [000] ...1 56287.949820: thermal_temp: sensor_id=5 temp=32
43424168-e44e-473a-bf12-dba8a4a4453a 2016-12-13 11:24:39.436390641 2619109 [56288.026903]   963  1893 I Network-Telephony-PhoneLab: {"Action":"android.intent.action.SIG_STR","SignalStrength":{"Type":"CDMA","Level":1,"Strength":-100,"Asu":1},"timestamp":1481646279446,"uptimeNanos":213570174009020,"LogFormat":"1.1"}
43424168-e44e-473a-bf12-dba8a4a4453a 2016-12-13 11:24:39.636390641 2619110 [56288.220122]   388   388 D Kernel-Trace:      kworker/0:4-27226 [000] ...1 56288.200935: thermal_temp: sensor_id=5 temp=32
43424168-e44e-473a-bf12-dba8a4a4453a 2016-12-13 11:24:39.936390641 2619111 [56288.519931]   388   388 D Kernel-Trace:      kworker/0:4-27226 [000] ...1 56288.450198: thermal_temp: sensor_id=5 temp=32
43424168-e44e-473a-bf12-dba8a4a4453a 2016-12-13 11:24:40.136390641 2619112 [56288.720927]   388   388 D Kernel-Trace:      kworker/0:4-27226 [000] ...1 56288.699766: thermal_temp: sensor_id=5 temp=32
43424168-e44e-473a-bf12-dba8a4a4453a 2016-12-13 11:24:40.436390641 2619113 [56289.021603]   388   388 D Kernel-Trace:      kworker/0:4-27226 [000] ...1 56288.949765: thermal_temp: sensor_id=5 temp=32
43424168-e44e-473a-bf12-dba8a4a4453a 2016-12-13 11:24:40.636390641 2619114 [56289.220421]   388   388 D Kernel-Trace:      kworker/0:4-27226 [000] ...1 56289.201738: thermal_temp: sensor_id=5 temp=32
43424168-e44e-473a-bf12-dba8a4a4453a 2016-12-13 11:24:40.936390640 2619115 [56289.521790]   388   388 D Kernel-Trace:      kworker/0:4-27226 [000] ...1 56289.450948: thermal_temp: sensor_id=5 temp=32
43424168-e44e-473a-bf12-dba8a4a4453a 2016-12-13 11:24:41.136390640 2619116 [56289.719953]   388   388 D Kernel-Trace:      kworker/0:4-27226 [000] ...1 56289.701337: thermal_temp: sensor_id=5 temp=32
43424168-e44e-473a-bf12-dba8a4a4453a 2016-12-13 11:24:41.436390640 2619117 [56290.021791]   388   388 D Kernel-Trace:      kworker/0:4-27226 [000] ...1 56289.950810: thermal_temp: sensor_id=5 temp=32
43424168-e44e-473a-bf12-dba8a4a4453a 2016-12-13 11:24:41.636390640 2619118 [56290.220414]   388   388 D Kernel-Trace:      kworker/0:4-27226 [000] ...1 56290.201041: thermal_temp: sensor_id=5 temp=32
43424168-e44e-473a-bf12-dba8a4a4453a 2016-12-13 11:24:41.936390640 2619119 [56290.521200]   388   388 D Kernel-Trace:      kworker/0:4-27226 [000] ...1 56290.450842: thermal_temp: sensor_id=5 temp=32
43424168-e44e-473a-bf12-dba8a4a4453a 2016-12-13 11:24:41.996390640 2619120 [56290.585744]   963  1477 I Network-Telephony-PhoneLab: {"Action":"android.intent.action.SIG_STR","SignalStrength":{"Type":"CDMA","Level":1,"Strength":-99,"Asu":1},"timestamp":1481646282005,"uptimeNanos":213572732863707,"LogFormat":"1.1"}
43424168-e44e-473a-bf12-dba8a4a4453a 2016-12-13 11:24:42.136390640 2619121 [56290.720979]   388   388 D Kernel-Trace:      kworker/0:4-27226 [000] ...1 56290.700204: thermal_temp: sensor_id=5 temp=32
43424168-e44e-473a-bf12-dba8a4a4453a 2016-12-13 11:24:42.426390640 2619122 [56291.019205]   963   975 I Power-Battery-PhoneLab: {"Action":"android.intent.action.BATTERY_CHANGED","Scale":100,"BatteryProperties":{"chargerAcOnline":false,"chargerUsbOnline":true,"chargerWirelessOnline":false,"Status":2,"Health":2,"Present":true,"Level":30,"Voltage":3810,"Temperature":253,"Technology":"Li-ion"},"timestamp":1481646282438,"uptimeNanos":213573166196832,"LogFormat":"1.1"}
43424168-e44e-473a-bf12-dba8a4a4453a 2016-12-13 11:24:42.436390640 2619123 [56291.020001]   388   388 D Kernel-Trace:      kworker/0:4-27226 [000] ...1 56290.950933: thermal_temp: sensor_id=5 temp=32
43424168-e44e-473a-bf12-dba8a4a4453a 2016-12-13 11:24:42.446390640 2619124 [56291.036984]  3212  3212 D PhoneLabServices-PlatformUpdateTask: Intent fired, action is android.intent.action.BATTERY_CHANGED
43424168-e44e-473a-bf12-dba8a4a4453a 2016-12-13 11:24:42.446390640 2619125 [56291.037606]  3212  3212 I PhoneLabServices-PlatformUpdateTask-Battery: {"status":2,"level":30,"voltage":3810,"temperature":253,"plugged":2,"present":true,"health":2,"technology":"Li-ion"}
43424168-e44e-473a-bf12-dba8a4a4453a 2016-12-13 11:24:42.536390640 2619126 [56291.120750]   388   388 D Kernel-Trace:     kworker/2:2H-10277 [002] ...1 56291.031991: cpu_frequency: state=1497600 cpu_id=2
43424168-e44e-473a-bf12-dba8a4a4453a 2016-12-13 11:24:42.536390640 2619127 [56291.120837]   388   388 D Kernel-Trace:     kworker/0:0H-7043  [000] ...1 56291.039965: cpu_frequency: state=422400 cpu_id=0
43424168-e44e-473a-bf12-dba8a4a4453a 2016-12-13 11:24:42.536390640 2619128 [56291.120871]   388   388 D Kernel-Trace:     kworker/0:0H-7043  [000] ...1 56291.090549: cpu_frequency: state=300000 cpu_id=0
43424168-e44e-473a-bf12-dba8a4a4453a 2016-12-13 11:24:42.536390640 2619129 [56291.120906]   388   388 D Kernel-Trace:     kworker/2:2H-10277 [002] ...1 56291.092603: cpu_frequency: state=300000 cpu_id=2
43424168-e44e-473a-bf12-dba8a4a4453a 2016-12-13 11:24:42.636390640 2619130 [56291.219960]   388   388 D Kernel-Trace:      kworker/0:4-27226 [000] ...1 56291.199632: thermal_temp: sensor_id=5 temp=32
43424168-e44e-473a-bf12-dba8a4a4453a 2016-12-13 11:24:42.936390640 2619131 [56291.521871]   388   388 D Kernel-Trace:      kworker/0:4-27226 [000] ...1 56291.450831: thermal_temp: sensor_id=5 temp=32
43424168-e44e-473a-bf12-dba8a4a4453a 2016-12-13 11:24:43.136390640 2619132 [56291.720551]   388   388 D Kernel-Trace:      kworker/0:4-27226 [000] ...1 56291.701726: thermal_temp: sensor_id=5 temp=32
43424168-e44e-473a-bf12-dba8a4a4453a 2016-12-13 11:24:43.436390640 2619133 [56292.021884]   388   388 D Kernel-Trace:      kworker/0:4-27226 [000] ...1 56291.950850: thermal_temp: sensor_id=5 temp=32
43424168-e44e-473a-bf12-dba8a4a4453a 2016-12-13 11:24:43.636390639 2619134 [56292.221009]   388   388 D Kernel-Trace:      kworker/0:4-27226 [000] ...1 56292.199757: thermal_temp: sensor_id=5 temp=32
43424168-e44e-473a-bf12-dba8a4a4453a 2016-12-13 11:24:43.936390639 2619135 [56292.522241]   388   388 D Kernel-Trace:      kworker/0:4-27226 [000] ...1 56292.449804: thermal_temp: sensor_id=5 temp=32
43424168-e44e-473a-bf12-dba8a4a4453a 2016-12-13 11:24:44.136390639 2619136 [56292.720565]   388   388 D Kernel-Trace:      kworker/0:4-27226 [000] ...1 56292.701652: thermal_temp: sensor_id=5 temp=32
43424168-e44e-473a-bf12-dba8a4a4453a 2016-12-13 11:24:44.436390639 2619137 [56293.021962]   388   388 D Kernel-Trace:      kworker/0:4-27226 [000] ...1 56292.950822: thermal_temp: sensor_id=5 temp=32
43424168-e44e-473a-bf12-dba8a4a4453a 2016-12-13 11:24:44.636390639 2619138 [56293.221109]   388   388 D Kernel-Trace:      kworker/0:4-27226 [000] ...1 56293.200831: thermal_temp: sensor_id=5 temp=32
43424168-e44e-473a-bf12-dba8a4a4453a 2016-12-13 11:24:44.936390639 2619139 [56293.521909]   388   388 D Kernel-Trace:      kworker/0:4-27226 [000] ...1 56293.451252: thermal_temp: sensor_id=5 temp=32
43424168-e44e-473a-bf12-dba8a4a4453a 2016-12-13 11:24:45.136390639 2619140 [56293.721000]   388   388 D Kernel-Trace:      kworker/0:4-27226 [000] ...1 56293.701555: thermal_temp: sensor_id=5 temp=32
43424168-e44e-473a-bf12-dba8a4a4453a 2016-12-13 11:24:45.436390639 2619141 [56294.021894]   388   388 D Kernel-Trace:      kworker/0:4-27226 [000] ...1 56293.950809: thermal_temp: sensor_id=5 temp=32
43424168-e44e-473a-bf12-dba8a4a4453a 2016-12-13 11:24:45.626390639 2619142 [56294.210364]   387   387 D KernelPrintk: 4,349703,56294205915,-;dhd_prot_flow_ring_delete sending FLOW RING Delete req msglen 40 
43424168-e44e-473a-bf12-dba8a4a4453a 2016-12-13 11:24:45.626390639 2619143 [56294.210499]   387   387 D KernelPrintk: 4,349704,56294205976,-;dhd_prot_flow_ring_delete sending FLOW RING Delete req msglen 40 
43424168-e44e-473a-bf12-dba8a4a4453a 2016-12-13 11:24:45.626390639 2619144 [56294.210575]   387   387 D KernelPrintk: 4,349705,56294206406,-;dhd_bus_flow_ring_delete_response :Flow Delete Response 40 
43424168-e44e-473a-bf12-dba8a4a4453a 2016-12-13 11:24:45.626390639 2619145 [56294.210647]   387   387 D KernelPrintk: 4,349706,56294206474,-;dhd_bus_flow_ring_delete_response :Flow Delete Response 41 
43424168-e44e-473a-bf12-dba8a4a4453a 2016-12-13 11:24:45.626390639 2619146 [56294.210720]   387   387 D KernelPrintk: 6,349707,56294206925,-;CFG80211-ERROR) wl_is_linkdown : Link down Reason : WLC_E_LINK
43424168-e44e-473a-bf12-dba8a4a4453a 2016-12-13 11:24:45.626390639 2619147 [56294.210796]   387   387 D KernelPrintk: 6,349708,56294206981,-;CFG80211-ERROR) wl_notify_connect_status : link down if wlan0 may call cfg80211_disconnected. event : 16, reason=1 from 10:fe:ed:e5:8c:97
43424168-e44e-473a-bf12-dba8a4a4453a 2016-12-13 11:24:45.626390639 2619148 [56294.213339]  1417  1417 I wpa_supplicant: wlan0: CTRL-EVENT-DISCONNECTED bssid=10:fe:ed:e5:8c:97 reason=0
43424168-e44e-473a-bf12-dba8a4a4453a 2016-12-13 11:24:45.636390639 2619149 [56294.219699]   387   387 D KernelPrintk: 6,349709,56294211898,-;CFG80211-ERROR) wl_is_linkdown : Link down Reason : WLC_E_LINK
43424168-e44e-473a-bf12-dba8a4a4453a 2016-12-13 11:24:45.636390639 2619150 [56294.219780]   387   387 D KernelPrintk: 6,349710,56294218738,-;cfg80211: Calling CRDA to update world regulatory domain
43424168-e44e-473a-bf12-dba8a4a4453a 2016-12-13 11:24:45.636390639 2619151 [56294.220105]   388   388 D Kernel-Trace:      kworker/0:4-27226 [000] ...1 56294.200879: thermal_temp: sensor_id=5 temp=32
43424168-e44e-473a-bf12-dba8a4a4453a 2016-12-13 11:24:45.636390639 2619152 [56294.223543]   963  1378 D WifiNative-HAL: stopRssiMonitoring, cmdId 0
43424168-e44e-473a-bf12-dba8a4a4453a 2016-12-13 11:24:45.636390639 2619153 [56294.223800]   963  1378 E WifiConfigStore: saveWifiConfigBSSID Setting BSSID for "AP4-5"-WPA_PSK to any
43424168-e44e-473a-bf12-dba8a4a4453a 2016-12-13 11:24:45.636390639 2619154 [56294.224132]   963  1378 D wifi_gbk2utf: ssid_utf8 = 睏湡, length=6, value =, length=0
43424168-e44e-473a-bf12-dba8a4a4453a 2016-12-13 11:24:45.636390639 2619155 [56294.224203]   963  1378 D wifi_gbk2utf: ssid_utf8 = 睏�, length=6, value =, length=0
43424168-e44e-473a-bf12-dba8a4a4453a 2016-12-13 11:24:45.656390639 2619156 [56294.248116]   963  1378 E native  : do suspend true
43424168-e44e-473a-bf12-dba8a4a4453a 2016-12-13 11:24:45.666390639 2619157 [56294.249735]   387   387 D KernelPrintk: 4,349711,56294248720,-;dhd_set_suspend: force extra Suspend setting 
43424168-e44e-473a-bf12-dba8a4a4453a 2016-12-13 11:24:45.676390639 2619158 [56294.261647]   963  2916 D DhcpClient: Clearing IP address
43424168-e44e-473a-bf12-dba8a4a4453a 2016-12-13 11:24:45.676390639 2619159 [56294.261922]   378   961 D CommandListener: Clearing all IP addresses on wlan0
43424168-e44e-473a-bf12-dba8a4a4453a 2016-12-13 11:24:45.676390639 2619160 [56294.263288]   963 29630 D NetlinkSocketObserver: NeighborEvent{elapsedMs=213576410, 192.168.1.1, [10FEEDE58C95], RTM_DELNEIGH, NUD_STALE}
43424168-e44e-473a-bf12-dba8a4a4453a 2016-12-13 11:24:45.686390639 2619161 [56294.274788]  1821 29722 V NativeCrypto: Read error: ssl=0x94216d00: I/O error during system call, Connection timed out
43424168-e44e-473a-bf12-dba8a4a4453a 2016-12-13 11:24:45.686390639 2619162 [56294.279160]   378   961 D CommandListener: Setting iface cfg
43424168-e44e-473a-bf12-dba8a4a4453a 2016-12-13 11:24:45.686390639 2619163 [56294.279231]  1821 29722 V NativeCrypto: SSL shutdown failed: ssl=0x94216d00: I/O error during system call, Broken pipe
43424168-e44e-473a-bf12-dba8a4a4453a 2016-12-13 11:24:45.696390639 2619164 [56294.281814]   963 29630 D NetlinkSocketObserver: NeighborEvent{elapsedMs=213576429, fde5:bdee:339a::1, [10FEEDE58C95], RTM_DELNEIGH, NUD_STALE}
43424168-e44e-473a-bf12-dba8a4a4453a 2016-12-13 11:24:45.706390639 2619165 [56294.292905]   963   974 D ThermaPlan->Batch: {"func":"Batch->add()","batch":{"what":"BATCH","start":213700771,"end":213730771,"flags":0,"flagsBinary":"0","oldStart":213650727,"oldEnd":213740727}}
43424168-e44e-473a-bf12-dba8a4a4453a 2016-12-13 11:24:45.706390639 2619166 [56294.292906]   406   406 E Parcel  : Reading a NULL string not supported here.
43424168-e44e-473a-bf12-dba8a4a4453a 2016-12-13 11:24:45.706390639 2619167 [56294.293386]   963   974 D ThermaPlan->Batch: {"func":"Batch->add()","batch":{"what":"BATCH","start":213711754,"end":213730771,"flags":8,"flagsBinary":"1000","oldStart":213700771,"oldEnd":213730771}}
43424168-e44e-473a-bf12-dba8a4a4453a 2016-12-13 11:24:45.706390639 2619168 [56294.293870]   963   974 D ThermaPlan->Batch: {"func":"Batch->add()","batch":{"what":"BATCH","start":213831840,"end":213869340,"flags":0,"flagsBinary":"0","oldStart":213741687,"oldEnd":213913602}}
43424168-e44e-473a-bf12-dba8a4a4453a 2016-12-13 11:24:45.706390639 2619169 [56294.295352]   963   974 D ThermaPlan->Batch: {"func":"Batch->add()","batch":{"what":"BATCH","start":214276095,"end":214951095,"flags":8,"flagsBinary":"1000","oldStart":214251322,"oldEnd":215601322}}
43424168-e44e-473a-bf12-dba8a4a4453a 2016-12-13 11:24:45.706390639 2619170 [56294.295675]   963   974 D ThermaPlan->Batch: {"func":"Batch->add()","batch":{"what":"BATCH","start":214278171,"end":214951095,"flags":8,"flagsBinary":"1000","oldStart":214276095,"oldEnd":214951095}}
43424168-e44e-473a-bf12-dba8a4a4453a 2016-12-13 11:24:45.706390639 2619171 [56294.295974]   963   974 D ThermaPlan->Batch: {"func":"Batch->add()","batch":{"what":"BATCH","start":214278914,"end":214951095,"flags":8,"flagsBinary":"1000","oldStart":214278171,"oldEnd":214951095}}
43424168-e44e-473a-bf12-dba8a4a4453a 2016-12-13 11:24:45.706390639 2619172 [56294.296292]   963   974 D ThermaPlan->Batch: {"func":"Batch->add()","batch":{"what":"BATCH","start":214278988,"end":214951095,"flags":8,"flagsBinary":"1000","oldStart":214278914,"oldEnd":214951095}}
43424168-e44e-473a-bf12-dba8a4a4453a 2016-12-13 11:24:45.706390639 2619173 [56294.296609]   963   974 D ThermaPlan->Batch: {"func":"Batch->add()","batch":{"what":"BATCH","start":214281415,"end":214951095,"flags":8,"flagsBinary":"1000","oldStart":214278988,"oldEnd":214951095}}
43424168-e44e-473a-bf12-dba8a4a4453a 2016-12-13 11:24:45.706390639 2619174 [56294.296904]   963   974 D ThermaPlan->Batch: {"func":"Batch->add()","batch":{"what":"BATCH","start":214281680,"end":214951095,"flags":8,"flagsBinary":"1000","oldStart":214281415,"oldEnd":214951095}}
43424168-e44e-473a-bf12-dba8a4a4453a 2016-12-13 11:24:45.706390639 2619175 [56294.297226]   963   974 D ThermaPlan->Batch: {"func":"Batch->add()","batch":{"what":"BATCH","start":214282094,"end":214951095,"flags":8,"flagsBinary":"1000","oldStart":214281680,"oldEnd":214951095}}
43424168-e44e-473a-bf12-dba8a4a4453a 2016-12-13 11:24:45.706390639 2619176 [56294.297534]   963   974 D ThermaPlan->Batch: {"func":"Batch->add()","batch":{"what":"BATCH","start":214282211,"end":214951095,"flags":8,"flagsBinary":"1000","oldStart":214282094,"oldEnd":214951095}}
43424168-e44e-473a-bf12-dba8a4a4453a 2016-12-13 11:24:45.706390639 2619177 [56294.297868]   963   974 D ThermaPlan->Batch: {"func":"Batch->add()","batch":{"what":"BATCH","start":214282485,"end":214951095,"flags":8,"flagsBinary":"1000","oldStart":214282211,"oldEnd":214951095}}
43424168-e44e-473a-bf12-dba8a4a4453a 2016-12-13 11:24:45.706390639 2619178 [56294.298183]   963   974 D ThermaPlan->Batch: {"func":"Batch->add()","batch":{"what":"BATCH","start":214294563,"end":214951095,"flags":8,"flagsBinary":"1000","oldStart":214282485,"oldEnd":214951095}}
43424168-e44e-473a-bf12-dba8a4a4453a 2016-12-13 11:24:45.706390639 2619179 [56294.298499]   963   974 D ThermaPlan->Batch: {"func":"Batch->add()","batch":{"what":"BATCH","start":214733822,"end":214951095,"flags":8,"flagsBinary":"1000","oldStart":214294563,"oldEnd":214951095}}
43424168-e44e-473a-bf12-dba8a4a4453a 2016-12-13 11:24:45.706390639 2619180 [56294.298822]   963   974 D ThermaPlan->Batch: {"func":"Batch->add()","batch":{"what":"BATCH","start":214750705,"end":214951095,"flags":8,"flagsBinary":"1000","oldStart":214733822,"oldEnd":214951095}}
43424168-e44e-473a-bf12-dba8a4a4453a 2016-12-13 11:24:45.716390639 2619181 [56294.302167]   963  1378 D IpReachabilityMonitor: clear: iface{wlan0/5}, v{6}, ntable=[]
43424168-e44e-473a-bf12-dba8a4a4453a 2016-12-13 11:24:45.716390639 2619182 [56294.303503]   963   974 D ThermaPlan->Batch: {"func":"Batch->add()","batch":{"what":"BATCH","start":215759161,"end":219062073,"flags":8,"flagsBinary":"1000","oldStart":215226149,"oldEnd":219062073}}
43424168-e44e-473a-bf12-dba8a4a4453a 2016-12-13 11:24:45.716390639 2619183 [56294.303808]   963   974 D ThermaPlan->Batch: {"func":"Batch->add()","batch":{"what":"BATCH","start":216082518,"end":218782518,"flags":8,"flagsBinary":"1000","oldStart":215759161,"oldEnd":219062073}}
43424168-e44e-473a-bf12-dba8a4a4453a 2016-12-13 11:24:45.716390639 2619184 [56294.304129]   963   974 D ThermaPlan->Batch: {"func":"Batch->add()","batch":{"what":"BATCH","start":216144078,"end":218782518,"flags":8,"flagsBinary":"1000","oldStart":216082518,"oldEnd":218782518}}
43424168-e44e-473a-bf12-dba8a4a4453a 2016-12-13 11:24:45.716390639 2619185 [56294.304980]   963   974 D ThermaPlan->Batch: {"func":"Batch->add()","batch":{"what":"BATCH","start":216526830,"end":218782518,"flags":8,"flagsBinary":"1000","oldStart":216144078,"oldEnd":218782518}}
43424168-e44e-473a-bf12-dba8a4a4453a 2016-12-13 11:24:45.716390639 2619186 [56294.306560]   963   974 D ThermaPlan->Batch: {"func":"Batch->add()","batch":{"what":"BATCH","start":217737182,"end":218037182,"flags":8,"flagsBinary":"1000","oldStart":216526830,"oldEnd":218782518}}
43424168-e44e-473a-bf12-dba8a4a4453a 2016-12-13 11:24:45.716390639 2619187 [56294.307226]   963   974 D ThermaPlan->Batch: {"func":"Batch->add()","batch":{"what":"BATCH","start":220150599,"end":224060131,"flags":0,"flagsBinary":"0","oldStart":219290727,"oldEnd":224060131}}
43424168-e44e-473a-bf12-dba8a4a4453a 2016-12-13 11:24:45.716390639 2619188 [56294.307261]   963  1378 D WifiStateMachine: WifiStateMachine: Leaving Connected state
43424168-e44e-473a-bf12-dba8a4a4453a 2016-12-13 11:24:45.716390639 2619189 [56294.307386]   963  1378 D IpReachabilityMonitor: clear: iface{wlan0/5}, v{7}, ntable=[]
43424168-e44e-473a-bf12-dba8a4a4453a 2016-12-13 11:24:45.716390639 2619190 [56294.307555]   963   974 D ThermaPlan->Batch: {"func":"Batch->add()","batch":{"what":"BATCH","start":220380550,"end":224060131,"flags":0,"flagsBinary":"0","oldStart":220150599,"oldEnd":224060131}}
43424168-e44e-473a-bf12-dba8a4a4453a 2016-12-13 11:24:45.726390639 2619191 [56294.309841]   387   387 D KernelPrintk: 6,349712,56294308427,-;CFG80211-ERROR) wl_cfg80211_sched_scan_start : >>> SCHED SCAN START
43424168-e44e-473a-bf12-dba8a4a4453a 2016-12-13 11:24:45.726390639 2619192 [56294.309868]   387   387 D KernelPrintk: 4,349713,56294309721,-;Setting rand mac oui to FW - 92:68:c3
43424168-e44e-473a-bf12-dba8a4a4453a 2016-12-13 11:24:45.726390639 2619193 [56294.310424]   963   974 D ThermaPlan->Batch: {"func":"Batch->add()","batch":{"what":"BATCH","start":230499939,"end":240422669,"flags":0,"flagsBinary":"0","oldStart":224222674,"oldEnd":240422669}}
43424168-e44e-473a-bf12-dba8a4a4453a 2016-12-13 11:24:45.726390639 2619194 [56294.310903]   963   974 D ThermaPlan->Batch: {"func":"Batch->add()","batch":{"what":"BATCH","start":231188198,"end":240422669,"flags":0,"flagsBinary":"0","oldStart":230499939,"oldEnd":240422669}}
43424168-e44e-473a-bf12-dba8a4a4453a 2016-12-13 11:24:45.726390639 2619195 [56294.311319]   963   974 D ThermaPlan->Batch: {"func":"Batch->add()","batch":{"what":"BATCH","start":231548284,"end":240422669,"flags":0,"flagsBinary":"0","oldStart":231188198,"oldEnd":240422669}}
43424168-e44e-473a-bf12-dba8a4a4453a 2016-12-13 11:24:45.726390639 2619196 [56294.312792]   963   974 D ThermaPlan->Batch: {"func":"Batch->add()","batch":{"what":"BATCH","start":240305189,"end":240422669,"flags":8,"flagsBinary":"1000","oldStart":231548284,"oldEnd":240422669}}
43424168-e44e-473a-bf12-dba8a4a4453a 2016-12-13 11:24:45.726390639 2619197 [56294.313568]  3212  3212 D PhoneLabServices-AgreementTask: Intent fired, action = android.net.wifi.STATE_CHANGE
43424168-e44e-473a-bf12-dba8a4a4453a 2016-12-13 11:24:45.726390639 2619198 [56294.314837]   963   974 D ThermaPlan->Batch: {"func":"Batch->add()","batch":{"what":"BATCH","start":249541608,"end":282059671,"flags":0,"flagsBinary":"0","oldStart":248330836,"oldEnd":313495978}}
43424168-e44e-473a-bf12-dba8a4a4453a 2016-12-13 11:24:45.726390639 2619199 [56294.315186]   963   974 D ThermaPlan->Batch: {"func":"Batch->add()","batch":{"what":"BATCH","start":249641515,"end":280795765,"flags":0,"flagsBinary":"0","oldStart":249541608,"oldEnd":282059671}}
43424168-e44e-473a-bf12-dba8a4a4453a 2016-12-13 11:24:45.726390639 2619200 [56294.315530]   963   974 D ThermaPlan->Batch: {"func":"Batch->add()","batch":{"what":"BATCH","start":258890727,"end":280795765,"flags":0,"flagsBinary":"0","oldStart":249641515,"oldEnd":280795765}}
43424168-e44e-473a-bf12-dba8a4a4453a 2016-12-13 11:24:45.726390639 2619201 [56294.315942]   963   974 D ThermaPlan->Batch: {"func":"Batch->add()","batch":{"what":"BATCH","start":259200000,"end":280795765,"flags":0,"flagsBinary":"0","oldStart":258890727,"oldEnd":280795765}}
43424168-e44e-473a-bf12-dba8a4a4453a 2016-12-13 11:24:45.726390639 2619202 [56294.316174]  3212  3212 D PhoneLabServices-AgreementTask: Not connected to UB_Secure
43424168-e44e-473a-bf12-dba8a4a4453a 2016-12-13 11:24:45.726390639 2619203 [56294.316240]  3212  3212 D PhoneLabServices-AgreementTask: Intent fired, action = android.net.wifi.STATE_CHANGE
43424168-e44e-473a-bf12-dba8a4a4453a 2016-12-13 11:24:45.726390639 2619204 [56294.316269]   963   974 D ThermaPlan->Batch: {"func":"Batch->add()","batch":{"what":"BATCH","start":259252542,"end":280795765,"flags":8,"flagsBinary":"1000","oldStart":259200000,"oldEnd":280795765}}
43424168-e44e-473a-bf12-dba8a4a4453a 2016-12-13 11:24:45.726390639 2619205 [56294.316573]   963   974 D ThermaPlan->Batch: {"func":"Batch->add()","batch":{"what":"BATCH","start":259281310,"end":280795765,"flags":8,"flagsBinary":"1000","oldStart":259252542,"oldEnd":280795765}}
43424168-e44e-473a-bf12-dba8a4a4453a 2016-12-13 11:24:45.726390639 2619206 [56294.316594]  3212  3212 D PhoneLabServices-AgreementTask: Wifi not connected.
43424168-e44e-473a-bf12-dba8a4a4453a 2016-12-13 11:24:45.726390639 2619207 [56294.316643]  3212  3212 D PhoneLabServices-AgreementTask: Intent fired, action = android.net.wifi.STATE_CHANGE
43424168-e44e-473a-bf12-dba8a4a4453a 2016-12-13 11:24:45.726390639 2619208 [56294.316730]  3212  3212 D PhoneLabServices-AgreementTask: Wifi not connected.
43424168-e44e-473a-bf12-dba8a4a4453a 2016-12-13 11:24:45.726390639 2619209 [56294.316911]   963   974 D ThermaPlan->Batch: {"func":"Batch->add()","batch":{"what":"BATCH","start":259345161,"end":280795765,"flags":8,"flagsBinary":"1000","oldStart":259281310,"oldEnd":280795765}}
43424168-e44e-473a-bf12-dba8a4a4453a 2016-12-13 11:24:45.726390639 2619210 [56294.317230]   963   974 D ThermaPlan->Batch: {"func":"Batch->add()","batch":{"what":"BATCH","start":259786617,"end":280795765,"flags":8,"flagsBinary":"1000","oldStart":259345161,"oldEnd":280795765}}
43424168-e44e-473a-bf12-dba8a4a4453a 2016-12-13 11:24:45.726390639 2619211 [56294.317550]   963   974 D ThermaPlan->Batch: {"func":"Batch->add()","batch":{"what":"BATCH","start":261333689,"end":280795765,"flags":8,"flagsBinary":"1000","oldStart":259786617,"oldEnd":280795765}}
43424168-e44e-473a-bf12-dba8a4a4453a 2016-12-13 11:24:45.726390639 2619212 [56294.317870]   963   974 D ThermaPlan->Batch: {"func":"Batch->add()","batch":{"what":"BATCH","start":270989138,"end":280795765,"flags":8,"flagsBinary":"1000","oldStart":261333689,"oldEnd":280795765}}
43424168-e44e-473a-bf12-dba8a4a4453a 2016-12-13 11:24:45.736390639 2619213 [56294.319534]   388   388 D Kernel-Trace:     kworker/0:0H-7043  [000] ...1 56294.240844: cpu_frequency: state=1497600 cpu_id=0
43424168-e44e-473a-bf12-dba8a4a4453a 2016-12-13 11:24:45.736390639 2619214 [56294.319547]   388   388 D Kernel-Trace:     kworker/1:2H-12491 [001] ...1 56294.289700: cpu_frequency: state=1497600 cpu_id=1
43424168-e44e-473a-bf12-dba8a4a4453a 2016-12-13 11:24:45.736390639 2619215 [56294.319554]   388   388 D Kernel-Trace:     kworker/3:2H-12900 [003] ...1 56294.299638: cpu_frequency: state=1497600 cpu_id=3
43424168-e44e-473a-bf12-dba8a4a4453a 2016-12-13 11:24:45.736390639 2619216 [56294.319561]   388   388 D Kernel-Trace:     kworker/2:2H-10277 [002] ...1 56294.310059: cpu_frequency: state=1497600 cpu_id=2
43424168-e44e-473a-bf12-dba8a4a4453a 2016-12-13 11:24:45.736390639 2619217 [56294.319871]   963 29632 D DhcpClient: Receive thread stopped
43424168-e44e-473a-bf12-dba8a4a4453a 2016-12-13 11:24:45.736390639 2619218 [56294.321413]   963   974 D ThermaPlan->Batch: {"func":"Batch->add()","batch":{"what":"BATCH","start":292490680,"end":331748773,"flags":0,"flagsBinary":"0","oldStart":280825099,"oldEnd":331748773}}
43424168-e44e-473a-bf12-dba8a4a4453a 2016-12-13 11:24:45.736390639 2619219 [56294.321695]   963   974 D ThermaPlan->Batch: {"func":"Batch->add()","batch":{"what":"BATCH","start":296563796,"end":331748773,"flags":0,"flagsBinary":"0","oldStart":292490680,"oldEnd":331748773}}
43424168-e44e-473a-bf12-dba8a4a4453a 2016-12-13 11:24:45.736390639 2619220 [56294.321977]   963   974 D ThermaPlan->Batch: {"func":"Batch->add()","batch":{"what":"BATCH","start":299911065,"end":331748773,"flags":8,"flagsBinary":"1000","oldStart":296563796,"oldEnd":331748773}}
43424168-e44e-473a-bf12-dba8a4a4453a 2016-12-13 11:24:45.736390639 2619221 [56294.322469]   963   974 D ThermaPlan->Batch: {"func":"Batch->add()","batch":{"what":"BATCH","start":605813325,"end":1058493260,"flags":0,"flagsBinary":"0","oldStart":604893262,"oldEnd":1058493260}}
43424168-e44e-473a-bf12-dba8a4a4453a 2016-12-13 11:24:45.736390639 2619222 [56294.322488]   963  1378 D WifiNetworkAgent: NetworkAgent: NetworkAgent channel lost
43424168-e44e-473a-bf12-dba8a4a4453a 2016-12-13 11:24:45.736390639 2619223 [56294.322765]   963   974 D ThermaPlan->Batch: {"func":"Batch->add()","batch":{"what":"BATCH","start":624143935,"end":992076404,"flags":0,"flagsBinary":"0","oldStart":605813325,"oldEnd":1058493260}}
43424168-e44e-473a-bf12-dba8a4a4453a 2016-12-13 11:24:45.736390639 2619224 [56294.323036]   963   974 D ThermaPlan->Batch: {"func":"Batch->add()","batch":{"what":"BATCH","start":694490727,"end":992076404,"flags":0,"flagsBinary":"0","oldStart":624143935,"oldEnd":992076404}}
43424168-e44e-473a-bf12-dba8a4a4453a 2016-12-13 11:24:45.736390639 2619225 [56294.323475]   963   974 D ThermaPlan->Batch: {"func":"Batch->add()","batch":{"what":"BATCH","start":701674709,"end":992076404,"flags":0,"flagsBinary":"0","oldStart":694490727,"oldEnd":992076404}}
43424168-e44e-473a-bf12-dba8a4a4453a 2016-12-13 11:24:45.736390639 2619226 [56294.324068]   963   974 D ThermaPlan->Batch: {"func":"Batch->add()","batch":{"what":"BATCH","start":315360057206,"end":551880056972,"flags":0,"flagsBinary":"0","oldStart":315360056973,"oldEnd":551880056972}}
43424168-e44e-473a-bf12-dba8a4a4453a 2016-12-13 11:24:45.736390639 2619227 [56294.324338]   963   974 D ThermaPlan->Batch: {"func":"Batch->add()","batch":{"what":"BATCH","start":315360057236,"end":551880056972,"flags":0,"flagsBinary":"0","oldStart":315360057206,"oldEnd":551880056972}}
43424168-e44e-473a-bf12-dba8a4a4453a 2016-12-13 11:24:45.736390639 2619228 [56294.324625]   963   974 D ThermaPlan->Batch: {"func":"Batch->add()","batch":{"what":"BATCH","start":315360057240,"end":551880056972,"flags":0,"flagsBinary":"0","oldStart":315360057236,"oldEnd":551880056972}}
43424168-e44e-473a-bf12-dba8a4a4453a 2016-12-13 11:24:45.736390639 2619229 [56294.324895]   963   974 D ThermaPlan->Batch: {"func":"Batch->add()","batch":{"what":"BATCH","start":315360057254,"end":551880056972,"flags":0,"flagsBinary":"0","oldStart":315360057240,"oldEnd":551880056972}}
43424168-e44e-473a-bf12-dba8a4a4453a 2016-12-13 11:24:45.736390639 2619230 [56294.325162]   963   974 D ThermaPlan->Batch: {"func":"Batch->add()","batch":{"what":"BATCH","start":315360057257,"end":551880056972,"flags":0,"flagsBinary":"0","oldStart":315360057254,"oldEnd":551880056972}}
43424168-e44e-473a-bf12-dba8a4a4453a 2016-12-13 11:24:45.736390639 2619231 [56294.325445]   963   974 D ThermaPlan->Batch: {"func":"Batch->add()","batch":{"what":"BATCH","start":315360057259,"end":551880056972,"flags":0,"flagsBinary":"0","oldStart":315360057257,"oldEnd":551880056972}}
43424168-e44e-473a-bf12-dba8a4a4453a 2016-12-13 11:24:45.736390639 2619232 [56294.325729]   963   974 D ThermaPlan->Batch: {"func":"Batch->add()","batch":{"what":"BATCH","start":315360094195,"end":551880056972,"flags":0,"flagsBinary":"0","oldStart":315360057259,"oldEnd":551880056972}}
43424168-e44e-473a-bf12-dba8a4a4453a 2016-12-13 11:24:45.736390639 2619233 [56294.326013]   963   974 D ThermaPlan->Batch: {"func":"Batch->add()","batch":{"what":"BATCH","start":315360113203,"end":551880056972,"flags":0,"flagsBinary":"0","oldStart":315360094195,"oldEnd":551880056972}}
43424168-e44e-473a-bf12-dba8a4a4453a 2016-12-13 11:24:45.736390639 2619234 [56294.326277]   963   974 D ThermaPlan->Batch: {"func":"Batch->add()","batch":{"what":"BATCH","start":315399259724,"end":551880056972,"flags":0,"flagsBinary":"0","oldStart":315360113203,"oldEnd":551880056972}}
43424168-e44e-473a-bf12-dba8a4a4453a 2016-12-13 11:24:45.736390639 2619235 [56294.326566]   963   974 D ThermaPlan->Batch: {"func":"Batch->add()","batch":{"what":"BATCH","start":315399259747,"end":551880056972,"flags":0,"flagsBinary":"0","oldStart":315399259724,"oldEnd":551880056972}}
43424168-e44e-473a-bf12-dba8a4a4453a 2016-12-13 11:24:45.736390639 2619236 [56294.326865]   963   974 D ThermaPlan->Batch: {"func":"Batch->add()","batch":{"what":"BATCH","start":315572926898,"end":551880056972,"flags":0,"flagsBinary":"0","oldStart":315399259747,"oldEnd":551880056972}}
43424168-e44e-473a-bf12-dba8a4a4453a 2016-12-13 11:24:45.746390639 2619237 [56294.330584]  1821 29722 E GCM     : Wifi connection closed with errorCode 20
43424168-e44e-473a-bf12-dba8a4a4453a 2016-12-13 11:24:45.746390639 2619238 [56294.331787]   963  1477 D ThermaPlan->AlarmManagerService: {"func":"AlarmManagerService->mService->set","pid":1821,"uid":10014,"flagsBinary":"101","flags":5,"type":2,"triggerAtTime":213579823,"nowELAPSED":213576479,"rtc":1481646285752,"windowLength":0,"interval":0,"creatorPkg":"com.google.android.gms","targetPkg":"com.google.android.gms"}
43424168-e44e-473a-bf12-dba8a4a4453a 2016-12-13 11:24:45.756390639 2619239 [56294.339407]   963   981 D Tethering: MasterInitialState.processMessage what=3
43424168-e44e-473a-bf12-dba8a4a4453a 2016-12-13 11:24:45.756390639 2619240 [56294.341165]   963  1820 D ThermaPlan->Batch: {"func":"Batch->add()","batch":{"what":"BATCH","start":213700771,"end":213730771,"flags":0,"flagsBinary":"0","oldStart":213650727,"oldEnd":213740727}}
43424168-e44e-473a-bf12-dba8a4a4453a 2016-12-13 11:24:45.756390639 2619241 [56294.341486]   963  1820 D ThermaPlan->Batch: {"func":"Batch->add()","batch":{"what":"BATCH","start":213711754,"end":213730771,"flags":8,"flagsBinary":"1000","oldStart":213700771,"oldEnd":213730771}}
43424168-e44e-473a-bf12-dba8a4a4453a 2016-12-13 11:24:45.756390639 2619242 [56294.341965]   963  1820 D ThermaPlan->Batch: {"func":"Batch->add()","batch":{"what":"BATCH","start":213831840,"end":213869340,"flags":0,"flagsBinary":"0","oldStart":213741687,"oldEnd":213913602}}
43424168-e44e-473a-bf12-dba8a4a4453a 2016-12-13 11:24:45.756390639 2619243 [56294.343304]   963  1820 D ThermaPlan->Batch: {"func":"Batch->add()","batch":{"what":"BATCH","start":214276095,"end":214951095,"flags":8,"flagsBinary":"1000","oldStart":214251322,"oldEnd":215601322}}
43424168-e44e-473a-bf12-dba8a4a4453a 2016-12-13 11:24:45.756390639 2619244 [56294.343597]   963  1820 D ThermaPlan->Batch: {"func":"Batch->add()","batch":{"what":"BATCH","start":214278171,"end":214951095,"flags":8,"flagsBinary":"1000","oldStart":214276095,"oldEnd":214951095}}
43424168-e44e-473a-bf12-dba8a4a4453a 2016-12-13 11:24:45.756390639 2619245 [56294.343920]   963  1820 D ThermaPlan->Batch: {"func":"Batch->add()","batch":{"what":"BATCH","start":214278914,"end":214951095,"flags":8,"flagsBinary":"1000","oldStart":214278171,"oldEnd":214951095}}
43424168-e44e-473a-bf12-dba8a4a4453a 2016-12-13 11:24:45.756390639 2619246 [56294.344233]   963  1820 D ThermaPlan->Batch: {"func":"Batch->add()","batch":{"what":"BATCH","start":214278988,"end":214951095,"flags":8,"flagsBinary":"1000","oldStart":214278914,"oldEnd":214951095}}
43424168-e44e-473a-bf12-dba8a4a4453a 2016-12-13 11:24:45.756390639 2619247 [56294.344515]   963  1820 D ThermaPlan->Batch: {"func":"Batch->add()","batch":{"what":"BATCH","start":214281415,"end":214951095,"flags":8,"flagsBinary":"1000","oldStart":214278988,"oldEnd":214951095}}
43424168-e44e-473a-bf12-dba8a4a4453a 2016-12-13 11:24:45.756390639 2619248 [56294.344789]   963  1820 D ThermaPlan->Batch: {"func":"Batch->add()","batch":{"what":"BATCH","start":214281680,"end":214951095,"flags":8,"flagsBinary":"1000","oldStart":214281415,"oldEnd":214951095}}
43424168-e44e-473a-bf12-dba8a4a4453a 2016-12-13 11:24:45.756390639 2619249 [56294.345051]   963  1820 D ThermaPlan->Batch: {"func":"Batch->add()","batch":{"what":"BATCH","start":214282094,"end":214951095,"flags":8,"flagsBinary":"1000","oldStart":214281680,"oldEnd":214951095}}
43424168-e44e-473a-bf12-dba8a4a4453a 2016-12-13 11:24:45.756390639 2619250 [56294.345321]   963  1820 D ThermaPlan->Batch: {"func":"Batch->add()","batch":{"what":"BATCH","start":214282211,"end":214951095,"flags":8,"flagsBinary":"1000","oldStart":214282094,"oldEnd":214951095}}
43424168-e44e-473a-bf12-dba8a4a4453a 2016-12-13 11:24:45.756390639 2619251 [56294.345611]   963  1820 D ThermaPlan->Batch: {"func":"Batch->add()","batch":{"what":"BATCH","start":214282485,"end":214951095,"flags":8,"flagsBinary":"1000","oldStart":214282211,"oldEnd":214951095}}
43424168-e44e-473a-bf12-dba8a4a4453a 2016-12-13 11:24:45.756390639 2619252 [56294.345873]   963  1820 D ThermaPlan->Batch: {"func":"Batch->add()","batch":{"what":"BATCH","start":214294563,"end":214951095,"flags":8,"flagsBinary":"1000","oldStart":214282485,"oldEnd":214951095}}
43424168-e44e-473a-bf12-dba8a4a4453a 2016-12-13 11:24:45.756390639 2619253 [56294.346193]   963  1820 D ThermaPlan->Batch: {"func":"Batch->add()","batch":{"what":"BATCH","start":214733822,"end":214951095,"flags":8,"flagsBinary":"1000","oldStart":214294563,"oldEnd":214951095}}
43424168-e44e-473a-bf12-dba8a4a4453a 2016-12-13 11:24:45.756390639 2619254 [56294.346471]   963  1820 D ThermaPlan->Batch: {"func":"Batch->add()","batch":{"what":"BATCH","start":214750705,"end":214951095,"flags":8,"flagsBinary":"1000","oldStart":214733822,"oldEnd":214951095}}
43424168-e44e-473a-bf12-dba8a4a4453a 2016-12-13 11:24:45.756390639 2619255 [56294.348459]   963  1820 D ThermaPlan->Batch: {"func":"Batch->add()","batch":{"what":"BATCH","start":215759161,"end":219062073,"flags":8,"flagsBinary":"1000","oldStart":215226149,"oldEnd":219062073}}
43424168-e44e-473a-bf12-dba8a4a4453a 2016-12-13 11:24:45.766390639 2619256 [56294.359168]  2242  2242 I CastMediaRouteProvider: Network connectivity changed
43424168-e44e-473a-bf12-dba8a4a4453a 2016-12-13 11:24:45.766390639 2619257 [56294.359172]   963  1820 D ThermaPlan->Batch: {"func":"Batch->add()","batch":{"what":"BATCH","start":216082518,"end":218782518,"flags":8,"flagsBinary":"1000","oldStart":215759161,"oldEnd":219062073}}
43424168-e44e-473a-bf12-dba8a4a4453a 2016-12-13 11:24:45.776390639 2619258 [56294.359518]   963  1820 D ThermaPlan->Batch: {"func":"Batch->add()","batch":{"what":"BATCH","start":216144078,"end":218782518,"flags":8,"flagsBinary":"1000","oldStart":216082518,"oldEnd":218782518}}
43424168-e44e-473a-bf12-dba8a4a4453a 2016-12-13 11:24:45.776390639 2619259 [56294.359785]   963  1820 D ThermaPlan->Batch: {"func":"Batch->add()","batch":{"what":"BATCH","start":216526830,"end":218782518,"flags":8,"flagsBinary":"1000","oldStart":216144078,"oldEnd":218782518}}
43424168-e44e-473a-bf12-dba8a4a4453a 2016-12-13 11:24:45.776390639 2619260 [56294.360046]   963  1820 D ThermaPlan->Batch: {"func":"Batch->add()","batch":{"what":"BATCH","start":217737182,"end":218037182,"flags":8,"flagsBinary":"1000","oldStart":216526830,"oldEnd":218782518}}
43424168-e44e-473a-bf12-dba8a4a4453a 2016-12-13 11:24:45.776390639 2619261 [56294.360526]   963  1820 D ThermaPlan->Batch: {"func":"Batch->add()","batch":{"what":"BATCH","start":220150599,"end":224060131,"flags":0,"flagsBinary":"0","oldStart":219290727,"oldEnd":224060131}}
43424168-e44e-473a-bf12-dba8a4a4453a 2016-12-13 11:24:45.776390639 2619262 [56294.360809]   963  1820 D ThermaPlan->Batch: {"func":"Batch->add()","batch":{"what":"BATCH","start":220380550,"end":224060131,"flags":0,"flagsBinary":"0","oldStart":220150599,"oldEnd":224060131}}
43424168-e44e-473a-bf12-dba8a4a4453a 2016-12-13 11:24:45.776390639 2619263 [56294.361590]   963  1820 D ThermaPlan->Batch: {"func":"Batch->add()","batch":{"what":"BATCH","start":230499939,"end":240422669,"flags":0,"flagsBinary":"0","oldStart":224222674,"oldEnd":240422669}}
43424168-e44e-473a-bf12-dba8a4a4453a 2016-12-13 11:24:45.776390639 2619264 [56294.361845]   963  1820 D ThermaPlan->Batch: {"func":"Batch->add()","batch":{"what":"BATCH","start":231188198,"end":240422669,"flags":0,"flagsBinary":"0","oldStart":230499939,"oldEnd":240422669}}
43424168-e44e-473a-bf12-dba8a4a4453a 2016-12-13 11:24:45.776390639 2619265 [56294.362129]   963  1820 D ThermaPlan->Batch: {"func":"Batch->add()","batch":{"what":"BATCH","start":231548284,"end":240422669,"flags":0,"flagsBinary":"0","oldStart":231188198,"oldEnd":240422669}}
43424168-e44e-473a-bf12-dba8a4a4453a 2016-12-13 11:24:45.776390639 2619266 [56294.362417]   963  1820 D ThermaPlan->Batch: {"func":"Batch->add()","batch":{"what":"BATCH","start":240305189,"end":240422669,"flags":8,"flagsBinary":"1000","oldStart":231548284,"oldEnd":240422669}}
43424168-e44e-473a-bf12-dba8a4a4453a 2016-12-13 11:24:45.776390639 2619267 [56294.363881]   963  1820 D ThermaPlan->Batch: {"func":"Batch->add()","batch":{"what":"BATCH","start":249541608,"end":282059671,"flags":0,"flagsBinary":"0","oldStart":248330836,"oldEnd":313495978}}
43424168-e44e-473a-bf12-dba8a4a4453a 2016-12-13 11:24:45.776390639 2619268 [56294.364170]   963  1820 D ThermaPlan->Batch: {"func":"Batch->add()","batch":{"what":"BATCH","start":249641515,"end":280795765,"flags":0,"flagsBinary":"0","oldStart":249541608,"oldEnd":282059671}}
43424168-e44e-473a-bf12-dba8a4a4453a 2016-12-13 11:24:45.776390639 2619269 [56294.364433]   963  1820 D ThermaPlan->Batch: {"func":"Batch->add()","batch":{"what":"BATCH","start":258890727,"end":280795765,"flags":0,"flagsBinary":"0","oldStart":249641515,"oldEnd":280795765}}
43424168-e44e-473a-bf12-dba8a4a4453a 2016-12-13 11:24:45.776390639 2619270 [56294.364726]   963  1820 D ThermaPlan->Batch: {"func":"Batch->add()","batch":{"what":"BATCH","start":259200000,"end":280795765,"flags":0,"flagsBinary":"0","oldStart":258890727,"oldEnd":280795765}}
43424168-e44e-473a-bf12-dba8a4a4453a 2016-12-13 11:24:45.776390639 2619271 [56294.364978]   963  1820 D ThermaPlan->Batch: {"func":"Batch->add()","batch":{"what":"BATCH","start":259252542,"end":280795765,"flags":8,"flagsBinary":"1000","oldStart":259200000,"oldEnd":280795765}}
43424168-e44e-473a-bf12-dba8a4a4453a 2016-12-13 11:24:45.776390639 2619272 [56294.365137]   963  1523 I Network-Telephony-PhoneLab: {"Action":"android.intent.action.ANY_DATA_STATE","State":"CONNECTING","IsDataConnectivityPossible":true,"Reason":"dataEnabled","APN":"n.ispsn","APNType":"default","IsRoaming":false,"timestamp":1481646285785,"uptimeNanos":213576512610111,"LogFormat":"1.1"}
43424168-e44e-473a-bf12-dba8a4a4453a 2016-12-13 11:24:45.776390639 2619273 [56294.365229]   963  1820 D ThermaPlan->Batch: {"func":"Batch->add()","batch":{"what":"BATCH","start":259281310,"end":280795765,"flags":8,"flagsBinary":"1000","oldStart":259252542,"oldEnd":280795765}}
43424168-e44e-473a-bf12-dba8a4a4453a 2016-12-13 11:24:45.776390639 2619274 [56294.365537]   963  1820 D ThermaPlan->Batch: {"func":"Batch->add()","batch":{"what":"BATCH","start":259345161,"end":280795765,"flags":8,"flagsBinary":"1000","oldStart":259281310,"oldEnd":280795765}}
43424168-e44e-473a-bf12-dba8a4a4453a 2016-12-13 11:24:45.776390639 2619275 [56294.366055]   963  1820 D ThermaPlan->Batch: {"func":"Batch->add()","batch":{"what":"BATCH","start":259786617,"end":280795765,"flags":8,"flagsBinary":"1000","oldStart":259345161,"oldEnd":280795765}}
43424168-e44e-473a-bf12-dba8a4a4453a 2016-12-13 11:24:45.776390639 2619276 [56294.366958]   963  1820 D ThermaPlan->Batch: {"func":"Batch->add()","batch":{"what":"BATCH","start":261333689,"end":280795765,"flags":8,"flagsBinary":"1000","oldStart":259786617,"oldEnd":280795765}}
43424168-e44e-473a-bf12-dba8a4a4453a 2016-12-13 11:24:45.776390639 2619277 [56294.367312]   963  1820 D ThermaPlan->Batch: {"func":"Batch->add()","batch":{"what":"BATCH","start":270989138,"end":280795765,"flags":8,"flagsBinary":"1000","oldStart":261333689,"oldEnd":280795765}}
43424168-e44e-473a-bf12-dba8a4a4453a 2016-12-13 11:24:45.776390639 2619278 [56294.368793]  3212  3212 D PhoneLabServices-UploaderTask: Alarm fired, action is android.net.conn.CONNECTIVITY_CHANGE
43424168-e44e-473a-bf12-dba8a4a4453a 2016-12-13 11:24:45.786390639 2619279 [56294.370034]  1877  2436 D PhoneInterfaceManager: [PhoneIntfMgr] getDataEnabled: subId=1 phoneId=0
43424168-e44e-473a-bf12-dba8a4a4453a 2016-12-13 11:24:45.786390639 2619280 [56294.370148]  1877  2436 D PhoneInterfaceManager: [PhoneIntfMgr] getDataEnabled: subId=1 retVal=true
43424168-e44e-473a-bf12-dba8a4a4453a 2016-12-13 11:24:45.786390639 2619281 [56294.370268] 28055 28055 D TelephonyManager: getDataEnabled: retVal=true
43424168-e44e-473a-bf12-dba8a4a4453a 2016-12-13 11:24:45.786390639 2619282 [56294.371290]   963  3256 I Network-Telephony-PhoneLab: {"Action":"android.intent.action.ANY_DATA_STATE","State":"DISCONNECTED","IsDataConnectivityPossible":true,"Reason":"dataEnabled","APN":"<none>","APNType":"mms","IsRoaming":false,"timestamp":1481646285791,"uptimeNanos":213576518794799,"LogFormat":"1.1"}
43424168-e44e-473a-bf12-dba8a4a4453a 2016-12-13 11:24:45.786390639 2619283 [56294.371583]  3212  3370 D PhoneLabServices-UploaderTask: Starting check task.
43424168-e44e-473a-bf12-dba8a4a4453a 2016-12-13 11:24:45.786390639 2619284 [56294.373334]   963  1820 D ThermaPlan->Batch: {"func":"Batch->add()","batch":{"what":"BATCH","start":292490680,"end":331748773,"flags":0,"flagsBinary":"0","oldStart":280825099,"oldEnd":331748773}}
43424168-e44e-473a-bf12-dba8a4a4453a 2016-12-13 11:24:45.786390639 2619285 [56294.373828]   963  1820 D ThermaPlan->Batch: {"func":"Batch->add()","batch":{"what":"BATCH","start":296563796,"end":331748773,"flags":0,"flagsBinary":"0","oldStart":292490680,"oldEnd":331748773}}
43424168-e44e-473a-bf12-dba8a4a4453a 2016-12-13 11:24:45.786390639 2619286 [56294.374376]   963  1820 D ThermaPlan->Batch: {"func":"Batch->add()","batch":{"what":"BATCH","start":605813325,"end":1058493260,"flags":0,"flagsBinary":"0","oldStart":604893262,"oldEnd":1058493260}}
43424168-e44e-473a-bf12-dba8a4a4453a 2016-12-13 11:24:45.786390639 2619287 [56294.374697]   963  1820 D ThermaPlan->Batch: {"func":"Batch->add()","batch":{"what":"BATCH","start":624143935,"end":992076404,"flags":0,"flagsBinary":"0","oldStart":605813325,"oldEnd":1058493260}}
43424168-e44e-473a-bf12-dba8a4a4453a 2016-12-13 11:24:45.786390639 2619288 [56294.374865]  1877  2657 D PhoneInterfaceManager: [PhoneIntfMgr] getDataEnabled: subId=1 phoneId=0
43424168-e44e-473a-bf12-dba8a4a4453a 2016-12-13 11:24:45.786390639 2619289 [56294.374957]  1877  2657 D PhoneInterfaceManager: [PhoneIntfMgr] getDataEnabled: subId=1 retVal=true
43424168-e44e-473a-bf12-dba8a4a4453a 2016-12-13 11:24:45.786390639 2619290 [56294.374984]   963  1820 D ThermaPlan->Batch: {"func":"Batch->add()","batch":{"what":"BATCH","start":694490727,"end":992076404,"flags":0,"flagsBinary":"0","oldStart":624143935,"oldEnd":992076404}}
43424168-e44e-473a-bf12-dba8a4a4453a 2016-12-13 11:24:45.786390639 2619291 [56294.375077] 28055 28055 D TelephonyManager: getDataEnabled: retVal=true
43424168-e44e-473a-bf12-dba8a4a4453a 2016-12-13 11:24:45.786390639 2619292 [56294.375477]   963  1820 D ThermaPlan->Batch: {"func":"Batch->add()","batch":{"what":"BATCH","start":701674709,"end":992076404,"flags":0,"flagsBinary":"0","oldStart":694490727,"oldEnd":992076404}}
43424168-e44e-473a-bf12-dba8a4a4453a 2016-12-13 11:24:45.786390639 2619293 [56294.376110]   963  1477 I Network-Telephony-PhoneLab: {"Action":"android.intent.action.ANY_DATA_STATE","State":"DISCONNECTED","IsDataConnectivityPossible":true,"Reason":"dataEnabled","APN":"<none>","APNType":"cbs","IsRoaming":false,"timestamp":1481646285796,"uptimeNanos":213576523594330,"LogFormat":"1.1"}
43424168-e44e-473a-bf12-dba8a4a4453a 2016-12-13 11:24:45.786390639 2619294 [56294.376222]   963  1820 D ThermaPlan->Batch: {"func":"Batch->add()","batch":{"what":"BATCH","start":315360057206,"end":551880056972,"flags":0,"flagsBinary":"0","oldStart":315360056973,"oldEnd":551880056972}}
43424168-e44e-473a-bf12-dba8a4a4453a 2016-12-13 11:24:45.786390639 2619295 [56294.376599]   963  1820 D ThermaPlan->Batch: {"func":"Batch->add()","batch":{"what":"BATCH","start":315360057236,"end":551880056972,"flags":0,"flagsBinary":"0","oldStart":315360057206,"oldEnd":551880056972}}
43424168-e44e-473a-bf12-dba8a4a4453a 2016-12-13 11:24:45.786390639 2619296 [56294.376901]   963  1820 D ThermaPlan->Batch: {"func":"Batch->add()","batch":{"what":"BATCH","start":315360057240,"end":551880056972,"flags":0,"flagsBinary":"0","oldStart":315360057236,"oldEnd":551880056972}}
43424168-e44e-473a-bf12-dba8a4a4453a 2016-12-13 11:24:45.786390639 2619297 [56294.377185]   963  1820 D ThermaPlan->Batch: {"func":"Batch->add()","batch":{"what":"BATCH","start":315360057254,"end":551880056972,"flags":0,"flagsBinary":"0","oldStart":315360057240,"oldEnd":551880056972}}
43424168-e44e-473a-bf12-dba8a4a4453a 2016-12-13 11:24:45.786390639 2619298 [56294.377463]   963  1820 D ThermaPlan->Batch: {"func":"Batch->add()","batch":{"what":"BATCH","start":315360057257,"end":551880056972,"flags":0,"flagsBinary":"0","oldStart":315360057254,"oldEnd":551880056972}}
43424168-e44e-473a-bf12-dba8a4a4453a 2016-12-13 11:24:45.786390639 2619299 [56294.377771]   963  1820 D ThermaPlan->Batch: {"func":"Batch->add()","batch":{"what":"BATCH","start":315360057259,"end":551880056972,"flags":0,"flagsBinary":"0","oldStart":315360057257,"oldEnd":551880056972}}
43424168-e44e-473a-bf12-dba8a4a4453a 2016-12-13 11:24:45.786390639 2619300 [56294.378035]   963  1820 D ThermaPlan->Batch: {"func":"Batch->add()","batch":{"what":"BATCH","start":315360094195,"end":551880056972,"flags":0,"flagsBinary":"0","oldStart":315360057259,"oldEnd":551880056972}}
43424168-e44e-473a-bf12-dba8a4a4453a 2016-12-13 11:24:45.786390639 2619301 [56294.378316]   963  1820 D ThermaPlan->Batch: {"func":"Batch->add()","batch":{"what":"BATCH","start":315360113203,"end":551880056972,"flags":0,"flagsBinary":"0","oldStart":315360094195,"oldEnd":551880056972}}
43424168-e44e-473a-bf12-dba8a4a4453a 2016-12-13 11:24:45.786390639 2619302 [56294.378464]  3212  3370 D PhoneLabServices-LogcatTask: Preparing files for upload.
43424168-e44e-473a-bf12-dba8a4a4453a 2016-12-13 11:24:45.786390639 2619303 [56294.378600]   963  1820 D ThermaPlan->Batch: {"func":"Batch->add()","batch":{"what":"BATCH","start":315399259724,"end":551880056972,"flags":0,"flagsBinary":"0","oldStart":315360113203,"oldEnd":551880056972}}
43424168-e44e-473a-bf12-dba8a4a4453a 2016-12-13 11:24:45.786390639 2619304 [56294.378890]   963  1820 D ThermaPlan->Batch: {"func":"Batch->add()","batch":{"what":"BATCH","start":315399259747,"end":551880056972,"flags":0,"flagsBinary":"0","oldStart":315399259724,"oldEnd":551880056972}}
43424168-e44e-473a-bf12-dba8a4a4453a 2016-12-13 11:24:45.786390639 2619305 [56294.379056]   963  1958 I Network-Telephony-PhoneLab: {"Action":"android.intent.action.ANY_DATA_STATE","State":"DISCONNECTED","IsDataConnectivityPossible":true,"Reason":"dataEnabled","APN":"<none>","APNType":"fota","IsRoaming":false,"timestamp":1481646285799,"uptimeNanos":213576526547299,"LogFormat":"1.1"}
43424168-e44e-473a-bf12-dba8a4a4453a 2016-12-13 11:24:45.786390639 2619306 [56294.379153]   963  1820 D ThermaPlan->Batch: {"func":"Batch->add()","batch":{"what":"BATCH","start":315572926898,"end":551880056972,"flags":0,"flagsBinary":"0","oldStart":315399259747,"oldEnd":551880056972}}
43424168-e44e-473a-bf12-dba8a4a4453a 2016-12-13 11:24:45.796390639 2619307 [56294.380983]  3870  3870 D NetworkChangeNotifierAutoDetect: Network connectivity changed, type is: 6
43424168-e44e-473a-bf12-dba8a4a4453a 2016-12-13 11:24:45.796390639 2619308 [56294.381755]  1877  1894 D PhoneInterfaceManager: [PhoneIntfMgr] getDataEnabled: subId=1 phoneId=0
43424168-e44e-473a-bf12-dba8a4a4453a 2016-12-13 11:24:45.796390639 2619309 [56294.381850]  1877  1894 D PhoneInterfaceManager: [PhoneIntfMgr] getDataEnabled: subId=1 retVal=true
43424168-e44e-473a-bf12-dba8a4a4453a 2016-12-13 11:24:45.796390639 2619310 [56294.381952] 28055 28055 D TelephonyManager: getDataEnabled: retVal=true
43424168-e44e-473a-bf12-dba8a4a4453a 2016-12-13 11:24:45.796390639 2619311 [56294.382035]   963  1883 I Network-Telephony-PhoneLab: {"Action":"android.intent.action.ANY_DATA_STATE","State":"DISCONNECTED","IsDataConnectivityPossible":true,"Reason":"dataEnabled","APN":"<none>","APNType":"supl","IsRoaming":false,"timestamp":1481646285802,"uptimeNanos":213576529508132,"LogFormat":"1.1"}
43424168-e44e-473a-bf12-dba8a4a4453a 2016-12-13 11:24:45.796390639 2619312 [56294.382339]   963  1820 D ThermaPlan->AlarmManagerService: {"func":"AlarmManagerService->mService->set","pid":963,"uid":1000,"flagsBinary":"1000","flags":8,"type":3,"triggerAtTime":299976529,"nowELAPSED":213576529,"rtc":1481646285802,"windowLength":-1,"interval":0,"creatorPkg":"android","targetPkg":"android"}
43424168-e44e-473a-bf12-dba8a4a4453a 2016-12-13 11:24:45.796390639 2619313 [56294.383319]   963  1820 D ThermaPlan->Batch: {"func":"Batch->add()","batch":{"what":"BATCH","start":299976529,"end":331748773,"flags":8,"flagsBinary":"1000","oldStart":296563796,"oldEnd":331748773}}
43424168-e44e-473a-bf12-dba8a4a4453a 2016-12-13 11:24:45.796390639 2619314 [56294.383748]  1877 25631 D PhoneInterfaceManager: [PhoneIntfMgr] getDataEnabled: subId=1 phoneId=0
43424168-e44e-473a-bf12-dba8a4a4453a 2016-12-13 11:24:45.796390639 2619315 [56294.383839]  1877 25631 D PhoneInterfaceManager: [PhoneIntfMgr] getDataEnabled: subId=1 retVal=true
43424168-e44e-473a-bf12-dba8a4a4453a 2016-12-13 11:24:45.796390639 2619316 [56294.383948] 28055 28055 D TelephonyManager: getDataEnabled: retVal=true
43424168-e44e-473a-bf12-dba8a4a4453a 2016-12-13 11:24:45.796390639 2619317 [56294.385073]   963  3599 I Network-Telephony-PhoneLab: {"Action":"android.intent.action.ANY_DATA_STATE","State":"DISCONNECTED","IsDataConnectivityPossible":true,"Reason":"dataEnabled","APN":"<none>","APNType":"ia","IsRoaming":false,"timestamp":1481646285805,"uptimeNanos":213576532538132,"LogFormat":"1.1"}
43424168-e44e-473a-bf12-dba8a4a4453a 2016-12-13 11:24:45.796390639 2619318 [56294.385267]  1877  2436 D PhoneInterfaceManager: [PhoneIntfMgr] getDataEnabled: subId=1 phoneId=0
43424168-e44e-473a-bf12-dba8a4a4453a 2016-12-13 11:24:45.796390639 2619319 [56294.385350]  1877  2436 D PhoneInterfaceManager: [PhoneIntfMgr] getDataEnabled: subId=1 retVal=true
43424168-e44e-473a-bf12-dba8a4a4453a 2016-12-13 11:24:45.796390639 2619320 [56294.385443] 28055 28055 D TelephonyManager: getDataEnabled: retVal=true
43424168-e44e-473a-bf12-dba8a4a4453a 2016-12-13 11:24:45.796390639 2619321 [56294.387591]  1877  2432 D PhoneInterfaceManager: [PhoneIntfMgr] getDataEnabled: subId=1 phoneId=0
43424168-e44e-473a-bf12-dba8a4a4453a 2016-12-13 11:24:45.796390639 2619322 [56294.387623]   963  1597 I Network-Telephony-PhoneLab: {"Action":"android.intent.action.ANY_DATA_STATE","State":"DISCONNECTED","IsDataConnectivityPossible":true,"Reason":"dataEnabled","APN":"<none>","APNType":"emergency","IsRoaming":false,"timestamp":1481646285807,"uptimeNanos":213576535095372,"LogFormat":"1.1"}
43424168-e44e-473a-bf12-dba8a4a4453a 2016-12-13 11:24:45.796390639 2619323 [56294.387692]  1877  2432 D PhoneInterfaceManager: [PhoneIntfMgr] getDataEnabled: subId=1 retVal=true
43424168-e44e-473a-bf12-dba8a4a4453a 2016-12-13 11:24:45.796390639 2619324 [56294.387781] 28055 28055 D TelephonyManager: getDataEnabled: retVal=true
43424168-e44e-473a-bf12-dba8a4a4453a 2016-12-13 11:24:45.806390639 2619325 [56294.390277]  1877  4573 D PhoneInterfaceManager: [PhoneIntfMgr] getDataEnabled: subId=1 phoneId=0
43424168-e44e-473a-bf12-dba8a4a4453a 2016-12-13 11:24:45.806390639 2619326 [56294.390407]  1877  4573 D PhoneInterfaceManager: [PhoneIntfMgr] getDataEnabled: subId=1 retVal=true
43424168-e44e-473a-bf12-dba8a4a4453a 2016-12-13 11:24:45.806390639 2619327 [56294.390535] 28055 28055 D TelephonyManager: getDataEnabled: retVal=true
43424168-e44e-473a-bf12-dba8a4a4453a 2016-12-13 11:24:45.806390639 2619328 [56294.391942]   963  1892 I Network-Telephony-PhoneLab: {"Action":"android.intent.action.ANY_DATA_STATE","State":"DISCONNECTED","IsDataConnectivityPossible":true,"Reason":"dataEnabled","APN":"<none>","APNType":"dun","IsRoaming":false,"timestamp":1481646285812,"uptimeNanos":213576539405007,"LogFormat":"1.1"}
43424168-e44e-473a-bf12-dba8a4a4453a 2016-12-13 11:24:45.806390639 2619329 [56294.395255]  1877  2432 D PhoneInterfaceManager: [PhoneIntfMgr] getDataEnabled: subId=1 phoneId=0
43424168-e44e-473a-bf12-dba8a4a4453a 2016-12-13 11:24:45.806390639 2619330 [56294.395403]  1877  2432 D PhoneInterfaceManager: [PhoneIntfMgr] getDataEnabled: subId=1 retVal=true
43424168-e44e-473a-bf12-dba8a4a4453a 2016-12-13 11:24:45.806390639 2619331 [56294.395542] 28055 28055 D TelephonyManager: getDataEnabled: retVal=true
43424168-e44e-473a-bf12-dba8a4a4453a 2016-12-13 11:24:45.806390639 2619332 [56294.396371]   963   974 I Network-Telephony-PhoneLab: {"Action":"android.intent.action.ANY_DATA_STATE","State":"DISCONNECTED","IsDataConnectivityPossible":true,"Reason":"dataEnabled","APN":"<none>","APNType":"hipri","IsRoaming":false,"timestamp":1481646285816,"uptimeNanos":213576543850216,"LogFormat":"1.1"}
43424168-e44e-473a-bf12-dba8a4a4453a 2016-12-13 11:24:45.816390639 2619333 [56294.399450]  3212  3370 D PhoneLabServices-LogcatTask: Adding [/data/user/0/edu.buffalo.cse.phonelab.conductor/app_LogcatTask/1ltjjiv6ji1tnt6bh1te54oj40/log.out.0007, /data/user/0/edu.buffalo.cse.phonelab.conductor/app_LogcatTask/1ltjjiv6ji1tnt6bh1te54oj40/log.out.0006, /data/user/0/edu.buffalo.cse.phonelab.conductor/app_LogcatTask/1ltjjiv6ji1tnt6bh1te54oj40/log.out.0005, /data/user/0/edu.buffalo.cse.phonelab.conductor/app_LogcatTask/1ltjjiv6ji1tnt6bh1te54oj40/log.out.0004, /data/user/0/edu.buffalo.cse.phonelab.conductor/app_LogcatTask/1ltjjiv6ji1tnt6bh1te54oj40/log.out.0002, /data/user/0/edu.buffalo.cse.phonelab.conductor/app_LogcatTask/1ltjjiv6ji1tnt6bh1te54oj40/log.out.0003, /data/user/0/edu.buffalo.cse.phonelab.conductor/app_LogcatTask/1ltjjiv6ji1tnt6bh1te54oj40/log.out.0001]
43424168-e44e-473a-bf12-dba8a4a4453a 2016-12-13 11:24:45.816390639 2619334 [56294.399909]   963  3256 I Network-Telephony-PhoneLab: {"Action":"android.intent.action.ANY_DATA_STATE","State":"DISCONNECTED","IsDataConnectivityPossible":true,"Reason":"dataEnabled","APN":"<none>","APNType":"ims","IsRoaming":false,"timestamp":1481646285820,"uptimeNanos":213576547401518,"LogFormat":"1.1"}
43424168-e44e-473a-bf12-dba8a4a4453a 2016-12-13 11:24:45.816390639 2619335 [56294.400083]  1877  4505 D PhoneInterfaceManager: [PhoneIntfMgr] getDataEnabled: subId=1 phoneId=0
43424168-e44e-473a-bf12-dba8a4a4453a 2016-12-13 11:24:45.816390639 2619336 [56294.400195]  1877  4505 D PhoneInterfaceManager: [PhoneIntfMgr] getDataEnabled: subId=1 retVal=true
43424168-e44e-473a-bf12-dba8a4a4453a 2016-12-13 11:24:45.816390639 2619337 [56294.400353] 28055 28055 D TelephonyManager: getDataEnabled: retVal=true
43424168-e44e-473a-bf12-dba8a4a4453a 2016-12-13 11:24:45.816390639 2619338 [56294.402700]  1877  2436 D PhoneInterfaceManager: [PhoneIntfMgr] getDataEnabled: subId=1 phoneId=0
43424168-e44e-473a-bf12-dba8a4a4453a 2016-12-13 11:24:45.816390639 2619339 [56294.402811]  1877  2436 D PhoneInterfaceManager: [PhoneIntfMgr] getDataEnabled: subId=1 retVal=true
43424168-e44e-473a-bf12-dba8a4a4453a 2016-12-13 11:24:45.816390639 2619340 [56294.402959] 28055 28055 D TelephonyManager: getDataEnabled: retVal=true
43424168-e44e-473a-bf12-dba8a4a4453a 2016-12-13 11:24:45.816390639 2619341 [56294.407509]  3212  3370 D PhoneLabServices-UploaderTask: 7 files waiting, should not upload.
43424168-e44e-473a-bf12-dba8a4a4453a 2016-12-13 11:24:45.826390639 2619342 [56294.410211]   378   961 E Netd    : netlink response contains error (No such file or directory)
43424168-e44e-473a-bf12-dba8a4a4453a 2016-12-13 11:24:45.826390639 2619343 [56294.410701]  3212  3370 D PhoneLabServices-UploaderTask: Sending broadcast of upload stats.
43424168-e44e-473a-bf12-dba8a4a4453a 2016-12-13 11:24:45.826390639 2619344 [56294.411210]  3212  3370 D PhoneLabServices-UploaderTask: Check task finished.
43424168-e44e-473a-bf12-dba8a4a4453a 2016-12-13 11:24:45.836390639 2619345 [56294.419575]   388   388 D Kernel-Trace:     kworker/0:0H-7043  [000] ...1 56294.320719: cpu_frequency: state=2265600 cpu_id=0
43424168-e44e-473a-bf12-dba8a4a4453a 2016-12-13 11:24:45.846390639 2619356 [56294.431410]  2875  2927 W msgr.b  : The sessioned store is not available. Are you fetching sessioned quick experiment data while the user is logged out?
43424168-e44e-473a-bf12-dba8a4a4453a 2016-12-13 11:24:45.866390639 2619357 [56294.452531]  4236  4236 D SprintDMReceiver: Received intent: android.net.conn.CONNECTIVITY_CHANGE
43424168-e44e-473a-bf12-dba8a4a4453a 2016-12-13 11:24:45.866390639 2619358 [56294.452620]  2875  2875 W msgr.b  : The sessioned store is not available. Are you fetching sessioned quick experiment data while the user is logged out?
43424168-e44e-473a-bf12-dba8a4a4453a 2016-12-13 11:24:45.886390639 2619359 [56294.469918] 27410 27447 W fb4a.0Z8: The sessioned store is not available. Are you fetching sessioned quick experiment data while the user is logged out?
43424168-e44e-473a-bf12-dba8a4a4453a 2016-12-13 11:24:45.906390639 2619346 [56294.491637]   388   388 D Kernel-Trace:     kworker/1:2H-12491 [001] ...1 56294.329521: cpu_frequency: state=2265600 cpu_id=1
43424168-e44e-473a-bf12-dba8a4a4453a 2016-12-13 11:24:45.906390639 2619347 [56294.491664]   388   388 D Kernel-Trace:     kworker/0:0H-7043  [000] ...1 56294.339868: cpu_frequency: state=2649600 cpu_id=0
43424168-e44e-473a-bf12-dba8a4a4453a 2016-12-13 11:24:45.906390639 2619348 [56294.491687]   388   388 D Kernel-Trace:     kworker/1:2H-12491 [001] ...1 56294.349469: cpu_frequency: state=2649600 cpu_id=1
43424168-e44e-473a-bf12-dba8a4a4453a 2016-12-13 11:24:45.906390639 2619349 [56294.491709]   388   388 D Kernel-Trace:     kworker/3:2H-12900 [003] ...1 56294.379502: cpu_frequency: state=2265600 cpu_id=3
43424168-e44e-473a-bf12-dba8a4a4453a 2016-12-13 11:24:45.906390639 2619350 [56294.493912]   388   388 D Kernel-Trace:     kworker/2:2H-10277 [002] ...1 56294.389447: cpu_frequency: state=1574400 cpu_id=2
43424168-e44e-473a-bf12-dba8a4a4453a 2016-12-13 11:24:45.906390639 2619351 [56294.494197]   388   388 D Kernel-Trace:     kworker/3:2H-12900 [003] ...1 56294.419671: cpu_frequency: state=883200 cpu_id=3
43424168-e44e-473a-bf12-dba8a4a4453a 2016-12-13 11:24:45.906390639 2619352 [56294.494224]   388   388 D Kernel-Trace:     kworker/2:2H-10277 [002] ...1 56294.429579: cpu_frequency: state=422400 cpu_id=2
43424168-e44e-473a-bf12-dba8a4a4453a 2016-12-13 11:24:45.906390639 2619353 [56294.494246]   388   388 D Kernel-Trace:      kworker/0:4-27226 [000] ...1 56294.449341: thermal_temp: sensor_id=5 temp=40
43424168-e44e-473a-bf12-dba8a4a4453a 2016-12-13 11:24:45.906390639 2619354 [56294.494267]   388   388 D Kernel-Trace:     kworker/3:2H-12900 [003] ...1 56294.489920: cpu_frequency: state=300000 cpu_id=3
43424168-e44e-473a-bf12-dba8a4a4453a 2016-12-13 11:24:45.906390639 2619355 [56294.494292]   388   388 D Kernel-Trace:     kworker/2:2H-10277 [002] ...1 56294.490235: cpu_frequency: state=300000 cpu_id=2
43424168-e44e-473a-bf12-dba8a4a4453a 2016-12-13 11:24:45.906390639 2619360 [56294.491334] 27410 27410 W fb4a.0Z8: The sessioned store is not available. Are you fetching sessioned quick experiment data while the user is logged out?
43424168-e44e-473a-bf12-dba8a4a4453a 2016-12-13 11:24:45.926390639 2619361 [56294.518154]  4236  4236 D SprintDMHelper: simOperator: 310120
43424168-e44e-473a-bf12-dba8a4a4453a 2016-12-13 11:24:45.926390639 2619362 [56294.518171]  4236  4236 D SprintDMHelper: isUICCSprint: We have a Sprint UICC
43424168-e44e-473a-bf12-dba8a4a4453a 2016-12-13 11:24:45.946390639 2619363 [56294.531956]  4236  4236 D SprintDMReceiver: startService SprintDMService: CONNECTIVITY_ACTION
43424168-e44e-473a-bf12-dba8a4a4453a 2016-12-13 11:24:45.946390639 2619364 [56294.532124]  4236  4236 D SprintDMReceiver: networkInfo extra is: [type: WIFI[], state: DISCONNECTED/DISCONNECTED, reason: (unspecified), extra: <unknown ssid>, roaming: false, failover: false, isAvailable: true]
43424168-e44e-473a-bf12-dba8a4a4453a 2016-12-13 11:24:45.946390639 2619365 [56294.532160]  4236  4236 D SprintDMReceiver: networkType extra is: 1
43424168-e44e-473a-bf12-dba8a4a4453a 2016-12-13 11:24:45.946390639 2619366 [56294.532178]  4236  4236 D SprintDMReceiver: isFailover extra is: false
43424168-e44e-473a-bf12-dba8a4a4453a 2016-12-13 11:24:45.946390639 2619367 [56294.532205]  4236  4236 D SprintDMReceiver: noConnectivity extra is: true
43424168-e44e-473a-bf12-dba8a4a4453a 2016-12-13 11:24:45.946390639 2619368 [56294.532221]  4236  4236 D SprintDMReceiver: otherNetworkInfo is: null
43424168-e44e-473a-bf12-dba8a4a4453a 2016-12-13 11:24:45.946390639 2619369 [56294.532237]  4236  4236 D SprintDMReceiver: reason extra is: null
43424168-e44e-473a-bf12-dba8a4a4453a 2016-12-13 11:24:45.946390639 2619370 [56294.532253]  4236  4236 D SprintDMReceiver: extraInfo extra is: <unknown ssid>
43424168-e44e-473a-bf12-dba8a4a4453a 2016-12-13 11:24:45.946390639 2619371 [56294.532270]  4236  4236 D SprintDMReceiver: inetCondition extra is: 0
43424168-e44e-473a-bf12-dba8a4a4453a 2016-12-13 11:24:45.956390639 2619372 [56294.540097]  2875 29745 W msgr.b  : Called user scoped provider with no viewer. ViewerContextManager was created with no ViewerContext. Using EmptyViewerContextManager to return fake logged in instance.
43424168-e44e-473a-bf12-dba8a4a4453a 2016-12-13 11:24:45.956390639 2619373 [56294.547900]  4236  4236 D SprintDMService: onStartCommand: intent="Intent { act=android.net.conn.CONNECTIVITY_CHANGE cmp=com.android.sdm.plugins.sprintdm/.SprintDMService (has extras) }" [tid=1]
43424168-e44e-473a-bf12-dba8a4a4453a 2016-12-13 11:24:45.956390639 2619374 [56294.547932]  4236  4236 D SprintDMService: onStartCommand: action="android.net.conn.CONNECTIVITY_CHANGE" flags=0 startId=618
43424168-e44e-473a-bf12-dba8a4a4453a 2016-12-13 11:24:45.956390639 2619375 [56294.547944]  4236  4236 D SprintDMService: got connectivity action
43424168-e44e-473a-bf12-dba8a4a4453a 2016-12-13 11:24:45.956390639 2619376 [56294.548464] 27410 29746 W fb4a.0Rv: Called user scoped provider with no viewer. ViewerContextManager was created with no ViewerContext. Using EmptyViewerContextManager to return fake logged in instance.
43424168-e44e-473a-bf12-dba8a4a4453a 2016-12-13 11:24:45.976390639 2619377 [56294.560210] 27410 29746 W fb4a.0Rv: Called user scoped provider with no viewer. ViewerContextManager was created with no ViewerContext. Using EmptyViewerContextManager to return fake logged in instance.
43424168-e44e-473a-bf12-dba8a4a4453a 2016-12-13 11:24:45.976390639 2619378 [56294.563052]   963  1523 D ThermaPlan->Batch: {"func":"Batch->add()","batch":{"what":"BATCH","start":213700771,"end":213730771,"flags":0,"flagsBinary":"0","oldStart":213650727,"oldEnd":213740727}}
43424168-e44e-473a-bf12-dba8a4a4453a 2016-12-13 11:24:45.976390639 2619379 [56294.563263]   963  1523 D ThermaPlan->Batch: {"func":"Batch->add()","batch":{"what":"BATCH","start":213711754,"end":213730771,"flags":8,"flagsBinary":"1000","oldStart":213700771,"oldEnd":213730771}}
43424168-e44e-473a-bf12-dba8a4a4453a 2016-12-13 11:24:45.976390639 2619380 [56294.563562]   963  1523 D ThermaPlan->Batch: {"func":"Batch->add()","batch":{"what":"BATCH","start":213831840,"end":213869340,"flags":0,"flagsBinary":"0","oldStart":213741687,"oldEnd":213913602}}
43424168-e44e-473a-bf12-dba8a4a4453a 2016-12-13 11:24:45.976390639 2619381 [56294.564410]   963  1523 D ThermaPlan->Batch: {"func":"Batch->add()","batch":{"what":"BATCH","start":214276095,"end":214951095,"flags":8,"flagsBinary":"1000","oldStart":214251322,"oldEnd":215601322}}
43424168-e44e-473a-bf12-dba8a4a4453a 2016-12-13 11:24:45.976390639 2619382 [56294.564598]   963  1523 D ThermaPlan->Batch: {"func":"Batch->add()","batch":{"what":"BATCH","start":214278171,"end":214951095,"flags":8,"flagsBinary":"1000","oldStart":214276095,"oldEnd":214951095}}
43424168-e44e-473a-bf12-dba8a4a4453a 2016-12-13 11:24:45.976390639 2619383 [56294.564824]   963  1523 D ThermaPlan->Batch: {"func":"Batch->add()","batch":{"what":"BATCH","start":214278914,"end":214951095,"flags":8,"flagsBinary":"1000","oldStart":214278171,"oldEnd":214951095}}
43424168-e44e-473a-bf12-dba8a4a4453a 2016-12-13 11:24:45.976390639 2619384 [56294.565014]   963  1523 D ThermaPlan->Batch: {"func":"Batch->add()","batch":{"what":"BATCH","start":214278988,"end":214951095,"flags":8,"flagsBinary":"1000","oldStart":214278914,"oldEnd":214951095}}
43424168-e44e-473a-bf12-dba8a4a4453a 2016-12-13 11:24:45.976390639 2619385 [56294.565200]   963  1523 D ThermaPlan->Batch: {"func":"Batch->add()","batch":{"what":"BATCH","start":214281415,"end":214951095,"flags":8,"flagsBinary":"1000","oldStart":214278988,"oldEnd":214951095}}
43424168-e44e-473a-bf12-dba8a4a4453a 2016-12-13 11:24:45.976390639 2619386 [56294.565387]   963  1523 D ThermaPlan->Batch: {"func":"Batch->add()","batch":{"what":"BATCH","start":214281680,"end":214951095,"flags":8,"flagsBinary":"1000","oldStart":214281415,"oldEnd":214951095}}
43424168-e44e-473a-bf12-dba8a4a4453a 2016-12-13 11:24:45.986390639 2619387 [56294.569976]   963  1523 D ThermaPlan->Batch: {"func":"Batch->add()","batch":{"what":"BATCH","start":214282094,"end":214951095,"flags":8,"flagsBinary":"1000","oldStart":214281680,"oldEnd":214951095}}
43424168-e44e-473a-bf12-dba8a4a4453a 2016-12-13 11:24:45.986390639 2619388 [56294.571095]   963  1523 D ThermaPlan->Batch: {"func":"Batch->add()","batch":{"what":"BATCH","start":214282211,"end":214951095,"flags":8,"flagsBinary":"1000","oldStart":214282094,"oldEnd":214951095}}
43424168-e44e-473a-bf12-dba8a4a4453a 2016-12-13 11:24:45.986390639 2619389 [56294.572118]   963  1523 D ThermaPlan->Batch: {"func":"Batch->add()","batch":{"what":"BATCH","start":214282485,"end":214951095,"flags":8,"flagsBinary":"1000","oldStart":214282211,"oldEnd":214951095}}
43424168-e44e-473a-bf12-dba8a4a4453a 2016-12-13 11:24:45.986390639 2619390 [56294.573127]   963  1523 D ThermaPlan->Batch: {"func":"Batch->add()","batch":{"what":"BATCH","start":214294563,"end":214951095,"flags":8,"flagsBinary":"1000","oldStart":214282485,"oldEnd":214951095}}
43424168-e44e-473a-bf12-dba8a4a4453a 2016-12-13 11:24:45.986390639 2619391 [56294.574210]   963  1523 D ThermaPlan->Batch: {"func":"Batch->add()","batch":{"what":"BATCH","start":214733822,"end":214951095,"flags":8,"flagsBinary":"1000","oldStart":214294563,"oldEnd":214951095}}
43424168-e44e-473a-bf12-dba8a4a4453a 2016-12-13 11:24:45.986390639 2619392 [56294.575293]   963  1523 D ThermaPlan->Batch: {"func":"Batch->add()","batch":{"what":"BATCH","start":214750705,"end":214951095,"flags":8,"flagsBinary":"1000","oldStart":214733822,"oldEnd":214951095}}
43424168-e44e-473a-bf12-dba8a4a4453a 2016-12-13 11:24:45.996390639 2619393 [56294.582714]   963  1523 D ThermaPlan->Batch: {"func":"Batch->add()","batch":{"what":"BATCH","start":215759161,"end":219062073,"flags":8,"flagsBinary":"1000","oldStart":215226149,"oldEnd":219062073}}
43424168-e44e-473a-bf12-dba8a4a4453a 2016-12-13 11:24:45.996390639 2619394 [56294.583920]   963  1523 D ThermaPlan->Batch: {"func":"Batch->add()","batch":{"what":"BATCH","start":216082518,"end":218782518,"flags":8,"flagsBinary":"1000","oldStart":215759161,"oldEnd":219062073}}
43424168-e44e-473a-bf12-dba8a4a4453a 2016-12-13 11:24:45.996390639 2619395 [56294.585062]   963  1523 D ThermaPlan->Batch: {"func":"Batch->add()","batch":{"what":"BATCH","start":216144078,"end":218782518,"flags":8,"flagsBinary":"1000","oldStart":216082518,"oldEnd":218782518}}
43424168-e44e-473a-bf12-dba8a4a4453a 2016-12-13 11:24:45.996390639 2619396 [56294.586308]   963  1523 D ThermaPlan->Batch: {"func":"Batch->add()","batch":{"what":"BATCH","start":216526830,"end":218782518,"flags":8,"flagsBinary":"1000","oldStart":216144078,"oldEnd":218782518}}
43424168-e44e-473a-bf12-dba8a4a4453a 2016-12-13 11:24:45.996390639 2619397 [56294.587291]   963  1523 D ThermaPlan->Batch: {"func":"Batch->add()","batch":{"what":"BATCH","start":217737182,"end":218037182,"flags":8,"flagsBinary":"1000","oldStart":216526830,"oldEnd":218782518}}
43424168-e44e-473a-bf12-dba8a4a4453a 2016-12-13 11:24:45.996390639 2619398 [56294.589151]   963  1523 D ThermaPlan->Batch: {"func":"Batch->add()","batch":{"what":"BATCH","start":220150599,"end":224060131,"flags":0,"flagsBinary":"0","oldStart":219290727,"oldEnd":224060131}}
43424168-e44e-473a-bf12-dba8a4a4453a 2016-12-13 11:24:46.6390639 2619399 [56294.589731]   388   388 D Kernel-Trace:     kworker/1:2H-12491 [001] ...1 56294.509854: cpu_frequency: state=422400 cpu_id=1
43424168-e44e-473a-bf12-dba8a4a4453a 2016-12-13 11:24:46.6390639 2619400 [56294.590140]   963  1523 D ThermaPlan->Batch: {"func":"Batch->add()","batch":{"what":"BATCH","start":220380550,"end":224060131,"flags":0,"flagsBinary":"0","oldStart":220150599,"oldEnd":224060131}}
43424168-e44e-473a-bf12-dba8a4a4453a 2016-12-13 11:24:46.6390639 2619401 [56294.590941]   963  1523 D ThermaPlan->Batch: {"func":"Batch->add()","batch":{"what":"BATCH","start":230499939,"end":240422669,"flags":0,"flagsBinary":"0","oldStart":224222674,"oldEnd":240422669}}
43424168-e44e-473a-bf12-dba8a4a4453a 2016-12-13 11:24:46.6390639 2619402 [56294.591199]   963  1523 D ThermaPlan->Batch: {"func":"Batch->add()","batch":{"what":"BATCH","start":231188198,"end":240422669,"flags":0,"flagsBinary":"0","oldStart":230499939,"oldEnd":240422669}}
43424168-e44e-473a-bf12-dba8a4a4453a 2016-12-13 11:24:46.6390639 2619403 [56294.591491]   963  1523 D ThermaPlan->Batch: {"func":"Batch->add()","batch":{"what":"BATCH","start":231548284,"end":240422669,"flags":0,"flagsBinary":"0","oldStart":231188198,"oldEnd":240422669}}
43424168-e44e-473a-bf12-dba8a4a4453a 2016-12-13 11:24:46.6390639 2619404 [56294.591763]   963  1523 D ThermaPlan->Batch: {"func":"Batch->add()","batch":{"what":"BATCH","start":240305189,"end":240422669,"flags":8,"flagsBinary":"1000","oldStart":231548284,"oldEnd":240422669}}
43424168-e44e-473a-bf12-dba8a4a4453a 2016-12-13 11:24:46.6390639 2619405 [56294.593110]   963  1523 D ThermaPlan->Batch: {"func":"Batch->add()","batch":{"what":"BATCH","start":249541608,"end":282059671,"flags":0,"flagsBinary":"0","oldStart":248330836,"oldEnd":313495978}}
43424168-e44e-473a-bf12-dba8a4a4453a 2016-12-13 11:24:46.6390639 2619406 [56294.593373]   963  1523 D ThermaPlan->Batch: {"func":"Batch->add()","batch":{"what":"BATCH","start":249641515,"end":280795765,"flags":0,"flagsBinary":"0","oldStart":249541608,"oldEnd":282059671}}
43424168-e44e-473a-bf12-dba8a4a4453a 2016-12-13 11:24:46.6390639 2619407 [56294.593651]   963  1523 D ThermaPlan->Batch: {"func":"Batch->add()","batch":{"what":"BATCH","start":258890728,"end":280795765,"flags":0,"flagsBinary":"0","oldStart":249641515,"oldEnd":280795765}}
43424168-e44e-473a-bf12-dba8a4a4453a 2016-12-13 11:24:46.6390639 2619408 [56294.593925]   963  1523 D ThermaPlan->Batch: {"func":"Batch->add()","batch":{"what":"BATCH","start":259200000,"end":280795765,"flags":0,"flagsBinary":"0","oldStart":258890728,"oldEnd":280795765}}
43424168-e44e-473a-bf12-dba8a4a4453a 2016-12-13 11:24:46.6390639 2619409 [56294.594187]   963  1523 D ThermaPlan->Batch: {"func":"Batch->add()","batch":{"what":"BATCH","start":259252542,"end":280795765,"flags":8,"flagsBinary":"1000","oldStart":259200000,"oldEnd":280795765}}
43424168-e44e-473a-bf12-dba8a4a4453a 2016-12-13 11:24:46.6390639 2619410 [56294.594454]   963  1523 D ThermaPlan->Batch: {"func":"Batch->add()","batch":{"what":"BATCH","start":259281310,"end":280795765,"flags":8,"flagsBinary":"1000","oldStart":259252542,"oldEnd":280795765}}
43424168-e44e-473a-bf12-dba8a4a4453a 2016-12-13 11:24:46.6390639 2619411 [56294.594755]   963  1523 D ThermaPlan->Batch: {"func":"Batch->add()","batch":{"what":"BATCH","start":259345161,"end":280795765,"flags":8,"flagsBinary":"1000","oldStart":259281310,"oldEnd":280795765}}
43424168-e44e-473a-bf12-dba8a4a4453a 2016-12-13 11:24:46.6390639 2619412 [56294.595033]   963  1523 D ThermaPlan->Batch: {"func":"Batch->add()","batch":{"what":"BATCH","start":259786617,"end":280795765,"flags":8,"flagsBinary":"1000","oldStart":259345161,"oldEnd":280795765}}
43424168-e44e-473a-bf12-dba8a4a4453a 2016-12-13 11:24:46.6390639 2619413 [56294.595302]   963  1523 D ThermaPlan->Batch: {"func":"Batch->add()","batch":{"what":"BATCH","start":261333689,"end":280795765,"flags":8,"flagsBinary":"1000","oldStart":259786617,"oldEnd":280795765}}
43424168-e44e-473a-bf12-dba8a4a4453a 2016-12-13 11:24:46.6390639 2619414 [56294.595597]   963  1523 D ThermaPlan->Batch: {"func":"Batch->add()","batch":{"what":"BATCH","start":270989139,"end":280795765,"flags":8,"flagsBinary":"1000","oldStart":261333689,"oldEnd":280795765}}
43424168-e44e-473a-bf12-dba8a4a4453a 2016-12-13 11:24:46.6390639 2619415 [56294.598704]   963  1523 D ThermaPlan->Batch: {"func":"Batch->add()","batch":{"what":"BATCH","start":292490680,"end":331748773,"flags":0,"flagsBinary":"0","oldStart":280825099,"oldEnd":331748773}}
43424168-e44e-473a-bf12-dba8a4a4453a 2016-12-13 11:24:46.6390639 2619416 [56294.599002]   963  1523 D ThermaPlan->Batch: {"func":"Batch->add()","batch":{"what":"BATCH","start":296563796,"end":331748773,"flags":0,"flagsBinary":"0","oldStart":292490680,"oldEnd":331748773}}
43424168-e44e-473a-bf12-dba8a4a4453a 2016-12-13 11:24:46.16390639 2619417 [56294.599375]   963  1523 D ThermaPlan->Batch: {"func":"Batch->add()","batch":{"what":"BATCH","start":299976529,"end":331748773,"flags":8,"flagsBinary":"1000","oldStart":296563796,"oldEnd":331748773}}
43424168-e44e-473a-bf12-dba8a4a4453a 2016-12-13 11:24:46.16390639 2619418 [56294.599848]   963  1523 D ThermaPlan->Batch: {"func":"Batch->add()","batch":{"what":"BATCH","start":605813325,"end":1058493261,"flags":0,"flagsBinary":"0","oldStart":604893263,"oldEnd":1058493261}}
43424168-e44e-473a-bf12-dba8a4a4453a 2016-12-13 11:24:46.16390639 2619419 [56294.600145]   963  1523 D ThermaPlan->Batch: {"func":"Batch->add()","batch":{"what":"BATCH","start":624143935,"end":992076404,"flags":0,"flagsBinary":"0","oldStart":605813325,"oldEnd":1058493261}}
43424168-e44e-473a-bf12-dba8a4a4453a 2016-12-13 11:24:46.16390639 2619420 [56294.600464]   963  1523 D ThermaPlan->Batch: {"func":"Batch->add()","batch":{"what":"BATCH","start":694490727,"end":992076404,"flags":0,"flagsBinary":"0","oldStart":624143935,"oldEnd":992076404}}
43424168-e44e-473a-bf12-dba8a4a4453a 2016-12-13 11:24:46.16390639 2619421 [56294.600964]   963  1523 D ThermaPlan->Batch: {"func":"Batch->add()","batch":{"what":"BATCH","start":701674709,"end":992076404,"flags":0,"flagsBinary":"0","oldStart":694490727,"oldEnd":992076404}}
43424168-e44e-473a-bf12-dba8a4a4453a 2016-12-13 11:24:46.16390639 2619422 [56294.601722]   963  1523 D ThermaPlan->Batch: {"func":"Batch->add()","batch":{"what":"BATCH","start":315360057206,"end":551880056972,"flags":0,"flagsBinary":"0","oldStart":315360056973,"oldEnd":551880056972}}
43424168-e44e-473a-bf12-dba8a4a4453a 2016-12-13 11:24:46.16390639 2619423 [56294.602004]   963  1523 D ThermaPlan->Batch: {"func":"Batch->add()","batch":{"what":"BATCH","start":315360057236,"end":551880056972,"flags":0,"flagsBinary":"0","oldStart":315360057206,"oldEnd":551880056972}}
43424168-e44e-473a-bf12-dba8a4a4453a 2016-12-13 11:24:46.16390639 2619424 [56294.602289]   963  1523 D ThermaPlan->Batch: {"func":"Batch->add()","batch":{"what":"BATCH","start":315360057240,"end":551880056972,"flags":0,"flagsBinary":"0","oldStart":315360057236,"oldEnd":551880056972}}
43424168-e44e-473a-bf12-dba8a4a4453a 2016-12-13 11:24:46.16390639 2619425 [56294.602567]   963  1523 D ThermaPlan->Batch: {"func":"Batch->add()","batch":{"what":"BATCH","start":315360057254,"end":551880056972,"flags":0,"flagsBinary":"0","oldStart":315360057240,"oldEnd":551880056972}}
43424168-e44e-473a-bf12-dba8a4a4453a 2016-12-13 11:24:46.16390639 2619426 [56294.602842]   963  1523 D ThermaPlan->Batch: {"func":"Batch->add()","batch":{"what":"BATCH","start":315360057257,"end":551880056972,"flags":0,"flagsBinary":"0","oldStart":315360057254,"oldEnd":551880056972}}
43424168-e44e-473a-bf12-dba8a4a4453a 2016-12-13 11:24:46.16390639 2619427 [56294.603117]   963  1523 D ThermaPlan->Batch: {"func":"Batch->add()","batch":{"what":"BATCH","start":315360057259,"end":551880056972,"flags":0,"flagsBinary":"0","oldStart":315360057257,"oldEnd":551880056972}}
43424168-e44e-473a-bf12-dba8a4a4453a 2016-12-13 11:24:46.16390639 2619428 [56294.603435]   963  1523 D ThermaPlan->Batch: {"func":"Batch->add()","batch":{"what":"BATCH","start":315360094195,"end":551880056972,"flags":0,"flagsBinary":"0","oldStart":315360057259,"oldEnd":551880056972}}
43424168-e44e-473a-bf12-dba8a4a4453a 2016-12-13 11:24:46.16390639 2619429 [56294.603695]   963  1523 D ThermaPlan->Batch: {"func":"Batch->add()","batch":{"what":"BATCH","start":315360113203,"end":551880056972,"flags":0,"flagsBinary":"0","oldStart":315360094195,"oldEnd":551880056972}}
43424168-e44e-473a-bf12-dba8a4a4453a 2016-12-13 11:24:46.16390639 2619430 [56294.603984]   963  1523 D ThermaPlan->Batch: {"func":"Batch->add()","batch":{"what":"BATCH","start":315399259724,"end":551880056972,"flags":0,"flagsBinary":"0","oldStart":315360113203,"oldEnd":551880056972}}
43424168-e44e-473a-bf12-dba8a4a4453a 2016-12-13 11:24:46.16390639 2619431 [56294.604279]   963  1523 D ThermaPlan->Batch: {"func":"Batch->add()","batch":{"what":"BATCH","start":315399259747,"end":551880056972,"flags":0,"flagsBinary":"0","oldStart":315399259724,"oldEnd":551880056972}}
43424168-e44e-473a-bf12-dba8a4a4453a 2016-12-13 11:24:46.16390639 2619432 [56294.604556]   963  1523 D ThermaPlan->Batch: {"func":"Batch->add()","batch":{"what":"BATCH","start":315572926898,"end":551880056972,"flags":0,"flagsBinary":"0","oldStart":315399259747,"oldEnd":551880056972}}
43424168-e44e-473a-bf12-dba8a4a4453a 2016-12-13 11:24:46.26390639 2619433 [56294.611569]  4236  4236 D SprintDMHelper: simOperator: 310120
43424168-e44e-473a-bf12-dba8a4a4453a 2016-12-13 11:24:46.26390639 2619434 [56294.611583]  4236  4236 D SprintDMHelper: isUICCSprint: We have a Sprint UICC
43424168-e44e-473a-bf12-dba8a4a4453a 2016-12-13 11:24:46.26390639 2619435 [56294.611599]  4236  4236 D SprintDMService: WiFi is disconnected
43424168-e44e-473a-bf12-dba8a4a4453a 2016-12-13 11:24:46.26390639 2619436 [56294.612195]  4236  4302 D SprintDMStateMachine: IdleState: processMessage EVENT_WIFI_DISCONNECTED
43424168-e44e-473a-bf12-dba8a4a4453a 2016-12-13 11:24:46.26390639 2619437 [56294.612955]   963  1597 D ThermaPlan->AlarmManagerService: {"func":"AlarmManagerService->mService->set","pid":2875,"uid":10098,"flagsBinary":"1","flags":1,"type":2,"triggerAtTime":244039888,"nowELAPSED":213576760,"rtc":1481646286033,"windowLength":0,"interval":0,"creatorPkg":"com.facebook.orca","targetPkg":"com.facebook.orca"}
43424168-e44e-473a-bf12-dba8a4a4453a 2016-12-13 11:24:46.26390639 2619438 [56294.618172]  4236  4302 D SprintDMStateMachine: Data network type is acceptable: 14
43424168-e44e-473a-bf12-dba8a4a4453a 2016-12-13 11:24:46.46390639 2619439 [56294.633965]   963  1892 D ThermaPlan->Batch: {"func":"Batch->add()","batch":{"what":"BATCH","start":213700771,"end":213730771,"flags":0,"flagsBinary":"0","oldStart":213650727,"oldEnd":213740727}}
43424168-e44e-473a-bf12-dba8a4a4453a 2016-12-13 11:24:46.46390639 2619440 [56294.634234]   963  1892 D ThermaPlan->Batch: {"func":"Batch->add()","batch":{"what":"BATCH","start":213711754,"end":213730771,"flags":8,"flagsBinary":"1000","oldStart":213700771,"oldEnd":213730771}}
43424168-e44e-473a-bf12-dba8a4a4453a 2016-12-13 11:24:46.46390639 2619441 [56294.635685]   963  1892 D ThermaPlan->Batch: {"func":"Batch->add()","batch":{"what":"BATCH","start":214276095,"end":214951095,"flags":8,"flagsBinary":"1000","oldStart":214251322,"oldEnd":215601322}}
43424168-e44e-473a-bf12-dba8a4a4453a 2016-12-13 11:24:46.46390639 2619442 [56294.635984]   963  1892 D ThermaPlan->Batch: {"func":"Batch->add()","batch":{"what":"BATCH","start":214278171,"end":214951095,"flags":8,"flagsBinary":"1000","oldStart":214276095,"oldEnd":214951095}}
43424168-e44e-473a-bf12-dba8a4a4453a 2016-12-13 11:24:46.46390639 2619443 [56294.636297]   963  1892 D ThermaPlan->Batch: {"func":"Batch->add()","batch":{"what":"BATCH","start":214278914,"end":214951095,"flags":8,"flagsBinary":"1000","oldStart":214278171,"oldEnd":214951095}}
43424168-e44e-473a-bf12-dba8a4a4453a 2016-12-13 11:24:46.46390639 2619444 [56294.636611]   963  1892 D ThermaPlan->Batch: {"func":"Batch->add()","batch":{"what":"BATCH","start":214278988,"end":214951095,"flags":8,"flagsBinary":"1000","oldStart":214278914,"oldEnd":214951095}}
43424168-e44e-473a-bf12-dba8a4a4453a 2016-12-13 11:24:46.46390639 2619445 [56294.636885]   963  1892 D ThermaPlan->Batch: {"func":"Batch->add()","batch":{"what":"BATCH","start":214281415,"end":214951095,"flags":8,"flagsBinary":"1000","oldStart":214278988,"oldEnd":214951095}}
43424168-e44e-473a-bf12-dba8a4a4453a 2016-12-13 11:24:46.46390639 2619446 [56294.637170]   963  1892 D ThermaPlan->Batch: {"func":"Batch->add()","batch":{"what":"BATCH","start":214281680,"end":214951095,"flags":8,"flagsBinary":"1000","oldStart":214281415,"oldEnd":214951095}}
43424168-e44e-473a-bf12-dba8a4a4453a 2016-12-13 11:24:46.46390639 2619447 [56294.637442]   963  1892 D ThermaPlan->Batch: {"func":"Batch->add()","batch":{"what":"BATCH","start":214282094,"end":214951095,"flags":8,"flagsBinary":"1000","oldStart":214281680,"oldEnd":214951095}}
43424168-e44e-473a-bf12-dba8a4a4453a 2016-12-13 11:24:46.46390639 2619448 [56294.637708]   963  1892 D ThermaPlan->Batch: {"func":"Batch->add()","batch":{"what":"BATCH","start":214282211,"end":214951095,"flags":8,"flagsBinary":"1000","oldStart":214282094,"oldEnd":214951095}}
43424168-e44e-473a-bf12-dba8a4a4453a 2016-12-13 11:24:46.46390639 2619449 [56294.637994]   963  1892 D ThermaPlan->Batch: {"func":"Batch->add()","batch":{"what":"BATCH","start":214282485,"end":214951095,"flags":8,"flagsBinary":"1000","oldStart":214282211,"oldEnd":214951095}}
43424168-e44e-473a-bf12-dba8a4a4453a 2016-12-13 11:24:46.46390639 2619450 [56294.638255]   963  1892 D ThermaPlan->Batch: {"func":"Batch->add()","batch":{"what":"BATCH","start":214294563,"end":214951095,"flags":8,"flagsBinary":"1000","oldStart":214282485,"oldEnd":214951095}}
43424168-e44e-473a-bf12-dba8a4a4453a 2016-12-13 11:24:46.46390639 2619451 [56294.638525]   963  1892 D ThermaPlan->Batch: {"func":"Batch->add()","batch":{"what":"BATCH","start":214733823,"end":214951095,"flags":8,"flagsBinary":"1000","oldStart":214294563,"oldEnd":214951095}}
43424168-e44e-473a-bf12-dba8a4a4453a 2016-12-13 11:24:46.46390639 2619452 [56294.638795]   963  1892 D ThermaPlan->Batch: {"func":"Batch->add()","batch":{"what":"BATCH","start":214750705,"end":214951095,"flags":8,"flagsBinary":"1000","oldStart":214733823,"oldEnd":214951095}}
43424168-e44e-473a-bf12-dba8a4a4453a 2016-12-13 11:24:46.56390639 2619453 [56294.640712]   963  1892 D ThermaPlan->Batch: {"func":"Batch->add()","batch":{"what":"BATCH","start":215759161,"end":219062073,"flags":8,"flagsBinary":"1000","oldStart":215226149,"oldEnd":219062073}}
43424168-e44e-473a-bf12-dba8a4a4453a 2016-12-13 11:24:46.56390639 2619454 [56294.640997]   963  1892 D ThermaPlan->Batch: {"func":"Batch->add()","batch":{"what":"BATCH","start":216082518,"end":218782518,"flags":8,"flagsBinary":"1000","oldStart":215759161,"oldEnd":219062073}}
43424168-e44e-473a-bf12-dba8a4a4453a 2016-12-13 11:24:46.56390639 2619455 [56294.641277]   963  1892 D ThermaPlan->Batch: {"func":"Batch->add()","batch":{"what":"BATCH","start":216144078,"end":218782518,"flags":8,"flagsBinary":"1000","oldStart":216082518,"oldEnd":218782518}}
43424168-e44e-473a-bf12-dba8a4a4453a 2016-12-13 11:24:46.56390639 2619456 [56294.641540]   963  1892 D ThermaPlan->Batch: {"func":"Batch->add()","batch":{"what":"BATCH","start":216526830,"end":218782518,"flags":8,"flagsBinary":"1000","oldStart":216144078,"oldEnd":218782518}}
43424168-e44e-473a-bf12-dba8a4a4453a 2016-12-13 11:24:46.56390639 2619457 [56294.641823]   963  1892 D ThermaPlan->Batch: {"func":"Batch->add()","batch":{"what":"BATCH","start":217737182,"end":218037182,"flags":8,"flagsBinary":"1000","oldStart":216526830,"oldEnd":218782518}}
43424168-e44e-473a-bf12-dba8a4a4453a 2016-12-13 11:24:46.56390639 2619458 [56294.642278]   963  1892 D ThermaPlan->Batch: {"func":"Batch->add()","batch":{"what":"BATCH","start":220150599,"end":224060131,"flags":0,"flagsBinary":"0","oldStart":219290727,"oldEnd":224060131}}
43424168-e44e-473a-bf12-dba8a4a4453a 2016-12-13 11:24:46.56390639 2619459 [56294.642553]   963  1892 D ThermaPlan->Batch: {"func":"Batch->add()","batch":{"what":"BATCH","start":220380550,"end":224060131,"flags":0,"flagsBinary":"0","oldStart":220150599,"oldEnd":224060131}}
43424168-e44e-473a-bf12-dba8a4a4453a 2016-12-13 11:24:46.56390639 2619460 [56294.643321]   963  1892 D ThermaPlan->Batch: {"func":"Batch->add()","batch":{"what":"BATCH","start":230499939,"end":240422669,"flags":0,"flagsBinary":"0","oldStart":224222674,"oldEnd":240422669}}
43424168-e44e-473a-bf12-dba8a4a4453a 2016-12-13 11:24:46.56390639 2619461 [56294.643583]   963  1892 D ThermaPlan->Batch: {"func":"Batch->add()","batch":{"what":"BATCH","start":231188198,"end":240422669,"flags":0,"flagsBinary":"0","oldStart":230499939,"oldEnd":240422669}}
43424168-e44e-473a-bf12-dba8a4a4453a 2016-12-13 11:24:46.56390639 2619462 [56294.643843]   963  1892 D ThermaPlan->Batch: {"func":"Batch->add()","batch":{"what":"BATCH","start":231548284,"end":240422669,"flags":0,"flagsBinary":"0","oldStart":231188198,"oldEnd":240422669}}
43424168-e44e-473a-bf12-dba8a4a4453a 2016-12-13 11:24:46.56390639 2619463 [56294.644097]   963  1892 D ThermaPlan->Batch: {"func":"Batch->add()","batch":{"what":"BATCH","start":240305189,"end":240422669,"flags":8,"flagsBinary":"1000","oldStart":231548284,"oldEnd":240422669}}
43424168-e44e-473a-bf12-dba8a4a4453a 2016-12-13 11:24:46.56390639 2619464 [56294.645509]   963  1892 D ThermaPlan->Batch: {"func":"Batch->add()","batch":{"what":"BATCH","start":249541608,"end":282059671,"flags":0,"flagsBinary":"0","oldStart":248330836,"oldEnd":313495978}}
43424168-e44e-473a-bf12-dba8a4a4453a 2016-12-13 11:24:46.56390639 2619465 [56294.645772]   963  1892 D ThermaPlan->Batch: {"func":"Batch->add()","batch":{"what":"BATCH","start":249641515,"end":280795765,"flags":0,"flagsBinary":"0","oldStart":249541608,"oldEnd":282059671}}
43424168-e44e-473a-bf12-dba8a4a4453a 2016-12-13 11:24:46.56390639 2619466 [56294.646054]   963  1892 D ThermaPlan->Batch: {"func":"Batch->add()","batch":{"what":"BATCH","start":258890727,"end":280795765,"flags":0,"flagsBinary":"0","oldStart":249641515,"oldEnd":280795765}}
43424168-e44e-473a-bf12-dba8a4a4453a 2016-12-13 11:24:46.56390639 2619467 [56294.646335]   963  1892 D ThermaPlan->Batch: {"func":"Batch->add()","batch":{"what":"BATCH","start":259200000,"end":280795765,"flags":0,"flagsBinary":"0","oldStart":258890727,"oldEnd":280795765}}
43424168-e44e-473a-bf12-dba8a4a4453a 2016-12-13 11:24:46.56390639 2619468 [56294.646600]   963  1892 D ThermaPlan->Batch: {"func":"Batch->add()","batch":{"what":"BATCH","start":259252542,"end":280795765,"flags":8,"flagsBinary":"1000","oldStart":259200000,"oldEnd":280795765}}
43424168-e44e-473a-bf12-dba8a4a4453a 2016-12-13 11:24:46.56390639 2619469 [56294.646870]   963  1892 D ThermaPlan->Batch: {"func":"Batch->add()","batch":{"what":"BATCH","start":259281310,"end":280795765,"flags":8,"flagsBinary":"1000","oldStart":259252542,"oldEnd":280795765}}
43424168-e44e-473a-bf12-dba8a4a4453a 2016-12-13 11:24:46.56390639 2619470 [56294.647130]   963  1892 D ThermaPlan->Batch: {"func":"Batch->add()","batch":{"what":"BATCH","start":259345161,"end":280795765,"flags":8,"flagsBinary":"1000","oldStart":259281310,"oldEnd":280795765}}
43424168-e44e-473a-bf12-dba8a4a4453a 2016-12-13 11:24:46.56390639 2619471 [56294.647408]   963  1892 D ThermaPlan->Batch: {"func":"Batch->add()","batch":{"what":"BATCH","start":259786617,"end":280795765,"flags":8,"flagsBinary":"1000","oldStart":259345161,"oldEnd":280795765}}
43424168-e44e-473a-bf12-dba8a4a4453a 2016-12-13 11:24:46.56390639 2619472 [56294.647678]   963  1892 D ThermaPlan->Batch: {"func":"Batch->add()","batch":{"what":"BATCH","start":261333689,"end":280795765,"flags":8,"flagsBinary":"1000","oldStart":259786617,"oldEnd":280795765}}
43424168-e44e-473a-bf12-dba8a4a4453a 2016-12-13 11:24:46.56390639 2619473 [56294.647971]   963  1892 D ThermaPlan->Batch: {"func":"Batch->add()","batch":{"what":"BATCH","start":270989138,"end":280795765,"flags":8,"flagsBinary":"1000","oldStart":261333689,"oldEnd":280795765}}
43424168-e44e-473a-bf12-dba8a4a4453a 2016-12-13 11:24:46.66390639 2619474 [56294.651105]   963  1892 D ThermaPlan->Batch: {"func":"Batch->add()","batch":{"what":"BATCH","start":292490680,"end":331748773,"flags":0,"flagsBinary":"0","oldStart":280825099,"oldEnd":331748773}}
43424168-e44e-473a-bf12-dba8a4a4453a 2016-12-13 11:24:46.66390639 2619475 [56294.651381]   963  1892 D ThermaPlan->Batch: {"func":"Batch->add()","batch":{"what":"BATCH","start":296563796,"end":331748773,"flags":0,"flagsBinary":"0","oldStart":292490680,"oldEnd":331748773}}
43424168-e44e-473a-bf12-dba8a4a4453a 2016-12-13 11:24:46.66390639 2619476 [56294.651642]   963  1892 D ThermaPlan->Batch: {"func":"Batch->add()","batch":{"what":"BATCH","start":299976529,"end":331748773,"flags":8,"flagsBinary":"1000","oldStart":296563796,"oldEnd":331748773}}
43424168-e44e-473a-bf12-dba8a4a4453a 2016-12-13 11:24:46.66390639 2619477 [56294.652095]   963  1892 D ThermaPlan->Batch: {"func":"Batch->add()","batch":{"what":"BATCH","start":605813325,"end":1058493260,"flags":0,"flagsBinary":"0","oldStart":604893262,"oldEnd":1058493260}}
43424168-e44e-473a-bf12-dba8a4a4453a 2016-12-13 11:24:46.66390639 2619478 [56294.652397]   963  1892 D ThermaPlan->Batch: {"func":"Batch->add()","batch":{"what":"BATCH","start":624143935,"end":992076404,"flags":0,"flagsBinary":"0","oldStart":605813325,"oldEnd":1058493260}}
43424168-e44e-473a-bf12-dba8a4a4453a 2016-12-13 11:24:46.66390639 2619479 [56294.652662]   963  1892 D ThermaPlan->Batch: {"func":"Batch->add()","batch":{"what":"BATCH","start":694490728,"end":992076404,"flags":0,"flagsBinary":"0","oldStart":624143935,"oldEnd":992076404}}
43424168-e44e-473a-bf12-dba8a4a4453a 2016-12-13 11:24:46.66390639 2619480 [56294.653096]   963  1892 D ThermaPlan->Batch: {"func":"Batch->add()","batch":{"what":"BATCH","start":701674709,"end":992076404,"flags":0,"flagsBinary":"0","oldStart":694490728,"oldEnd":992076404}}
43424168-e44e-473a-bf12-dba8a4a4453a 2016-12-13 11:24:46.66390639 2619481 [56294.653720]   963  1892 D ThermaPlan->Batch: {"func":"Batch->add()","batch":{"what":"BATCH","start":315360057206,"end":551880056972,"flags":0,"flagsBinary":"0","oldStart":315360056973,"oldEnd":551880056972}}
43424168-e44e-473a-bf12-dba8a4a4453a 2016-12-13 11:24:46.66390639 2619482 [56294.654002]   963  1892 D ThermaPlan->Batch: {"func":"Batch->add()","batch":{"what":"BATCH","start":315360057236,"end":551880056972,"flags":0,"flagsBinary":"0","oldStart":315360057206,"oldEnd":551880056972}}
43424168-e44e-473a-bf12-dba8a4a4453a 2016-12-13 11:24:46.66390639 2619483 [56294.654273]   963  1892 D ThermaPlan->Batch: {"func":"Batch->add()","batch":{"what":"BATCH","start":315360057240,"end":551880056972,"flags":0,"flagsBinary":"0","oldStart":315360057236,"oldEnd":551880056972}}
43424168-e44e-473a-bf12-dba8a4a4453a 2016-12-13 11:24:46.66390639 2619484 [56294.654549]   963  1892 D ThermaPlan->Batch: {"func":"Batch->add()","batch":{"what":"BATCH","start":315360057254,"end":551880056972,"flags":0,"flagsBinary":"0","oldStart":315360057240,"oldEnd":551880056972}}
43424168-e44e-473a-bf12-dba8a4a4453a 2016-12-13 11:24:46.66390639 2619485 [56294.654841]   963  1892 D ThermaPlan->Batch: {"func":"Batch->add()","batch":{"what":"BATCH","start":315360057257,"end":551880056972,"flags":0,"flagsBinary":"0","oldStart":315360057254,"oldEnd":551880056972}}
43424168-e44e-473a-bf12-dba8a4a4453a 2016-12-13 11:24:46.66390639 2619486 [56294.655098]   963  1892 D ThermaPlan->Batch: {"func":"Batch->add()","batch":{"what":"BATCH","start":315360057259,"end":551880056972,"flags":0,"flagsBinary":"0","oldStart":315360057257,"oldEnd":551880056972}}
43424168-e44e-473a-bf12-dba8a4a4453a 2016-12-13 11:24:46.66390639 2619487 [56294.655374]   963  1892 D ThermaPlan->Batch: {"func":"Batch->add()","batch":{"what":"BATCH","start":315360094195,"end":551880056972,"flags":0,"flagsBinary":"0","oldStart":315360057259,"oldEnd":551880056972}}
43424168-e44e-473a-bf12-dba8a4a4453a 2016-12-13 11:24:46.66390639 2619488 [56294.655635]   963  1892 D ThermaPlan->Batch: {"func":"Batch->add()","batch":{"what":"BATCH","start":315360113203,"end":551880056972,"flags":0,"flagsBinary":"0","oldStart":315360094195,"oldEnd":551880056972}}
43424168-e44e-473a-bf12-dba8a4a4453a 2016-12-13 11:24:46.66390639 2619489 [56294.655916]   963  1892 D ThermaPlan->Batch: {"func":"Batch->add()","batch":{"what":"BATCH","start":315399259724,"end":551880056972,"flags":0,"flagsBinary":"0","oldStart":315360113203,"oldEnd":551880056972}}
43424168-e44e-473a-bf12-dba8a4a4453a 2016-12-13 11:24:46.66390639 2619490 [56294.656206]   963  1892 D ThermaPlan->Batch: {"func":"Batch->add()","batch":{"what":"BATCH","start":315399259747,"end":551880056972,"flags":0,"flagsBinary":"0","oldStart":315399259724,"oldEnd":551880056972}}
43424168-e44e-473a-bf12-dba8a4a4453a 2016-12-13 11:24:46.66390639 2619491 [56294.656470]   963  1892 D ThermaPlan->Batch: {"func":"Batch->add()","batch":{"what":"BATCH","start":315572926898,"end":551880056972,"flags":0,"flagsBinary":"0","oldStart":315399259747,"oldEnd":551880056972}}
43424168-e44e-473a-bf12-dba8a4a4453a 2016-12-13 11:24:46.66390639 2619492 [56294.659226]   963  2298 D ThermaPlan->Batch: {"func":"Batch->add()","batch":{"what":"BATCH","start":213700771,"end":213730771,"flags":0,"flagsBinary":"0","oldStart":213650727,"oldEnd":213740727}}
43424168-e44e-473a-bf12-dba8a4a4453a 2016-12-13 11:24:46.76390639 2619493 [56294.659458]   963  2298 D ThermaPlan->Batch: {"func":"Batch->add()","batch":{"what":"BATCH","start":213711754,"end":213730771,"flags":8,"flagsBinary":"1000","oldStart":213700771,"oldEnd":213730771}}
43424168-e44e-473a-bf12-dba8a4a4453a 2016-12-13 11:24:46.76390639 2619494 [56294.660382]   963  2298 D ThermaPlan->Batch: {"func":"Batch->add()","batch":{"what":"BATCH","start":214276095,"end":214951095,"flags":8,"flagsBinary":"1000","oldStart":214251322,"oldEnd":215601322}}
43424168-e44e-473a-bf12-dba8a4a4453a 2016-12-13 11:24:46.76390639 2619495 [56294.660555]   963  2298 D ThermaPlan->Batch: {"func":"Batch->add()","batch":{"what":"BATCH","start":214278171,"end":214951095,"flags":8,"flagsBinary":"1000","oldStart":214276095,"oldEnd":214951095}}
43424168-e44e-473a-bf12-dba8a4a4453a 2016-12-13 11:24:46.76390639 2619496 [56294.660735]   963  2298 D ThermaPlan->Batch: {"func":"Batch->add()","batch":{"what":"BATCH","start":214278914,"end":214951095,"flags":8,"flagsBinary":"1000","oldStart":214278171,"oldEnd":214951095}}
43424168-e44e-473a-bf12-dba8a4a4453a 2016-12-13 11:24:46.76390639 2619497 [56294.660924]   963  2298 D ThermaPlan->Batch: {"func":"Batch->add()","batch":{"what":"BATCH","start":214278988,"end":214951095,"flags":8,"flagsBinary":"1000","oldStart":214278914,"oldEnd":214951095}}
43424168-e44e-473a-bf12-dba8a4a4453a 2016-12-13 11:24:46.76390639 2619498 [56294.661114]   963  2298 D ThermaPlan->Batch: {"func":"Batch->add()","batch":{"what":"BATCH","start":214281415,"end":214951095,"flags":8,"flagsBinary":"1000","oldStart":214278988,"oldEnd":214951095}}
43424168-e44e-473a-bf12-dba8a4a4453a 2016-12-13 11:24:46.76390639 2619499 [56294.661292]   963  2298 D ThermaPlan->Batch: {"func":"Batch->add()","batch":{"what":"BATCH","start":214281680,"end":214951095,"flags":8,"flagsBinary":"1000","oldStart":214281415,"oldEnd":214951095}}
43424168-e44e-473a-bf12-dba8a4a4453a 2016-12-13 11:24:46.76390639 2619500 [56294.661475]   963  2298 D ThermaPlan->Batch: {"func":"Batch->add()","batch":{"what":"BATCH","start":214282094,"end":214951095,"flags":8,"flagsBinary":"1000","oldStart":214281680,"oldEnd":214951095}}
43424168-e44e-473a-bf12-dba8a4a4453a 2016-12-13 11:24:46.76390639 2619501 [56294.661651]   963  2298 D ThermaPlan->Batch: {"func":"Batch->add()","batch":{"what":"BATCH","start":214282211,"end":214951095,"flags":8,"flagsBinary":"1000","oldStart":214282094,"oldEnd":214951095}}
43424168-e44e-473a-bf12-dba8a4a4453a 2016-12-13 11:24:46.76390639 2619502 [56294.661858]   963  2298 D ThermaPlan->Batch: {"func":"Batch->add()","batch":{"what":"BATCH","start":214282485,"end":214951095,"flags":8,"flagsBinary":"1000","oldStart":214282211,"oldEnd":214951095}}
43424168-e44e-473a-bf12-dba8a4a4453a 2016-12-13 11:24:46.76390639 2619503 [56294.662033]   963  2298 D ThermaPlan->Batch: {"func":"Batch->add()","batch":{"what":"BATCH","start":214294563,"end":214951095,"flags":8,"flagsBinary":"1000","oldStart":214282485,"oldEnd":214951095}}
43424168-e44e-473a-bf12-dba8a4a4453a 2016-12-13 11:24:46.76390639 2619504 [56294.662230]   963  2298 D ThermaPlan->Batch: {"func":"Batch->add()","batch":{"what":"BATCH","start":214733822,"end":214951095,"flags":8,"flagsBinary":"1000","oldStart":214294563,"oldEnd":214951095}}
43424168-e44e-473a-bf12-dba8a4a4453a 2016-12-13 11:24:46.76390639 2619505 [56294.662415]   963  2298 D ThermaPlan->Batch: {"func":"Batch->add()","batch":{"what":"BATCH","start":214750705,"end":214951095,"flags":8,"flagsBinary":"1000","oldStart":214733822,"oldEnd":214951095}}
43424168-e44e-473a-bf12-dba8a4a4453a 2016-12-13 11:24:46.76390639 2619506 [56294.663583]   963  2298 D ThermaPlan->Batch: {"func":"Batch->add()","batch":{"what":"BATCH","start":215759162,"end":219062073,"flags":8,"flagsBinary":"1000","oldStart":215226149,"oldEnd":219062073}}
43424168-e44e-473a-bf12-dba8a4a4453a 2016-12-13 11:24:46.76390639 2619507 [56294.663766]   963  2298 D ThermaPlan->Batch: {"func":"Batch->add()","batch":{"what":"BATCH","start":216082518,"end":218782518,"flags":8,"flagsBinary":"1000","oldStart":215759162,"oldEnd":219062073}}
43424168-e44e-473a-bf12-dba8a4a4453a 2016-12-13 11:24:46.76390639 2619508 [56294.663949]   963  2298 D ThermaPlan->Batch: {"func":"Batch->add()","batch":{"what":"BATCH","start":216144078,"end":218782518,"flags":8,"flagsBinary":"1000","oldStart":216082518,"oldEnd":218782518}}
43424168-e44e-473a-bf12-dba8a4a4453a 2016-12-13 11:24:46.76390639 2619509 [56294.664120]   963  2298 D ThermaPlan->Batch: {"func":"Batch->add()","batch":{"what":"BATCH","start":216526830,"end":218782518,"flags":8,"flagsBinary":"1000","oldStart":216144078,"oldEnd":218782518}}
43424168-e44e-473a-bf12-dba8a4a4453a 2016-12-13 11:24:46.76390639 2619510 [56294.664301]   963  2298 D ThermaPlan->Batch: {"func":"Batch->add()","batch":{"what":"BATCH","start":217737182,"end":218037182,"flags":8,"flagsBinary":"1000","oldStart":216526830,"oldEnd":218782518}}
43424168-e44e-473a-bf12-dba8a4a4453a 2016-12-13 11:24:46.76390639 2619511 [56294.664609]   963  2298 D ThermaPlan->Batch: {"func":"Batch->add()","batch":{"what":"BATCH","start":220150600,"end":224060131,"flags":0,"flagsBinary":"0","oldStart":219290727,"oldEnd":224060131}}
43424168-e44e-473a-bf12-dba8a4a4453a 2016-12-13 11:24:46.76390639 2619512 [56294.664800]   963  2298 D ThermaPlan->Batch: {"func":"Batch->add()","batch":{"what":"BATCH","start":220380550,"end":224060131,"flags":0,"flagsBinary":"0","oldStart":220150600,"oldEnd":224060131}}
43424168-e44e-473a-bf12-dba8a4a4453a 2016-12-13 11:24:46.76390639 2619513 [56294.665339]   963  2298 D ThermaPlan->Batch: {"func":"Batch->add()","batch":{"what":"BATCH","start":230499939,"end":240422669,"flags":0,"flagsBinary":"0","oldStart":224222674,"oldEnd":240422669}}
43424168-e44e-473a-bf12-dba8a4a4453a 2016-12-13 11:24:46.76390639 2619514 [56294.665520]   963  2298 D ThermaPlan->Batch: {"func":"Batch->add()","batch":{"what":"BATCH","start":231188198,"end":240422669,"flags":0,"flagsBinary":"0","oldStart":230499939,"oldEnd":240422669}}
43424168-e44e-473a-bf12-dba8a4a4453a 2016-12-13 11:24:46.76390639 2619515 [56294.665722]   963  2298 D ThermaPlan->Batch: {"func":"Batch->add()","batch":{"what":"BATCH","start":231548284,"end":240422669,"flags":0,"flagsBinary":"0","oldStart":231188198,"oldEnd":240422669}}
43424168-e44e-473a-bf12-dba8a4a4453a 2016-12-13 11:24:46.76390639 2619516 [56294.665896]   963  2298 D ThermaPlan->Batch: {"func":"Batch->add()","batch":{"what":"BATCH","start":240305189,"end":240422669,"flags":8,"flagsBinary":"1000","oldStart":231548284,"oldEnd":240422669}}
43424168-e44e-473a-bf12-dba8a4a4453a 2016-12-13 11:24:46.76390639 2619517 [56294.666866]   963  2298 D ThermaPlan->Batch: {"func":"Batch->add()","batch":{"what":"BATCH","start":249541608,"end":282059671,"flags":0,"flagsBinary":"0","oldStart":248330836,"oldEnd":313495978}}
43424168-e44e-473a-bf12-dba8a4a4453a 2016-12-13 11:24:46.76390639 2619518 [56294.667055]   963  2298 D ThermaPlan->Batch: {"func":"Batch->add()","batch":{"what":"BATCH","start":249641515,"end":280795765,"flags":0,"flagsBinary":"0","oldStart":249541608,"oldEnd":282059671}}
43424168-e44e-473a-bf12-dba8a4a4453a 2016-12-13 11:24:46.76390639 2619519 [56294.667235]   963  2298 D ThermaPlan->Batch: {"func":"Batch->add()","batch":{"what":"BATCH","start":258890727,"end":280795765,"flags":0,"flagsBinary":"0","oldStart":249641515,"oldEnd":280795765}}
43424168-e44e-473a-bf12-dba8a4a4453a 2016-12-13 11:24:46.76390639 2619520 [56294.667410]   963  2298 D ThermaPlan->Batch: {"func":"Batch->add()","batch":{"what":"BATCH","start":259200000,"end":280795765,"flags":0,"flagsBinary":"0","oldStart":258890727,"oldEnd":280795765}}
43424168-e44e-473a-bf12-dba8a4a4453a 2016-12-13 11:24:46.76390639 2619521 [56294.667597]   963  2298 D ThermaPlan->Batch: {"func":"Batch->add()","batch":{"what":"BATCH","start":259252542,"end":280795765,"flags":8,"flagsBinary":"1000","oldStart":259200000,"oldEnd":280795765}}
43424168-e44e-473a-bf12-dba8a4a4453a 2016-12-13 11:24:46.76390639 2619522 [56294.667764]   963  2298 D ThermaPlan->Batch: {"func":"Batch->add()","batch":{"what":"BATCH","start":259281310,"end":280795765,"flags":8,"flagsBinary":"1000","oldStart":259252542,"oldEnd":280795765}}
43424168-e44e-473a-bf12-dba8a4a4453a 2016-12-13 11:24:46.76390639 2619523 [56294.667950]   963  2298 D ThermaPlan->Batch: {"func":"Batch->add()","batch":{"what":"BATCH","start":259345161,"end":280795765,"flags":8,"flagsBinary":"1000","oldStart":259281310,"oldEnd":280795765}}
43424168-e44e-473a-bf12-dba8a4a4453a 2016-12-13 11:24:46.76390639 2619524 [56294.668145]   963  2298 D ThermaPlan->Batch: {"func":"Batch->add()","batch":{"what":"BATCH","start":259786617,"end":280795765,"flags":8,"flagsBinary":"1000","oldStart":259345161,"oldEnd":280795765}}
43424168-e44e-473a-bf12-dba8a4a4453a 2016-12-13 11:24:46.76390639 2619525 [56294.668311]   963  2298 D ThermaPlan->Batch: {"func":"Batch->add()","batch":{"what":"BATCH","start":261333689,"end":280795765,"flags":8,"flagsBinary":"1000","oldStart":259786617,"oldEnd":280795765}}
43424168-e44e-473a-bf12-dba8a4a4453a 2016-12-13 11:24:46.76390639 2619526 [56294.668514]   963  2298 D ThermaPlan->Batch: {"func":"Batch->add()","batch":{"what":"BATCH","start":270989139,"end":280795765,"flags":8,"flagsBinary":"1000","oldStart":261333689,"oldEnd":280795765}}
43424168-e44e-473a-bf12-dba8a4a4453a 2016-12-13 11:24:46.86390639 2619527 [56294.671455]   963  2298 D ThermaPlan->Batch: {"func":"Batch->add()","batch":{"what":"BATCH","start":292490680,"end":331748773,"flags":0,"flagsBinary":"0","oldStart":280825099,"oldEnd":331748773}}
43424168-e44e-473a-bf12-dba8a4a4453a 2016-12-13 11:24:46.86390639 2619528 [56294.671655]   963  2298 D ThermaPlan->Batch: {"func":"Batch->add()","batch":{"what":"BATCH","start":296563797,"end":331748773,"flags":0,"flagsBinary":"0","oldStart":292490680,"oldEnd":331748773}}
43424168-e44e-473a-bf12-dba8a4a4453a 2016-12-13 11:24:46.86390639 2619529 [56294.671831]   963  2298 D ThermaPlan->Batch: {"func":"Batch->add()","batch":{"what":"BATCH","start":299976529,"end":331748773,"flags":8,"flagsBinary":"1000","oldStart":296563797,"oldEnd":331748773}}
43424168-e44e-473a-bf12-dba8a4a4453a 2016-12-13 11:24:46.86390639 2619530 [56294.672129]   963  2298 D ThermaPlan->Batch: {"func":"Batch->add()","batch":{"what":"BATCH","start":605813325,"end":1058493260,"flags":0,"flagsBinary":"0","oldStart":604893262,"oldEnd":1058493260}}
43424168-e44e-473a-bf12-dba8a4a4453a 2016-12-13 11:24:46.86390639 2619531 [56294.672320]   963  2298 D ThermaPlan->Batch: {"func":"Batch->add()","batch":{"what":"BATCH","start":624143935,"end":992076404,"flags":0,"flagsBinary":"0","oldStart":605813325,"oldEnd":1058493260}}
43424168-e44e-473a-bf12-dba8a4a4453a 2016-12-13 11:24:46.86390639 2619532 [56294.672492]   963  2298 D ThermaPlan->Batch: {"func":"Batch->add()","batch":{"what":"BATCH","start":694490728,"end":992076404,"flags":0,"flagsBinary":"0","oldStart":624143935,"oldEnd":992076404}}
43424168-e44e-473a-bf12-dba8a4a4453a 2016-12-13 11:24:46.86390639 2619533 [56294.672796]   963  2298 D ThermaPlan->Batch: {"func":"Batch->add()","batch":{"what":"BATCH","start":701674709,"end":992076404,"flags":0,"flagsBinary":"0","oldStart":694490728,"oldEnd":992076404}}
43424168-e44e-473a-bf12-dba8a4a4453a 2016-12-13 11:24:46.86390639 2619534 [56294.673215]   963  2298 D ThermaPlan->Batch: {"func":"Batch->add()","batch":{"what":"BATCH","start":315360057206,"end":551880056972,"flags":0,"flagsBinary":"0","oldStart":315360056973,"oldEnd":551880056972}}
43424168-e44e-473a-bf12-dba8a4a4453a 2016-12-13 11:24:46.86390639 2619535 [56294.673402]   963  2298 D ThermaPlan->Batch: {"func":"Batch->add()","batch":{"what":"BATCH","start":315360057236,"end":551880056972,"flags":0,"flagsBinary":"0","oldStart":315360057206,"oldEnd":551880056972}}
43424168-e44e-473a-bf12-dba8a4a4453a 2016-12-13 11:24:46.86390639 2619536 [56294.673596]   963  2298 D ThermaPlan->Batch: {"func":"Batch->add()","batch":{"what":"BATCH","start":315360057240,"end":551880056972,"flags":0,"flagsBinary":"0","oldStart":315360057236,"oldEnd":551880056972}}
43424168-e44e-473a-bf12-dba8a4a4453a 2016-12-13 11:24:46.86390639 2619537 [56294.673779]   963  2298 D ThermaPlan->Batch: {"func":"Batch->add()","batch":{"what":"BATCH","start":315360057254,"end":551880056972,"flags":0,"flagsBinary":"0","oldStart":315360057240,"oldEnd":551880056972}}
43424168-e44e-473a-bf12-dba8a4a4453a 2016-12-13 11:24:46.86390639 2619538 [56294.673969]   963  2298 D ThermaPlan->Batch: {"func":"Batch->add()","batch":{"what":"BATCH","start":315360057257,"end":551880056972,"flags":0,"flagsBinary":"0","oldStart":315360057254,"oldEnd":551880056972}}
43424168-e44e-473a-bf12-dba8a4a4453a 2016-12-13 11:24:46.86390639 2619539 [56294.674155]   963  2298 D ThermaPlan->Batch: {"func":"Batch->add()","batch":{"what":"BATCH","start":315360057259,"end":551880056972,"flags":0,"flagsBinary":"0","oldStart":315360057257,"oldEnd":551880056972}}
43424168-e44e-473a-bf12-dba8a4a4453a 2016-12-13 11:24:46.86390639 2619540 [56294.674338]   963  2298 D ThermaPlan->Batch: {"func":"Batch->add()","batch":{"what":"BATCH","start":315360094195,"end":551880056972,"flags":0,"flagsBinary":"0","oldStart":315360057259,"oldEnd":551880056972}}
43424168-e44e-473a-bf12-dba8a4a4453a 2016-12-13 11:24:46.86390639 2619541 [56294.674545]   963  2298 D ThermaPlan->Batch: {"func":"Batch->add()","batch":{"what":"BATCH","start":315360113203,"end":551880056972,"flags":0,"flagsBinary":"0","oldStart":315360094195,"oldEnd":551880056972}}
43424168-e44e-473a-bf12-dba8a4a4453a 2016-12-13 11:24:46.86390639 2619542 [56294.674729]   963  2298 D ThermaPlan->Batch: {"func":"Batch->add()","batch":{"what":"BATCH","start":315399259724,"end":551880056972,"flags":0,"flagsBinary":"0","oldStart":315360113203,"oldEnd":551880056972}}
43424168-e44e-473a-bf12-dba8a4a4453a 2016-12-13 11:24:46.86390639 2619543 [56294.674913]   963  2298 D ThermaPlan->Batch: {"func":"Batch->add()","batch":{"what":"BATCH","start":315399259747,"end":551880056972,"flags":0,"flagsBinary":"0","oldStart":315399259724,"oldEnd":551880056972}}
43424168-e44e-473a-bf12-dba8a4a4453a 2016-12-13 11:24:46.86390639 2619544 [56294.675101]   963  2298 D ThermaPlan->Batch: {"func":"Batch->add()","batch":{"what":"BATCH","start":315572926898,"end":551880056972,"flags":0,"flagsBinary":"0","oldStart":315399259747,"oldEnd":551880056972}}
43424168-e44e-473a-bf12-dba8a4a4453a 2016-12-13 11:24:46.96390639 2619545 [56294.680767]   963  1477 D ThermaPlan->AlarmManagerService: {"func":"AlarmManagerService->mService->set","pid":27410,"uid":10097,"flagsBinary":"1","flags":1,"type":2,"triggerAtTime":216229033,"nowELAPSED":213576828,"rtc":1481646286101,"windowLength":0,"interval":0,"creatorPkg":"com.facebook.katana","targetPkg":"com.facebook.katana"}
43424168-e44e-473a-bf12-dba8a4a4453a 2016-12-13 11:24:46.106390639 2619546 [56294.690006]   388   388 D Kernel-Trace:     kworker/2:2H-10277 [002] ...1 56294.589780: cpu_frequency: state=1497600 cpu_id=2
43424168-e44e-473a-bf12-dba8a4a4453a 2016-12-13 11:24:46.106390639 2619547 [56294.690035]   388   388 D Kernel-Trace:     kworker/1:2H-12491 [001] ...1 56294.629773: cpu_frequency: state=652800 cpu_id=1
43424168-e44e-473a-bf12-dba8a4a4453a 2016-12-13 11:24:46.106390639 2619548 [56294.690060]   388   388 D Kernel-Trace:     kworker/2:2H-10277 [002] ...1 56294.669561: cpu_frequency: state=883200 cpu_id=2
43424168-e44e-473a-bf12-dba8a4a4453a 2016-12-13 11:24:46.106390639 2619549 [56294.690080]   388   388 D Kernel-Trace:     kworker/1:2H-12491 [001] ...1 56294.670038: cpu_frequency: state=422400 cpu_id=1
43424168-e44e-473a-bf12-dba8a4a4453a 2016-12-13 11:24:46.106390639 2619550 [56294.690100]   388   388 D Kernel-Trace:     kworker/1:2H-12491 [001] ...1 56294.689791: cpu_frequency: state=652800 cpu_id=1
43424168-e44e-473a-bf12-dba8a4a4453a 2016-12-13 11:24:46.116390639 2619551 [56294.707340]   963  1893 D ThermaPlan->AlarmManagerService: {"func":"AlarmManagerService->mService->set","pid":1821,"uid":10014,"flagsBinary":"0","flags":0,"type":2,"triggerAtTime":213741687,"nowELAPSED":213576854,"rtc":1481646286127,"windowLength":-1,"interval":0,"creatorPkg":"com.google.android.gms","targetPkg":"com.google.android.gms"}
43424168-e44e-473a-bf12-dba8a4a4453a 2016-12-13 11:24:46.116390639 2619552 [56294.707771]   963  1893 D ThermaPlan->Batch: {"func":"Batch->add()","batch":{"what":"BATCH","start":213831840,"end":213865311,"flags":0,"flagsBinary":"0","oldStart":213831840,"oldEnd":213869340}}
43424168-e44e-473a-bf12-dba8a4a4453a 2016-12-13 11:24:46.206390638 2619553 [56294.790311]   388   388 D Kernel-Trace:      kworker/0:4-27226 [000] ...1 56294.699528: thermal_temp: sensor_id=5 temp=40
43424168-e44e-473a-bf12-dba8a4a4453a 2016-12-13 11:24:46.206390638 2619554 [56294.790398]   388   388 D Kernel-Trace:     kworker/2:2H-10277 [002] ...1 56294.710277: cpu_frequency: state=422400 cpu_id=2
43424168-e44e-473a-bf12-dba8a4a4453a 2016-12-13 11:24:46.206390638 2619555 [56294.790432]   388   388 D Kernel-Trace:     kworker/1:2H-12491 [001] ...1 56294.750254: cpu_frequency: state=300000 cpu_id=1
43424168-e44e-473a-bf12-dba8a4a4453a 2016-12-13 11:24:46.206390638 2619556 [56294.790459]   388   388 D Kernel-Trace:     kworker/2:2H-10277 [002] ...1 56294.751162: cpu_frequency: state=300000 cpu_id=2
43424168-e44e-473a-bf12-dba8a4a4453a 2016-12-13 11:24:46.206390638 2619557 [56294.790487]   388   388 D Kernel-Trace:     kworker/0:0H-7043  [000] ...1 56294.781001: cpu_frequency: state=300000 cpu_id=0
43424168-e44e-473a-bf12-dba8a4a4453a 2016-12-13 11:24:46.406390638 2619558 [56294.990891]   388   388 D Kernel-Trace:      kworker/0:4-27226 [000] ...1 56294.949617: thermal_temp: sensor_id=5 temp=33
43424168-e44e-473a-bf12-dba8a4a4453a 2016-12-13 11:24:46.706390638 2619559 [56295.291172]   388   388 D Kernel-Trace:      kworker/0:4-27226 [000] ...1 56295.199850: thermal_temp: sensor_id=5 temp=32
43424168-e44e-473a-bf12-dba8a4a4453a 2016-12-13 11:24:46.796390638 2619560 [56295.386855]   963  1477 I Network-Telephony-PhoneLab: {"Action":"android.intent.action.SIG_STR","SignalStrength":{"Type":"CDMA","Level":1,"Strength":-99,"Asu":1},"timestamp":1481646286806,"uptimeNanos":213577533994747,"LogFormat":"1.1"}
43424168-e44e-473a-bf12-dba8a4a4453a 2016-12-13 11:24:46.906390638 2619561 [56295.491219]   388   388 D Kernel-Trace:      kworker/0:4-27226 [000] ...1 56295.451433: thermal_temp: sensor_id=5 temp=32
43424168-e44e-473a-bf12-dba8a4a4453a 2016-12-13 11:24:47.206390638 2619562 [56295.789756]   388   388 D Kernel-Trace:      kworker/0:4-27226 [000] ...1 56295.699811: thermal_temp: sensor_id=5 temp=32
43424168-e44e-473a-bf12-dba8a4a4453a 2016-12-13 11:24:47.206390638 2619563 [56295.789794]   388   388 D Kernel-Trace:     kworker/0:0H-7043  [000] ...1 56295.750901: cpu_frequency: state=1497600 cpu_id=0
43424168-e44e-473a-bf12-dba8a4a4453a 2016-12-13 11:24:47.206390638 2619564 [56295.789803]   388   388 D Kernel-Trace:     kworker/3:2H-12900 [003] ...1 56295.751298: cpu_frequency: state=1497600 cpu_id=3
43424168-e44e-473a-bf12-dba8a4a4453a 2016-12-13 11:24:47.306390638 2619565 [56295.890047]   388   388 D Kernel-Trace:     kworker/0:0H-7043  [000] ...1 56295.790579: cpu_frequency: state=300000 cpu_id=0
43424168-e44e-473a-bf12-dba8a4a4453a 2016-12-13 11:24:47.306390638 2619566 [56295.890135]   388   388 D Kernel-Trace:     kworker/3:2H-12900 [003] ...1 56295.874398: cpu_frequency: state=300000 cpu_id=3
43424168-e44e-473a-bf12-dba8a4a4453a 2016-12-13 11:24:47.406390638 2619567 [56295.991098]   388   388 D Kernel-Trace:      kworker/0:4-27226 [000] ...1 56295.949842: thermal_temp: sensor_id=5 temp=32
43424168-e44e-473a-bf12-dba8a4a4453a 2016-12-13 11:24:47.686390638 2619568 [56296.270010]   387   387 D KernelPrintk: 6,349714,56296260349,-;CFG80211-ERROR) wl_notify_pfn_status : >>> PNO Event
43424168-e44e-473a-bf12-dba8a4a4453a 2016-12-13 11:24:47.686390638 2619569 [56296.270139]   387   387 D KernelPrintk: 4,349715,56296260586,-;>>> SSID:eduroam Channel:112 
43424168-e44e-473a-bf12-dba8a4a4453a 2016-12-13 11:24:47.686390638 2619570 [56296.270215]   387   387 D KernelPrintk: 4,349716,56296260624,-;>>> SSID:AP4-5 Channel:40 
43424168-e44e-473a-bf12-dba8a4a4453a 2016-12-13 11:24:47.686390638 2619571 [56296.270285]   387   387 D KernelPrintk: 4,349717,56296260654,-;>>> SSID:phonelab Channel:1 
43424168-e44e-473a-bf12-dba8a4a4453a 2016-12-13 11:24:47.706390638 2619572 [56296.289923]   388   388 D Kernel-Trace:      kworker/0:4-27226 [000] ...1 56296.199901: thermal_temp: sensor_id=5 temp=32
43424168-e44e-473a-bf12-dba8a4a4453a 2016-12-13 11:24:47.826390638 2619573 [56296.409648]   387   387 D KernelPrintk: 4,349718,56296409268,-;>> SCHED SCAN RESULT 3
43424168-e44e-473a-bf12-dba8a4a4453a 2016-12-13 11:24:47.836390638 2619574 [56296.424680]   963  1378 D ThermaPlan->AlarmManagerService: {"func":"AlarmManagerService->mService->set","pid":963,"uid":1000,"flagsBinary":"1000","flags":8,"type":0,"triggerAtTime":1481646317844,"nowELAPSED":213578571,"rtc":1481646287844,"windowLength":-1,"interval":0,"creatorPkg":"android","targetPkg":"android"}
43424168-e44e-473a-bf12-dba8a4a4453a 2016-12-13 11:24:47.866390638 2619575 [56296.450151]   963  1378 D WifiStateMachine: shouldSwitchNetwork  txSuccessRate=67312.00 rxSuccessRate=121582.50 delta 1000 -> 1
43424168-e44e-473a-bf12-dba8a4a4453a 2016-12-13 11:24:47.866390638 2619576 [56296.452174]   963  1378 D WifiStateMachine: CMD_AUTO_CONNECT sup state DisconnectedState my state DisconnectedState nid=5 roam=3
43424168-e44e-473a-bf12-dba8a4a4453a 2016-12-13 11:24:47.866390638 2619577 [56296.452322]   963  1378 D WifiStateMachine: CMD_AUTO_CONNECT will save config -> "AP4-5" nid=5
43424168-e44e-473a-bf12-dba8a4a4453a 2016-12-13 11:24:47.906390638 2619578 [56296.489890]   388   388 D Kernel-Trace:     kworker/0:0H-7043  [000] ...1 56296.390783: cpu_frequency: state=1497600 cpu_id=0
43424168-e44e-473a-bf12-dba8a4a4453a 2016-12-13 11:24:47.906390638 2619579 [56296.489956]   388   388 D Kernel-Trace:     kworker/0:0H-7043  [000] ...1 56296.420753: cpu_frequency: state=300000 cpu_id=0
43424168-e44e-473a-bf12-dba8a4a4453a 2016-12-13 11:24:47.906390638 2619580 [56296.489989]   388   388 D Kernel-Trace:     kworker/1:2H-12491 [001] ...1 56296.422090: cpu_frequency: state=1497600 cpu_id=1
43424168-e44e-473a-bf12-dba8a4a4453a 2016-12-13 11:24:47.906390638 2619581 [56296.490019]   388   388 D Kernel-Trace:     kworker/0:0H-7043  [000] ...1 56296.439903: cpu_frequency: state=1497600 cpu_id=0
43424168-e44e-473a-bf12-dba8a4a4453a 2016-12-13 11:24:47.906390638 2619582 [56296.490045]   388   388 D Kernel-Trace:      kworker/0:4-27226 [000] ...1 56296.449557: thermal_temp: sensor_id=5 temp=32
43424168-e44e-473a-bf12-dba8a4a4453a 2016-12-13 11:24:47.906390638 2619583 [56296.490076]   388   388 D Kernel-Trace:     kworker/1:2H-12491 [001] ...1 56296.460019: cpu_frequency: state=1036800 cpu_id=1
43424168-e44e-473a-bf12-dba8a4a4453a 2016-12-13 11:24:47.906390638 2619584 [56296.490104]   388   388 D Kernel-Trace:     kworker/2:2H-10277 [002] ...1 56296.469713: cpu_frequency: state=1497600 cpu_id=2
43424168-e44e-473a-bf12-dba8a4a4453a 2016-12-13 11:24:47.906390638 2619585 [56296.491837]   963  1378 D WifiStateMachine: CMD_AUTO_CONNECT did save config ->  nid=5
43424168-e44e-473a-bf12-dba8a4a4453a 2016-12-13 11:24:47.906390638 2619586 [56296.493512]  1417  1417 I wpa_supplicant: wlan0: Trying to associate with SSID 'AP4-5'
43424168-e44e-473a-bf12-dba8a4a4453a 2016-12-13 11:24:47.916390638 2619587 [56296.499627]   387   387 D KernelPrintk: 6,349719,56296495142,-;CFG80211-ERROR) wl_cfg80211_sched_scan_stop : >>> SCHED SCAN STOP
43424168-e44e-473a-bf12-dba8a4a4453a 2016-12-13 11:24:47.926390638 2619588 [56296.509570]   387   387 D KernelPrintk: 6,349720,56296508054,-;CFG80211-ERROR) wl_cfg80211_connect : Connecting to ff:ff:ff:ff:ff:ff with channel (40) ssid AP4-5
43424168-e44e-473a-bf12-dba8a4a4453a 2016-12-13 11:24:47.926390638 2619589 [56296.509607]   963  1378 D ThermaPlan->AlarmManagerService: {"func":"AlarmManagerService->mService->set","pid":963,"uid":1000,"flagsBinary":"1000","flags":8,"type":0,"triggerAtTime":1481646347929,"nowELAPSED":213578656,"rtc":1481646287929,"windowLength":-1,"interval":0,"creatorPkg":"android","targetPkg":"android"}
43424168-e44e-473a-bf12-dba8a4a4453a 2016-12-13 11:24:47.926390638 2619590 [56296.511535]   963  1378 D ThermaPlan->Batch: {"func":"Batch->add()","batch":{"what":"BATCH","start":213700771,"end":213730771,"flags":0,"flagsBinary":"0","oldStart":213650727,"oldEnd":213740727}}
43424168-e44e-473a-bf12-dba8a4a4453a 2016-12-13 11:24:47.926390638 2619591 [56296.511853]   963  1378 D ThermaPlan->Batch: {"func":"Batch->add()","batch":{"what":"BATCH","start":213711754,"end":213730771,"flags":8,"flagsBinary":"1000","oldStart":213700771,"oldEnd":213730771}}
43424168-e44e-473a-bf12-dba8a4a4453a 2016-12-13 11:24:47.926390638 2619592 [56296.512439]   963  1378 D ThermaPlan->Batch: {"func":"Batch->add()","batch":{"what":"BATCH","start":213831840,"end":213865311,"flags":0,"flagsBinary":"0","oldStart":213741687,"oldEnd":213865311}}
43424168-e44e-473a-bf12-dba8a4a4453a 2016-12-13 11:24:47.926390638 2619593 [56296.514062]   963  1378 D ThermaPlan->Batch: {"func":"Batch->add()","batch":{"what":"BATCH","start":214276095,"end":214951095,"flags":8,"flagsBinary":"1000","oldStart":214251322,"oldEnd":215601322}}
43424168-e44e-473a-bf12-dba8a4a4453a 2016-12-13 11:24:47.926390638 2619594 [56296.514390]   963  1378 D ThermaPlan->Batch: {"func":"Batch->add()","batch":{"what":"BATCH","start":214278171,"end":214951095,"flags":8,"flagsBinary":"1000","oldStart":214276095,"oldEnd":214951095}}
43424168-e44e-473a-bf12-dba8a4a4453a 2016-12-13 11:24:47.926390638 2619595 [56296.514736]   963  1378 D ThermaPlan->Batch: {"func":"Batch->add()","batch":{"what":"BATCH","start":214278914,"end":214951095,"flags":8,"flagsBinary":"1000","oldStart":214278171,"oldEnd":214951095}}
43424168-e44e-473a-bf12-dba8a4a4453a 2016-12-13 11:24:47.926390638 2619596 [56296.515096]   963  1378 D ThermaPlan->Batch: {"func":"Batch->add()","batch":{"what":"BATCH","start":214278988,"end":214951095,"flags":8,"flagsBinary":"1000","oldStart":214278914,"oldEnd":214951095}}
43424168-e44e-473a-bf12-dba8a4a4453a 2016-12-13 11:24:47.926390638 2619597 [56296.515438]   963  1378 D ThermaPlan->Batch: {"func":"Batch->add()","batch":{"what":"BATCH","start":214281415,"end":214951095,"flags":8,"flagsBinary":"1000","oldStart":214278988,"oldEnd":214951095}}
43424168-e44e-473a-bf12-dba8a4a4453a 2016-12-13 11:24:47.926390638 2619598 [56296.515826]   963  1378 D ThermaPlan->Batch: {"func":"Batch->add()","batch":{"what":"BATCH","start":214281680,"end":214951095,"flags":8,"flagsBinary":"1000","oldStart":214281415,"oldEnd":214951095}}
43424168-e44e-473a-bf12-dba8a4a4453a 2016-12-13 11:24:47.926390638 2619599 [56296.516232]   963  1378 D ThermaPlan->Batch: {"func":"Batch->add()","batch":{"what":"BATCH","start":214282094,"end":214951095,"flags":8,"flagsBinary":"1000","oldStart":214281680,"oldEnd":214951095}}
43424168-e44e-473a-bf12-dba8a4a4453a 2016-12-13 11:24:47.926390638 2619600 [56296.516571]   963  1378 D ThermaPlan->Batch: {"func":"Batch->add()","batch":{"what":"BATCH","start":214282211,"end":214951095,"flags":8,"flagsBinary":"1000","oldStart":214282094,"oldEnd":214951095}}
43424168-e44e-473a-bf12-dba8a4a4453a 2016-12-13 11:24:47.926390638 2619601 [56296.516928]   963  1378 D ThermaPlan->Batch: {"func":"Batch->add()","batch":{"what":"BATCH","start":214282485,"end":214951095,"flags":8,"flagsBinary":"1000","oldStart":214282211,"oldEnd":214951095}}
43424168-e44e-473a-bf12-dba8a4a4453a 2016-12-13 11:24:47.926390638 2619602 [56296.517279]   963  1378 D ThermaPlan->Batch: {"func":"Batch->add()","batch":{"what":"BATCH","start":214294563,"end":214951095,"flags":8,"flagsBinary":"1000","oldStart":214282485,"oldEnd":214951095}}
43424168-e44e-473a-bf12-dba8a4a4453a 2016-12-13 11:24:47.926390638 2619603 [56296.517663]   963  1378 D ThermaPlan->Batch: {"func":"Batch->add()","batch":{"what":"BATCH","start":214733823,"end":214951095,"flags":8,"flagsBinary":"1000","oldStart":214294563,"oldEnd":214951095}}
43424168-e44e-473a-bf12-dba8a4a4453a 2016-12-13 11:24:47.926390638 2619604 [56296.518014]   963  1378 D ThermaPlan->Batch: {"func":"Batch->add()","batch":{"what":"BATCH","start":214750705,"end":214951095,"flags":8,"flagsBinary":"1000","oldStart":214733823,"oldEnd":214951095}}
43424168-e44e-473a-bf12-dba8a4a4453a 2016-12-13 11:24:47.936390638 2619605 [56296.522954]   963  1378 D ThermaPlan->Batch: {"func":"Batch->add()","batch":{"what":"BATCH","start":215759162,"end":219062073,"flags":8,"flagsBinary":"1000","oldStart":215226149,"oldEnd":219062073}}
43424168-e44e-473a-bf12-dba8a4a4453a 2016-12-13 11:24:47.936390638 2619606 [56296.523319]   963  1378 D ThermaPlan->Batch: {"func":"Batch->add()","batch":{"what":"BATCH","start":216082518,"end":218782518,"flags":8,"flagsBinary":"1000","oldStart":215759162,"oldEnd":219062073}}
43424168-e44e-473a-bf12-dba8a4a4453a 2016-12-13 11:24:47.936390638 2619607 [56296.523650]   963  1378 D ThermaPlan->Batch: {"func":"Batch->add()","batch":{"what":"BATCH","start":216144078,"end":218782518,"flags":8,"flagsBinary":"1000","oldStart":216082518,"oldEnd":218782518}}
43424168-e44e-473a-bf12-dba8a4a4453a 2016-12-13 11:24:47.936390638 2619608 [56296.523966]   963  1378 D ThermaPlan->Batch: {"func":"Batch->add()","batch":{"what":"BATCH","start":216526830,"end":218782518,"flags":8,"flagsBinary":"1000","oldStart":216144078,"oldEnd":218782518}}
43424168-e44e-473a-bf12-dba8a4a4453a 2016-12-13 11:24:47.936390638 2619609 [56296.524281]   963  1378 D ThermaPlan->Batch: {"func":"Batch->add()","batch":{"what":"BATCH","start":217737182,"end":218037182,"flags":8,"flagsBinary":"1000","oldStart":216526830,"oldEnd":218782518}}
43424168-e44e-473a-bf12-dba8a4a4453a 2016-12-13 11:24:47.936390638 2619610 [56296.524843]   963  1378 D ThermaPlan->Batch: {"func":"Batch->add()","batch":{"what":"BATCH","start":220150599,"end":224060132,"flags":0,"flagsBinary":"0","oldStart":219290728,"oldEnd":224060132}}
43424168-e44e-473a-bf12-dba8a4a4453a 2016-12-13 11:24:47.936390638 2619611 [56296.525190]   963  1378 D ThermaPlan->Batch: {"func":"Batch->add()","batch":{"what":"BATCH","start":220380550,"end":224060132,"flags":0,"flagsBinary":"0","oldStart":220150599,"oldEnd":224060132}}
43424168-e44e-473a-bf12-dba8a4a4453a 2016-12-13 11:24:47.936390638 2619612 [56296.526164]   963  1378 D ThermaPlan->Batch: {"func":"Batch->add()","batch":{"what":"BATCH","start":230499939,"end":240422669,"flags":0,"flagsBinary":"0","oldStart":224222674,"oldEnd":240422669}}
43424168-e44e-473a-bf12-dba8a4a4453a 2016-12-13 11:24:47.936390638 2619613 [56296.526489]   963  1378 D ThermaPlan->Batch: {"func":"Batch->add()","batch":{"what":"BATCH","start":231188198,"end":240422669,"flags":0,"flagsBinary":"0","oldStart":230499939,"oldEnd":240422669}}
43424168-e44e-473a-bf12-dba8a4a4453a 2016-12-13 11:24:47.936390638 2619614 [56296.526809]   963  1378 D ThermaPlan->Batch: {"func":"Batch->add()","batch":{"what":"BATCH","start":231548284,"end":240422669,"flags":0,"flagsBinary":"0","oldStart":231188198,"oldEnd":240422669}}
43424168-e44e-473a-bf12-dba8a4a4453a 2016-12-13 11:24:47.936390638 2619615 [56296.527157]   963  1378 D ThermaPlan->Batch: {"func":"Batch->add()","batch":{"what":"BATCH","start":240305189,"end":240422669,"flags":8,"flagsBinary":"1000","oldStart":231548284,"oldEnd":240422669}}
43424168-e44e-473a-bf12-dba8a4a4453a 2016-12-13 11:24:47.936390638 2619616 [56296.528911]   963  1378 D ThermaPlan->Batch: {"func":"Batch->add()","batch":{"what":"BATCH","start":249541608,"end":282059671,"flags":0,"flagsBinary":"0","oldStart":248330836,"oldEnd":313495978}}
43424168-e44e-473a-bf12-dba8a4a4453a 2016-12-13 11:24:47.936390638 2619617 [56296.529264]   963  1378 D ThermaPlan->Batch: {"func":"Batch->add()","batch":{"what":"BATCH","start":249641515,"end":280795765,"flags":0,"flagsBinary":"0","oldStart":249541608,"oldEnd":282059671}}
43424168-e44e-473a-bf12-dba8a4a4453a 2016-12-13 11:24:47.946390638 2619618 [56296.529678]   963  1378 D ThermaPlan->Batch: {"func":"Batch->add()","batch":{"what":"BATCH","start":258890728,"end":280795765,"flags":0,"flagsBinary":"0","oldStart":249641515,"oldEnd":280795765}}
43424168-e44e-473a-bf12-dba8a4a4453a 2016-12-13 11:24:47.946390638 2619619 [56296.530037]   963  1378 D ThermaPlan->Batch: {"func":"Batch->add()","batch":{"what":"BATCH","start":259200000,"end":280795765,"flags":0,"flagsBinary":"0","oldStart":258890728,"oldEnd":280795765}}
43424168-e44e-473a-bf12-dba8a4a4453a 2016-12-13 11:24:47.946390638 2619620 [56296.530427]   963  1378 D ThermaPlan->Batch: {"func":"Batch->add()","batch":{"what":"BATCH","start":259252542,"end":280795765,"flags":8,"flagsBinary":"1000","oldStart":259200000,"oldEnd":280795765}}
43424168-e44e-473a-bf12-dba8a4a4453a 2016-12-13 11:24:47.946390638 2619621 [56296.530779]   963  1378 D ThermaPlan->Batch: {"func":"Batch->add()","batch":{"what":"BATCH","start":259281310,"end":280795765,"flags":8,"flagsBinary":"1000","oldStart":259252542,"oldEnd":280795765}}
43424168-e44e-473a-bf12-dba8a4a4453a 2016-12-13 11:24:47.946390638 2619622 [56296.531123]   963  1378 D ThermaPlan->Batch: {"func":"Batch->add()","batch":{"what":"BATCH","start":259345161,"end":280795765,"flags":8,"flagsBinary":"1000","oldStart":259281310,"oldEnd":280795765}}
43424168-e44e-473a-bf12-dba8a4a4453a 2016-12-13 11:24:47.946390638 2619623 [56296.531475]   963  1378 D ThermaPlan->Batch: {"func":"Batch->add()","batch":{"what":"BATCH","start":259786617,"end":280795765,"flags":8,"flagsBinary":"1000","oldStart":259345161,"oldEnd":280795765}}
43424168-e44e-473a-bf12-dba8a4a4453a 2016-12-13 11:24:47.946390638 2619624 [56296.531824]   963  1378 D ThermaPlan->Batch: {"func":"Batch->add()","batch":{"what":"BATCH","start":261333689,"end":280795765,"flags":8,"flagsBinary":"1000","oldStart":259786617,"oldEnd":280795765}}
43424168-e44e-473a-bf12-dba8a4a4453a 2016-12-13 11:24:47.946390638 2619625 [56296.532192]   963  1378 D ThermaPlan->Batch: {"func":"Batch->add()","batch":{"what":"BATCH","start":270989138,"end":280795765,"flags":8,"flagsBinary":"1000","oldStart":261333689,"oldEnd":280795765}}
43424168-e44e-473a-bf12-dba8a4a4453a 2016-12-13 11:24:47.946390638 2619626 [56296.536017]   963  1378 D ThermaPlan->Batch: {"func":"Batch->add()","batch":{"what":"BATCH","start":292490680,"end":331748773,"flags":0,"flagsBinary":"0","oldStart":280825099,"oldEnd":331748773}}
43424168-e44e-473a-bf12-dba8a4a4453a 2016-12-13 11:24:47.946390638 2619627 [56296.536387]   963  1378 D ThermaPlan->Batch: {"func":"Batch->add()","batch":{"what":"BATCH","start":296563796,"end":331748773,"flags":0,"flagsBinary":"0","oldStart":292490680,"oldEnd":331748773}}
43424168-e44e-473a-bf12-dba8a4a4453a 2016-12-13 11:24:47.946390638 2619628 [56296.536704]   963  1378 D ThermaPlan->Batch: {"func":"Batch->add()","batch":{"what":"BATCH","start":299976529,"end":331748773,"flags":8,"flagsBinary":"1000","oldStart":296563796,"oldEnd":331748773}}
43424168-e44e-473a-bf12-dba8a4a4453a 2016-12-13 11:24:47.946390638 2619629 [56296.537319]   963  1378 D ThermaPlan->Batch: {"func":"Batch->add()","batch":{"what":"BATCH","start":605813325,"end":1058493260,"flags":0,"flagsBinary":"0","oldStart":604893262,"oldEnd":1058493260}}
43424168-e44e-473a-bf12-dba8a4a4453a 2016-12-13 11:24:47.946390638 2619630 [56296.537702]   963  1378 D ThermaPlan->Batch: {"func":"Batch->add()","batch":{"what":"BATCH","start":624143935,"end":992076404,"flags":0,"flagsBinary":"0","oldStart":605813325,"oldEnd":1058493260}}
43424168-e44e-473a-bf12-dba8a4a4453a 2016-12-13 11:24:47.946390638 2619631 [56296.538084]   963  1378 D ThermaPlan->Batch: {"func":"Batch->add()","batch":{"what":"BATCH","start":694490727,"end":992076404,"flags":0,"flagsBinary":"0","oldStart":624143935,"oldEnd":992076404}}
43424168-e44e-473a-bf12-dba8a4a4453a 2016-12-13 11:24:47.946390638 2619632 [56296.538636]   963  1378 D ThermaPlan->Batch: {"func":"Batch->add()","batch":{"what":"BATCH","start":701674709,"end":992076404,"flags":0,"flagsBinary":"0","oldStart":694490727,"oldEnd":992076404}}
43424168-e44e-473a-bf12-dba8a4a4453a 2016-12-13 11:24:47.956390638 2619633 [56296.539985]   963  1378 D ThermaPlan->Batch: {"func":"Batch->add()","batch":{"what":"BATCH","start":315360057206,"end":551880056972,"flags":0,"flagsBinary":"0","oldStart":315360056973,"oldEnd":551880056972}}
43424168-e44e-473a-bf12-dba8a4a4453a 2016-12-13 11:24:47.956390638 2619634 [56296.540311]   963  1378 D ThermaPlan->Batch: {"func":"Batch->add()","batch":{"what":"BATCH","start":315360057236,"end":551880056972,"flags":0,"flagsBinary":"0","oldStart":315360057206,"oldEnd":551880056972}}
43424168-e44e-473a-bf12-dba8a4a4453a 2016-12-13 11:24:47.956390638 2619635 [56296.540606]   963  1378 D ThermaPlan->Batch: {"func":"Batch->add()","batch":{"what":"BATCH","start":315360057240,"end":551880056972,"flags":0,"flagsBinary":"0","oldStart":315360057236,"oldEnd":551880056972}}
43424168-e44e-473a-bf12-dba8a4a4453a 2016-12-13 11:24:47.956390638 2619636 [56296.540921]   963  1378 D ThermaPlan->Batch: {"func":"Batch->add()","batch":{"what":"BATCH","start":315360057254,"end":551880056972,"flags":0,"flagsBinary":"0","oldStart":315360057240,"oldEnd":551880056972}}
43424168-e44e-473a-bf12-dba8a4a4453a 2016-12-13 11:24:47.956390638 2619637 [56296.541224]   963  1378 D ThermaPlan->Batch: {"func":"Batch->add()","batch":{"what":"BATCH","start":315360057257,"end":551880056972,"flags":0,"flagsBinary":"0","oldStart":315360057254,"oldEnd":551880056972}}
43424168-e44e-473a-bf12-dba8a4a4453a 2016-12-13 11:24:47.956390638 2619638 [56296.541555]   963  1378 D ThermaPlan->Batch: {"func":"Batch->add()","batch":{"what":"BATCH","start":315360057259,"end":551880056972,"flags":0,"flagsBinary":"0","oldStart":315360057257,"oldEnd":551880056972}}
43424168-e44e-473a-bf12-dba8a4a4453a 2016-12-13 11:24:47.956390638 2619639 [56296.541870]   963  1378 D ThermaPlan->Batch: {"func":"Batch->add()","batch":{"what":"BATCH","start":315360094195,"end":551880056972,"flags":0,"flagsBinary":"0","oldStart":315360057259,"oldEnd":551880056972}}
43424168-e44e-473a-bf12-dba8a4a4453a 2016-12-13 11:24:47.956390638 2619640 [56296.542188]   963  1378 D ThermaPlan->Batch: {"func":"Batch->add()","batch":{"what":"BATCH","start":315360113203,"end":551880056972,"flags":0,"flagsBinary":"0","oldStart":315360094195,"oldEnd":551880056972}}
43424168-e44e-473a-bf12-dba8a4a4453a 2016-12-13 11:24:47.956390638 2619641 [56296.542493]   963  1378 D ThermaPlan->Batch: {"func":"Batch->add()","batch":{"what":"BATCH","start":315399259724,"end":551880056972,"flags":0,"flagsBinary":"0","oldStart":315360113203,"oldEnd":551880056972}}
43424168-e44e-473a-bf12-dba8a4a4453a 2016-12-13 11:24:47.956390638 2619642 [56296.542793]   963  1378 D ThermaPlan->Batch: {"func":"Batch->add()","batch":{"what":"BATCH","start":315399259747,"end":551880056972,"flags":0,"flagsBinary":"0","oldStart":315399259724,"oldEnd":551880056972}}
43424168-e44e-473a-bf12-dba8a4a4453a 2016-12-13 11:24:47.956390638 2619643 [56296.543101]   963  1378 D ThermaPlan->Batch: {"func":"Batch->add()","batch":{"what":"BATCH","start":315572926898,"end":551880056972,"flags":0,"flagsBinary":"0","oldStart":315399259747,"oldEnd":551880056972}}
43424168-e44e-473a-bf12-dba8a4a4453a 2016-12-13 11:24:47.966390638 2619644 [56296.552676]  3212  3212 D PhoneLabServices-AgreementTask: Intent fired, action = android.net.wifi.STATE_CHANGE
43424168-e44e-473a-bf12-dba8a4a4453a 2016-12-13 11:24:47.966390638 2619645 [56296.552833]  3212  3212 D PhoneLabServices-AgreementTask: Wifi not connected.
43424168-e44e-473a-bf12-dba8a4a4453a 2016-12-13 11:24:48.6390638 2619646 [56296.589830]   388   388 D Kernel-Trace:     kworker/0:0H-7043  [000] ...1 56296.500261: cpu_frequency: state=1267200 cpu_id=0
43424168-e44e-473a-bf12-dba8a4a4453a 2016-12-13 11:24:48.6390638 2619647 [56296.589864]   388   388 D Kernel-Trace:     kworker/1:2H-12491 [001] ...1 56296.509670: cpu_frequency: state=960000 cpu_id=1
43424168-e44e-473a-bf12-dba8a4a4453a 2016-12-13 11:24:48.6390638 2619648 [56296.589873]   388   388 D Kernel-Trace:     kworker/2:2H-10277 [002] ...1 56296.510216: cpu_frequency: state=652800 cpu_id=2
43424168-e44e-473a-bf12-dba8a4a4453a 2016-12-13 11:24:48.6390638 2619649 [56296.589880]   388   388 D Kernel-Trace:     kworker/0:0H-7043  [000] ...1 56296.539774: cpu_frequency: state=1497600 cpu_id=0
43424168-e44e-473a-bf12-dba8a4a4453a 2016-12-13 11:24:48.6390638 2619650 [56296.589888]   388   388 D Kernel-Trace:     kworker/1:2H-12491 [001] ...1 56296.550037: cpu_frequency: state=300000 cpu_id=1
43424168-e44e-473a-bf12-dba8a4a4453a 2016-12-13 11:24:48.6390638 2619651 [56296.589895]   388   388 D Kernel-Trace:     kworker/3:2H-12900 [003] ...1 56296.560074: cpu_frequency: state=1497600 cpu_id=3
43424168-e44e-473a-bf12-dba8a4a4453a 2016-12-13 11:24:48.6390638 2619652 [56296.589902]   388   388 D Kernel-Trace:     kworker/2:2H-10277 [002] ...1 56296.570775: cpu_frequency: state=300000 cpu_id=2
43424168-e44e-473a-bf12-dba8a4a4453a 2016-12-13 11:24:48.106390638 2619653 [56296.690223]   388   388 D Kernel-Trace:     kworker/0:0H-7043  [000] ...1 56296.609860: cpu_frequency: state=300000 cpu_id=0
43424168-e44e-473a-bf12-dba8a4a4453a 2016-12-13 11:24:48.106390638 2619654 [56296.690296]   388   388 D Kernel-Trace:     kworker/1:2H-12491 [001] ...1 56296.610232: cpu_frequency: state=1497600 cpu_id=1
43424168-e44e-473a-bf12-dba8a4a4453a 2016-12-13 11:24:48.106390638 2619655 [56296.690365]   388   388 D Kernel-Trace:     kworker/3:2H-12900 [003] ...1 56296.620350: cpu_frequency: state=300000 cpu_id=3
43424168-e44e-473a-bf12-dba8a4a4453a 2016-12-13 11:24:48.106390638 2619656 [56296.690388]   388   388 D Kernel-Trace:     kworker/2:2H-10277 [002] ...1 56296.630225: cpu_frequency: state=1497600 cpu_id=2
43424168-e44e-473a-bf12-dba8a4a4453a 2016-12-13 11:24:48.106390638 2619657 [56296.690410]   388   388 D Kernel-Trace:     kworker/1:2H-12491 [001] ...1 56296.660008: cpu_frequency: state=300000 cpu_id=1
43424168-e44e-473a-bf12-dba8a4a4453a 2016-12-13 11:24:48.106390638 2619658 [56296.690432]   388   388 D Kernel-Trace:     kworker/0:0H-7043  [000] ...1 56296.669944: cpu_frequency: state=1497600 cpu_id=0
43424168-e44e-473a-bf12-dba8a4a4453a 2016-12-13 11:24:48.106390638 2619659 [56296.690453]   388   388 D Kernel-Trace:     kworker/2:2H-10277 [002] ...1 56296.690061: cpu_frequency: state=300000 cpu_id=2
43424168-e44e-473a-bf12-dba8a4a4453a 2016-12-13 11:24:48.206390638 2619660 [56296.790123]   388   388 D Kernel-Trace:      kworker/0:4-27226 [000] ...1 56296.699597: thermal_temp: sensor_id=5 temp=34
43424168-e44e-473a-bf12-dba8a4a4453a 2016-12-13 11:24:48.206390638 2619661 [56296.790201]   388   388 D Kernel-Trace:     kworker/1:2H-12491 [001] ...1 56296.700137: cpu_frequency: state=1497600 cpu_id=1
43424168-e44e-473a-bf12-dba8a4a4453a 2016-12-13 11:24:48.206390638 2619662 [56296.790235]   388   388 D Kernel-Trace:     kworker/0:0H-7043  [000] ...1 56296.710033: cpu_frequency: state=300000 cpu_id=0
43424168-e44e-473a-bf12-dba8a4a4453a 2016-12-13 11:24:48.206390638 2619663 [56296.790265]   388   388 D Kernel-Trace:     kworker/2:2H-10277 [002] ...1 56296.730105: cpu_frequency: state=1497600 cpu_id=2
43424168-e44e-473a-bf12-dba8a4a4453a 2016-12-13 11:24:48.206390638 2619664 [56296.790297]   388   388 D Kernel-Trace:     kworker/1:2H-12491 [001] ...1 56296.740006: cpu_frequency: state=300000 cpu_id=1
43424168-e44e-473a-bf12-dba8a4a4453a 2016-12-13 11:24:48.206390638 2619665 [56296.790325]   388   388 D Kernel-Trace:     kworker/0:0H-7043  [000] ...1 56296.750266: cpu_frequency: state=1497600 cpu_id=0
43424168-e44e-473a-bf12-dba8a4a4453a 2016-12-13 11:24:48.206390638 2619666 [56296.790349]   388   388 D Kernel-Trace:     kworker/2:2H-10277 [002] ...1 56296.770215: cpu_frequency: state=300000 cpu_id=2
43424168-e44e-473a-bf12-dba8a4a4453a 2016-12-13 11:24:48.206390638 2619667 [56296.790379]   388   388 D Kernel-Trace:     kworker/1:2H-12491 [001] ...1 56296.780153: cpu_frequency: state=1497600 cpu_id=1
43424168-e44e-473a-bf12-dba8a4a4453a 2016-12-13 11:24:48.306390638 2619668 [56296.890377]   388   388 D Kernel-Trace:     kworker/0:0H-7043  [000] ...1 56296.792019: cpu_frequency: state=300000 cpu_id=0
43424168-e44e-473a-bf12-dba8a4a4453a 2016-12-13 11:24:48.306390638 2619669 [56296.890460]   388   388 D Kernel-Trace:     kworker/2:2H-10277 [002] ...1 56296.830267: cpu_frequency: state=1497600 cpu_id=2
43424168-e44e-473a-bf12-dba8a4a4453a 2016-12-13 11:24:48.306390638 2619670 [56296.890492]   388   388 D Kernel-Trace:     kworker/1:2H-12491 [001] ...1 56296.853117: cpu_frequency: state=300000 cpu_id=1
43424168-e44e-473a-bf12-dba8a4a4453a 2016-12-13 11:24:48.316390638 2619671 [56296.899825]   387   387 D KernelPrintk: 4,349721,56296894368,-;wl_bss_connect_done succeeded with 10:fe:ed:e5:8c:97
43424168-e44e-473a-bf12-dba8a4a4453a 2016-12-13 11:24:48.316390638 2619672 [56296.899907]   387   387 D KernelPrintk: 4,349722,56296896027,-;ETHER_TYPE_802_1X [RX]: ver 2, type 3, replay 11
43424168-e44e-473a-bf12-dba8a4a4453a 2016-12-13 11:24:48.326390638 2619673 [56296.914042]  1417  1417 I wpa_supplicant: wlan0: Associated with 10:fe:ed:e5:8c:97
43424168-e44e-473a-bf12-dba8a4a4453a 2016-12-13 11:24:48.326390638 2619674 [56296.915140]  1417  1417 I wpa_supplicant: wlan0: CTRL-EVENT-EAP-SUCCESS EAP authentication completed successfully (based on lower layer success)
43424168-e44e-473a-bf12-dba8a4a4453a 2016-12-13 11:24:48.346390638 2619675 [56296.931395]   387   387 D KernelPrintk: 4,349723,56296924843,-;dhd_prot_flow_ring_create Send Flow create Req msglen flow ID 41 for peer 10:fe:ed:e5:8c:97 prio 7 ifindex 0
43424168-e44e-473a-bf12-dba8a4a4453a 2016-12-13 11:24:48.346390638 2619676 [56296.931504]   387   387 D KernelPrintk: 4,349724,56296924890,-;ETHER_TYPE_802_1X [TX]: ver 1, type 3, replay 11
43424168-e44e-473a-bf12-dba8a4a4453a 2016-12-13 11:24:48.346390638 2619677 [56296.931569]   387   387 D KernelPrintk: 4,349725,56296925595,-;dhd_prot_process_flow_ring_create_response Flow create Response status = 0 Flow 41
43424168-e44e-473a-bf12-dba8a4a4453a 2016-12-13 11:24:48.346390638 2619678 [56296.931629]   387   387 D KernelPrintk: 4,349726,56296929032,-;ETHER_TYPE_802_1X [RX]: ver 2, type 3, replay 12
43424168-e44e-473a-bf12-dba8a4a4453a 2016-12-13 11:24:48.346390638 2619679 [56296.931687]   387   387 D KernelPrintk: 4,349727,56296930703,-;ETHER_TYPE_802_1X [TX]: ver 1, type 3, replay 12
43424168-e44e-473a-bf12-dba8a4a4453a 2016-12-13 11:24:48.356390638 2619680 [56296.943594]  3212  3212 D PhoneLabServices-AgreementTask: Intent fired, action = android.net.wifi.STATE_CHANGE
43424168-e44e-473a-bf12-dba8a4a4453a 2016-12-13 11:24:48.356390638 2619681 [56296.944805]  1417  1417 I wpa_supplicant: wlan0: WPA: Key negotiation completed with 10:fe:ed:e5:8c:97 [PTK=CCMP GTK=CCMP]
43424168-e44e-473a-bf12-dba8a4a4453a 2016-12-13 11:24:48.356390638 2619682 [56296.944997]  1417  1417 I wpa_supplicant: wlan0: CTRL-EVENT-CONNECTED - Connection to 10:fe:ed:e5:8c:97 completed [id=5 id_str=]
43424168-e44e-473a-bf12-dba8a4a4453a 2016-12-13 11:24:48.366390638 2619683 [56296.949890]   387   387 D KernelPrintk: 6,349728,56296945091,-;IPv6: ADDRCONF(NETDEV_CHANGE): wlan0: link becomes ready
43424168-e44e-473a-bf12-dba8a4a4453a 2016-12-13 11:24:48.366390638 2619684 [56296.952737]   963  1378 D ThermaPlan->AlarmManagerService: {"func":"AlarmManagerService->mService->set","pid":963,"uid":1000,"flagsBinary":"1000","flags":8,"type":0,"triggerAtTime":1481646291003,"nowELAPSED":213579100,"rtc":1481646288372,"windowLength":-1,"interval":0,"creatorPkg":"android","targetPkg":"android"}
43424168-e44e-473a-bf12-dba8a4a4453a 2016-12-13 11:24:48.366390638 2619685 [56296.953865]  3212  3212 D PhoneLabServices-AgreementTask: Wifi not connected.
43424168-e44e-473a-bf12-dba8a4a4453a 2016-12-13 11:24:48.366390638 2619686 [56296.953939]  3212  3212 D PhoneLabServices-AgreementTask: Intent fired, action = android.net.wifi.STATE_CHANGE
43424168-e44e-473a-bf12-dba8a4a4453a 2016-12-13 11:24:48.366390638 2619687 [56296.954039]  3212  3212 D PhoneLabServices-AgreementTask: Wifi not connected.
43424168-e44e-473a-bf12-dba8a4a4453a 2016-12-13 11:24:48.366390638 2619688 [56296.954804]   963  1378 D ThermaPlan->Batch: {"func":"Batch->add()","batch":{"what":"BATCH","start":213700771,"end":213730771,"flags":0,"flagsBinary":"0","oldStart":213650728,"oldEnd":213740728}}
43424168-e44e-473a-bf12-dba8a4a4453a 2016-12-13 11:24:48.366390638 2619689 [56296.955090]   963  1378 D ThermaPlan->Batch: {"func":"Batch->add()","batch":{"what":"BATCH","start":213711754,"end":213730771,"flags":8,"flagsBinary":"1000","oldStart":213700771,"oldEnd":213730771}}
43424168-e44e-473a-bf12-dba8a4a4453a 2016-12-13 11:24:48.366390638 2619690 [56296.955559]   963  1378 D ThermaPlan->Batch: {"func":"Batch->add()","batch":{"what":"BATCH","start":213831840,"end":213865311,"flags":0,"flagsBinary":"0","oldStart":213741687,"oldEnd":213865311}}
43424168-e44e-473a-bf12-dba8a4a4453a 2016-12-13 11:24:48.366390638 2619691 [56296.956973]   963  1378 D ThermaPlan->Batch: {"func":"Batch->add()","batch":{"what":"BATCH","start":214276095,"end":214951095,"flags":8,"flagsBinary":"1000","oldStart":214251322,"oldEnd":215601322}}
43424168-e44e-473a-bf12-dba8a4a4453a 2016-12-13 11:24:48.366390638 2619692 [56296.957280]   963  1378 D ThermaPlan->Batch: {"func":"Batch->add()","batch":{"what":"BATCH","start":214278171,"end":214951095,"flags":8,"flagsBinary":"1000","oldStart":214276095,"oldEnd":214951095}}
43424168-e44e-473a-bf12-dba8a4a4453a 2016-12-13 11:24:48.366390638 2619693 [56296.957578]   963  1378 D ThermaPlan->Batch: {"func":"Batch->add()","batch":{"what":"BATCH","start":214278914,"end":214951095,"flags":8,"flagsBinary":"1000","oldStart":214278171,"oldEnd":214951095}}
43424168-e44e-473a-bf12-dba8a4a4453a 2016-12-13 11:24:48.366390638 2619694 [56296.957881]   963  1378 D ThermaPlan->Batch: {"func":"Batch->add()","batch":{"what":"BATCH","start":214278988,"end":214951095,"flags":8,"flagsBinary":"1000","oldStart":214278914,"oldEnd":214951095}}
43424168-e44e-473a-bf12-dba8a4a4453a 2016-12-13 11:24:48.366390638 2619695 [56296.958219]   963  1378 D ThermaPlan->Batch: {"func":"Batch->add()","batch":{"what":"BATCH","start":214281415,"end":214951095,"flags":8,"flagsBinary":"1000","oldStart":214278988,"oldEnd":214951095}}
43424168-e44e-473a-bf12-dba8a4a4453a 2016-12-13 11:24:48.366390638 2619696 [56296.958536]   963  1378 D ThermaPlan->Batch: {"func":"Batch->add()","batch":{"what":"BATCH","start":214281680,"end":214951095,"flags":8,"flagsBinary":"1000","oldStart":214281415,"oldEnd":214951095}}
43424168-e44e-473a-bf12-dba8a4a4453a 2016-12-13 11:24:48.376390638 2619697 [56296.961029]   963  1378 D ThermaPlan->Batch: {"func":"Batch->add()","batch":{"what":"BATCH","start":214282094,"end":214951095,"flags":8,"flagsBinary":"1000","oldStart":214281680,"oldEnd":214951095}}
43424168-e44e-473a-bf12-dba8a4a4453a 2016-12-13 11:24:48.376390638 2619698 [56296.961429]   963  1378 D ThermaPlan->Batch: {"func":"Batch->add()","batch":{"what":"BATCH","start":214282211,"end":214951095,"flags":8,"flagsBinary":"1000","oldStart":214282094,"oldEnd":214951095}}
43424168-e44e-473a-bf12-dba8a4a4453a 2016-12-13 11:24:48.376390638 2619699 [56296.961791]   963  1378 D ThermaPlan->Batch: {"func":"Batch->add()","batch":{"what":"BATCH","start":214282485,"end":214951095,"flags":8,"flagsBinary":"1000","oldStart":214282211,"oldEnd":214951095}}
43424168-e44e-473a-bf12-dba8a4a4453a 2016-12-13 11:24:48.376390638 2619700 [56296.962143]   963  1378 D ThermaPlan->Batch: {"func":"Batch->add()","batch":{"what":"BATCH","start":214294563,"end":214951095,"flags":8,"flagsBinary":"1000","oldStart":214282485,"oldEnd":214951095}}
43424168-e44e-473a-bf12-dba8a4a4453a 2016-12-13 11:24:48.376390638 2619701 [56296.962564]   963  1378 D ThermaPlan->Batch: {"func":"Batch->add()","batch":{"what":"BATCH","start":214733822,"end":214951095,"flags":8,"flagsBinary":"1000","oldStart":214294563,"oldEnd":214951095}}
43424168-e44e-473a-bf12-dba8a4a4453a 2016-12-13 11:24:48.376390638 2619702 [56296.962919]   963  1378 D ThermaPlan->Batch: {"func":"Batch->add()","batch":{"what":"BATCH","start":214750705,"end":214951095,"flags":8,"flagsBinary":"1000","oldStart":214733822,"oldEnd":214951095}}
43424168-e44e-473a-bf12-dba8a4a4453a 2016-12-13 11:24:48.376390638 2619703 [56296.964233]  3212  3212 D PhoneLabServices-AgreementTask: Intent fired, action = android.net.wifi.STATE_CHANGE
43424168-e44e-473a-bf12-dba8a4a4453a 2016-12-13 11:24:48.376390638 2619704 [56296.964392]  3212  3212 D PhoneLabServices-AgreementTask: Wifi not connected.
43424168-e44e-473a-bf12-dba8a4a4453a 2016-12-13 11:24:48.376390638 2619705 [56296.965382]   963  1378 D ThermaPlan->Batch: {"func":"Batch->add()","batch":{"what":"BATCH","start":215759161,"end":219062073,"flags":8,"flagsBinary":"1000","oldStart":215226149,"oldEnd":219062073}}
43424168-e44e-473a-bf12-dba8a4a4453a 2016-12-13 11:24:48.376390638 2619706 [56296.965756]   963  1378 D ThermaPlan->Batch: {"func":"Batch->add()","batch":{"what":"BATCH","start":216082518,"end":218782518,"flags":8,"flagsBinary":"1000","oldStart":215759161,"oldEnd":219062073}}
43424168-e44e-473a-bf12-dba8a4a4453a 2016-12-13 11:24:48.376390638 2619707 [56296.966112]   963  1378 D ThermaPlan->Batch: {"func":"Batch->add()","batch":{"what":"BATCH","start":216144078,"end":218782518,"flags":8,"flagsBinary":"1000","oldStart":216082518,"oldEnd":218782518}}
43424168-e44e-473a-bf12-dba8a4a4453a 2016-12-13 11:24:48.376390638 2619708 [56296.966454]   963  1378 D ThermaPlan->Batch: {"func":"Batch->add()","batch":{"what":"BATCH","start":216526830,"end":218782518,"flags":8,"flagsBinary":"1000","oldStart":216144078,"oldEnd":218782518}}
43424168-e44e-473a-bf12-dba8a4a4453a 2016-12-13 11:24:48.376390638 2619709 [56296.966768]   963  1378 D ThermaPlan->Batch: {"func":"Batch->add()","batch":{"what":"BATCH","start":217737182,"end":218037182,"flags":8,"flagsBinary":"1000","oldStart":216526830,"oldEnd":218782518}}
43424168-e44e-473a-bf12-dba8a4a4453a 2016-12-13 11:24:48.376390638 2619710 [56296.967918]   963  1378 D ThermaPlan->Batch: {"func":"Batch->add()","batch":{"what":"BATCH","start":220150599,"end":224060132,"flags":0,"flagsBinary":"0","oldStart":219290728,"oldEnd":224060132}}
43424168-e44e-473a-bf12-dba8a4a4453a 2016-12-13 11:24:48.376390638 2619711 [56296.968243]   963  1378 D ThermaPlan->Batch: {"func":"Batch->add()","batch":{"what":"BATCH","start":220380550,"end":224060132,"flags":0,"flagsBinary":"0","oldStart":220150599,"oldEnd":224060132}}
43424168-e44e-473a-bf12-dba8a4a4453a 2016-12-13 11:24:48.386390638 2619712 [56296.969436]   963  1378 D ThermaPlan->Batch: {"func":"Batch->add()","batch":{"what":"BATCH","start":230499939,"end":240422669,"flags":0,"flagsBinary":"0","oldStart":224222674,"oldEnd":240422669}}
43424168-e44e-473a-bf12-dba8a4a4453a 2016-12-13 11:24:48.386390638 2619713 [56296.969767]   963  1378 D ThermaPlan->Batch: {"func":"Batch->add()","batch":{"what":"BATCH","start":231188198,"end":240422669,"flags":0,"flagsBinary":"0","oldStart":230499939,"oldEnd":240422669}}
43424168-e44e-473a-bf12-dba8a4a4453a 2016-12-13 11:24:48.386390638 2619714 [56296.970103]   963  1378 D ThermaPlan->Batch: {"func":"Batch->add()","batch":{"what":"BATCH","start":231548284,"end":240422669,"flags":0,"flagsBinary":"0","oldStart":231188198,"oldEnd":240422669}}
43424168-e44e-473a-bf12-dba8a4a4453a 2016-12-13 11:24:48.386390638 2619715 [56296.970404]   963  1378 D ThermaPlan->Batch: {"func":"Batch->add()","batch":{"what":"BATCH","start":240305189,"end":240422669,"flags":8,"flagsBinary":"1000","oldStart":231548284,"oldEnd":240422669}}
43424168-e44e-473a-bf12-dba8a4a4453a 2016-12-13 11:24:48.386390638 2619716 [56296.971602]  4236  4236 D SprintDMService: Listener.onDataConnectionStateChanged(2, 14)
43424168-e44e-473a-bf12-dba8a4a4453a 2016-12-13 11:24:48.386390638 2619717 [56296.971615]  4236  4236 D SprintDMService: EVENT_MOBILE_DATA_CONNECTED
43424168-e44e-473a-bf12-dba8a4a4453a 2016-12-13 11:24:48.386390638 2619718 [56296.971626]  4236  4236 D SprintDMService: Listener.onDataConnectionStateChanged: EVENT_MOBILE_DATA_CONNECTED
43424168-e44e-473a-bf12-dba8a4a4453a 2016-12-13 11:24:48.386390638 2619719 [56296.971721]  4236  4302 D SprintDMStateMachine: IdleState: processMessage EVENT_MOBILE_DATA_CONNECTED
43424168-e44e-473a-bf12-dba8a4a4453a 2016-12-13 11:24:48.386390638 2619720 [56296.971741]  4236  4302 D SprintDMStateMachine: BaseState: ignoring EVENT_MOBILE_DATA_CONNECTED
43424168-e44e-473a-bf12-dba8a4a4453a 2016-12-13 11:24:48.386390638 2619721 [56296.972064]   963  1896 I Network-Telephony-PhoneLab: {"Action":"android.intent.action.ANY_DATA_STATE","State":"CONNECTED","IsDataConnectivityPossible":true,"Reason":"connected","APN":"n.ispsn","APNType":"default","LinkProperties":{"IfaceName":"rmnet_data0","Domains":"<none>","Mtu":1422,"Routes":[{"Destination":"0.0.0.0\/0","Gateway":"\/11.30.212.178","Interface":"rmnet_data0","IsDefault":true,"IsHost":false,"HasGateway":true}],"LinkAddresses":["11.30.212.177\/30"],"Dnses":["\/66.1.36.132","\/66.1.32.132"]},"NetworkCapabilities":{"NetworkCapabilities":61619,"TransportTypes":1,"LinkUpBandwidthKbps":153,"LinkDownBandwidthKbps":2516,"NetworkSpecifier":"1"},"IsRoaming":false,"timestamp":1481646288392,"uptimeNanos":213579119428235,"LogFormat":"1.1"}
43424168-e44e-473a-bf12-dba8a4a4453a 2016-12-13 11:24:48.386390638 2619722 [56296.972382]   963  1378 D ThermaPlan->Batch: {"func":"Batch->add()","batch":{"what":"BATCH","start":249541608,"end":282059671,"flags":0,"flagsBinary":"0","oldStart":248330836,"oldEnd":313495978}}
43424168-e44e-473a-bf12-dba8a4a4453a 2016-12-13 11:24:48.386390638 2619723 [56296.972653]   963  1378 D ThermaPlan->Batch: {"func":"Batch->add()","batch":{"what":"BATCH","start":249641516,"end":280795766,"flags":0,"flagsBinary":"0","oldStart":249541608,"oldEnd":282059671}}
43424168-e44e-473a-bf12-dba8a4a4453a 2016-12-13 11:24:48.386390638 2619724 [56296.974127]   963  1378 D ThermaPlan->Batch: {"func":"Batch->add()","batch":{"what":"BATCH","start":258890727,"end":280795766,"flags":0,"flagsBinary":"0","oldStart":249641516,"oldEnd":280795766}}
43424168-e44e-473a-bf12-dba8a4a4453a 2016-12-13 11:24:48.386390638 2619725 [56296.975275]   963  1892 I Network-Telephony-PhoneLab: {"Action":"android.telephony.DATA_ACTIVITY_CHANGED","DataActivity":"DISCONNECTED","timestamp":1481646288395,"uptimeNanos":213579122786517,"LogFormat":"1.1"}
43424168-e44e-473a-bf12-dba8a4a4453a 2016-12-13 11:24:48.386390638 2619726 [56296.975966]  1877  1891 D PhoneInterfaceManager: [PhoneIntfMgr] getDataEnabled: subId=1 phoneId=0
43424168-e44e-473a-bf12-dba8a4a4453a 2016-12-13 11:24:48.386390638 2619727 [56296.976069]  1877  1891 D PhoneInterfaceManager: [PhoneIntfMgr] getDataEnabled: subId=1 retVal=true
43424168-e44e-473a-bf12-dba8a4a4453a 2016-12-13 11:24:48.386390638 2619728 [56296.976216]   963  1378 D ThermaPlan->Batch: {"func":"Batch->add()","batch":{"what":"BATCH","start":259200000,"end":280795766,"flags":0,"flagsBinary":"0","oldStart":258890727,"oldEnd":280795766}}
43424168-e44e-473a-bf12-dba8a4a4453a 2016-12-13 11:24:48.386390638 2619729 [56296.976364] 28055 28055 D TelephonyManager: getDataEnabled: retVal=true
43424168-e44e-473a-bf12-dba8a4a4453a 2016-12-13 11:24:48.386390638 2619730 [56296.976412]   963  2381 D ThermaPlan->AlarmManagerService: {"func":"AlarmManagerService->mService->set","pid":1877,"uid":1001,"flagsBinary":"1000","flags":8,"type":2,"triggerAtTime":213939123,"nowELAPSED":213579123,"rtc":1481646288396,"windowLength":-1,"interval":0,"creatorPkg":"com.android.phone","targetPkg":"com.android.phone"}
43424168-e44e-473a-bf12-dba8a4a4453a 2016-12-13 11:24:48.386390638 2619731 [56296.976656]   963  1378 D ThermaPlan->Batch: {"func":"Batch->add()","batch":{"what":"BATCH","start":259252542,"end":280795766,"flags":8,"flagsBinary":"1000","oldStart":259200000,"oldEnd":280795766}}
43424168-e44e-473a-bf12-dba8a4a4453a 2016-12-13 11:24:48.386390638 2619732 [56296.976948]   963  1378 D ThermaPlan->Batch: {"func":"Batch->add()","batch":{"what":"BATCH","start":259281310,"end":280795766,"flags":8,"flagsBinary":"1000","oldStart":259252542,"oldEnd":280795766}}
43424168-e44e-473a-bf12-dba8a4a4453a 2016-12-13 11:24:48.386390638 2619733 [56296.977250]   963  1378 D ThermaPlan->Batch: {"func":"Batch->add()","batch":{"what":"BATCH","start":259345161,"end":280795766,"flags":8,"flagsBinary":"1000","oldStart":259281310,"oldEnd":280795766}}
43424168-e44e-473a-bf12-dba8a4a4453a 2016-12-13 11:24:48.386390638 2619734 [56296.978056]   963  1378 D ThermaPlan->Batch: {"func":"Batch->add()","batch":{"what":"BATCH","start":259786617,"end":280795766,"flags":8,"flagsBinary":"1000","oldStart":259345161,"oldEnd":280795766}}
43424168-e44e-473a-bf12-dba8a4a4453a 2016-12-13 11:24:48.386390638 2619735 [56296.978330]   963  1378 D ThermaPlan->Batch: {"func":"Batch->add()","batch":{"what":"BATCH","start":261333689,"end":280795766,"flags":8,"flagsBinary":"1000","oldStart":259786617,"oldEnd":280795766}}
43424168-e44e-473a-bf12-dba8a4a4453a 2016-12-13 11:24:48.386390638 2619736 [56296.978635]   963  1378 D ThermaPlan->Batch: {"func":"Batch->add()","batch":{"what":"BATCH","start":270989139,"end":280795766,"flags":8,"flagsBinary":"1000","oldStart":261333689,"oldEnd":280795766}}
43424168-e44e-473a-bf12-dba8a4a4453a 2016-12-13 11:24:48.396390638 2619737 [56296.981031]   963  1914 D ThermaPlan->AlarmManagerService: {"func":"AlarmManagerService->mService->set","pid":1821,"uid":10014,"flagsBinary":"0","flags":0,"type":2,"triggerAtTime":228290727,"nowELAPSED":213579128,"rtc":1481646288401,"windowLength":-1,"interval":0,"creatorPkg":"com.google.android.gms","targetPkg":"com.google.android.gms"}
43424168-e44e-473a-bf12-dba8a4a4453a 2016-12-13 11:24:48.396390638 2619738 [56296.981768]   963  1378 D ThermaPlan->Batch: {"func":"Batch->add()","batch":{"what":"BATCH","start":292490680,"end":331748773,"flags":0,"flagsBinary":"0","oldStart":280825099,"oldEnd":331748773}}
43424168-e44e-473a-bf12-dba8a4a4453a 2016-12-13 11:24:48.396390638 2619739 [56296.982091]   963  1378 D ThermaPlan->Batch: {"func":"Batch->add()","batch":{"what":"BATCH","start":296563796,"end":331748773,"flags":0,"flagsBinary":"0","oldStart":292490680,"oldEnd":331748773}}
43424168-e44e-473a-bf12-dba8a4a4453a 2016-12-13 11:24:48.396390638 2619740 [56296.982364]   963  1378 D ThermaPlan->Batch: {"func":"Batch->add()","batch":{"what":"BATCH","start":299976529,"end":331748773,"flags":8,"flagsBinary":"1000","oldStart":296563796,"oldEnd":331748773}}
43424168-e44e-473a-bf12-dba8a4a4453a 2016-12-13 11:24:48.396390638 2619741 [56296.982842]   963  1378 D ThermaPlan->Batch: {"func":"Batch->add()","batch":{"what":"BATCH","start":605813325,"end":1058493261,"flags":0,"flagsBinary":"0","oldStart":604893263,"oldEnd":1058493261}}
43424168-e44e-473a-bf12-dba8a4a4453a 2016-12-13 11:24:48.396390638 2619742 [56296.983143]   963  1378 D ThermaPlan->Batch: {"func":"Batch->add()","batch":{"what":"BATCH","start":624143935,"end":992076404,"flags":0,"flagsBinary":"0","oldStart":605813325,"oldEnd":1058493261}}
43424168-e44e-473a-bf12-dba8a4a4453a 2016-12-13 11:24:48.396390638 2619743 [56296.983442]   963  1378 D ThermaPlan->Batch: {"func":"Batch->add()","batch":{"what":"BATCH","start":694490727,"end":992076404,"flags":0,"flagsBinary":"0","oldStart":624143935,"oldEnd":992076404}}
43424168-e44e-473a-bf12-dba8a4a4453a 2016-12-13 11:24:48.396390638 2619744 [56296.983909]   963  1378 D ThermaPlan->Batch: {"func":"Batch->add()","batch":{"what":"BATCH","start":701674709,"end":992076404,"flags":0,"flagsBinary":"0","oldStart":694490727,"oldEnd":992076404}}
43424168-e44e-473a-bf12-dba8a4a4453a 2016-12-13 11:24:48.396390638 2619745 [56296.984548]   963  1378 D ThermaPlan->Batch: {"func":"Batch->add()","batch":{"what":"BATCH","start":315360057206,"end":551880056972,"flags":0,"flagsBinary":"0","oldStart":315360056973,"oldEnd":551880056972}}
43424168-e44e-473a-bf12-dba8a4a4453a 2016-12-13 11:24:48.396390638 2619746 [56296.984868]   963  1378 D ThermaPlan->Batch: {"func":"Batch->add()","batch":{"what":"BATCH","start":315360057236,"end":551880056972,"flags":0,"flagsBinary":"0","oldStart":315360057206,"oldEnd":551880056972}}
43424168-e44e-473a-bf12-dba8a4a4453a 2016-12-13 11:24:48.396390638 2619747 [56296.985158]   963  1378 D ThermaPlan->Batch: {"func":"Batch->add()","batch":{"what":"BATCH","start":315360057240,"end":551880056972,"flags":0,"flagsBinary":"0","oldStart":315360057236,"oldEnd":551880056972}}
43424168-e44e-473a-bf12-dba8a4a4453a 2016-12-13 11:24:48.396390638 2619748 [56296.985448]   963  1378 D ThermaPlan->Batch: {"func":"Batch->add()","batch":{"what":"BATCH","start":315360057254,"end":551880056972,"flags":0,"flagsBinary":"0","oldStart":315360057240,"oldEnd":551880056972}}
43424168-e44e-473a-bf12-dba8a4a4453a 2016-12-13 11:24:48.396390638 2619749 [56296.985724]   963  1378 D ThermaPlan->Batch: {"func":"Batch->add()","batch":{"what":"BATCH","start":315360057257,"end":551880056972,"flags":0,"flagsBinary":"0","oldStart":315360057254,"oldEnd":551880056972}}
43424168-e44e-473a-bf12-dba8a4a4453a 2016-12-13 11:24:48.396390638 2619750 [56296.986029]   963  1378 D ThermaPlan->Batch: {"func":"Batch->add()","batch":{"what":"BATCH","start":315360057259,"end":551880056972,"flags":0,"flagsBinary":"0","oldStart":315360057257,"oldEnd":551880056972}}
43424168-e44e-473a-bf12-dba8a4a4453a 2016-12-13 11:24:48.396390638 2619751 [56296.986344]   963  1378 D ThermaPlan->Batch: {"func":"Batch->add()","batch":{"what":"BATCH","start":315360094195,"end":551880056972,"flags":0,"flagsBinary":"0","oldStart":315360057259,"oldEnd":551880056972}}
43424168-e44e-473a-bf12-dba8a4a4453a 2016-12-13 11:24:48.396390638 2619752 [56296.986650]   963  1378 D ThermaPlan->Batch: {"func":"Batch->add()","batch":{"what":"BATCH","start":315360113203,"end":551880056972,"flags":0,"flagsBinary":"0","oldStart":315360094195,"oldEnd":551880056972}}
43424168-e44e-473a-bf12-dba8a4a4453a 2016-12-13 11:24:48.396390638 2619753 [56296.986933]   963  1378 D ThermaPlan->Batch: {"func":"Batch->add()","batch":{"what":"BATCH","start":315399259724,"end":551880056972,"flags":0,"flagsBinary":"0","oldStart":315360113203,"oldEnd":551880056972}}
43424168-e44e-473a-bf12-dba8a4a4453a 2016-12-13 11:24:48.396390638 2619754 [56296.987233]   963  1378 D ThermaPlan->Batch: {"func":"Batch->add()","batch":{"what":"BATCH","start":315399259747,"end":551880056972,"flags":0,"flagsBinary":"0","oldStart":315399259724,"oldEnd":551880056972}}
43424168-e44e-473a-bf12-dba8a4a4453a 2016-12-13 11:24:48.396390638 2619755 [56296.987559]   963  1378 D ThermaPlan->Batch: {"func":"Batch->add()","batch":{"what":"BATCH","start":315572926898,"end":551880056972,"flags":0,"flagsBinary":"0","oldStart":315399259747,"oldEnd":551880056972}}
43424168-e44e-473a-bf12-dba8a4a4453a 2016-12-13 11:24:48.406390638 2619756 [56296.989461]   388   388 D Kernel-Trace:     kworker/2:2H-10277 [002] ...1 56296.891467: cpu_frequency: state=300000 cpu_id=2
43424168-e44e-473a-bf12-dba8a4a4453a 2016-12-13 11:24:48.406390638 2619757 [56296.989481]   388   388 D Kernel-Trace:     kworker/0:0H-7043  [000] ...1 56296.910047: cpu_frequency: state=422400 cpu_id=0
43424168-e44e-473a-bf12-dba8a4a4453a 2016-12-13 11:24:48.406390638 2619758 [56296.989488]   388   388 D Kernel-Trace:     kworker/0:0H-7043  [000] ...1 56296.930547: cpu_frequency: state=1497600 cpu_id=0
43424168-e44e-473a-bf12-dba8a4a4453a 2016-12-13 11:24:48.406390638 2619759 [56296.989494]   388   388 D Kernel-Trace:     kworker/1:2H-12491 [001] ...1 56296.939695: cpu_frequency: state=1497600 cpu_id=1
43424168-e44e-473a-bf12-dba8a4a4453a 2016-12-13 11:24:48.406390638 2619760 [56296.989499]   388   388 D Kernel-Trace:     kworker/3:2H-12900 [003] ...1 56296.940070: cpu_frequency: state=1497600 cpu_id=3
43424168-e44e-473a-bf12-dba8a4a4453a 2016-12-13 11:24:48.406390638 2619761 [56296.989505]   388   388 D Kernel-Trace:      kworker/0:4-27226 [000] ...1 56296.949638: thermal_temp: sensor_id=5 temp=34
43424168-e44e-473a-bf12-dba8a4a4453a 2016-12-13 11:24:48.406390638 2619762 [56296.989512]   388   388 D Kernel-Trace:     kworker/2:2H-10277 [002] ...1 56296.949798: cpu_frequency: state=1497600 cpu_id=2
43424168-e44e-473a-bf12-dba8a4a4453a 2016-12-13 11:24:48.406390638 2619763 [56296.989518]   388   388 D Kernel-Trace:     kworker/0:0H-7043  [000] ...1 56296.969999: cpu_frequency: state=2265600 cpu_id=0
43424168-e44e-473a-bf12-dba8a4a4453a 2016-12-13 11:24:48.406390638 2619764 [56296.990911]   963  2381 D ThermaPlan->Batch: {"func":"Batch->add()","batch":{"what":"BATCH","start":213700771,"end":213730771,"flags":0,"flagsBinary":"0","oldStart":213650727,"oldEnd":213740727}}
43424168-e44e-473a-bf12-dba8a4a4453a 2016-12-13 11:24:48.406390638 2619765 [56296.991323]   963  2381 D ThermaPlan->Batch: {"func":"Batch->add()","batch":{"what":"BATCH","start":213711754,"end":213730771,"flags":8,"flagsBinary":"1000","oldStart":213700771,"oldEnd":213730771}}
43424168-e44e-473a-bf12-dba8a4a4453a 2016-12-13 11:24:48.406390638 2619766 [56296.991636]   963  2381 D ThermaPlan->Batch: {"func":"Batch->add()","batch":{"what":"BATCH","start":213831840,"end":213865311,"flags":0,"flagsBinary":"0","oldStart":213741687,"oldEnd":213865311}}
43424168-e44e-473a-bf12-dba8a4a4453a 2016-12-13 11:24:48.406390638 2619767 [56296.992605]   963  1378 E WifiConfigStore: saveWifiConfigBSSID Setting BSSID for "AP4-5"-WPA_PSK to any
43424168-e44e-473a-bf12-dba8a4a4453a 2016-12-13 11:24:48.406390638 2619768 [56296.992673]   963  1378 D wifi_gbk2utf: ssid_utf8 = 睏湡, length=6, value =, length=0
43424168-e44e-473a-bf12-dba8a4a4453a 2016-12-13 11:24:48.406390638 2619769 [56296.992689]   963  1378 D wifi_gbk2utf: ssid_utf8 = 睏�, length=6, value =, length=0
43424168-e44e-473a-bf12-dba8a4a4453a 2016-12-13 11:24:48.406390638 2619770 [56296.993230]   963  2381 D ThermaPlan->Batch: {"func":"Batch->add()","batch":{"what":"BATCH","start":214276095,"end":214951095,"flags":8,"flagsBinary":"1000","oldStart":214251322,"oldEnd":215601322}}
43424168-e44e-473a-bf12-dba8a4a4453a 2016-12-13 11:24:48.406390638 2619771 [56296.993531]   963  2381 D ThermaPlan->Batch: {"func":"Batch->add()","batch":{"what":"BATCH","start":214278171,"end":214951095,"flags":8,"flagsBinary":"1000","oldStart":214276095,"oldEnd":214951095}}
43424168-e44e-473a-bf12-dba8a4a4453a 2016-12-13 11:24:48.406390638 2619772 [56296.993738]   963  2381 D ThermaPlan->Batch: {"func":"Batch->add()","batch":{"what":"BATCH","start":214278914,"end":214951095,"flags":8,"flagsBinary":"1000","oldStart":214278171,"oldEnd":214951095}}
43424168-e44e-473a-bf12-dba8a4a4453a 2016-12-13 11:24:48.406390638 2619773 [56296.994201]   963  2381 D ThermaPlan->Batch: {"func":"Batch->add()","batch":{"what":"BATCH","start":214278988,"end":214951095,"flags":8,"flagsBinary":"1000","oldStart":214278914,"oldEnd":214951095}}
43424168-e44e-473a-bf12-dba8a4a4453a 2016-12-13 11:24:48.406390638 2619774 [56296.994855]   963  2381 D ThermaPlan->Batch: {"func":"Batch->add()","batch":{"what":"BATCH","start":214281415,"end":214951095,"flags":8,"flagsBinary":"1000","oldStart":214278988,"oldEnd":214951095}}
43424168-e44e-473a-bf12-dba8a4a4453a 2016-12-13 11:24:48.406390638 2619775 [56296.995150]   963  2381 D ThermaPlan->Batch: {"func":"Batch->add()","batch":{"what":"BATCH","start":214281680,"end":214951095,"flags":8,"flagsBinary":"1000","oldStart":214281415,"oldEnd":214951095}}
43424168-e44e-473a-bf12-dba8a4a4453a 2016-12-13 11:24:48.406390638 2619776 [56296.995336]   963  2381 D ThermaPlan->Batch: {"func":"Batch->add()","batch":{"what":"BATCH","start":214282094,"end":214951095,"flags":8,"flagsBinary":"1000","oldStart":214281680,"oldEnd":214951095}}
43424168-e44e-473a-bf12-dba8a4a4453a 2016-12-13 11:24:48.406390638 2619777 [56296.995634]   963  2381 D ThermaPlan->Batch: {"func":"Batch->add()","batch":{"what":"BATCH","start":214282211,"end":214951095,"flags":8,"flagsBinary":"1000","oldStart":214282094,"oldEnd":214951095}}
43424168-e44e-473a-bf12-dba8a4a4453a 2016-12-13 11:24:48.406390638 2619778 [56296.995924]   963  2381 D ThermaPlan->Batch: {"func":"Batch->add()","batch":{"what":"BATCH","start":214282485,"end":214951095,"flags":8,"flagsBinary":"1000","oldStart":214282211,"oldEnd":214951095}}
43424168-e44e-473a-bf12-dba8a4a4453a 2016-12-13 11:24:48.406390638 2619779 [56296.996207]   963  2381 D ThermaPlan->Batch: {"func":"Batch->add()","batch":{"what":"BATCH","start":214294563,"end":214951095,"flags":8,"flagsBinary":"1000","oldStart":214282485,"oldEnd":214951095}}
43424168-e44e-473a-bf12-dba8a4a4453a 2016-12-13 11:24:48.406390638 2619780 [56296.996418]   963  2381 D ThermaPlan->Batch: {"func":"Batch->add()","batch":{"what":"BATCH","start":214733822,"end":214951095,"flags":8,"flagsBinary":"1000","oldStart":214294563,"oldEnd":214951095}}
43424168-e44e-473a-bf12-dba8a4a4453a 2016-12-13 11:24:48.406390638 2619781 [56296.996865]   963  2381 D ThermaPlan->Batch: {"func":"Batch->add()","batch":{"what":"BATCH","start":214750705,"end":214951095,"flags":8,"flagsBinary":"1000","oldStart":214733822,"oldEnd":214951095}}
43424168-e44e-473a-bf12-dba8a4a4453a 2016-12-13 11:24:48.406390638 2619782 [56296.998814]   963  2381 D ThermaPlan->Batch: {"func":"Batch->add()","batch":{"what":"BATCH","start":215759161,"end":219062073,"flags":8,"flagsBinary":"1000","oldStart":215226149,"oldEnd":219062073}}
43424168-e44e-473a-bf12-dba8a4a4453a 2016-12-13 11:24:48.406390638 2619783 [56296.999013]   963  2381 D ThermaPlan->Batch: {"func":"Batch->add()","batch":{"what":"BATCH","start":216082518,"end":218782518,"flags":8,"flagsBinary":"1000","oldStart":215759161,"oldEnd":219062073}}
43424168-e44e-473a-bf12-dba8a4a4453a 2016-12-13 11:24:48.406390638 2619784 [56296.999215]   963  2381 D ThermaPlan->Batch: {"func":"Batch->add()","batch":{"what":"BATCH","start":216144078,"end":218782518,"flags":8,"flagsBinary":"1000","oldStart":216082518,"oldEnd":218782518}}
43424168-e44e-473a-bf12-dba8a4a4453a 2016-12-13 11:24:48.416390638 2619785 [56296.999459]   963  2381 D ThermaPlan->Batch: {"func":"Batch->add()","batch":{"what":"BATCH","start":216526830,"end":218782518,"flags":8,"flagsBinary":"1000","oldStart":216144078,"oldEnd":218782518}}
43424168-e44e-473a-bf12-dba8a4a4453a 2016-12-13 11:24:48.416390638 2619786 [56296.999712]   963  2381 D ThermaPlan->Batch: {"func":"Batch->add()","batch":{"what":"BATCH","start":217737182,"end":218037182,"flags":8,"flagsBinary":"1000","oldStart":216526830,"oldEnd":218782518}}
43424168-e44e-473a-bf12-dba8a4a4453a 2016-12-13 11:24:48.416390638 2619787 [56297.000047]   963  2381 D ThermaPlan->Batch: {"func":"Batch->add()","batch":{"what":"BATCH","start":220150599,"end":224060131,"flags":0,"flagsBinary":"0","oldStart":219290727,"oldEnd":224060131}}
43424168-e44e-473a-bf12-dba8a4a4453a 2016-12-13 11:24:48.416390638 2619788 [56297.000250]   963  2381 D ThermaPlan->Batch: {"func":"Batch->add()","batch":{"what":"BATCH","start":220380550,"end":224060131,"flags":0,"flagsBinary":"0","oldStart":220150599,"oldEnd":224060131}}
43424168-e44e-473a-bf12-dba8a4a4453a 2016-12-13 11:24:48.416390638 2619789 [56297.000813]   963  2381 D ThermaPlan->Batch: {"func":"Batch->add()","batch":{"what":"BATCH","start":230499939,"end":240422669,"flags":0,"flagsBinary":"0","oldStart":224222674,"oldEnd":240422669}}
43424168-e44e-473a-bf12-dba8a4a4453a 2016-12-13 11:24:48.416390638 2619790 [56297.000995]   963  2381 D ThermaPlan->Batch: {"func":"Batch->add()","batch":{"what":"BATCH","start":231188198,"end":240422669,"flags":0,"flagsBinary":"0","oldStart":230499939,"oldEnd":240422669}}
43424168-e44e-473a-bf12-dba8a4a4453a 2016-12-13 11:24:48.416390638 2619791 [56297.001187]   963  2381 D ThermaPlan->Batch: {"func":"Batch->add()","batch":{"what":"BATCH","start":231548284,"end":240422669,"flags":0,"flagsBinary":"0","oldStart":231188198,"oldEnd":240422669}}
43424168-e44e-473a-bf12-dba8a4a4453a 2016-12-13 11:24:48.416390638 2619792 [56297.001376]   963  2381 D ThermaPlan->Batch: {"func":"Batch->add()","batch":{"what":"BATCH","start":240305189,"end":240422669,"flags":8,"flagsBinary":"1000","oldStart":231548284,"oldEnd":240422669}}
43424168-e44e-473a-bf12-dba8a4a4453a 2016-12-13 11:24:48.416390638 2619793 [56297.002378]   963  2381 D ThermaPlan->Batch: {"func":"Batch->add()","batch":{"what":"BATCH","start":249541608,"end":282059671,"flags":0,"flagsBinary":"0","oldStart":248330836,"oldEnd":313495978}}
43424168-e44e-473a-bf12-dba8a4a4453a 2016-12-13 11:24:48.416390638 2619794 [56297.002567]   963  2381 D ThermaPlan->Batch: {"func":"Batch->add()","batch":{"what":"BATCH","start":249641516,"end":280795766,"flags":0,"flagsBinary":"0","oldStart":249541608,"oldEnd":282059671}}
43424168-e44e-473a-bf12-dba8a4a4453a 2016-12-13 11:24:48.416390638 2619795 [56297.002765]   963  2381 D ThermaPlan->Batch: {"func":"Batch->add()","batch":{"what":"BATCH","start":258890727,"end":280795766,"flags":0,"flagsBinary":"0","oldStart":249641516,"oldEnd":280795766}}
43424168-e44e-473a-bf12-dba8a4a4453a 2016-12-13 11:24:48.416390638 2619796 [56297.002966]   963  2381 D ThermaPlan->Batch: {"func":"Batch->add()","batch":{"what":"BATCH","start":259200000,"end":280795766,"flags":0,"flagsBinary":"0","oldStart":258890727,"oldEnd":280795766}}
43424168-e44e-473a-bf12-dba8a4a4453a 2016-12-13 11:24:48.416390638 2619797 [56297.003159]   963  2381 D ThermaPlan->Batch: {"func":"Batch->add()","batch":{"what":"BATCH","start":259252542,"end":280795766,"flags":8,"flagsBinary":"1000","oldStart":259200000,"oldEnd":280795766}}
43424168-e44e-473a-bf12-dba8a4a4453a 2016-12-13 11:24:48.416390638 2619798 [56297.003339]   963  2381 D ThermaPlan->Batch: {"func":"Batch->add()","batch":{"what":"BATCH","start":259281310,"end":280795766,"flags":8,"flagsBinary":"1000","oldStart":259252542,"oldEnd":280795766}}
43424168-e44e-473a-bf12-dba8a4a4453a 2016-12-13 11:24:48.416390638 2619799 [56297.003535]   963  2381 D ThermaPlan->Batch: {"func":"Batch->add()","batch":{"what":"BATCH","start":259345162,"end":280795766,"flags":8,"flagsBinary":"1000","oldStart":259281310,"oldEnd":280795766}}
43424168-e44e-473a-bf12-dba8a4a4453a 2016-12-13 11:24:48.416390638 2619800 [56297.003726]   963  2381 D ThermaPlan->Batch: {"func":"Batch->add()","batch":{"what":"BATCH","start":259786617,"end":280795766,"flags":8,"flagsBinary":"1000","oldStart":259345162,"oldEnd":280795766}}
43424168-e44e-473a-bf12-dba8a4a4453a 2016-12-13 11:24:48.416390638 2619801 [56297.003928]   963  2381 D ThermaPlan->Batch: {"func":"Batch->add()","batch":{"what":"BATCH","start":261333689,"end":280795766,"flags":8,"flagsBinary":"1000","oldStart":259786617,"oldEnd":280795766}}
43424168-e44e-473a-bf12-dba8a4a4453a 2016-12-13 11:24:48.416390638 2619802 [56297.004116]   963  2381 D ThermaPlan->Batch: {"func":"Batch->add()","batch":{"what":"BATCH","start":270989138,"end":280795766,"flags":8,"flagsBinary":"1000","oldStart":261333689,"oldEnd":280795766}}
43424168-e44e-473a-bf12-dba8a4a4453a 2016-12-13 11:24:48.416390638 2619803 [56297.006190]   963  2381 D ThermaPlan->Batch: {"func":"Batch->add()","batch":{"what":"BATCH","start":292490680,"end":331748773,"flags":0,"flagsBinary":"0","oldStart":280825099,"oldEnd":331748773}}
43424168-e44e-473a-bf12-dba8a4a4453a 2016-12-13 11:24:48.416390638 2619804 [56297.006392]   963  2381 D ThermaPlan->Batch: {"func":"Batch->add()","batch":{"what":"BATCH","start":296563796,"end":331748773,"flags":0,"flagsBinary":"0","oldStart":292490680,"oldEnd":331748773}}
43424168-e44e-473a-bf12-dba8a4a4453a 2016-12-13 11:24:48.416390638 2619805 [56297.006609]   963  2381 D ThermaPlan->Batch: {"func":"Batch->add()","batch":{"what":"BATCH","start":299976529,"end":331748773,"flags":8,"flagsBinary":"1000","oldStart":296563796,"oldEnd":331748773}}
43424168-e44e-473a-bf12-dba8a4a4453a 2016-12-13 11:24:48.416390638 2619806 [56297.006929]   963  2381 D ThermaPlan->Batch: {"func":"Batch->add()","batch":{"what":"BATCH","start":605813325,"end":1058493260,"flags":0,"flagsBinary":"0","oldStart":604893262,"oldEnd":1058493260}}
43424168-e44e-473a-bf12-dba8a4a4453a 2016-12-13 11:24:48.416390638 2619807 [56297.007114]   963  2381 D ThermaPlan->Batch: {"func":"Batch->add()","batch":{"what":"BATCH","start":624143935,"end":992076404,"flags":0,"flagsBinary":"0","oldStart":605813325,"oldEnd":1058493260}}
43424168-e44e-473a-bf12-dba8a4a4453a 2016-12-13 11:24:48.416390638 2619808 [56297.007323]   963  2381 D ThermaPlan->Batch: {"func":"Batch->add()","batch":{"what":"BATCH","start":694490727,"end":992076404,"flags":0,"flagsBinary":"0","oldStart":624143935,"oldEnd":992076404}}
43424168-e44e-473a-bf12-dba8a4a4453a 2016-12-13 11:24:48.416390638 2619809 [56297.007515]   963  2381 D ThermaPlan->Batch: {"func":"Batch->add()","batch":{"what":"BATCH","start":694490728,"end":992076404,"flags":0,"flagsBinary":"0","oldStart":694490727,"oldEnd":992076404}}
43424168-e44e-473a-bf12-dba8a4a4453a 2016-12-13 11:24:48.416390638 2619810 [56297.007702]   963  2381 D ThermaPlan->Batch: {"func":"Batch->add()","batch":{"what":"BATCH","start":701674709,"end":992076404,"flags":0,"flagsBinary":"0","oldStart":694490728,"oldEnd":992076404}}
43424168-e44e-473a-bf12-dba8a4a4453a 2016-12-13 11:24:48.416390638 2619811 [56297.008140]   963  2381 D ThermaPlan->Batch: {"func":"Batch->add()","batch":{"what":"BATCH","start":315360057206,"end":551880056972,"flags":0,"flagsBinary":"0","oldStart":315360056973,"oldEnd":551880056972}}
43424168-e44e-473a-bf12-dba8a4a4453a 2016-12-13 11:24:48.416390638 2619812 [56297.008338]   963  2381 D ThermaPlan->Batch: {"func":"Batch->add()","batch":{"what":"BATCH","start":315360057236,"end":551880056972,"flags":0,"flagsBinary":"0","oldStart":315360057206,"oldEnd":551880056972}}
43424168-e44e-473a-bf12-dba8a4a4453a 2016-12-13 11:24:48.416390638 2619813 [56297.008531]   963  2381 D ThermaPlan->Batch: {"func":"Batch->add()","batch":{"what":"BATCH","start":315360057240,"end":551880056972,"flags":0,"flagsBinary":"0","oldStart":315360057236,"oldEnd":551880056972}}
43424168-e44e-473a-bf12-dba8a4a4453a 2016-12-13 11:24:48.416390638 2619814 [56297.008719]   963  2381 D ThermaPlan->Batch: {"func":"Batch->add()","batch":{"what":"BATCH","start":315360057254,"end":551880056972,"flags":0,"flagsBinary":"0","oldStart":315360057240,"oldEnd":551880056972}}
43424168-e44e-473a-bf12-dba8a4a4453a 2016-12-13 11:24:48.416390638 2619815 [56297.008919]   963  2381 D ThermaPlan->Batch: {"func":"Batch->add()","batch":{"what":"BATCH","start":315360057257,"end":551880056972,"flags":0,"flagsBinary":"0","oldStart":315360057254,"oldEnd":551880056972}}
43424168-e44e-473a-bf12-dba8a4a4453a 2016-12-13 11:24:48.416390638 2619816 [56297.009121]   963  2381 D ThermaPlan->Batch: {"func":"Batch->add()","batch":{"what":"BATCH","start":315360057259,"end":551880056972,"flags":0,"flagsBinary":"0","oldStart":315360057257,"oldEnd":551880056972}}
43424168-e44e-473a-bf12-dba8a4a4453a 2016-12-13 11:24:48.426390638 2619817 [56297.009967]  3212  3212 D PhoneLabServices-AgreementTask: Intent fired, action = android.net.wifi.STATE_CHANGE
43424168-e44e-473a-bf12-dba8a4a4453a 2016-12-13 11:24:48.426390638 2619818 [56297.010055]  3212  3212 D PhoneLabServices-AgreementTask: Wifi not connected.
43424168-e44e-473a-bf12-dba8a4a4453a 2016-12-13 11:24:48.426390638 2619819 [56297.010321]   963  2381 D ThermaPlan->Batch: {"func":"Batch->add()","batch":{"what":"BATCH","start":315360094195,"end":551880056972,"flags":0,"flagsBinary":"0","oldStart":315360057259,"oldEnd":551880056972}}
43424168-e44e-473a-bf12-dba8a4a4453a 2016-12-13 11:24:48.426390638 2619820 [56297.010517]   963  2381 D ThermaPlan->Batch: {"func":"Batch->add()","batch":{"what":"BATCH","start":315360113203,"end":551880056972,"flags":0,"flagsBinary":"0","oldStart":315360094195,"oldEnd":551880056972}}
43424168-e44e-473a-bf12-dba8a4a4453a 2016-12-13 11:24:48.426390638 2619821 [56297.010726]   963  2381 D ThermaPlan->Batch: {"func":"Batch->add()","batch":{"what":"BATCH","start":315399259724,"end":551880056972,"flags":0,"flagsBinary":"0","oldStart":315360113203,"oldEnd":551880056972}}
43424168-e44e-473a-bf12-dba8a4a4453a 2016-12-13 11:24:48.426390638 2619822 [56297.010915]   963  2381 D ThermaPlan->Batch: {"func":"Batch->add()","batch":{"what":"BATCH","start":315399259747,"end":551880056972,"flags":0,"flagsBinary":"0","oldStart":315399259724,"oldEnd":551880056972}}
43424168-e44e-473a-bf12-dba8a4a4453a 2016-12-13 11:24:48.426390638 2619823 [56297.011091]   963  2381 D ThermaPlan->Batch: {"func":"Batch->add()","batch":{"what":"BATCH","start":315572926898,"end":551880056972,"flags":0,"flagsBinary":"0","oldStart":315399259747,"oldEnd":551880056972}}
43424168-e44e-473a-bf12-dba8a4a4453a 2016-12-13 11:24:48.426390638 2619824 [56297.015233]   963  3599 I Network-Telephony-PhoneLab: {"Action":"android.telephony.DATA_ACTIVITY_CHANGED","DataActivity":"DISCONNECTED","timestamp":1481646288435,"uptimeNanos":213579162570475,"LogFormat":"1.1"}
43424168-e44e-473a-bf12-dba8a4a4453a 2016-12-13 11:24:48.436390638 2619825 [56297.019626]   963   975 D ThermaPlan->AlarmManagerService: {"func":"AlarmManagerService->mService->set","pid":1877,"uid":1001,"flagsBinary":"1000","flags":8,"type":2,"triggerAtTime":213939166,"nowELAPSED":213579167,"rtc":1481646288439,"windowLength":-1,"interval":0,"creatorPkg":"com.android.phone","targetPkg":"com.android.phone"}
43424168-e44e-473a-bf12-dba8a4a4453a 2016-12-13 11:24:48.436390638 2619826 [56297.021247]   963   975 D ThermaPlan->Batch: {"func":"Batch->add()","batch":{"what":"BATCH","start":213700771,"end":213730771,"flags":0,"flagsBinary":"0","oldStart":213650727,"oldEnd":213740727}}
43424168-e44e-473a-bf12-dba8a4a4453a 2016-12-13 11:24:48.436390638 2619827 [56297.021531]   963   975 D ThermaPlan->Batch: {"func":"Batch->add()","batch":{"what":"BATCH","start":213711754,"end":213730771,"flags":8,"flagsBinary":"1000","oldStart":213700771,"oldEnd":213730771}}
43424168-e44e-473a-bf12-dba8a4a4453a 2016-12-13 11:24:48.436390638 2619828 [56297.022036]   963   975 D ThermaPlan->Batch: {"func":"Batch->add()","batch":{"what":"BATCH","start":213831840,"end":213865311,"flags":0,"flagsBinary":"0","oldStart":213741687,"oldEnd":213865311}}
43424168-e44e-473a-bf12-dba8a4a4453a 2016-12-13 11:24:48.436390638 2619829 [56297.023271]   963   975 D ThermaPlan->Batch: {"func":"Batch->add()","batch":{"what":"BATCH","start":214276095,"end":214951095,"flags":8,"flagsBinary":"1000","oldStart":214251322,"oldEnd":215601322}}
43424168-e44e-473a-bf12-dba8a4a4453a 2016-12-13 11:24:48.436390638 2619830 [56297.023560]   963   975 D ThermaPlan->Batch: {"func":"Batch->add()","batch":{"what":"BATCH","start":214278171,"end":214951095,"flags":8,"flagsBinary":"1000","oldStart":214276095,"oldEnd":214951095}}
43424168-e44e-473a-bf12-dba8a4a4453a 2016-12-13 11:24:48.436390638 2619831 [56297.023847]   963   975 D ThermaPlan->Batch: {"func":"Batch->add()","batch":{"what":"BATCH","start":214278914,"end":214951095,"flags":8,"flagsBinary":"1000","oldStart":214278171,"oldEnd":214951095}}
43424168-e44e-473a-bf12-dba8a4a4453a 2016-12-13 11:24:48.436390638 2619832 [56297.024156]   963   975 D ThermaPlan->Batch: {"func":"Batch->add()","batch":{"what":"BATCH","start":214278988,"end":214951095,"flags":8,"flagsBinary":"1000","oldStart":214278914,"oldEnd":214951095}}
43424168-e44e-473a-bf12-dba8a4a4453a 2016-12-13 11:24:48.436390638 2619833 [56297.024460]   963   975 D ThermaPlan->Batch: {"func":"Batch->add()","batch":{"what":"BATCH","start":214281415,"end":214951095,"flags":8,"flagsBinary":"1000","oldStart":214278988,"oldEnd":214951095}}
43424168-e44e-473a-bf12-dba8a4a4453a 2016-12-13 11:24:48.436390638 2619834 [56297.024755]   963   975 D ThermaPlan->Batch: {"func":"Batch->add()","batch":{"what":"BATCH","start":214281680,"end":214951095,"flags":8,"flagsBinary":"1000","oldStart":214281415,"oldEnd":214951095}}
43424168-e44e-473a-bf12-dba8a4a4453a 2016-12-13 11:24:48.436390638 2619835 [56297.025043]   963   975 D ThermaPlan->Batch: {"func":"Batch->add()","batch":{"what":"BATCH","start":214282094,"end":214951095,"flags":8,"flagsBinary":"1000","oldStart":214281680,"oldEnd":214951095}}
43424168-e44e-473a-bf12-dba8a4a4453a 2016-12-13 11:24:48.436390638 2619836 [56297.025333]   963   975 D ThermaPlan->Batch: {"func":"Batch->add()","batch":{"what":"BATCH","start":214282211,"end":214951095,"flags":8,"flagsBinary":"1000","oldStart":214282094,"oldEnd":214951095}}
43424168-e44e-473a-bf12-dba8a4a4453a 2016-12-13 11:24:48.436390638 2619837 [56297.025652]   963   975 D ThermaPlan->Batch: {"func":"Batch->add()","batch":{"what":"BATCH","start":214282485,"end":214951095,"flags":8,"flagsBinary":"1000","oldStart":214282211,"oldEnd":214951095}}
43424168-e44e-473a-bf12-dba8a4a4453a 2016-12-13 11:24:48.436390638 2619838 [56297.025976]   963   975 D ThermaPlan->Batch: {"func":"Batch->add()","batch":{"what":"BATCH","start":214294563,"end":214951095,"flags":8,"flagsBinary":"1000","oldStart":214282485,"oldEnd":214951095}}
43424168-e44e-473a-bf12-dba8a4a4453a 2016-12-13 11:24:48.436390638 2619839 [56297.026275]   963   975 D ThermaPlan->Batch: {"func":"Batch->add()","batch":{"what":"BATCH","start":214733822,"end":214951095,"flags":8,"flagsBinary":"1000","oldStart":214294563,"oldEnd":214951095}}
43424168-e44e-473a-bf12-dba8a4a4453a 2016-12-13 11:24:48.436390638 2619840 [56297.026600]   963   975 D ThermaPlan->Batch: {"func":"Batch->add()","batch":{"what":"BATCH","start":214750706,"end":214951095,"flags":8,"flagsBinary":"1000","oldStart":214733822,"oldEnd":214951095}}
43424168-e44e-473a-bf12-dba8a4a4453a 2016-12-13 11:24:48.436390638 2619841 [56297.028658]   963   975 D ThermaPlan->Batch: {"func":"Batch->add()","batch":{"what":"BATCH","start":215759162,"end":219062073,"flags":8,"flagsBinary":"1000","oldStart":215226149,"oldEnd":219062073}}
43424168-e44e-473a-bf12-dba8a4a4453a 2016-12-13 11:24:48.436390638 2619842 [56297.028946]   963   975 D ThermaPlan->Batch: {"func":"Batch->add()","batch":{"what":"BATCH","start":216082518,"end":218782518,"flags":8,"flagsBinary":"1000","oldStart":215759162,"oldEnd":219062073}}
43424168-e44e-473a-bf12-dba8a4a4453a 2016-12-13 11:24:48.436390638 2619843 [56297.029225]   963   975 D ThermaPlan->Batch: {"func":"Batch->add()","batch":{"what":"BATCH","start":216144078,"end":218782518,"flags":8,"flagsBinary":"1000","oldStart":216082518,"oldEnd":218782518}}
43424168-e44e-473a-bf12-dba8a4a4453a 2016-12-13 11:24:48.446390638 2619844 [56297.029639]   963   975 D ThermaPlan->Batch: {"func":"Batch->add()","batch":{"what":"BATCH","start":216526830,"end":218782518,"flags":8,"flagsBinary":"1000","oldStart":216144078,"oldEnd":218782518}}
43424168-e44e-473a-bf12-dba8a4a4453a 2016-12-13 11:24:48.446390638 2619845 [56297.029933]   963   975 D ThermaPlan->Batch: {"func":"Batch->add()","batch":{"what":"BATCH","start":217737182,"end":218037182,"flags":8,"flagsBinary":"1000","oldStart":216526830,"oldEnd":218782518}}
43424168-e44e-473a-bf12-dba8a4a4453a 2016-12-13 11:24:48.446390638 2619846 [56297.030432]   963   975 D ThermaPlan->Batch: {"func":"Batch->add()","batch":{"what":"BATCH","start":220150599,"end":224060131,"flags":0,"flagsBinary":"0","oldStart":219290727,"oldEnd":224060131}}
43424168-e44e-473a-bf12-dba8a4a4453a 2016-12-13 11:24:48.446390638 2619847 [56297.030746]   963   975 D ThermaPlan->Batch: {"func":"Batch->add()","batch":{"what":"BATCH","start":220380550,"end":224060131,"flags":0,"flagsBinary":"0","oldStart":220150599,"oldEnd":224060131}}
43424168-e44e-473a-bf12-dba8a4a4453a 2016-12-13 11:24:48.446390638 2619848 [56297.032159]   963   975 D ThermaPlan->Batch: {"func":"Batch->add()","batch":{"what":"BATCH","start":230499939,"end":239324426,"flags":0,"flagsBinary":"0","oldStart":228290727,"oldEnd":239324426}}
43424168-e44e-473a-bf12-dba8a4a4453a 2016-12-13 11:24:48.446390638 2619849 [56297.032469]   963   975 D ThermaPlan->Batch: {"func":"Batch->add()","batch":{"what":"BATCH","start":231188198,"end":239324426,"flags":0,"flagsBinary":"0","oldStart":230499939,"oldEnd":239324426}}
43424168-e44e-473a-bf12-dba8a4a4453a 2016-12-13 11:24:48.446390638 2619850 [56297.032800]   963   975 D ThermaPlan->Batch: {"func":"Batch->add()","batch":{"what":"BATCH","start":231548284,"end":239324426,"flags":0,"flagsBinary":"0","oldStart":231188198,"oldEnd":239324426}}
43424168-e44e-473a-bf12-dba8a4a4453a 2016-12-13 11:24:48.446390638 2619851 [56297.033976]   963  1378 E WifiConfigStore: saveWifiConfigBSSID Setting BSSID for "AP4-5"-WPA_PSK to any
43424168-e44e-473a-bf12-dba8a4a4453a 2016-12-13 11:24:48.446390638 2619852 [56297.034047]   963  1378 D wifi_gbk2utf: ssid_utf8 = 睏湡, length=6, value =, length=0
43424168-e44e-473a-bf12-dba8a4a4453a 2016-12-13 11:24:48.446390638 2619853 [56297.034062]   963  1378 D wifi_gbk2utf: ssid_utf8 = 睏�, length=6, value =, length=0
43424168-e44e-473a-bf12-dba8a4a4453a 2016-12-13 11:24:48.446390638 2619854 [56297.035906]  3212  3212 D PhoneLabServices-AgreementTask: Intent fired, action = android.net.wifi.STATE_CHANGE
43424168-e44e-473a-bf12-dba8a4a4453a 2016-12-13 11:24:48.446390638 2619855 [56297.035980]  3212  3212 D PhoneLabServices-AgreementTask: Wifi not connected.
43424168-e44e-473a-bf12-dba8a4a4453a 2016-12-13 11:24:48.446390638 2619856 [56297.038479]   963   975 D ThermaPlan->Batch: {"func":"Batch->add()","batch":{"what":"BATCH","start":248330836,"end":285305189,"flags":8,"flagsBinary":"1000","oldStart":240305189,"oldEnd":285305189}}
43424168-e44e-473a-bf12-dba8a4a4453a 2016-12-13 11:24:48.446390638 2619857 [56297.038789]   963   975 D ThermaPlan->Batch: {"func":"Batch->add()","batch":{"what":"BATCH","start":249541608,"end":282059671,"flags":8,"flagsBinary":"1000","oldStart":248330836,"oldEnd":285305189}}
43424168-e44e-473a-bf12-dba8a4a4453a 2016-12-13 11:24:48.446390638 2619858 [56297.039123]   963   975 D ThermaPlan->Batch: {"func":"Batch->add()","batch":{"what":"BATCH","start":249641515,"end":280795765,"flags":8,"flagsBinary":"1000","oldStart":249541608,"oldEnd":282059671}}
43424168-e44e-473a-bf12-dba8a4a4453a 2016-12-13 11:24:48.456390638 2619859 [56297.039490]   963   975 D ThermaPlan->Batch: {"func":"Batch->add()","batch":{"what":"BATCH","start":258890727,"end":280795765,"flags":8,"flagsBinary":"1000","oldStart":249641515,"oldEnd":280795765}}
43424168-e44e-473a-bf12-dba8a4a4453a 2016-12-13 11:24:48.456390638 2619860 [56297.039836]   963   975 D ThermaPlan->Batch: {"func":"Batch->add()","batch":{"what":"BATCH","start":259200000,"end":280795765,"flags":8,"flagsBinary":"1000","oldStart":258890727,"oldEnd":280795765}}
43424168-e44e-473a-bf12-dba8a4a4453a 2016-12-13 11:24:48.456390638 2619861 [56297.040148]   963   975 D ThermaPlan->Batch: {"func":"Batch->add()","batch":{"what":"BATCH","start":259252542,"end":280795765,"flags":8,"flagsBinary":"1000","oldStart":259200000,"oldEnd":280795765}}
43424168-e44e-473a-bf12-dba8a4a4453a 2016-12-13 11:24:48.456390638 2619862 [56297.040444]   963   975 D ThermaPlan->Batch: {"func":"Batch->add()","batch":{"what":"BATCH","start":259281310,"end":280795765,"flags":8,"flagsBinary":"1000","oldStart":259252542,"oldEnd":280795765}}
43424168-e44e-473a-bf12-dba8a4a4453a 2016-12-13 11:24:48.456390638 2619863 [56297.040750]   963   975 D ThermaPlan->Batch: {"func":"Batch->add()","batch":{"what":"BATCH","start":259345161,"end":280795765,"flags":8,"flagsBinary":"1000","oldStart":259281310,"oldEnd":280795765}}
43424168-e44e-473a-bf12-dba8a4a4453a 2016-12-13 11:24:48.456390638 2619864 [56297.041074]   963   975 D ThermaPlan->Batch: {"func":"Batch->add()","batch":{"what":"BATCH","start":259786617,"end":280795765,"flags":8,"flagsBinary":"1000","oldStart":259345161,"oldEnd":280795765}}
43424168-e44e-473a-bf12-dba8a4a4453a 2016-12-13 11:24:48.456390638 2619865 [56297.041437]   963   975 D ThermaPlan->Batch: {"func":"Batch->add()","batch":{"what":"BATCH","start":261333689,"end":280795765,"flags":8,"flagsBinary":"1000","oldStart":259786617,"oldEnd":280795765}}
43424168-e44e-473a-bf12-dba8a4a4453a 2016-12-13 11:24:48.456390638 2619866 [56297.041785]   963   975 D ThermaPlan->Batch: {"func":"Batch->add()","batch":{"what":"BATCH","start":270989138,"end":280795765,"flags":8,"flagsBinary":"1000","oldStart":261333689,"oldEnd":280795765}}
43424168-e44e-473a-bf12-dba8a4a4453a 2016-12-13 11:24:48.456390638 2619867 [56297.043793]   378   961 D CommandListener: Setting iface cfg
43424168-e44e-473a-bf12-dba8a4a4453a 2016-12-13 11:24:48.456390638 2619868 [56297.044183]   963  1378 D WifiStateMachine: Start Dhcp Watchdog 186
43424168-e44e-473a-bf12-dba8a4a4453a 2016-12-13 11:24:48.456390638 2619869 [56297.044534]   963  2916 D ThermaPlan->AlarmManagerService: {"func":"AlarmManagerService->mService->set","pid":963,"uid":1000,"flagsBinary":"1001","flags":9,"type":2,"triggerAtTime":213615191,"nowELAPSED":213579191,"rtc":1481646288464,"windowLength":0,"interval":0,"creatorPkg":"android","targetPkg":"android"}
43424168-e44e-473a-bf12-dba8a4a4453a 2016-12-13 11:24:48.456390638 2619870 [56297.047693]   963   975 D ThermaPlan->Batch: {"func":"Batch->add()","batch":{"what":"BATCH","start":292490680,"end":331748773,"flags":0,"flagsBinary":"0","oldStart":280825099,"oldEnd":331748773}}
43424168-e44e-473a-bf12-dba8a4a4453a 2016-12-13 11:24:48.456390638 2619871 [56297.048018]   963  1378 D IpReachabilityMonitor: watch: iface{wlan0/5}, v{1}, ntable=[]
43424168-e44e-473a-bf12-dba8a4a4453a 2016-12-13 11:24:48.456390638 2619872 [56297.048981]   963   975 D ThermaPlan->Batch: {"func":"Batch->add()","batch":{"what":"BATCH","start":296563797,"end":331748773,"flags":0,"flagsBinary":"0","oldStart":292490680,"oldEnd":331748773}}
43424168-e44e-473a-bf12-dba8a4a4453a 2016-12-13 11:24:48.466390638 2619873 [56297.049353]   963   975 D ThermaPlan->Batch: {"func":"Batch->add()","batch":{"what":"BATCH","start":299976529,"end":331748773,"flags":8,"flagsBinary":"1000","oldStart":296563797,"oldEnd":331748773}}
43424168-e44e-473a-bf12-dba8a4a4453a 2016-12-13 11:24:48.466390638 2619874 [56297.049547]   387   387 D KernelPrintk: 4,349729,56297041951,-;dhd_prot_flow_ring_create Send Flow create Req msglen flow ID 40 for peer 33:33:ff:ac:9d:f0 prio 0 ifindex 0
43424168-e44e-473a-bf12-dba8a4a4453a 2016-12-13 11:24:48.466390638 2619875 [56297.049565]   387   387 D KernelPrintk: 4,349730,56297042050,-;dhd_prot_process_flow_ring_create_response Flow create Response status = 0 Flow 40
43424168-e44e-473a-bf12-dba8a4a4453a 2016-12-13 11:24:48.466390638 2619876 [56297.049914]   963   975 D ThermaPlan->Batch: {"func":"Batch->add()","batch":{"what":"BATCH","start":605813325,"end":1058493261,"flags":0,"flagsBinary":"0","oldStart":604893263,"oldEnd":1058493261}}
43424168-e44e-473a-bf12-dba8a4a4453a 2016-12-13 11:24:48.466390638 2619877 [56297.055417]   963   975 D ThermaPlan->Batch: {"func":"Batch->add()","batch":{"what":"BATCH","start":624143935,"end":992076404,"flags":0,"flagsBinary":"0","oldStart":605813325,"oldEnd":1058493261}}
43424168-e44e-473a-bf12-dba8a4a4453a 2016-12-13 11:24:48.466390638 2619878 [56297.055638]   963   975 D ThermaPlan->Batch: {"func":"Batch->add()","batch":{"what":"BATCH","start":694490728,"end":992076404,"flags":0,"flagsBinary":"0","oldStart":624143935,"oldEnd":992076404}}
43424168-e44e-473a-bf12-dba8a4a4453a 2016-12-13 11:24:48.466390638 2619879 [56297.056039]   963   975 D ThermaPlan->Batch: {"func":"Batch->add()","batch":{"what":"BATCH","start":701674709,"end":992076404,"flags":0,"flagsBinary":"0","oldStart":694490728,"oldEnd":992076404}}
43424168-e44e-473a-bf12-dba8a4a4453a 2016-12-13 11:24:48.466390638 2619880 [56297.056477]   963   975 D ThermaPlan->Batch: {"func":"Batch->add()","batch":{"what":"BATCH","start":315360057206,"end":551880056972,"flags":0,"flagsBinary":"0","oldStart":315360056973,"oldEnd":551880056972}}
43424168-e44e-473a-bf12-dba8a4a4453a 2016-12-13 11:24:48.466390638 2619881 [56297.056671]   963   975 D ThermaPlan->Batch: {"func":"Batch->add()","batch":{"what":"BATCH","start":315360057236,"end":551880056972,"flags":0,"flagsBinary":"0","oldStart":315360057206,"oldEnd":551880056972}}
43424168-e44e-473a-bf12-dba8a4a4453a 2016-12-13 11:24:48.466390638 2619882 [56297.056859]   963   975 D ThermaPlan->Batch: {"func":"Batch->add()","batch":{"what":"BATCH","start":315360057240,"end":551880056972,"flags":0,"flagsBinary":"0","oldStart":315360057236,"oldEnd":551880056972}}
43424168-e44e-473a-bf12-dba8a4a4453a 2016-12-13 11:24:48.466390638 2619883 [56297.057042]   963   975 D ThermaPlan->Batch: {"func":"Batch->add()","batch":{"what":"BATCH","start":315360057254,"end":551880056972,"flags":0,"flagsBinary":"0","oldStart":315360057240,"oldEnd":551880056972}}
43424168-e44e-473a-bf12-dba8a4a4453a 2016-12-13 11:24:48.466390638 2619884 [56297.057230]   963   975 D ThermaPlan->Batch: {"func":"Batch->add()","batch":{"what":"BATCH","start":315360057257,"end":551880056972,"flags":0,"flagsBinary":"0","oldStart":315360057254,"oldEnd":551880056972}}
43424168-e44e-473a-bf12-dba8a4a4453a 2016-12-13 11:24:48.466390638 2619885 [56297.057410]   963   975 D ThermaPlan->Batch: {"func":"Batch->add()","batch":{"what":"BATCH","start":315360057259,"end":551880056972,"flags":0,"flagsBinary":"0","oldStart":315360057257,"oldEnd":551880056972}}
43424168-e44e-473a-bf12-dba8a4a4453a 2016-12-13 11:24:48.466390638 2619886 [56297.057615]   963   975 D ThermaPlan->Batch: {"func":"Batch->add()","batch":{"what":"BATCH","start":315360094195,"end":551880056972,"flags":0,"flagsBinary":"0","oldStart":315360057259,"oldEnd":551880056972}}
43424168-e44e-473a-bf12-dba8a4a4453a 2016-12-13 11:24:48.466390638 2619887 [56297.057825]   963   975 D ThermaPlan->Batch: {"func":"Batch->add()","batch":{"what":"BATCH","start":315360113203,"end":551880056972,"flags":0,"flagsBinary":"0","oldStart":315360094195,"oldEnd":551880056972}}
43424168-e44e-473a-bf12-dba8a4a4453a 2016-12-13 11:24:48.466390638 2619888 [56297.058022]   963   975 D ThermaPlan->Batch: {"func":"Batch->add()","batch":{"what":"BATCH","start":315399259724,"end":551880056972,"flags":0,"flagsBinary":"0","oldStart":315360113203,"oldEnd":551880056972}}
43424168-e44e-473a-bf12-dba8a4a4453a 2016-12-13 11:24:48.466390638 2619889 [56297.058229]   963   975 D ThermaPlan->Batch: {"func":"Batch->add()","batch":{"what":"BATCH","start":315399259747,"end":551880056972,"flags":0,"flagsBinary":"0","oldStart":315399259724,"oldEnd":551880056972}}
43424168-e44e-473a-bf12-dba8a4a4453a 2016-12-13 11:24:48.466390638 2619890 [56297.058440]   963   975 D ThermaPlan->Batch: {"func":"Batch->add()","batch":{"what":"BATCH","start":315572926898,"end":551880056972,"flags":0,"flagsBinary":"0","oldStart":315399259747,"oldEnd":551880056972}}
43424168-e44e-473a-bf12-dba8a4a4453a 2016-12-13 11:24:48.476390638 2619891 [56297.061228]   963  2298 I Network-Telephony-PhoneLab: {"Action":"android.telephony.DATA_ACTIVITY_CHANGED","DataActivity":"DISCONNECTED","timestamp":1481646288481,"uptimeNanos":213579208738704,"LogFormat":"1.1"}
43424168-e44e-473a-bf12-dba8a4a4453a 2016-12-13 11:24:48.506390638 2619892 [56297.089571]   388   388 D Kernel-Trace:     kworker/2:2H-10277 [002] ...1 56296.990900: cpu_frequency: state=883200 cpu_id=2
43424168-e44e-473a-bf12-dba8a4a4453a 2016-12-13 11:24:48.506390638 2619893 [56297.089604]   388   388 D Kernel-Trace:     kworker/3:2H-12900 [003] ...1 56296.999632: cpu_frequency: state=1574400 cpu_id=3
43424168-e44e-473a-bf12-dba8a4a4453a 2016-12-13 11:24:48.506390638 2619894 [56297.089616]   388   388 D Kernel-Trace:     kworker/0:0H-7043  [000] ...1 56297.009816: cpu_frequency: state=2649600 cpu_id=0
43424168-e44e-473a-bf12-dba8a4a4453a 2016-12-13 11:24:48.506390638 2619895 [56297.089627]   388   388 D Kernel-Trace:     kworker/1:2H-12491 [001] ...1 56297.010235: cpu_frequency: state=1190400 cpu_id=1
43424168-e44e-473a-bf12-dba8a4a4453a 2016-12-13 11:24:48.506390638 2619896 [56297.089638]   388   388 D Kernel-Trace:     kworker/1:2H-12491 [001] ...1 56297.059487: cpu_frequency: state=1497600 cpu_id=1
43424168-e44e-473a-bf12-dba8a4a4453a 2016-12-13 11:24:48.506390638 2619897 [56297.089649]   388   388 D Kernel-Trace:     kworker/3:2H-12900 [003] ...1 56297.059639: cpu_frequency: state=729600 cpu_id=3
43424168-e44e-473a-bf12-dba8a4a4453a 2016-12-13 11:24:48.506390638 2619898 [56297.089658]   388   388 D Kernel-Trace:     kworker/2:2H-10277 [002] ...1 56297.069688: cpu_frequency: state=1497600 cpu_id=2
43424168-e44e-473a-bf12-dba8a4a4453a 2016-12-13 11:24:48.516390638 2619899 [56297.100292]   963   981 D Tethering: MasterInitialState.processMessage what=3
43424168-e44e-473a-bf12-dba8a4a4453a 2016-12-13 11:24:48.516390638 2619900 [56297.104821]   963 29764 D DhcpClient: Receive thread started
43424168-e44e-473a-bf12-dba8a4a4453a 2016-12-13 11:24:48.516390638 2619901 [56297.106486]  3212  3212 D PhoneLabServices-UploaderTask: Alarm fired, action is android.net.conn.CONNECTIVITY_CHANGE
43424168-e44e-473a-bf12-dba8a4a4453a 2016-12-13 11:24:48.526390638 2619902 [56297.113518]   963   976 D ThermaPlan->AlarmManagerService: {"func":"AlarmManagerService->mService->set","pid":963,"uid":1000,"flagsBinary":"1001","flags":9,"type":2,"triggerAtTime":215575728,"nowELAPSED":213579260,"rtc":1481646288533,"windowLength":0,"interval":0,"creatorPkg":"android","targetPkg":"android"}
43424168-e44e-473a-bf12-dba8a4a4453a 2016-12-13 11:24:48.526390638 2619903 [56297.115034]   963   976 D ThermaPlan->Batch: {"func":"Batch->add()","batch":{"what":"BATCH","start":213700771,"end":213730771,"flags":0,"flagsBinary":"0","oldStart":213650727,"oldEnd":213740727}}
43424168-e44e-473a-bf12-dba8a4a4453a 2016-12-13 11:24:48.526390638 2619904 [56297.115279]   963   976 D ThermaPlan->Batch: {"func":"Batch->add()","batch":{"what":"BATCH","start":213711754,"end":213730771,"flags":8,"flagsBinary":"1000","oldStart":213700771,"oldEnd":213730771}}
43424168-e44e-473a-bf12-dba8a4a4453a 2016-12-13 11:24:48.526390638 2619905 [56297.115690]   963   976 D ThermaPlan->Batch: {"func":"Batch->add()","batch":{"what":"BATCH","start":213831840,"end":213865311,"flags":0,"flagsBinary":"0","oldStart":213741687,"oldEnd":213865311}}
43424168-e44e-473a-bf12-dba8a4a4453a 2016-12-13 11:24:48.526390638 2619906 [56297.116893]   963   976 D ThermaPlan->Batch: {"func":"Batch->add()","batch":{"what":"BATCH","start":214276095,"end":214951095,"flags":8,"flagsBinary":"1000","oldStart":214251322,"oldEnd":215601322}}
43424168-e44e-473a-bf12-dba8a4a4453a 2016-12-13 11:24:48.526390638 2619907 [56297.117185]   963   976 D ThermaPlan->Batch: {"func":"Batch->add()","batch":{"what":"BATCH","start":214278171,"end":214951095,"flags":8,"flagsBinary":"1000","oldStart":214276095,"oldEnd":214951095}}
43424168-e44e-473a-bf12-dba8a4a4453a 2016-12-13 11:24:48.526390638 2619908 [56297.117237]  3212  3370 D PhoneLabServices-UploaderTask: Starting check task.
43424168-e44e-473a-bf12-dba8a4a4453a 2016-12-13 11:24:48.526390638 2619909 [56297.117435]   963   976 D ThermaPlan->Batch: {"func":"Batch->add()","batch":{"what":"BATCH","start":214278914,"end":214951095,"flags":8,"flagsBinary":"1000","oldStart":214278171,"oldEnd":214951095}}
43424168-e44e-473a-bf12-dba8a4a4453a 2016-12-13 11:24:48.526390638 2619910 [56297.117685]   963   976 D ThermaPlan->Batch: {"func":"Batch->add()","batch":{"what":"BATCH","start":214278988,"end":214951095,"flags":8,"flagsBinary":"1000","oldStart":214278914,"oldEnd":214951095}}
43424168-e44e-473a-bf12-dba8a4a4453a 2016-12-13 11:24:48.526390638 2619911 [56297.117918]   963   976 D ThermaPlan->Batch: {"func":"Batch->add()","batch":{"what":"BATCH","start":214281415,"end":214951095,"flags":8,"flagsBinary":"1000","oldStart":214278988,"oldEnd":214951095}}
43424168-e44e-473a-bf12-dba8a4a4453a 2016-12-13 11:24:48.526390638 2619912 [56297.118172]   963   976 D ThermaPlan->Batch: {"func":"Batch->add()","batch":{"what":"BATCH","start":214281680,"end":214951095,"flags":8,"flagsBinary":"1000","oldStart":214281415,"oldEnd":214951095}}
43424168-e44e-473a-bf12-dba8a4a4453a 2016-12-13 11:24:48.526390638 2619913 [56297.118468]   963   976 D ThermaPlan->Batch: {"func":"Batch->add()","batch":{"what":"BATCH","start":214282094,"end":214951095,"flags":8,"flagsBinary":"1000","oldStart":214281680,"oldEnd":214951095}}
43424168-e44e-473a-bf12-dba8a4a4453a 2016-12-13 11:24:48.526390638 2619914 [56297.118693]   963   976 D ThermaPlan->Batch: {"func":"Batch->add()","batch":{"what":"BATCH","start":214282211,"end":214951095,"flags":8,"flagsBinary":"1000","oldStart":214282094,"oldEnd":214951095}}
43424168-e44e-473a-bf12-dba8a4a4453a 2016-12-13 11:24:48.526390638 2619915 [56297.118923]   963   976 D ThermaPlan->Batch: {"func":"Batch->add()","batch":{"what":"BATCH","start":214282485,"end":214951095,"flags":8,"flagsBinary":"1000","oldStart":214282211,"oldEnd":214951095}}
43424168-e44e-473a-bf12-dba8a4a4453a 2016-12-13 11:24:48.536390638 2619916 [56297.123621]  3212  3370 D PhoneLabServices-LogcatTask: Preparing files for upload.
43424168-e44e-473a-bf12-dba8a4a4453a 2016-12-13 11:24:48.536390638 2619917 [56297.125212]  3212  3370 D PhoneLabServices-LogcatTask: Adding [/data/user/0/edu.buffalo.cse.phonelab.conductor/app_LogcatTask/1ltjjiv6ji1tnt6bh1te54oj40/log.out.0007, /data/user/0/edu.buffalo.cse.phonelab.conductor/app_LogcatTask/1ltjjiv6ji1tnt6bh1te54oj40/log.out.0006, /data/user/0/edu.buffalo.cse.phonelab.conductor/app_LogcatTask/1ltjjiv6ji1tnt6bh1te54oj40/log.out.0005, /data/user/0/edu.buffalo.cse.phonelab.conductor/app_LogcatTask/1ltjjiv6ji1tnt6bh1te54oj40/log.out.0004, /data/user/0/edu.buffalo.cse.phonelab.conductor/app_LogcatTask/1ltjjiv6ji1tnt6bh1te54oj40/log.out.0002, /data/user/0/edu.buffalo.cse.phonelab.conductor/app_LogcatTask/1ltjjiv6ji1tnt6bh1te54oj40/log.out.0003, /data/user/0/edu.buffalo.cse.phonelab.conductor/app_LogcatTask/1ltjjiv6ji1tnt6bh1te54oj40/log.out.0001]
43424168-e44e-473a-bf12-dba8a4a4453a 2016-12-13 11:24:48.536390638 2619918 [56297.125768]   963   976 D ThermaPlan->Batch: {"func":"Batch->add()","batch":{"what":"BATCH","start":214294563,"end":214951095,"flags":8,"flagsBinary":"1000","oldStart":214282485,"oldEnd":214951095}}
43424168-e44e-473a-bf12-dba8a4a4453a 2016-12-13 11:24:48.536390638 2619919 [56297.125989]   963   976 D ThermaPlan->Batch: {"func":"Batch->add()","batch":{"what":"BATCH","start":214733822,"end":214951095,"flags":8,"flagsBinary":"1000","oldStart":214294563,"oldEnd":214951095}}
43424168-e44e-473a-bf12-dba8a4a4453a 2016-12-13 11:24:48.536390638 2619920 [56297.127916]  3870  3870 D NetworkChangeNotifierAutoDetect: Network connectivity changed, type is: 4
43424168-e44e-473a-bf12-dba8a4a4453a 2016-12-13 11:24:48.536390638 2619921 [56297.128434]   963   976 D ThermaPlan->Batch: {"func":"Batch->add()","batch":{"what":"BATCH","start":214750705,"end":214951095,"flags":8,"flagsBinary":"1000","oldStart":214733822,"oldEnd":214951095}}
43424168-e44e-473a-bf12-dba8a4a4453a 2016-12-13 11:24:48.546390638 2619922 [56297.129938]  4236  4236 D SprintDMReceiver: Received intent: android.net.conn.CONNECTIVITY_CHANGE
43424168-e44e-473a-bf12-dba8a4a4453a 2016-12-13 11:24:48.546390638 2619923 [56297.131733]  2242  2242 I CastMediaRouteProvider: Network connectivity changed
43424168-e44e-473a-bf12-dba8a4a4453a 2016-12-13 11:24:48.546390638 2619924 [56297.137266]  4236  4236 D SprintDMHelper: simOperator: 310120
43424168-e44e-473a-bf12-dba8a4a4453a 2016-12-13 11:24:48.546390638 2619925 [56297.137280]  4236  4236 D SprintDMHelper: isUICCSprint: We have a Sprint UICC
43424168-e44e-473a-bf12-dba8a4a4453a 2016-12-13 11:24:48.556390638 2619926 [56297.139534]  4236  4236 D SprintDMReceiver: startService SprintDMService: CONNECTIVITY_ACTION
43424168-e44e-473a-bf12-dba8a4a4453a 2016-12-13 11:24:48.556390638 2619927 [56297.139611]  4236  4236 D SprintDMReceiver: networkInfo extra is: [type: MOBILE[CDMA - eHRPD], state: CONNECTED/CONNECTED, reason: (unspecified), extra: n.ispsn, roaming: false, failover: false, isAvailable: true]
43424168-e44e-473a-bf12-dba8a4a4453a 2016-12-13 11:24:48.556390638 2619928 [56297.139629]  4236  4236 D SprintDMReceiver: networkType extra is: 0
43424168-e44e-473a-bf12-dba8a4a4453a 2016-12-13 11:24:48.556390638 2619929 [56297.139644]  4236  4236 D SprintDMReceiver: isFailover extra is: false
43424168-e44e-473a-bf12-dba8a4a4453a 2016-12-13 11:24:48.556390638 2619930 [56297.139659]  4236  4236 D SprintDMReceiver: noConnectivity extra is: false
43424168-e44e-473a-bf12-dba8a4a4453a 2016-12-13 11:24:48.556390638 2619931 [56297.139674]  4236  4236 D SprintDMReceiver: otherNetworkInfo is: null
43424168-e44e-473a-bf12-dba8a4a4453a 2016-12-13 11:24:48.556390638 2619932 [56297.139689]  4236  4236 D SprintDMReceiver: reason extra is: null
43424168-e44e-473a-bf12-dba8a4a4453a 2016-12-13 11:24:48.556390638 2619933 [56297.139704]  4236  4236 D SprintDMReceiver: extraInfo extra is: n.ispsn
43424168-e44e-473a-bf12-dba8a4a4453a 2016-12-13 11:24:48.556390638 2619934 [56297.139719]  4236  4236 D SprintDMReceiver: inetCondition extra is: 0
43424168-e44e-473a-bf12-dba8a4a4453a 2016-12-13 11:24:48.556390638 2619935 [56297.149288] 28584 28584 D WeatherUpdateService: onCreate
43424168-e44e-473a-bf12-dba8a4a4453a 2016-12-13 11:24:48.566390638 2619936 [56297.150288]  4236  4236 D SprintDMService: onStartCommand: intent="Intent { act=android.net.conn.CONNECTIVITY_CHANGE cmp=com.android.sdm.plugins.sprintdm/.SprintDMService (has extras) }" [tid=1]
43424168-e44e-473a-bf12-dba8a4a4453a 2016-12-13 11:24:48.566390638 2619937 [56297.150314]  4236  4236 D SprintDMService: onStartCommand: action="android.net.conn.CONNECTIVITY_CHANGE" flags=0 startId=619
43424168-e44e-473a-bf12-dba8a4a4453a 2016-12-13 11:24:48.566390638 2619938 [56297.150324]  4236  4236 D SprintDMService: got connectivity action
43424168-e44e-473a-bf12-dba8a4a4453a 2016-12-13 11:24:48.566390638 2619939 [56297.155345]  4236  4236 D SprintDMHelper: simOperator: 310120
43424168-e44e-473a-bf12-dba8a4a4453a 2016-12-13 11:24:48.566390638 2619940 [56297.155359]  4236  4236 D SprintDMHelper: isUICCSprint: We have a Sprint UICC
43424168-e44e-473a-bf12-dba8a4a4453a 2016-12-13 11:24:48.566390638 2619941 [56297.155371]  4236  4236 D SprintDMService: mobile data is connected
43424168-e44e-473a-bf12-dba8a4a4453a 2016-12-13 11:24:48.566390638 2619942 [56297.155555]  4236  4302 D SprintDMStateMachine: IdleState: processMessage EVENT_MOBILE_DATA_CONNECTED
43424168-e44e-473a-bf12-dba8a4a4453a 2016-12-13 11:24:48.566390638 2619943 [56297.155593]  4236  4302 D SprintDMStateMachine: BaseState: ignoring EVENT_MOBILE_DATA_CONNECTED
43424168-e44e-473a-bf12-dba8a4a4453a 2016-12-13 11:24:48.576390638 2619944 [56297.164646]  3212  3370 D PhoneLabServices-UploaderTask: 7 files waiting, should not upload.
43424168-e44e-473a-bf12-dba8a4a4453a 2016-12-13 11:24:48.576390638 2619945 [56297.166693]   963   976 D ThermaPlan->Batch: {"func":"Batch->add()","batch":{"what":"BATCH","start":215759161,"end":219062073,"flags":8,"flagsBinary":"1000","oldStart":215226149,"oldEnd":219062073}}
43424168-e44e-473a-bf12-dba8a4a4453a 2016-12-13 11:24:48.576390638 2619946 [56297.167990]   963   976 D ThermaPlan->Batch: {"func":"Batch->add()","batch":{"what":"BATCH","start":216082518,"end":218782518,"flags":8,"flagsBinary":"1000","oldStart":215759161,"oldEnd":219062073}}
43424168-e44e-473a-bf12-dba8a4a4453a 2016-12-13 11:24:48.586390638 2619947 [56297.169682]   963   976 D ThermaPlan->Batch: {"func":"Batch->add()","batch":{"what":"BATCH","start":216144078,"end":218782518,"flags":8,"flagsBinary":"1000","oldStart":216082518,"oldEnd":218782518}}
43424168-e44e-473a-bf12-dba8a4a4453a 2016-12-13 11:24:48.586390638 2619948 [56297.170014]   963   976 D ThermaPlan->Batch: {"func":"Batch->add()","batch":{"what":"BATCH","start":216526830,"end":218782518,"flags":8,"flagsBinary":"1000","oldStart":216144078,"oldEnd":218782518}}
43424168-e44e-473a-bf12-dba8a4a4453a 2016-12-13 11:24:48.586390638 2619949 [56297.170320]   963   976 D ThermaPlan->Batch: {"func":"Batch->add()","batch":{"what":"BATCH","start":217737182,"end":218037182,"flags":8,"flagsBinary":"1000","oldStart":216526830,"oldEnd":218782518}}
43424168-e44e-473a-bf12-dba8a4a4453a 2016-12-13 11:24:48.586390638 2619950 [56297.170875]   963   976 D ThermaPlan->Batch: {"func":"Batch->add()","batch":{"what":"BATCH","start":220150599,"end":224060132,"flags":0,"flagsBinary":"0","oldStart":219290728,"oldEnd":224060132}}
43424168-e44e-473a-bf12-dba8a4a4453a 2016-12-13 11:24:48.586390638 2619951 [56297.171180]   963   976 D ThermaPlan->Batch: {"func":"Batch->add()","batch":{"what":"BATCH","start":220380550,"end":224060132,"flags":0,"flagsBinary":"0","oldStart":220150599,"oldEnd":224060132}}
43424168-e44e-473a-bf12-dba8a4a4453a 2016-12-13 11:24:48.586390638 2619952 [56297.171855]   963   976 D ThermaPlan->Batch: {"func":"Batch->add()","batch":{"what":"BATCH","start":228290727,"end":239324426,"flags":0,"flagsBinary":"0","oldStart":224222675,"oldEnd":240422670}}
43424168-e44e-473a-bf12-dba8a4a4453a 2016-12-13 11:24:48.586390638 2619953 [56297.172189]   963   976 D ThermaPlan->Batch: {"func":"Batch->add()","batch":{"what":"BATCH","start":230499939,"end":239324426,"flags":0,"flagsBinary":"0","oldStart":228290727,"oldEnd":239324426}}
43424168-e44e-473a-bf12-dba8a4a4453a 2016-12-13 11:24:48.586390638 2619954 [56297.172511]   963   976 D ThermaPlan->Batch: {"func":"Batch->add()","batch":{"what":"BATCH","start":231188198,"end":239324426,"flags":0,"flagsBinary":"0","oldStart":230499939,"oldEnd":239324426}}
43424168-e44e-473a-bf12-dba8a4a4453a 2016-12-13 11:24:48.586390638 2619955 [56297.172863]   963   976 D ThermaPlan->Batch: {"func":"Batch->add()","batch":{"what":"BATCH","start":231548284,"end":239324426,"flags":0,"flagsBinary":"0","oldStart":231188198,"oldEnd":239324426}}
43424168-e44e-473a-bf12-dba8a4a4453a 2016-12-13 11:24:48.586390638 2619956 [56297.174675]   963   976 D ThermaPlan->Batch: {"func":"Batch->add()","batch":{"what":"BATCH","start":248330836,"end":285305189,"flags":8,"flagsBinary":"1000","oldStart":240305189,"oldEnd":285305189}}
43424168-e44e-473a-bf12-dba8a4a4453a 2016-12-13 11:24:48.586390638 2619957 [56297.174999]   963   976 D ThermaPlan->Batch: {"func":"Batch->add()","batch":{"what":"BATCH","start":249541608,"end":282059671,"flags":8,"flagsBinary":"1000","oldStart":248330836,"oldEnd":285305189}}
43424168-e44e-473a-bf12-dba8a4a4453a 2016-12-13 11:24:48.586390638 2619958 [56297.175313]   963   976 D ThermaPlan->Batch: {"func":"Batch->add()","batch":{"what":"BATCH","start":249641515,"end":280795765,"flags":8,"flagsBinary":"1000","oldStart":249541608,"oldEnd":282059671}}
43424168-e44e-473a-bf12-dba8a4a4453a 2016-12-13 11:24:48.586390638 2619959 [56297.175649]   963   976 D ThermaPlan->Batch: {"func":"Batch->add()","batch":{"what":"BATCH","start":258890728,"end":280795765,"flags":8,"flagsBinary":"1000","oldStart":249641515,"oldEnd":280795765}}
43424168-e44e-473a-bf12-dba8a4a4453a 2016-12-13 11:24:48.586390638 2619960 [56297.175921]   963   976 D ThermaPlan->Batch: {"func":"Batch->add()","batch":{"what":"BATCH","start":259200000,"end":280795765,"flags":8,"flagsBinary":"1000","oldStart":258890728,"oldEnd":280795765}}
43424168-e44e-473a-bf12-dba8a4a4453a 2016-12-13 11:24:48.586390638 2619961 [56297.176197]   963   976 D ThermaPlan->Batch: {"func":"Batch->add()","batch":{"what":"BATCH","start":259252542,"end":280795765,"flags":8,"flagsBinary":"1000","oldStart":259200000,"oldEnd":280795765}}
43424168-e44e-473a-bf12-dba8a4a4453a 2016-12-13 11:24:48.586390638 2619962 [56297.176488]   963   976 D ThermaPlan->Batch: {"func":"Batch->add()","batch":{"what":"BATCH","start":259281310,"end":280795765,"flags":8,"flagsBinary":"1000","oldStart":259252542,"oldEnd":280795765}}
43424168-e44e-473a-bf12-dba8a4a4453a 2016-12-13 11:24:48.586390638 2619963 [56297.176828]   963   976 D ThermaPlan->Batch: {"func":"Batch->add()","batch":{"what":"BATCH","start":259345161,"end":280795765,"flags":8,"flagsBinary":"1000","oldStart":259281310,"oldEnd":280795765}}
43424168-e44e-473a-bf12-dba8a4a4453a 2016-12-13 11:24:48.586390638 2619964 [56297.177113]   963   976 D ThermaPlan->Batch: {"func":"Batch->add()","batch":{"what":"BATCH","start":259786617,"end":280795765,"flags":8,"flagsBinary":"1000","oldStart":259345161,"oldEnd":280795765}}
43424168-e44e-473a-bf12-dba8a4a4453a 2016-12-13 11:24:48.586390638 2619965 [56297.177395]   963   976 D ThermaPlan->Batch: {"func":"Batch->add()","batch":{"what":"BATCH","start":261333689,"end":280795765,"flags":8,"flagsBinary":"1000","oldStart":259786617,"oldEnd":280795765}}
43424168-e44e-473a-bf12-dba8a4a4453a 2016-12-13 11:24:48.586390638 2619966 [56297.177674]   963   976 D ThermaPlan->Batch: {"func":"Batch->add()","batch":{"what":"BATCH","start":270989139,"end":280795765,"flags":8,"flagsBinary":"1000","oldStart":261333689,"oldEnd":280795765}}
43424168-e44e-473a-bf12-dba8a4a4453a 2016-12-13 11:24:48.596390638 2619967 [56297.181136]   963   976 D ThermaPlan->Batch: {"func":"Batch->add()","batch":{"what":"BATCH","start":292490680,"end":331748773,"flags":0,"flagsBinary":"0","oldStart":280825099,"oldEnd":331748773}}
43424168-e44e-473a-bf12-dba8a4a4453a 2016-12-13 11:24:48.596390638 2619968 [56297.181468]   963   976 D ThermaPlan->Batch: {"func":"Batch->add()","batch":{"what":"BATCH","start":296563796,"end":331748773,"flags":0,"flagsBinary":"0","oldStart":292490680,"oldEnd":331748773}}
43424168-e44e-473a-bf12-dba8a4a4453a 2016-12-13 11:24:48.596390638 2619969 [56297.181792]   963   976 D ThermaPlan->Batch: {"func":"Batch->add()","batch":{"what":"BATCH","start":299976529,"end":331748773,"flags":8,"flagsBinary":"1000","oldStart":296563796,"oldEnd":331748773}}
43424168-e44e-473a-bf12-dba8a4a4453a 2016-12-13 11:24:48.596390638 2619970 [56297.182258]   963   976 D ThermaPlan->Batch: {"func":"Batch->add()","batch":{"what":"BATCH","start":605813325,"end":1058493260,"flags":0,"flagsBinary":"0","oldStart":604893262,"oldEnd":1058493260}}
43424168-e44e-473a-bf12-dba8a4a4453a 2016-12-13 11:24:48.596390638 2619971 [56297.182539]   963   976 D ThermaPlan->Batch: {"func":"Batch->add()","batch":{"what":"BATCH","start":624143935,"end":992076404,"flags":0,"flagsBinary":"0","oldStart":605813325,"oldEnd":1058493260}}
43424168-e44e-473a-bf12-dba8a4a4453a 2016-12-13 11:24:48.596390638 2619972 [56297.182801]   963   976 D ThermaPlan->Batch: {"func":"Batch->add()","batch":{"what":"BATCH","start":694490727,"end":992076404,"flags":0,"flagsBinary":"0","oldStart":624143935,"oldEnd":992076404}}
43424168-e44e-473a-bf12-dba8a4a4453a 2016-12-13 11:24:48.596390638 2619973 [56297.183257]   963   976 D ThermaPlan->Batch: {"func":"Batch->add()","batch":{"what":"BATCH","start":701674709,"end":992076404,"flags":0,"flagsBinary":"0","oldStart":694490727,"oldEnd":992076404}}
43424168-e44e-473a-bf12-dba8a4a4453a 2016-12-13 11:24:48.596390638 2619974 [56297.183885]   963   976 D ThermaPlan->Batch: {"func":"Batch->add()","batch":{"what":"BATCH","start":315360057206,"end":551880056972,"flags":0,"flagsBinary":"0","oldStart":315360056973,"oldEnd":551880056972}}
43424168-e44e-473a-bf12-dba8a4a4453a 2016-12-13 11:24:48.596390638 2619975 [56297.184159]   963   976 D ThermaPlan->Batch: {"func":"Batch->add()","batch":{"what":"BATCH","start":315360057236,"end":551880056972,"flags":0,"flagsBinary":"0","oldStart":315360057206,"oldEnd":551880056972}}
43424168-e44e-473a-bf12-dba8a4a4453a 2016-12-13 11:24:48.596390638 2619976 [56297.184419]   963   976 D ThermaPlan->Batch: {"func":"Batch->add()","batch":{"what":"BATCH","start":315360057240,"end":551880056972,"flags":0,"flagsBinary":"0","oldStart":315360057236,"oldEnd":551880056972}}
43424168-e44e-473a-bf12-dba8a4a4453a 2016-12-13 11:24:48.596390638 2619977 [56297.185008]   963   976 D ThermaPlan->Batch: {"func":"Batch->add()","batch":{"what":"BATCH","start":315360057254,"end":551880056972,"flags":0,"flagsBinary":"0","oldStart":315360057240,"oldEnd":551880056972}}
43424168-e44e-473a-bf12-dba8a4a4453a 2016-12-13 11:24:48.596390638 2619978 [56297.185287]   963   976 D ThermaPlan->Batch: {"func":"Batch->add()","batch":{"what":"BATCH","start":315360057257,"end":551880056972,"flags":0,"flagsBinary":"0","oldStart":315360057254,"oldEnd":551880056972}}
43424168-e44e-473a-bf12-dba8a4a4453a 2016-12-13 11:24:48.596390638 2619979 [56297.185562]   963   976 D ThermaPlan->Batch: {"func":"Batch->add()","batch":{"what":"BATCH","start":315360057259,"end":551880056972,"flags":0,"flagsBinary":"0","oldStart":315360057257,"oldEnd":551880056972}}
43424168-e44e-473a-bf12-dba8a4a4453a 2016-12-13 11:24:48.596390638 2619980 [56297.185844]   963   976 D ThermaPlan->Batch: {"func":"Batch->add()","batch":{"what":"BATCH","start":315360094195,"end":551880056972,"flags":0,"flagsBinary":"0","oldStart":315360057259,"oldEnd":551880056972}}
43424168-e44e-473a-bf12-dba8a4a4453a 2016-12-13 11:24:48.596390638 2619981 [56297.186129]   963   976 D ThermaPlan->Batch: {"func":"Batch->add()","batch":{"what":"BATCH","start":315360113203,"end":551880056972,"flags":0,"flagsBinary":"0","oldStart":315360094195,"oldEnd":551880056972}}
43424168-e44e-473a-bf12-dba8a4a4453a 2016-12-13 11:24:48.596390638 2619982 [56297.186419]   963   976 D ThermaPlan->Batch: {"func":"Batch->add()","batch":{"what":"BATCH","start":315399259724,"end":551880056972,"flags":0,"flagsBinary":"0","oldStart":315360113203,"oldEnd":551880056972}}
43424168-e44e-473a-bf12-dba8a4a4453a 2016-12-13 11:24:48.596390638 2619983 [56297.186713]   963   976 D ThermaPlan->Batch: {"func":"Batch->add()","batch":{"what":"BATCH","start":315399259747,"end":551880056972,"flags":0,"flagsBinary":"0","oldStart":315399259724,"oldEnd":551880056972}}
43424168-e44e-473a-bf12-dba8a4a4453a 2016-12-13 11:24:48.596390638 2619984 [56297.187038]   963   976 D ThermaPlan->Batch: {"func":"Batch->add()","batch":{"what":"BATCH","start":315572926898,"end":551880056972,"flags":0,"flagsBinary":"0","oldStart":315399259747,"oldEnd":551880056972}}
43424168-e44e-473a-bf12-dba8a4a4453a 2016-12-13 11:24:48.596390638 2619985 [56297.188224]   963  1378 E native  : do suspend false
43424168-e44e-473a-bf12-dba8a4a4453a 2016-12-13 11:24:48.606390638 2619986 [56297.189456]   387   387 D KernelPrintk: 4,349731,56297188395,-;dhd_set_suspend: Remove extra suspend setting 
43424168-e44e-473a-bf12-dba8a4a4453a 2016-12-13 11:24:48.606390638 2619987 [56297.189601]   388   388 D Kernel-Trace:     kworker/1:2H-12491 [001] ...1 56297.099483: cpu_frequency: state=2265600 cpu_id=1
43424168-e44e-473a-bf12-dba8a4a4453a 2016-12-13 11:24:48.606390638 2619988 [56297.189610]   388   388 D Kernel-Trace:     kworker/2:2H-10277 [002] ...1 56297.109536: cpu_frequency: state=2265600 cpu_id=2
43424168-e44e-473a-bf12-dba8a4a4453a 2016-12-13 11:24:48.606390638 2619989 [56297.189617]   388   388 D Kernel-Trace:     kworker/1:2H-12491 [001] ...1 56297.119468: cpu_frequency: state=2649600 cpu_id=1
43424168-e44e-473a-bf12-dba8a4a4453a 2016-12-13 11:24:48.606390638 2619990 [56297.189624]   388   388 D Kernel-Trace:     kworker/3:2H-12900 [003] ...1 56297.127750: cpu_frequency: state=1497600 cpu_id=3
43424168-e44e-473a-bf12-dba8a4a4453a 2016-12-13 11:24:48.606390638 2619991 [56297.189631]   388   388 D Kernel-Trace:     kworker/2:2H-10277 [002] ...1 56297.149477: cpu_frequency: state=300000 cpu_id=2
43424168-e44e-473a-bf12-dba8a4a4453a 2016-12-13 11:24:48.606390638 2619992 [56297.189637]   388   388 D Kernel-Trace:     kworker/2:2H-10277 [002] ...1 56297.169595: cpu_frequency: state=1497600 cpu_id=2
43424168-e44e-473a-bf12-dba8a4a4453a 2016-12-13 11:24:48.606390638 2619993 [56297.189644]   388   388 D Kernel-Trace:     kworker/3:2H-12900 [003] ...1 56297.179798: cpu_frequency: state=1267200 cpu_id=3
43424168-e44e-473a-bf12-dba8a4a4453a 2016-12-13 11:24:48.606390638 2619994 [56297.198253]  3212  3370 D PhoneLabServices-UploaderTask: Sending broadcast of upload stats.
43424168-e44e-473a-bf12-dba8a4a4453a 2016-12-13 11:24:48.616390638 2619995 [56297.203171]  3212  3370 D PhoneLabServices-UploaderTask: Check task finished.
43424168-e44e-473a-bf12-dba8a4a4453a 2016-12-13 11:24:48.616390638 2619996 [56297.203181]   963  2916 D DhcpClient: Broadcasting DHCPDISCOVER
43424168-e44e-473a-bf12-dba8a4a4453a 2016-12-13 11:24:48.616390638 2619997 [56297.203600]   963  2916 D ThermaPlan->AlarmManagerService: {"func":"AlarmManagerService->mService->set","pid":963,"uid":1000,"flagsBinary":"1001","flags":9,"type":2,"triggerAtTime":213581346,"nowELAPSED":213579351,"rtc":1481646288623,"windowLength":0,"interval":0,"creatorPkg":"android","targetPkg":"android"}
43424168-e44e-473a-bf12-dba8a4a4453a 2016-12-13 11:24:48.626390638 2619998 [56297.218128] 27781 29766 I Babel_ConcService: Acquired partial wake lock to keep ConcurrentService alive
43424168-e44e-473a-bf12-dba8a4a4453a 2016-12-13 11:24:48.636390638 2619999 [56297.219346] 28584 28584 D WeatherUpdateService: Service started, but shouldn't update ... stopping
43424168-e44e-473a-bf12-dba8a4a4453a 2016-12-13 11:24:48.636390638 2620000 [56297.220915] 28584 28584 D WeatherUpdateService: onDestroy
43424168-e44e-473a-bf12-dba8a4a4453a 2016-12-13 11:24:48.636390638 2620001 [56297.222091] 27781 29766 I Babel_ConcService: Released partial wake lock as ConcurrentService became idle
43424168-e44e-473a-bf12-dba8a4a4453a 2016-12-13 11:24:48.636390638 2620002 [56297.223169] 27781 29767 I Babel_ConcService: Acquired partial wake lock to keep ConcurrentService alive
43424168-e44e-473a-bf12-dba8a4a4453a 2016-12-13 11:24:48.636390638 2620003 [56297.223750] 27781 29767 I Babel_ConcService: Released partial wake lock as ConcurrentService became idle
43424168-e44e-473a-bf12-dba8a4a4453a 2016-12-13 11:24:48.636390638 2620004 [56297.224138] 27781 29768 I Babel_ConcService: Acquired partial wake lock to keep ConcurrentService alive
43424168-e44e-473a-bf12-dba8a4a4453a 2016-12-13 11:24:48.636390638 2620005 [56297.224518] 27781 29768 I Babel_ConcService: Released partial wake lock as ConcurrentService became idle
43424168-e44e-473a-bf12-dba8a4a4453a 2016-12-13 11:24:48.646390638 2620006 [56297.229710]   963 29757 D NetworkMonitor/NetworkAgentInfo [MOBILE (CDMA - eHRPD) - 395]: Checking http://connectivitycheck.gstatic.com/generate_204 on n.ispsn, connectivitycheck.gstatic.com=172.217.0.46,2607:f8b0:4006:807::200e
43424168-e44e-473a-bf12-dba8a4a4453a 2016-12-13 11:24:48.646390638 2620007 [56297.230436]   963 29757 W System  : ClassLoader referenced unknown path: /system/framework/tcmclient.jar
43424168-e44e-473a-bf12-dba8a4a4453a 2016-12-13 11:24:48.706390638 2620008 [56297.289589]   388   388 D Kernel-Trace:      kworker/0:4-27226 [000] ...1 56297.199688: thermal_temp: sensor_id=5 temp=41
43424168-e44e-473a-bf12-dba8a4a4453a 2016-12-13 11:24:48.706390638 2620009 [56297.289612]   388   388 D Kernel-Trace:     kworker/2:2H-10277 [002] ...1 56297.211135: cpu_frequency: state=422400 cpu_id=2
43424168-e44e-473a-bf12-dba8a4a4453a 2016-12-13 11:24:48.706390638 2620010 [56297.289619]   388   388 D Kernel-Trace:     kworker/3:2H-12900 [003] ...1 56297.240651: cpu_frequency: state=960000 cpu_id=3
43424168-e44e-473a-bf12-dba8a4a4453a 2016-12-13 11:24:48.706390638 2620011 [56297.289625]   388   388 D Kernel-Trace:     kworker/3:2H-12900 [003] ...1 56297.259824: cpu_frequency: state=1497600 cpu_id=3
43424168-e44e-473a-bf12-dba8a4a4453a 2016-12-13 11:24:48.706390638 2620012 [56297.289631]   388   388 D Kernel-Trace:     kworker/2:2H-10277 [002] ...1 56297.279696: cpu_frequency: state=300000 cpu_id=2
43424168-e44e-473a-bf12-dba8a4a4453a 2016-12-13 11:24:48.756390638 2620013 [56297.343858]   963   963 W art     : Long monitor contention event with owner method=void com.android.server.net.NetworkPolicyManagerService$14.onReceive(android.content.Context, android.content.Intent) from NetworkPolicyManagerService.java:1133 waiters=0 for 244ms
43424168-e44e-473a-bf12-dba8a4a4453a 2016-12-13 11:24:48.756390638 2620014 [56297.344124]   963  1523 W art     : Long monitor contention event with owner method=void com.android.server.net.NetworkPolicyManagerService$14.onReceive(android.content.Context, android.content.Intent) from NetworkPolicyManagerService.java:1133 waiters=1 for 224ms
43424168-e44e-473a-bf12-dba8a4a4453a 2016-12-13 11:24:48.766390638 2620015 [56297.349502]   963   978 W art     : Long monitor contention event with owner method=void com.android.server.net.NetworkPolicyManagerService$14.onReceive(android.content.Context, android.content.Intent) from NetworkPolicyManagerService.java:1133 waiters=3 for 202ms
43424168-e44e-473a-bf12-dba8a4a4453a 2016-12-13 11:24:48.766390638 2620016 [56297.352606]   963  1820 D ThermaPlan->Batch: {"func":"Batch->add()","batch":{"what":"BATCH","start":213700771,"end":213730771,"flags":0,"flagsBinary":"0","oldStart":213650728,"oldEnd":213740728}}
43424168-e44e-473a-bf12-dba8a4a4453a 2016-12-13 11:24:48.766390638 2620017 [56297.353790]   963  1820 D ThermaPlan->Batch: {"func":"Batch->add()","batch":{"what":"BATCH","start":213711754,"end":213730771,"flags":8,"flagsBinary":"1000","oldStart":213700771,"oldEnd":213730771}}
43424168-e44e-473a-bf12-dba8a4a4453a 2016-12-13 11:24:48.766390638 2620018 [56297.355942]   963  1820 D ThermaPlan->Batch: {"func":"Batch->add()","batch":{"what":"BATCH","start":213831840,"end":213865311,"flags":0,"flagsBinary":"0","oldStart":213741687,"oldEnd":213865311}}
43424168-e44e-473a-bf12-dba8a4a4453a 2016-12-13 11:24:48.776390638 2620019 [56297.360210]   963  1820 D ThermaPlan->Batch: {"func":"Batch->add()","batch":{"what":"BATCH","start":214276095,"end":214951095,"flags":8,"flagsBinary":"1000","oldStart":214251322,"oldEnd":215601322}}
43424168-e44e-473a-bf12-dba8a4a4453a 2016-12-13 11:24:48.776390638 2620020 [56297.360492]   963  1820 D ThermaPlan->Batch: {"func":"Batch->add()","batch":{"what":"BATCH","start":214278171,"end":214951095,"flags":8,"flagsBinary":"1000","oldStart":214276095,"oldEnd":214951095}}
43424168-e44e-473a-bf12-dba8a4a4453a 2016-12-13 11:24:48.776390638 2620021 [56297.360767]   963  1820 D ThermaPlan->Batch: {"func":"Batch->add()","batch":{"what":"BATCH","start":214278914,"end":214951095,"flags":8,"flagsBinary":"1000","oldStart":214278171,"oldEnd":214951095}}
43424168-e44e-473a-bf12-dba8a4a4453a 2016-12-13 11:24:48.776390638 2620022 [56297.361050]   963  1820 D ThermaPlan->Batch: {"func":"Batch->add()","batch":{"what":"BATCH","start":214278988,"end":214951095,"flags":8,"flagsBinary":"1000","oldStart":214278914,"oldEnd":214951095}}
43424168-e44e-473a-bf12-dba8a4a4453a 2016-12-13 11:24:48.776390638 2620023 [56297.361349]   963  1820 D ThermaPlan->Batch: {"func":"Batch->add()","batch":{"what":"BATCH","start":214281415,"end":214951095,"flags":8,"flagsBinary":"1000","oldStart":214278988,"oldEnd":214951095}}
43424168-e44e-473a-bf12-dba8a4a4453a 2016-12-13 11:24:48.776390638 2620024 [56297.361629]   963  1820 D ThermaPlan->Batch: {"func":"Batch->add()","batch":{"what":"BATCH","start":214281680,"end":214951095,"flags":8,"flagsBinary":"1000","oldStart":214281415,"oldEnd":214951095}}
43424168-e44e-473a-bf12-dba8a4a4453a 2016-12-13 11:24:48.776390638 2620025 [56297.361905]   963  1820 D ThermaPlan->Batch: {"func":"Batch->add()","batch":{"what":"BATCH","start":214282094,"end":214951095,"flags":8,"flagsBinary":"1000","oldStart":214281680,"oldEnd":214951095}}
43424168-e44e-473a-bf12-dba8a4a4453a 2016-12-13 11:24:48.776390638 2620026 [56297.362192]   963  1820 D ThermaPlan->Batch: {"func":"Batch->add()","batch":{"what":"BATCH","start":214282211,"end":214951095,"flags":8,"flagsBinary":"1000","oldStart":214282094,"oldEnd":214951095}}
43424168-e44e-473a-bf12-dba8a4a4453a 2016-12-13 11:24:48.776390638 2620027 [56297.362493]   963  1820 D ThermaPlan->Batch: {"func":"Batch->add()","batch":{"what":"BATCH","start":214282485,"end":214951095,"flags":8,"flagsBinary":"1000","oldStart":214282211,"oldEnd":214951095}}
43424168-e44e-473a-bf12-dba8a4a4453a 2016-12-13 11:24:48.776390638 2620028 [56297.362765]   963  1820 D ThermaPlan->Batch: {"func":"Batch->add()","batch":{"what":"BATCH","start":214294563,"end":214951095,"flags":8,"flagsBinary":"1000","oldStart":214282485,"oldEnd":214951095}}
43424168-e44e-473a-bf12-dba8a4a4453a 2016-12-13 11:24:48.776390638 2620029 [56297.363079]   963  1820 D ThermaPlan->Batch: {"func":"Batch->add()","batch":{"what":"BATCH","start":214733822,"end":214951095,"flags":8,"flagsBinary":"1000","oldStart":214294563,"oldEnd":214951095}}
43424168-e44e-473a-bf12-dba8a4a4453a 2016-12-13 11:24:48.776390638 2620030 [56297.363389]   963  1820 D ThermaPlan->Batch: {"func":"Batch->add()","batch":{"what":"BATCH","start":214750705,"end":214951095,"flags":8,"flagsBinary":"1000","oldStart":214733822,"oldEnd":214951095}}
43424168-e44e-473a-bf12-dba8a4a4453a 2016-12-13 11:24:48.776390638 2620031 [56297.365376]   963  1820 D ThermaPlan->Batch: {"func":"Batch->add()","batch":{"what":"BATCH","start":215759161,"end":219062073,"flags":8,"flagsBinary":"1000","oldStart":215226149,"oldEnd":219062073}}
43424168-e44e-473a-bf12-dba8a4a4453a 2016-12-13 11:24:48.776390638 2620032 [56297.365637]   963  1820 D ThermaPlan->Batch: {"func":"Batch->add()","batch":{"what":"BATCH","start":216082518,"end":218782518,"flags":8,"flagsBinary":"1000","oldStart":215759161,"oldEnd":219062073}}
43424168-e44e-473a-bf12-dba8a4a4453a 2016-12-13 11:24:48.776390638 2620033 [56297.365918]   963  1820 D ThermaPlan->Batch: {"func":"Batch->add()","batch":{"what":"BATCH","start":216144078,"end":218782518,"flags":8,"flagsBinary":"1000","oldStart":216082518,"oldEnd":218782518}}
43424168-e44e-473a-bf12-dba8a4a4453a 2016-12-13 11:24:48.776390638 2620034 [56297.366195]   963  1820 D ThermaPlan->Batch: {"func":"Batch->add()","batch":{"what":"BATCH","start":216526830,"end":218782518,"flags":8,"flagsBinary":"1000","oldStart":216144078,"oldEnd":218782518}}
43424168-e44e-473a-bf12-dba8a4a4453a 2016-12-13 11:24:48.776390638 2620035 [56297.366447]   963  1820 D ThermaPlan->Batch: {"func":"Batch->add()","batch":{"what":"BATCH","start":217737182,"end":218037182,"flags":8,"flagsBinary":"1000","oldStart":216526830,"oldEnd":218782518}}
43424168-e44e-473a-bf12-dba8a4a4453a 2016-12-13 11:24:48.776390638 2620036 [56297.366921]   963  1820 D ThermaPlan->Batch: {"func":"Batch->add()","batch":{"what":"BATCH","start":220150599,"end":224060131,"flags":0,"flagsBinary":"0","oldStart":219290727,"oldEnd":224060131}}
43424168-e44e-473a-bf12-dba8a4a4453a 2016-12-13 11:24:48.776390638 2620037 [56297.367208]   963  1820 D ThermaPlan->Batch: {"func":"Batch->add()","batch":{"what":"BATCH","start":220380550,"end":224060131,"flags":0,"flagsBinary":"0","oldStart":220150599,"oldEnd":224060131}}
43424168-e44e-473a-bf12-dba8a4a4453a 2016-12-13 11:24:48.776390638 2620038 [56297.367870]   963  1820 D ThermaPlan->Batch: {"func":"Batch->add()","batch":{"what":"BATCH","start":228290727,"end":239324426,"flags":0,"flagsBinary":"0","oldStart":224222675,"oldEnd":240422670}}
43424168-e44e-473a-bf12-dba8a4a4453a 2016-12-13 11:24:48.776390638 2620039 [56297.368160]   963  1820 D ThermaPlan->Batch: {"func":"Batch->add()","batch":{"what":"BATCH","start":230499939,"end":239324426,"flags":0,"flagsBinary":"0","oldStart":228290727,"oldEnd":239324426}}
43424168-e44e-473a-bf12-dba8a4a4453a 2016-12-13 11:24:48.776390638 2620040 [56297.368451]   963  1820 D ThermaPlan->Batch: {"func":"Batch->add()","batch":{"what":"BATCH","start":231188198,"end":239324426,"flags":0,"flagsBinary":"0","oldStart":230499939,"oldEnd":239324426}}
43424168-e44e-473a-bf12-dba8a4a4453a 2016-12-13 11:24:48.776390638 2620041 [56297.368773]   963  1820 D ThermaPlan->Batch: {"func":"Batch->add()","batch":{"what":"BATCH","start":231548284,"end":239324426,"flags":0,"flagsBinary":"0","oldStart":231188198,"oldEnd":239324426}}
43424168-e44e-473a-bf12-dba8a4a4453a 2016-12-13 11:24:48.786390637 2620042 [56297.370662]   963  1820 D ThermaPlan->Batch: {"func":"Batch->add()","batch":{"what":"BATCH","start":248330836,"end":285305189,"flags":8,"flagsBinary":"1000","oldStart":240305189,"oldEnd":285305189}}
43424168-e44e-473a-bf12-dba8a4a4453a 2016-12-13 11:24:48.786390637 2620043 [56297.370966]   963  1820 D ThermaPlan->Batch: {"func":"Batch->add()","batch":{"what":"BATCH","start":249541608,"end":282059671,"flags":8,"flagsBinary":"1000","oldStart":248330836,"oldEnd":285305189}}
43424168-e44e-473a-bf12-dba8a4a4453a 2016-12-13 11:24:48.786390637 2620044 [56297.371302]   963  1820 D ThermaPlan->Batch: {"func":"Batch->add()","batch":{"what":"BATCH","start":249641515,"end":280795765,"flags":8,"flagsBinary":"1000","oldStart":249541608,"oldEnd":282059671}}
43424168-e44e-473a-bf12-dba8a4a4453a 2016-12-13 11:24:48.786390637 2620045 [56297.371599]   963  1820 D ThermaPlan->Batch: {"func":"Batch->add()","batch":{"what":"BATCH","start":258890728,"end":280795765,"flags":8,"flagsBinary":"1000","oldStart":249641515,"oldEnd":280795765}}
43424168-e44e-473a-bf12-dba8a4a4453a 2016-12-13 11:24:48.786390637 2620046 [56297.371924]   963  1820 D ThermaPlan->Batch: {"func":"Batch->add()","batch":{"what":"BATCH","start":259200000,"end":280795765,"flags":8,"flagsBinary":"1000","oldStart":258890728,"oldEnd":280795765}}
43424168-e44e-473a-bf12-dba8a4a4453a 2016-12-13 11:24:48.786390637 2620047 [56297.372241]   963  1820 D ThermaPlan->Batch: {"func":"Batch->add()","batch":{"what":"BATCH","start":259252542,"end":280795765,"flags":8,"flagsBinary":"1000","oldStart":259200000,"oldEnd":280795765}}
43424168-e44e-473a-bf12-dba8a4a4453a 2016-12-13 11:24:48.786390637 2620048 [56297.372540]   963  1820 D ThermaPlan->Batch: {"func":"Batch->add()","batch":{"what":"BATCH","start":259281310,"end":280795765,"flags":8,"flagsBinary":"1000","oldStart":259252542,"oldEnd":280795765}}
43424168-e44e-473a-bf12-dba8a4a4453a 2016-12-13 11:24:48.786390637 2620049 [56297.372831]   963  1820 D ThermaPlan->Batch: {"func":"Batch->add()","batch":{"what":"BATCH","start":259345161,"end":280795765,"flags":8,"flagsBinary":"1000","oldStart":259281310,"oldEnd":280795765}}
43424168-e44e-473a-bf12-dba8a4a4453a 2016-12-13 11:24:48.786390637 2620050 [56297.373124]   963  1820 D ThermaPlan->Batch: {"func":"Batch->add()","batch":{"what":"BATCH","start":259786617,"end":280795765,"flags":8,"flagsBinary":"1000","oldStart":259345161,"oldEnd":280795765}}
43424168-e44e-473a-bf12-dba8a4a4453a 2016-12-13 11:24:48.786390637 2620051 [56297.373403]   963  1820 D ThermaPlan->Batch: {"func":"Batch->add()","batch":{"what":"BATCH","start":261333689,"end":280795765,"flags":8,"flagsBinary":"1000","oldStart":259786617,"oldEnd":280795765}}
43424168-e44e-473a-bf12-dba8a4a4453a 2016-12-13 11:24:48.786390637 2620052 [56297.373679]   963  1820 D ThermaPlan->Batch: {"func":"Batch->add()","batch":{"what":"BATCH","start":270989139,"end":280795765,"flags":8,"flagsBinary":"1000","oldStart":261333689,"oldEnd":280795765}}
43424168-e44e-473a-bf12-dba8a4a4453a 2016-12-13 11:24:48.786390637 2620053 [56297.376962]   963  1820 D ThermaPlan->Batch: {"func":"Batch->add()","batch":{"what":"BATCH","start":292490680,"end":331748773,"flags":0,"flagsBinary":"0","oldStart":280825099,"oldEnd":331748773}}
43424168-e44e-473a-bf12-dba8a4a4453a 2016-12-13 11:24:48.786390637 2620054 [56297.377241]   963  1820 D ThermaPlan->Batch: {"func":"Batch->add()","batch":{"what":"BATCH","start":296563796,"end":331748773,"flags":0,"flagsBinary":"0","oldStart":292490680,"oldEnd":331748773}}
43424168-e44e-473a-bf12-dba8a4a4453a 2016-12-13 11:24:48.786390637 2620055 [56297.377718]   963  1820 D ThermaPlan->Batch: {"func":"Batch->add()","batch":{"what":"BATCH","start":605813326,"end":1058493260,"flags":0,"flagsBinary":"0","oldStart":604893262,"oldEnd":1058493260}}
43424168-e44e-473a-bf12-dba8a4a4453a 2016-12-13 11:24:48.786390637 2620056 [56297.377995]   963  1820 D ThermaPlan->Batch: {"func":"Batch->add()","batch":{"what":"BATCH","start":624143935,"end":992076404,"flags":0,"flagsBinary":"0","oldStart":605813326,"oldEnd":1058493260}}
43424168-e44e-473a-bf12-dba8a4a4453a 2016-12-13 11:24:48.786390637 2620057 [56297.378280]   963  1820 D ThermaPlan->Batch: {"func":"Batch->add()","batch":{"what":"BATCH","start":694490727,"end":992076404,"flags":0,"flagsBinary":"0","oldStart":624143935,"oldEnd":992076404}}
43424168-e44e-473a-bf12-dba8a4a4453a 2016-12-13 11:24:48.786390637 2620058 [56297.378565]   963  1820 D ThermaPlan->Batch: {"func":"Batch->add()","batch":{"what":"BATCH","start":694490728,"end":992076404,"flags":0,"flagsBinary":"0","oldStart":694490727,"oldEnd":992076404}}
43424168-e44e-473a-bf12-dba8a4a4453a 2016-12-13 11:24:48.786390637 2620059 [56297.378837]   963  1820 D ThermaPlan->Batch: {"func":"Batch->add()","batch":{"what":"BATCH","start":701674709,"end":992076404,"flags":0,"flagsBinary":"0","oldStart":694490728,"oldEnd":992076404}}
43424168-e44e-473a-bf12-dba8a4a4453a 2016-12-13 11:24:48.796390637 2620060 [56297.379555]   963  1820 D ThermaPlan->Batch: {"func":"Batch->add()","batch":{"what":"BATCH","start":315360057206,"end":551880056972,"flags":0,"flagsBinary":"0","oldStart":315360056973,"oldEnd":551880056972}}
43424168-e44e-473a-bf12-dba8a4a4453a 2016-12-13 11:24:48.796390637 2620061 [56297.379856]   963  1820 D ThermaPlan->Batch: {"func":"Batch->add()","batch":{"what":"BATCH","start":315360057236,"end":551880056972,"flags":0,"flagsBinary":"0","oldStart":315360057206,"oldEnd":551880056972}}
43424168-e44e-473a-bf12-dba8a4a4453a 2016-12-13 11:24:48.796390637 2620062 [56297.380170]   963  1820 D ThermaPlan->Batch: {"func":"Batch->add()","batch":{"what":"BATCH","start":315360057240,"end":551880056972,"flags":0,"flagsBinary":"0","oldStart":315360057236,"oldEnd":551880056972}}
43424168-e44e-473a-bf12-dba8a4a4453a 2016-12-13 11:24:48.796390637 2620063 [56297.380452]   963  1820 D ThermaPlan->Batch: {"func":"Batch->add()","batch":{"what":"BATCH","start":315360057254,"end":551880056972,"flags":0,"flagsBinary":"0","oldStart":315360057240,"oldEnd":551880056972}}
43424168-e44e-473a-bf12-dba8a4a4453a 2016-12-13 11:24:48.796390637 2620064 [56297.380724]   963  1820 D ThermaPlan->Batch: {"func":"Batch->add()","batch":{"what":"BATCH","start":315360057257,"end":551880056972,"flags":0,"flagsBinary":"0","oldStart":315360057254,"oldEnd":551880056972}}
43424168-e44e-473a-bf12-dba8a4a4453a 2016-12-13 11:24:48.796390637 2620065 [56297.381005]   963  1820 D ThermaPlan->Batch: {"func":"Batch->add()","batch":{"what":"BATCH","start":315360057259,"end":551880056972,"flags":0,"flagsBinary":"0","oldStart":315360057257,"oldEnd":551880056972}}
43424168-e44e-473a-bf12-dba8a4a4453a 2016-12-13 11:24:48.796390637 2620066 [56297.381277]   963  1820 D ThermaPlan->Batch: {"func":"Batch->add()","batch":{"what":"BATCH","start":315360094195,"end":551880056972,"flags":0,"flagsBinary":"0","oldStart":315360057259,"oldEnd":551880056972}}
43424168-e44e-473a-bf12-dba8a4a4453a 2016-12-13 11:24:48.796390637 2620067 [56297.381550]   963  1820 D ThermaPlan->Batch: {"func":"Batch->add()","batch":{"what":"BATCH","start":315360113203,"end":551880056972,"flags":0,"flagsBinary":"0","oldStart":315360094195,"oldEnd":551880056972}}
43424168-e44e-473a-bf12-dba8a4a4453a 2016-12-13 11:24:48.796390637 2620068 [56297.381835]   963  1820 D ThermaPlan->Batch: {"func":"Batch->add()","batch":{"what":"BATCH","start":315399259724,"end":551880056972,"flags":0,"flagsBinary":"0","oldStart":315360113203,"oldEnd":551880056972}}
43424168-e44e-473a-bf12-dba8a4a4453a 2016-12-13 11:24:48.796390637 2620069 [56297.382132]   963  1820 D ThermaPlan->Batch: {"func":"Batch->add()","batch":{"what":"BATCH","start":315399259747,"end":551880056972,"flags":0,"flagsBinary":"0","oldStart":315399259724,"oldEnd":551880056972}}
43424168-e44e-473a-bf12-dba8a4a4453a 2016-12-13 11:24:48.796390637 2620070 [56297.382421]   963  1820 D ThermaPlan->Batch: {"func":"Batch->add()","batch":{"what":"BATCH","start":315572926898,"end":551880056972,"flags":0,"flagsBinary":"0","oldStart":315399259747,"oldEnd":551880056972}}
43424168-e44e-473a-bf12-dba8a4a4453a 2016-12-13 11:24:48.796390637 2620071 [56297.384512]   963  1820 D ThermaPlan->AlarmManagerService: {"func":"AlarmManagerService->mService->set","pid":963,"uid":1000,"flagsBinary":"1000","flags":8,"type":3,"triggerAtTime":299979531,"nowELAPSED":213579531,"rtc":1481646288804,"windowLength":-1,"interval":0,"creatorPkg":"android","targetPkg":"android"}
43424168-e44e-473a-bf12-dba8a4a4453a 2016-12-13 11:24:48.796390637 2620072 [56297.385812]   963  1523 D ThermaPlan->Batch: {"func":"Batch->add()","batch":{"what":"BATCH","start":213700771,"end":213730771,"flags":0,"flagsBinary":"0","oldStart":213650727,"oldEnd":213740727}}
43424168-e44e-473a-bf12-dba8a4a4453a 2016-12-13 11:24:48.796390637 2620073 [56297.386008]   963  1523 D ThermaPlan->Batch: {"func":"Batch->add()","batch":{"what":"BATCH","start":213711754,"end":213730771,"flags":8,"flagsBinary":"1000","oldStart":213700771,"oldEnd":213730771}}
43424168-e44e-473a-bf12-dba8a4a4453a 2016-12-13 11:24:48.796390637 2620074 [56297.387017]   963  1523 D ThermaPlan->Batch: {"func":"Batch->add()","batch":{"what":"BATCH","start":214276095,"end":214951095,"flags":8,"flagsBinary":"1000","oldStart":214251322,"oldEnd":215601322}}
43424168-e44e-473a-bf12-dba8a4a4453a 2016-12-13 11:24:48.796390637 2620075 [56297.387206]   963  1523 D ThermaPlan->Batch: {"func":"Batch->add()","batch":{"what":"BATCH","start":214278171,"end":214951095,"flags":8,"flagsBinary":"1000","oldStart":214276095,"oldEnd":214951095}}
43424168-e44e-473a-bf12-dba8a4a4453a 2016-12-13 11:24:48.796390637 2620076 [56297.387387]   963  1523 D ThermaPlan->Batch: {"func":"Batch->add()","batch":{"what":"BATCH","start":214278914,"end":214951095,"flags":8,"flagsBinary":"1000","oldStart":214278171,"oldEnd":214951095}}
43424168-e44e-473a-bf12-dba8a4a4453a 2016-12-13 11:24:48.796390637 2620077 [56297.387567]   963  1523 D ThermaPlan->Batch: {"func":"Batch->add()","batch":{"what":"BATCH","start":214278988,"end":214951095,"flags":8,"flagsBinary":"1000","oldStart":214278914,"oldEnd":214951095}}
43424168-e44e-473a-bf12-dba8a4a4453a 2016-12-13 11:24:48.796390637 2620078 [56297.387762]   963  1523 D ThermaPlan->Batch: {"func":"Batch->add()","batch":{"what":"BATCH","start":214281415,"end":214951095,"flags":8,"flagsBinary":"1000","oldStart":214278988,"oldEnd":214951095}}
43424168-e44e-473a-bf12-dba8a4a4453a 2016-12-13 11:24:48.796390637 2620079 [56297.387943]   963  1523 D ThermaPlan->Batch: {"func":"Batch->add()","batch":{"what":"BATCH","start":214281680,"end":214951095,"flags":8,"flagsBinary":"1000","oldStart":214281415,"oldEnd":214951095}}
43424168-e44e-473a-bf12-dba8a4a4453a 2016-12-13 11:24:48.796390637 2620080 [56297.388129]   963  1523 D ThermaPlan->Batch: {"func":"Batch->add()","batch":{"what":"BATCH","start":214282094,"end":214951095,"flags":8,"flagsBinary":"1000","oldStart":214281680,"oldEnd":214951095}}
43424168-e44e-473a-bf12-dba8a4a4453a 2016-12-13 11:24:48.796390637 2620081 [56297.388324]   963  1523 D ThermaPlan->Batch: {"func":"Batch->add()","batch":{"what":"BATCH","start":214282211,"end":214951095,"flags":8,"flagsBinary":"1000","oldStart":214282094,"oldEnd":214951095}}
43424168-e44e-473a-bf12-dba8a4a4453a 2016-12-13 11:24:48.796390637 2620082 [56297.388536]   963  1523 D ThermaPlan->Batch: {"func":"Batch->add()","batch":{"what":"BATCH","start":214282485,"end":214951095,"flags":8,"flagsBinary":"1000","oldStart":214282211,"oldEnd":214951095}}
43424168-e44e-473a-bf12-dba8a4a4453a 2016-12-13 11:24:48.796390637 2620083 [56297.388740]   963  1523 D ThermaPlan->Batch: {"func":"Batch->add()","batch":{"what":"BATCH","start":214294563,"end":214951095,"flags":8,"flagsBinary":"1000","oldStart":214282485,"oldEnd":214951095}}
43424168-e44e-473a-bf12-dba8a4a4453a 2016-12-13 11:24:48.796390637 2620084 [56297.388955]   963  1523 D ThermaPlan->Batch: {"func":"Batch->add()","batch":{"what":"BATCH","start":214733822,"end":214951095,"flags":8,"flagsBinary":"1000","oldStart":214294563,"oldEnd":214951095}}
43424168-e44e-473a-bf12-dba8a4a4453a 2016-12-13 11:24:48.796390637 2620085 [56297.389155]   963  1523 D ThermaPlan->Batch: {"func":"Batch->add()","batch":{"what":"BATCH","start":214750705,"end":214951095,"flags":8,"flagsBinary":"1000","oldStart":214733822,"oldEnd":214951095}}
43424168-e44e-473a-bf12-dba8a4a4453a 2016-12-13 11:24:48.806390637 2620086 [56297.389669]   388   388 D Kernel-Trace:     kworker/2:2H-10277 [002] ...1 56297.299763: cpu_frequency: state=1497600 cpu_id=2
43424168-e44e-473a-bf12-dba8a4a4453a 2016-12-13 11:24:48.806390637 2620087 [56297.389680]   388   388 D Kernel-Trace:     kworker/3:2H-12900 [003] ...1 56297.312976: cpu_frequency: state=300000 cpu_id=3
43424168-e44e-473a-bf12-dba8a4a4453a 2016-12-13 11:24:48.806390637 2620088 [56297.389687]   388   388 D Kernel-Trace:     kworker/2:2H-10277 [002] ...1 56297.344970: cpu_frequency: state=1190400 cpu_id=2
43424168-e44e-473a-bf12-dba8a4a4453a 2016-12-13 11:24:48.806390637 2620089 [56297.389694]   388   388 D Kernel-Trace:     kworker/3:2H-12900 [003] ...1 56297.359649: cpu_frequency: state=1497600 cpu_id=3
43424168-e44e-473a-bf12-dba8a4a4453a 2016-12-13 11:24:48.806390637 2620090 [56297.390616]   963  1523 D ThermaPlan->Batch: {"func":"Batch->add()","batch":{"what":"BATCH","start":215759162,"end":219062073,"flags":8,"flagsBinary":"1000","oldStart":215226149,"oldEnd":219062073}}
43424168-e44e-473a-bf12-dba8a4a4453a 2016-12-13 11:24:48.806390637 2620091 [56297.390800]  2875 29789 W msgr.b  : Called user scoped provider with no viewer. ViewerContextManager was created with no ViewerContext. Using EmptyViewerContextManager to return fake logged in instance.
43424168-e44e-473a-bf12-dba8a4a4453a 2016-12-13 11:24:48.806390637 2620092 [56297.390802]   963  1523 D ThermaPlan->Batch: {"func":"Batch->add()","batch":{"what":"BATCH","start":216082518,"end":218782518,"flags":8,"flagsBinary":"1000","oldStart":215759162,"oldEnd":219062073}}
43424168-e44e-473a-bf12-dba8a4a4453a 2016-12-13 11:24:48.806390637 2620093 [56297.390981]   963  1523 D ThermaPlan->Batch: {"func":"Batch->add()","batch":{"what":"BATCH","start":216144078,"end":218782518,"flags":8,"flagsBinary":"1000","oldStart":216082518,"oldEnd":218782518}}
43424168-e44e-473a-bf12-dba8a4a4453a 2016-12-13 11:24:48.806390637 2620094 [56297.391182]   963  1523 D ThermaPlan->Batch: {"func":"Batch->add()","batch":{"what":"BATCH","start":216526830,"end":218782518,"flags":8,"flagsBinary":"1000","oldStart":216144078,"oldEnd":218782518}}
43424168-e44e-473a-bf12-dba8a4a4453a 2016-12-13 11:24:48.806390637 2620095 [56297.391376]   963  1523 D ThermaPlan->Batch: {"func":"Batch->add()","batch":{"what":"BATCH","start":217737182,"end":218037182,"flags":8,"flagsBinary":"1000","oldStart":216526830,"oldEnd":218782518}}
43424168-e44e-473a-bf12-dba8a4a4453a 2016-12-13 11:24:48.806390637 2620096 [56297.391700]   963  1523 D ThermaPlan->Batch: {"func":"Batch->add()","batch":{"what":"BATCH","start":220150599,"end":224060132,"flags":0,"flagsBinary":"0","oldStart":219290728,"oldEnd":224060132}}
43424168-e44e-473a-bf12-dba8a4a4453a 2016-12-13 11:24:48.806390637 2620097 [56297.391894]   963  1523 D ThermaPlan->Batch: {"func":"Batch->add()","batch":{"what":"BATCH","start":220380550,"end":224060132,"flags":0,"flagsBinary":"0","oldStart":220150599,"oldEnd":224060132}}
43424168-e44e-473a-bf12-dba8a4a4453a 2016-12-13 11:24:48.806390637 2620098 [56297.392305]   963  1523 D ThermaPlan->Batch: {"func":"Batch->add()","batch":{"what":"BATCH","start":228290727,"end":239324426,"flags":0,"flagsBinary":"0","oldStart":224222674,"oldEnd":240422669}}
43424168-e44e-473a-bf12-dba8a4a4453a 2016-12-13 11:24:48.806390637 2620099 [56297.392486]   963  1523 D ThermaPlan->Batch: {"func":"Batch->add()","batch":{"what":"BATCH","start":230499939,"end":239324426,"flags":0,"flagsBinary":"0","oldStart":228290727,"oldEnd":239324426}}
43424168-e44e-473a-bf12-dba8a4a4453a 2016-12-13 11:24:48.806390637 2620100 [56297.392700]   963  1523 D ThermaPlan->Batch: {"func":"Batch->add()","batch":{"what":"BATCH","start":231188198,"end":239324426,"flags":0,"flagsBinary":"0","oldStart":230499939,"oldEnd":239324426}}
43424168-e44e-473a-bf12-dba8a4a4453a 2016-12-13 11:24:48.806390637 2620101 [56297.392888]   963  1523 D ThermaPlan->Batch: {"func":"Batch->add()","batch":{"what":"BATCH","start":231548284,"end":239324426,"flags":0,"flagsBinary":"0","oldStart":231188198,"oldEnd":239324426}}
43424168-e44e-473a-bf12-dba8a4a4453a 2016-12-13 11:24:48.806390637 2620102 [56297.394010]   963  1523 D ThermaPlan->Batch: {"func":"Batch->add()","batch":{"what":"BATCH","start":248330836,"end":285305189,"flags":8,"flagsBinary":"1000","oldStart":240305189,"oldEnd":285305189}}
43424168-e44e-473a-bf12-dba8a4a4453a 2016-12-13 11:24:48.806390637 2620103 [56297.394199]   963  1523 D ThermaPlan->Batch: {"func":"Batch->add()","batch":{"what":"BATCH","start":249541608,"end":282059671,"flags":8,"flagsBinary":"1000","oldStart":248330836,"oldEnd":285305189}}
43424168-e44e-473a-bf12-dba8a4a4453a 2016-12-13 11:24:48.806390637 2620104 [56297.394414]   963  1523 D ThermaPlan->Batch: {"func":"Batch->add()","batch":{"what":"BATCH","start":249641515,"end":280795765,"flags":8,"flagsBinary":"1000","oldStart":249541608,"oldEnd":282059671}}
43424168-e44e-473a-bf12-dba8a4a4453a 2016-12-13 11:24:48.806390637 2620105 [56297.394628]   963  1523 D ThermaPlan->Batch: {"func":"Batch->add()","batch":{"what":"BATCH","start":258890728,"end":280795765,"flags":8,"flagsBinary":"1000","oldStart":249641515,"oldEnd":280795765}}
43424168-e44e-473a-bf12-dba8a4a4453a 2016-12-13 11:24:48.806390637 2620106 [56297.394828]   963  1523 D ThermaPlan->Batch: {"func":"Batch->add()","batch":{"what":"BATCH","start":259200000,"end":280795765,"flags":8,"flagsBinary":"1000","oldStart":258890728,"oldEnd":280795765}}
43424168-e44e-473a-bf12-dba8a4a4453a 2016-12-13 11:24:48.806390637 2620107 [56297.395017]   963  1523 D ThermaPlan->Batch: {"func":"Batch->add()","batch":{"what":"BATCH","start":259252542,"end":280795765,"flags":8,"flagsBinary":"1000","oldStart":259200000,"oldEnd":280795765}}
43424168-e44e-473a-bf12-dba8a4a4453a 2016-12-13 11:24:48.806390637 2620108 [56297.395199]   963  1523 D ThermaPlan->Batch: {"func":"Batch->add()","batch":{"what":"BATCH","start":259281310,"end":280795765,"flags":8,"flagsBinary":"1000","oldStart":259252542,"oldEnd":280795765}}
43424168-e44e-473a-bf12-dba8a4a4453a 2016-12-13 11:24:48.806390637 2620109 [56297.395399]   963  1523 D ThermaPlan->Batch: {"func":"Batch->add()","batch":{"what":"BATCH","start":259345161,"end":280795765,"flags":8,"flagsBinary":"1000","oldStart":259281310,"oldEnd":280795765}}
43424168-e44e-473a-bf12-dba8a4a4453a 2016-12-13 11:24:48.806390637 2620110 [56297.395613]   963  1523 D ThermaPlan->Batch: {"func":"Batch->add()","batch":{"what":"BATCH","start":259786618,"end":280795765,"flags":8,"flagsBinary":"1000","oldStart":259345161,"oldEnd":280795765}}
43424168-e44e-473a-bf12-dba8a4a4453a 2016-12-13 11:24:48.806390637 2620111 [56297.395836]   963  1523 D ThermaPlan->Batch: {"func":"Batch->add()","batch":{"what":"BATCH","start":261333689,"end":280795765,"flags":8,"flagsBinary":"1000","oldStart":259786618,"oldEnd":280795765}}
43424168-e44e-473a-bf12-dba8a4a4453a 2016-12-13 11:24:48.806390637 2620112 [56297.396056]   963  1523 D ThermaPlan->Batch: {"func":"Batch->add()","batch":{"what":"BATCH","start":270989138,"end":280795765,"flags":8,"flagsBinary":"1000","oldStart":261333689,"oldEnd":280795765}}
43424168-e44e-473a-bf12-dba8a4a4453a 2016-12-13 11:24:48.806390637 2620113 [56297.398061]   963  1523 D ThermaPlan->Batch: {"func":"Batch->add()","batch":{"what":"BATCH","start":292490680,"end":331748773,"flags":0,"flagsBinary":"0","oldStart":280825099,"oldEnd":331748773}}
43424168-e44e-473a-bf12-dba8a4a4453a 2016-12-13 11:24:48.806390637 2620114 [56297.398269]   963  1523 D ThermaPlan->Batch: {"func":"Batch->add()","batch":{"what":"BATCH","start":296563796,"end":331748773,"flags":0,"flagsBinary":"0","oldStart":292490680,"oldEnd":331748773}}
43424168-e44e-473a-bf12-dba8a4a4453a 2016-12-13 11:24:48.806390637 2620115 [56297.398854]   963  1523 D ThermaPlan->Batch: {"func":"Batch->add()","batch":{"what":"BATCH","start":605813325,"end":1058493260,"flags":0,"flagsBinary":"0","oldStart":604893262,"oldEnd":1058493260}}
43424168-e44e-473a-bf12-dba8a4a4453a 2016-12-13 11:24:48.806390637 2620116 [56297.399065]   963  1523 D ThermaPlan->Batch: {"func":"Batch->add()","batch":{"what":"BATCH","start":624143935,"end":992076404,"flags":0,"flagsBinary":"0","oldStart":605813325,"oldEnd":1058493260}}
43424168-e44e-473a-bf12-dba8a4a4453a 2016-12-13 11:24:48.806390637 2620117 [56297.399252]   963  1523 D ThermaPlan->Batch: {"func":"Batch->add()","batch":{"what":"BATCH","start":694490727,"end":992076404,"flags":0,"flagsBinary":"0","oldStart":624143935,"oldEnd":992076404}}
43424168-e44e-473a-bf12-dba8a4a4453a 2016-12-13 11:24:48.816390637 2620118 [56297.399502] 27410 29790 W fb4a.0Rv: Called user scoped provider with no viewer. ViewerContextManager was created with no ViewerContext. Using EmptyViewerContextManager to return fake logged in instance.
43424168-e44e-473a-bf12-dba8a4a4453a 2016-12-13 11:24:48.816390637 2620119 [56297.399593]   963  1523 D ThermaPlan->Batch: {"func":"Batch->add()","batch":{"what":"BATCH","start":694490728,"end":992076404,"flags":0,"flagsBinary":"0","oldStart":694490727,"oldEnd":992076404}}
43424168-e44e-473a-bf12-dba8a4a4453a 2016-12-13 11:24:48.816390637 2620120 [56297.399791]   963  1523 D ThermaPlan->Batch: {"func":"Batch->add()","batch":{"what":"BATCH","start":701674709,"end":992076404,"flags":0,"flagsBinary":"0","oldStart":694490728,"oldEnd":992076404}}
43424168-e44e-473a-bf12-dba8a4a4453a 2016-12-13 11:24:48.816390637 2620121 [56297.400089] 27410 29790 W fb4a.0Rv: Called user scoped provider with no viewer. ViewerContextManager was created with no ViewerContext. Using EmptyViewerContextManager to return fake logged in instance.
43424168-e44e-473a-bf12-dba8a4a4453a 2016-12-13 11:24:48.816390637 2620122 [56297.400227]   963  1523 D ThermaPlan->Batch: {"func":"Batch->add()","batch":{"what":"BATCH","start":315360057206,"end":551880056972,"flags":0,"flagsBinary":"0","oldStart":315360056973,"oldEnd":551880056972}}
43424168-e44e-473a-bf12-dba8a4a4453a 2016-12-13 11:24:48.816390637 2620123 [56297.400418]   963  1523 D ThermaPlan->Batch: {"func":"Batch->add()","batch":{"what":"BATCH","start":315360057236,"end":551880056972,"flags":0,"flagsBinary":"0","oldStart":315360057206,"oldEnd":551880056972}}
43424168-e44e-473a-bf12-dba8a4a4453a 2016-12-13 11:24:48.816390637 2620124 [56297.400624]   963  1523 D ThermaPlan->Batch: {"func":"Batch->add()","batch":{"what":"BATCH","start":315360057240,"end":551880056972,"flags":0,"flagsBinary":"0","oldStart":315360057236,"oldEnd":551880056972}}
43424168-e44e-473a-bf12-dba8a4a4453a 2016-12-13 11:24:48.816390637 2620125 [56297.400807]   963  1523 D ThermaPlan->Batch: {"func":"Batch->add()","batch":{"what":"BATCH","start":315360057254,"end":551880056972,"flags":0,"flagsBinary":"0","oldStart":315360057240,"oldEnd":551880056972}}
43424168-e44e-473a-bf12-dba8a4a4453a 2016-12-13 11:24:48.816390637 2620126 [56297.401006]   963  1523 D ThermaPlan->Batch: {"func":"Batch->add()","batch":{"what":"BATCH","start":315360057257,"end":551880056972,"flags":0,"flagsBinary":"0","oldStart":315360057254,"oldEnd":551880056972}}
43424168-e44e-473a-bf12-dba8a4a4453a 2016-12-13 11:24:48.816390637 2620127 [56297.401199]   963  1523 D ThermaPlan->Batch: {"func":"Batch->add()","batch":{"what":"BATCH","start":315360057259,"end":551880056972,"flags":0,"flagsBinary":"0","oldStart":315360057257,"oldEnd":551880056972}}
43424168-e44e-473a-bf12-dba8a4a4453a 2016-12-13 11:24:48.816390637 2620128 [56297.401402]   963  1523 D ThermaPlan->Batch: {"func":"Batch->add()","batch":{"what":"BATCH","start":315360094195,"end":551880056972,"flags":0,"flagsBinary":"0","oldStart":315360057259,"oldEnd":551880056972}}
43424168-e44e-473a-bf12-dba8a4a4453a 2016-12-13 11:24:48.816390637 2620129 [56297.401596]   963  1523 D ThermaPlan->Batch: {"func":"Batch->add()","batch":{"what":"BATCH","start":315360113203,"end":551880056972,"flags":0,"flagsBinary":"0","oldStart":315360094195,"oldEnd":551880056972}}
43424168-e44e-473a-bf12-dba8a4a4453a 2016-12-13 11:24:48.816390637 2620130 [56297.401789]   963  1523 D ThermaPlan->Batch: {"func":"Batch->add()","batch":{"what":"BATCH","start":315399259724,"end":551880056972,"flags":0,"flagsBinary":"0","oldStart":315360113203,"oldEnd":551880056972}}
43424168-e44e-473a-bf12-dba8a4a4453a 2016-12-13 11:24:48.816390637 2620131 [56297.401983]   963  1523 D ThermaPlan->Batch: {"func":"Batch->add()","batch":{"what":"BATCH","start":315399259747,"end":551880056972,"flags":0,"flagsBinary":"0","oldStart":315399259724,"oldEnd":551880056972}}
43424168-e44e-473a-bf12-dba8a4a4453a 2016-12-13 11:24:48.816390637 2620132 [56297.402172]   963  1523 D ThermaPlan->Batch: {"func":"Batch->add()","batch":{"what":"BATCH","start":315572926898,"end":551880056972,"flags":0,"flagsBinary":"0","oldStart":315399259747,"oldEnd":551880056972}}
43424168-e44e-473a-bf12-dba8a4a4453a 2016-12-13 11:24:48.816390637 2620133 [56297.404981]   963  1820 D ThermaPlan->Batch: {"func":"Batch->add()","batch":{"what":"BATCH","start":299979531,"end":331748773,"flags":8,"flagsBinary":"1000","oldStart":296563796,"oldEnd":331748773}}
43424168-e44e-473a-bf12-dba8a4a4453a 2016-12-13 11:24:48.816390637 2620134 [56297.406909]   963   974 D ThermaPlan->Batch: {"func":"Batch->add()","batch":{"what":"BATCH","start":213700771,"end":213730771,"flags":0,"flagsBinary":"0","oldStart":213650727,"oldEnd":213740727}}
43424168-e44e-473a-bf12-dba8a4a4453a 2016-12-13 11:24:48.816390637 2620135 [56297.407099]   963   974 D ThermaPlan->Batch: {"func":"Batch->add()","batch":{"what":"BATCH","start":213711754,"end":213730771,"flags":8,"flagsBinary":"1000","oldStart":213700771,"oldEnd":213730771}}
43424168-e44e-473a-bf12-dba8a4a4453a 2016-12-13 11:24:48.816390637 2620136 [56297.408058]   963   974 D ThermaPlan->Batch: {"func":"Batch->add()","batch":{"what":"BATCH","start":214276095,"end":214951095,"flags":8,"flagsBinary":"1000","oldStart":214251322,"oldEnd":215601322}}
43424168-e44e-473a-bf12-dba8a4a4453a 2016-12-13 11:24:48.816390637 2620137 [56297.408245]   963   974 D ThermaPlan->Batch: {"func":"Batch->add()","batch":{"what":"BATCH","start":214278171,"end":214951095,"flags":8,"flagsBinary":"1000","oldStart":214276095,"oldEnd":214951095}}
43424168-e44e-473a-bf12-dba8a4a4453a 2016-12-13 11:24:48.816390637 2620138 [56297.408469]   963   974 D ThermaPlan->Batch: {"func":"Batch->add()","batch":{"what":"BATCH","start":214278914,"end":214951095,"flags":8,"flagsBinary":"1000","oldStart":214278171,"oldEnd":214951095}}
43424168-e44e-473a-bf12-dba8a4a4453a 2016-12-13 11:24:48.816390637 2620139 [56297.408661]   963   974 D ThermaPlan->Batch: {"func":"Batch->add()","batch":{"what":"BATCH","start":214278988,"end":214951095,"flags":8,"flagsBinary":"1000","oldStart":214278914,"oldEnd":214951095}}
43424168-e44e-473a-bf12-dba8a4a4453a 2016-12-13 11:24:48.816390637 2620140 [56297.408852]   963   974 D ThermaPlan->Batch: {"func":"Batch->add()","batch":{"what":"BATCH","start":214281415,"end":214951095,"flags":8,"flagsBinary":"1000","oldStart":214278988,"oldEnd":214951095}}
43424168-e44e-473a-bf12-dba8a4a4453a 2016-12-13 11:24:48.816390637 2620141 [56297.409044]   963   974 D ThermaPlan->Batch: {"func":"Batch->add()","batch":{"what":"BATCH","start":214281680,"end":214951095,"flags":8,"flagsBinary":"1000","oldStart":214281415,"oldEnd":214951095}}
43424168-e44e-473a-bf12-dba8a4a4453a 2016-12-13 11:24:48.816390637 2620142 [56297.409231]   963   974 D ThermaPlan->Batch: {"func":"Batch->add()","batch":{"what":"BATCH","start":214282094,"end":214951095,"flags":8,"flagsBinary":"1000","oldStart":214281680,"oldEnd":214951095}}
43424168-e44e-473a-bf12-dba8a4a4453a 2016-12-13 11:24:48.826390637 2620143 [56297.409523]   963   974 D ThermaPlan->Batch: {"func":"Batch->add()","batch":{"what":"BATCH","start":214282211,"end":214951095,"flags":8,"flagsBinary":"1000","oldStart":214282094,"oldEnd":214951095}}
43424168-e44e-473a-bf12-dba8a4a4453a 2016-12-13 11:24:48.826390637 2620144 [56297.409716]   963   974 D ThermaPlan->Batch: {"func":"Batch->add()","batch":{"what":"BATCH","start":214282485,"end":214951095,"flags":8,"flagsBinary":"1000","oldStart":214282211,"oldEnd":214951095}}
43424168-e44e-473a-bf12-dba8a4a4453a 2016-12-13 11:24:48.826390637 2620145 [56297.409901]   963   974 D ThermaPlan->Batch: {"func":"Batch->add()","batch":{"what":"BATCH","start":214294563,"end":214951095,"flags":8,"flagsBinary":"1000","oldStart":214282485,"oldEnd":214951095}}
43424168-e44e-473a-bf12-dba8a4a4453a 2016-12-13 11:24:48.826390637 2620146 [56297.410102]   963   974 D ThermaPlan->Batch: {"func":"Batch->add()","batch":{"what":"BATCH","start":214733822,"end":214951095,"flags":8,"flagsBinary":"1000","oldStart":214294563,"oldEnd":214951095}}
43424168-e44e-473a-bf12-dba8a4a4453a 2016-12-13 11:24:48.826390637 2620147 [56297.410311]   963   974 D ThermaPlan->Batch: {"func":"Batch->add()","batch":{"what":"BATCH","start":214750705,"end":214951095,"flags":8,"flagsBinary":"1000","oldStart":214733822,"oldEnd":214951095}}
43424168-e44e-473a-bf12-dba8a4a4453a 2016-12-13 11:24:48.826390637 2620148 [56297.411579]   963   974 D ThermaPlan->Batch: {"func":"Batch->add()","batch":{"what":"BATCH","start":215759162,"end":219062073,"flags":8,"flagsBinary":"1000","oldStart":215226149,"oldEnd":219062073}}
43424168-e44e-473a-bf12-dba8a4a4453a 2016-12-13 11:24:48.826390637 2620149 [56297.411789]   963   974 D ThermaPlan->Batch: {"func":"Batch->add()","batch":{"what":"BATCH","start":216082518,"end":218782518,"flags":8,"flagsBinary":"1000","oldStart":215759162,"oldEnd":219062073}}
43424168-e44e-473a-bf12-dba8a4a4453a 2016-12-13 11:24:48.826390637 2620150 [56297.411986]   963   974 D ThermaPlan->Batch: {"func":"Batch->add()","batch":{"what":"BATCH","start":216144078,"end":218782518,"flags":8,"flagsBinary":"1000","oldStart":216082518,"oldEnd":218782518}}
43424168-e44e-473a-bf12-dba8a4a4453a 2016-12-13 11:24:48.826390637 2620151 [56297.412174]   963   974 D ThermaPlan->Batch: {"func":"Batch->add()","batch":{"what":"BATCH","start":216526830,"end":218782518,"flags":8,"flagsBinary":"1000","oldStart":216144078,"oldEnd":218782518}}
43424168-e44e-473a-bf12-dba8a4a4453a 2016-12-13 11:24:48.826390637 2620152 [56297.412365]   963   974 D ThermaPlan->Batch: {"func":"Batch->add()","batch":{"what":"BATCH","start":217737182,"end":218037182,"flags":8,"flagsBinary":"1000","oldStart":216526830,"oldEnd":218782518}}
43424168-e44e-473a-bf12-dba8a4a4453a 2016-12-13 11:24:48.826390637 2620153 [56297.412683]   963   974 D ThermaPlan->Batch: {"func":"Batch->add()","batch":{"what":"BATCH","start":220150599,"end":224060132,"flags":0,"flagsBinary":"0","oldStart":219290728,"oldEnd":224060132}}
43424168-e44e-473a-bf12-dba8a4a4453a 2016-12-13 11:24:48.826390637 2620154 [56297.412863]   963   974 D ThermaPlan->Batch: {"func":"Batch->add()","batch":{"what":"BATCH","start":220380550,"end":224060132,"flags":0,"flagsBinary":"0","oldStart":220150599,"oldEnd":224060132}}
43424168-e44e-473a-bf12-dba8a4a4453a 2016-12-13 11:24:48.826390637 2620155 [56297.413308]   963   974 D ThermaPlan->Batch: {"func":"Batch->add()","batch":{"what":"BATCH","start":228290727,"end":239324426,"flags":0,"flagsBinary":"0","oldStart":224222674,"oldEnd":240422669}}
43424168-e44e-473a-bf12-dba8a4a4453a 2016-12-13 11:24:48.826390637 2620156 [56297.413511]   963   974 D ThermaPlan->Batch: {"func":"Batch->add()","batch":{"what":"BATCH","start":230499939,"end":239324426,"flags":0,"flagsBinary":"0","oldStart":228290727,"oldEnd":239324426}}
43424168-e44e-473a-bf12-dba8a4a4453a 2016-12-13 11:24:48.826390637 2620157 [56297.413695]   963   974 D ThermaPlan->Batch: {"func":"Batch->add()","batch":{"what":"BATCH","start":231188198,"end":239324426,"flags":0,"flagsBinary":"0","oldStart":230499939,"oldEnd":239324426}}
43424168-e44e-473a-bf12-dba8a4a4453a 2016-12-13 11:24:48.826390637 2620158 [56297.413882]   963   974 D ThermaPlan->Batch: {"func":"Batch->add()","batch":{"what":"BATCH","start":231548284,"end":239324426,"flags":0,"flagsBinary":"0","oldStart":231188198,"oldEnd":239324426}}
43424168-e44e-473a-bf12-dba8a4a4453a 2016-12-13 11:24:48.826390637 2620159 [56297.414884]   963   974 D ThermaPlan->Batch: {"func":"Batch->add()","batch":{"what":"BATCH","start":248330836,"end":285305189,"flags":8,"flagsBinary":"1000","oldStart":240305189,"oldEnd":285305189}}
43424168-e44e-473a-bf12-dba8a4a4453a 2016-12-13 11:24:48.826390637 2620160 [56297.415087]   963   974 D ThermaPlan->Batch: {"func":"Batch->add()","batch":{"what":"BATCH","start":249541608,"end":282059671,"flags":8,"flagsBinary":"1000","oldStart":248330836,"oldEnd":285305189}}
43424168-e44e-473a-bf12-dba8a4a4453a 2016-12-13 11:24:48.826390637 2620161 [56297.415283]   963   974 D ThermaPlan->Batch: {"func":"Batch->add()","batch":{"what":"BATCH","start":249641515,"end":280795765,"flags":8,"flagsBinary":"1000","oldStart":249541608,"oldEnd":282059671}}
43424168-e44e-473a-bf12-dba8a4a4453a 2016-12-13 11:24:48.826390637 2620162 [56297.415469]   963   974 D ThermaPlan->Batch: {"func":"Batch->add()","batch":{"what":"BATCH","start":258890727,"end":280795765,"flags":8,"flagsBinary":"1000","oldStart":249641515,"oldEnd":280795765}}
43424168-e44e-473a-bf12-dba8a4a4453a 2016-12-13 11:24:48.826390637 2620163 [56297.415664]   963   974 D ThermaPlan->Batch: {"func":"Batch->add()","batch":{"what":"BATCH","start":259200000,"end":280795765,"flags":8,"flagsBinary":"1000","oldStart":258890727,"oldEnd":280795765}}
43424168-e44e-473a-bf12-dba8a4a4453a 2016-12-13 11:24:48.826390637 2620164 [56297.415865]   963   974 D ThermaPlan->Batch: {"func":"Batch->add()","batch":{"what":"BATCH","start":259252542,"end":280795765,"flags":8,"flagsBinary":"1000","oldStart":259200000,"oldEnd":280795765}}
43424168-e44e-473a-bf12-dba8a4a4453a 2016-12-13 11:24:48.826390637 2620165 [56297.416045]   963   974 D ThermaPlan->Batch: {"func":"Batch->add()","batch":{"what":"BATCH","start":259281310,"end":280795765,"flags":8,"flagsBinary":"1000","oldStart":259252542,"oldEnd":280795765}}
43424168-e44e-473a-bf12-dba8a4a4453a 2016-12-13 11:24:48.826390637 2620166 [56297.416238]   963   974 D ThermaPlan->Batch: {"func":"Batch->add()","batch":{"what":"BATCH","start":259345161,"end":280795765,"flags":8,"flagsBinary":"1000","oldStart":259281310,"oldEnd":280795765}}
43424168-e44e-473a-bf12-dba8a4a4453a 2016-12-13 11:24:48.826390637 2620167 [56297.416441]   963   974 D ThermaPlan->Batch: {"func":"Batch->add()","batch":{"what":"BATCH","start":259786617,"end":280795765,"flags":8,"flagsBinary":"1000","oldStart":259345161,"oldEnd":280795765}}
43424168-e44e-473a-bf12-dba8a4a4453a 2016-12-13 11:24:48.826390637 2620168 [56297.416633]   963   974 D ThermaPlan->Batch: {"func":"Batch->add()","batch":{"what":"BATCH","start":261333689,"end":280795765,"flags":8,"flagsBinary":"1000","oldStart":259786617,"oldEnd":280795765}}
43424168-e44e-473a-bf12-dba8a4a4453a 2016-12-13 11:24:48.826390637 2620169 [56297.416822]   963   974 D ThermaPlan->Batch: {"func":"Batch->add()","batch":{"what":"BATCH","start":270989138,"end":280795765,"flags":8,"flagsBinary":"1000","oldStart":261333689,"oldEnd":280795765}}
43424168-e44e-473a-bf12-dba8a4a4453a 2016-12-13 11:24:48.826390637 2620170 [56297.418972]   963   974 D ThermaPlan->Batch: {"func":"Batch->add()","batch":{"what":"BATCH","start":292490680,"end":331748773,"flags":0,"flagsBinary":"0","oldStart":280825099,"oldEnd":331748773}}
43424168-e44e-473a-bf12-dba8a4a4453a 2016-12-13 11:24:48.826390637 2620171 [56297.419173]   963   974 D ThermaPlan->Batch: {"func":"Batch->add()","batch":{"what":"BATCH","start":296563796,"end":331748773,"flags":0,"flagsBinary":"0","oldStart":292490680,"oldEnd":331748773}}
43424168-e44e-473a-bf12-dba8a4a4453a 2016-12-13 11:24:48.836390637 2620172 [56297.420237]   963   974 D ThermaPlan->Batch: {"func":"Batch->add()","batch":{"what":"BATCH","start":299979531,"end":331748773,"flags":8,"flagsBinary":"1000","oldStart":296563796,"oldEnd":331748773}}
43424168-e44e-473a-bf12-dba8a4a4453a 2016-12-13 11:24:48.836390637 2620173 [56297.420603]   963   974 D ThermaPlan->Batch: {"func":"Batch->add()","batch":{"what":"BATCH","start":605813326,"end":1058493260,"flags":0,"flagsBinary":"0","oldStart":604893262,"oldEnd":1058493260}}
43424168-e44e-473a-bf12-dba8a4a4453a 2016-12-13 11:24:48.836390637 2620174 [56297.420814]   963   974 D ThermaPlan->Batch: {"func":"Batch->add()","batch":{"what":"BATCH","start":624143935,"end":992076404,"flags":0,"flagsBinary":"0","oldStart":605813326,"oldEnd":1058493260}}
43424168-e44e-473a-bf12-dba8a4a4453a 2016-12-13 11:24:48.836390637 2620175 [56297.421000]   963   974 D ThermaPlan->Batch: {"func":"Batch->add()","batch":{"what":"BATCH","start":694490727,"end":992076404,"flags":0,"flagsBinary":"0","oldStart":624143935,"oldEnd":992076404}}
43424168-e44e-473a-bf12-dba8a4a4453a 2016-12-13 11:24:48.836390637 2620176 [56297.421317]   963   974 D ThermaPlan->Batch: {"func":"Batch->add()","batch":{"what":"BATCH","start":701674709,"end":992076404,"flags":0,"flagsBinary":"0","oldStart":694490727,"oldEnd":992076404}}
43424168-e44e-473a-bf12-dba8a4a4453a 2016-12-13 11:24:48.836390637 2620177 [56297.421752]   963   974 D ThermaPlan->Batch: {"func":"Batch->add()","batch":{"what":"BATCH","start":315360057206,"end":551880056972,"flags":0,"flagsBinary":"0","oldStart":315360056973,"oldEnd":551880056972}}
43424168-e44e-473a-bf12-dba8a4a4453a 2016-12-13 11:24:48.836390637 2620178 [56297.421963]   963   974 D ThermaPlan->Batch: {"func":"Batch->add()","batch":{"what":"BATCH","start":315360057236,"end":551880056972,"flags":0,"flagsBinary":"0","oldStart":315360057206,"oldEnd":551880056972}}
43424168-e44e-473a-bf12-dba8a4a4453a 2016-12-13 11:24:48.836390637 2620179 [56297.422150]   963   974 D ThermaPlan->Batch: {"func":"Batch->add()","batch":{"what":"BATCH","start":315360057240,"end":551880056972,"flags":0,"flagsBinary":"0","oldStart":315360057236,"oldEnd":551880056972}}
43424168-e44e-473a-bf12-dba8a4a4453a 2016-12-13 11:24:48.836390637 2620180 [56297.422342]   963   974 D ThermaPlan->Batch: {"func":"Batch->add()","batch":{"what":"BATCH","start":315360057254,"end":551880056972,"flags":0,"flagsBinary":"0","oldStart":315360057240,"oldEnd":551880056972}}
43424168-e44e-473a-bf12-dba8a4a4453a 2016-12-13 11:24:48.836390637 2620181 [56297.422535]   963   974 D ThermaPlan->Batch: {"func":"Batch->add()","batch":{"what":"BATCH","start":315360057257,"end":551880056972,"flags":0,"flagsBinary":"0","oldStart":315360057254,"oldEnd":551880056972}}
43424168-e44e-473a-bf12-dba8a4a4453a 2016-12-13 11:24:48.836390637 2620182 [56297.422723]   963   974 D ThermaPlan->Batch: {"func":"Batch->add()","batch":{"what":"BATCH","start":315360057259,"end":551880056972,"flags":0,"flagsBinary":"0","oldStart":315360057257,"oldEnd":551880056972}}
43424168-e44e-473a-bf12-dba8a4a4453a 2016-12-13 11:24:48.836390637 2620183 [56297.422919]   963   974 D ThermaPlan->Batch: {"func":"Batch->add()","batch":{"what":"BATCH","start":315360094195,"end":551880056972,"flags":0,"flagsBinary":"0","oldStart":315360057259,"oldEnd":551880056972}}
43424168-e44e-473a-bf12-dba8a4a4453a 2016-12-13 11:24:48.836390637 2620184 [56297.423123]   963   974 D ThermaPlan->Batch: {"func":"Batch->add()","batch":{"what":"BATCH","start":315360113203,"end":551880056972,"flags":0,"flagsBinary":"0","oldStart":315360094195,"oldEnd":551880056972}}
43424168-e44e-473a-bf12-dba8a4a4453a 2016-12-13 11:24:48.836390637 2620185 [56297.423320]   963   974 D ThermaPlan->Batch: {"func":"Batch->add()","batch":{"what":"BATCH","start":315399259724,"end":551880056972,"flags":0,"flagsBinary":"0","oldStart":315360113203,"oldEnd":551880056972}}
43424168-e44e-473a-bf12-dba8a4a4453a 2016-12-13 11:24:48.836390637 2620186 [56297.423531]   963   974 D ThermaPlan->Batch: {"func":"Batch->add()","batch":{"what":"BATCH","start":315399259747,"end":551880056972,"flags":0,"flagsBinary":"0","oldStart":315399259724,"oldEnd":551880056972}}
43424168-e44e-473a-bf12-dba8a4a4453a 2016-12-13 11:24:48.836390637 2620187 [56297.423719]   963   974 D ThermaPlan->Batch: {"func":"Batch->add()","batch":{"what":"BATCH","start":315572926898,"end":551880056972,"flags":0,"flagsBinary":"0","oldStart":315399259747,"oldEnd":551880056972}}
43424168-e44e-473a-bf12-dba8a4a4453a 2016-12-13 11:24:48.836390637 2620188 [56297.425523]   963  1914 D ThermaPlan->AlarmManagerService: {"func":"AlarmManagerService->mService->set","pid":2875,"uid":10098,"flagsBinary":"1","flags":1,"type":2,"triggerAtTime":244039860,"nowELAPSED":213579572,"rtc":1481646288845,"windowLength":0,"interval":0,"creatorPkg":"com.facebook.orca","targetPkg":"com.facebook.orca"}
43424168-e44e-473a-bf12-dba8a4a4453a 2016-12-13 11:24:48.846390637 2620189 [56297.437165]   963  3256 D ThermaPlan->AlarmManagerService: {"func":"AlarmManagerService->mService->set","pid":1821,"uid":10014,"flagsBinary":"0","flags":0,"type":2,"triggerAtTime":213741687,"nowELAPSED":213579584,"rtc":1481646288857,"windowLength":-1,"interval":0,"creatorPkg":"com.google.android.gms","targetPkg":"com.google.android.gms"}
43424168-e44e-473a-bf12-dba8a4a4453a 2016-12-13 11:24:48.846390637 2620190 [56297.438017]   963  3256 D ThermaPlan->Batch: {"func":"Batch->add()","batch":{"what":"BATCH","start":213831840,"end":213863264,"flags":0,"flagsBinary":"0","oldStart":213831840,"oldEnd":213869340}}
43424168-e44e-473a-bf12-dba8a4a4453a 2016-12-13 11:24:48.856390637 2620191 [56297.446037]   963  1914 D ThermaPlan->Batch: {"func":"Batch->add()","batch":{"what":"BATCH","start":213700771,"end":213730771,"flags":0,"flagsBinary":"0","oldStart":213650727,"oldEnd":213740727}}
43424168-e44e-473a-bf12-dba8a4a4453a 2016-12-13 11:24:48.856390637 2620192 [56297.446228]   963  1914 D ThermaPlan->Batch: {"func":"Batch->add()","batch":{"what":"BATCH","start":213711754,"end":213730771,"flags":8,"flagsBinary":"1000","oldStart":213700771,"oldEnd":213730771}}
43424168-e44e-473a-bf12-dba8a4a4453a 2016-12-13 11:24:48.856390637 2620193 [56297.446529]   963  1914 D ThermaPlan->Batch: {"func":"Batch->add()","batch":{"what":"BATCH","start":213831840,"end":213863264,"flags":0,"flagsBinary":"0","oldStart":213741687,"oldEnd":213863264}}
43424168-e44e-473a-bf12-dba8a4a4453a 2016-12-13 11:24:48.856390637 2620194 [56297.447466]   963  1914 D ThermaPlan->Batch: {"func":"Batch->add()","batch":{"what":"BATCH","start":214276095,"end":214951095,"flags":8,"flagsBinary":"1000","oldStart":214251322,"oldEnd":215601322}}
43424168-e44e-473a-bf12-dba8a4a4453a 2016-12-13 11:24:48.856390637 2620195 [56297.447652]   963  1914 D ThermaPlan->Batch: {"func":"Batch->add()","batch":{"what":"BATCH","start":214278171,"end":214951095,"flags":8,"flagsBinary":"1000","oldStart":214276095,"oldEnd":214951095}}
43424168-e44e-473a-bf12-dba8a4a4453a 2016-12-13 11:24:48.856390637 2620196 [56297.447842]   963  1914 D ThermaPlan->Batch: {"func":"Batch->add()","batch":{"what":"BATCH","start":214278914,"end":214951095,"flags":8,"flagsBinary":"1000","oldStart":214278171,"oldEnd":214951095}}
43424168-e44e-473a-bf12-dba8a4a4453a 2016-12-13 11:24:48.856390637 2620197 [56297.448049]   963  1914 D ThermaPlan->Batch: {"func":"Batch->add()","batch":{"what":"BATCH","start":214278988,"end":214951095,"flags":8,"flagsBinary":"1000","oldStart":214278914,"oldEnd":214951095}}
43424168-e44e-473a-bf12-dba8a4a4453a 2016-12-13 11:24:48.856390637 2620198 [56297.448247]   963  1914 D ThermaPlan->Batch: {"func":"Batch->add()","batch":{"what":"BATCH","start":214281415,"end":214951095,"flags":8,"flagsBinary":"1000","oldStart":214278988,"oldEnd":214951095}}
43424168-e44e-473a-bf12-dba8a4a4453a 2016-12-13 11:24:48.856390637 2620199 [56297.448433]   963  1914 D ThermaPlan->Batch: {"func":"Batch->add()","batch":{"what":"BATCH","start":214281680,"end":214951095,"flags":8,"flagsBinary":"1000","oldStart":214281415,"oldEnd":214951095}}
43424168-e44e-473a-bf12-dba8a4a4453a 2016-12-13 11:24:48.856390637 2620200 [56297.448621]   963  1914 D ThermaPlan->Batch: {"func":"Batch->add()","batch":{"what":"BATCH","start":214282094,"end":214951095,"flags":8,"flagsBinary":"1000","oldStart":214281680,"oldEnd":214951095}}
43424168-e44e-473a-bf12-dba8a4a4453a 2016-12-13 11:24:48.856390637 2620201 [56297.448812]   963  1914 D ThermaPlan->Batch: {"func":"Batch->add()","batch":{"what":"BATCH","start":214282211,"end":214951095,"flags":8,"flagsBinary":"1000","oldStart":214282094,"oldEnd":214951095}}
43424168-e44e-473a-bf12-dba8a4a4453a 2016-12-13 11:24:48.856390637 2620202 [56297.449000]   963  1914 D ThermaPlan->Batch: {"func":"Batch->add()","batch":{"what":"BATCH","start":214282485,"end":214951095,"flags":8,"flagsBinary":"1000","oldStart":214282211,"oldEnd":214951095}}
43424168-e44e-473a-bf12-dba8a4a4453a 2016-12-13 11:24:48.856390637 2620203 [56297.449112]   963 29757 D NetworkMonitor/NetworkAgentInfo [MOBILE (CDMA - eHRPD) - 395]: isCaptivePortal: ret=204 headers={null=[HTTP/1.1 204 No Content], Connection=[keep-alive], Content-Length=[0], Date=[Tue, 13 Dec 2016 16:24:50 GMT], X-Android-Received-Millis=[1481646288868], X-Android-Response-Source=[NETWORK 204], X-Android-Selected-Protocol=[http/1.1], X-Android-Sent-Millis=[1481646288733]}
43424168-e44e-473a-bf12-dba8a4a4453a 2016-12-13 11:24:48.856390637 2620204 [56297.449192]   963  1914 D ThermaPlan->Batch: {"func":"Batch->add()","batch":{"what":"BATCH","start":214294563,"end":214951095,"flags":8,"flagsBinary":"1000","oldStart":214282485,"oldEnd":214951095}}
43424168-e44e-473a-bf12-dba8a4a4453a 2016-12-13 11:24:48.866390637 2620205 [56297.450637]   963  1914 D ThermaPlan->Batch: {"func":"Batch->add()","batch":{"what":"BATCH","start":214733823,"end":214951095,"flags":8,"flagsBinary":"1000","oldStart":214294563,"oldEnd":214951095}}
43424168-e44e-473a-bf12-dba8a4a4453a 2016-12-13 11:24:48.866390637 2620206 [56297.450856]   963  1914 D ThermaPlan->Batch: {"func":"Batch->add()","batch":{"what":"BATCH","start":214750705,"end":214951095,"flags":8,"flagsBinary":"1000","oldStart":214733823,"oldEnd":214951095}}
43424168-e44e-473a-bf12-dba8a4a4453a 2016-12-13 11:24:48.866390637 2620207 [56297.452048]   963  1914 D ThermaPlan->Batch: {"func":"Batch->add()","batch":{"what":"BATCH","start":215759161,"end":219062073,"flags":8,"flagsBinary":"1000","oldStart":215226149,"oldEnd":219062073}}
43424168-e44e-473a-bf12-dba8a4a4453a 2016-12-13 11:24:48.866390637 2620208 [56297.452247]   963  1914 D ThermaPlan->Batch: {"func":"Batch->add()","batch":{"what":"BATCH","start":216082518,"end":218782518,"flags":8,"flagsBinary":"1000","oldStart":215759161,"oldEnd":219062073}}
43424168-e44e-473a-bf12-dba8a4a4453a 2016-12-13 11:24:48.866390637 2620209 [56297.452446]   963  1914 D ThermaPlan->Batch: {"func":"Batch->add()","batch":{"what":"BATCH","start":216144078,"end":218782518,"flags":8,"flagsBinary":"1000","oldStart":216082518,"oldEnd":218782518}}
43424168-e44e-473a-bf12-dba8a4a4453a 2016-12-13 11:24:48.866390637 2620210 [56297.452620]   963  1914 D ThermaPlan->Batch: {"func":"Batch->add()","batch":{"what":"BATCH","start":216526830,"end":218782518,"flags":8,"flagsBinary":"1000","oldStart":216144078,"oldEnd":218782518}}
43424168-e44e-473a-bf12-dba8a4a4453a 2016-12-13 11:24:48.866390637 2620211 [56297.452813]   963  1914 D ThermaPlan->Batch: {"func":"Batch->add()","batch":{"what":"BATCH","start":217737182,"end":218037182,"flags":8,"flagsBinary":"1000","oldStart":216526830,"oldEnd":218782518}}
43424168-e44e-473a-bf12-dba8a4a4453a 2016-12-13 11:24:48.866390637 2620212 [56297.453107]   963  1914 D ThermaPlan->Batch: {"func":"Batch->add()","batch":{"what":"BATCH","start":220150599,"end":224060131,"flags":0,"flagsBinary":"0","oldStart":219290727,"oldEnd":224060131}}
43424168-e44e-473a-bf12-dba8a4a4453a 2016-12-13 11:24:48.866390637 2620213 [56297.453307]   963  1914 D ThermaPlan->Batch: {"func":"Batch->add()","batch":{"what":"BATCH","start":220380550,"end":224060131,"flags":0,"flagsBinary":"0","oldStart":220150599,"oldEnd":224060131}}
43424168-e44e-473a-bf12-dba8a4a4453a 2016-12-13 11:24:48.866390637 2620214 [56297.453740]   963  1914 D ThermaPlan->Batch: {"func":"Batch->add()","batch":{"what":"BATCH","start":228290727,"end":239324426,"flags":0,"flagsBinary":"0","oldStart":224222675,"oldEnd":240422670}}
43424168-e44e-473a-bf12-dba8a4a4453a 2016-12-13 11:24:48.866390637 2620215 [56297.453922]   963  1914 D ThermaPlan->Batch: {"func":"Batch->add()","batch":{"what":"BATCH","start":230499939,"end":239324426,"flags":0,"flagsBinary":"0","oldStart":228290727,"oldEnd":239324426}}
43424168-e44e-473a-bf12-dba8a4a4453a 2016-12-13 11:24:48.866390637 2620216 [56297.454107]   963  1914 D ThermaPlan->Batch: {"func":"Batch->add()","batch":{"what":"BATCH","start":231188198,"end":239324426,"flags":0,"flagsBinary":"0","oldStart":230499939,"oldEnd":239324426}}
43424168-e44e-473a-bf12-dba8a4a4453a 2016-12-13 11:24:48.866390637 2620217 [56297.454291]   963  1914 D ThermaPlan->Batch: {"func":"Batch->add()","batch":{"what":"BATCH","start":231548284,"end":239324426,"flags":0,"flagsBinary":"0","oldStart":231188198,"oldEnd":239324426}}
43424168-e44e-473a-bf12-dba8a4a4453a 2016-12-13 11:24:48.866390637 2620218 [56297.456725]   963  1914 D ThermaPlan->Batch: {"func":"Batch->add()","batch":{"what":"BATCH","start":248330836,"end":285305189,"flags":8,"flagsBinary":"1000","oldStart":240305189,"oldEnd":285305189}}
43424168-e44e-473a-bf12-dba8a4a4453a 2016-12-13 11:24:48.866390637 2620219 [56297.457234]   963  1914 D ThermaPlan->Batch: {"func":"Batch->add()","batch":{"what":"BATCH","start":249541608,"end":282059671,"flags":8,"flagsBinary":"1000","oldStart":248330836,"oldEnd":285305189}}
43424168-e44e-473a-bf12-dba8a4a4453a 2016-12-13 11:24:48.866390637 2620220 [56297.457581]   963  1914 D ThermaPlan->Batch: {"func":"Batch->add()","batch":{"what":"BATCH","start":249641515,"end":280795765,"flags":8,"flagsBinary":"1000","oldStart":249541608,"oldEnd":282059671}}
43424168-e44e-473a-bf12-dba8a4a4453a 2016-12-13 11:24:48.866390637 2620221 [56297.457775]   963  1914 D ThermaPlan->Batch: {"func":"Batch->add()","batch":{"what":"BATCH","start":258890727,"end":280795765,"flags":8,"flagsBinary":"1000","oldStart":249641515,"oldEnd":280795765}}
43424168-e44e-473a-bf12-dba8a4a4453a 2016-12-13 11:24:48.866390637 2620222 [56297.457966]   963  1914 D ThermaPlan->Batch: {"func":"Batch->add()","batch":{"what":"BATCH","start":259200000,"end":280795765,"flags":8,"flagsBinary":"1000","oldStart":258890727,"oldEnd":280795765}}
43424168-e44e-473a-bf12-dba8a4a4453a 2016-12-13 11:24:48.866390637 2620223 [56297.458159]   963  1914 D ThermaPlan->Batch: {"func":"Batch->add()","batch":{"what":"BATCH","start":259252542,"end":280795765,"flags":8,"flagsBinary":"1000","oldStart":259200000,"oldEnd":280795765}}
43424168-e44e-473a-bf12-dba8a4a4453a 2016-12-13 11:24:48.866390637 2620224 [56297.458342]   963  1914 D ThermaPlan->Batch: {"func":"Batch->add()","batch":{"what":"BATCH","start":259281310,"end":280795765,"flags":8,"flagsBinary":"1000","oldStart":259252542,"oldEnd":280795765}}
43424168-e44e-473a-bf12-dba8a4a4453a 2016-12-13 11:24:48.866390637 2620225 [56297.458538]   963  1914 D ThermaPlan->Batch: {"func":"Batch->add()","batch":{"what":"BATCH","start":259345162,"end":280795765,"flags":8,"flagsBinary":"1000","oldStart":259281310,"oldEnd":280795765}}
43424168-e44e-473a-bf12-dba8a4a4453a 2016-12-13 11:24:48.866390637 2620226 [56297.458723]   963  1914 D ThermaPlan->Batch: {"func":"Batch->add()","batch":{"what":"BATCH","start":259786617,"end":280795765,"flags":8,"flagsBinary":"1000","oldStart":259345162,"oldEnd":280795765}}
43424168-e44e-473a-bf12-dba8a4a4453a 2016-12-13 11:24:48.866390637 2620227 [56297.459163]   963  1914 D ThermaPlan->Batch: {"func":"Batch->add()","batch":{"what":"BATCH","start":261333689,"end":280795765,"flags":8,"flagsBinary":"1000","oldStart":259786617,"oldEnd":280795765}}
43424168-e44e-473a-bf12-dba8a4a4453a 2016-12-13 11:24:48.876390637 2620228 [56297.459586]   963  1914 D ThermaPlan->Batch: {"func":"Batch->add()","batch":{"what":"BATCH","start":270989139,"end":280795765,"flags":8,"flagsBinary":"1000","oldStart":261333689,"oldEnd":280795765}}
43424168-e44e-473a-bf12-dba8a4a4453a 2016-12-13 11:24:48.876390637 2620229 [56297.462532]   963  1914 D ThermaPlan->Batch: {"func":"Batch->add()","batch":{"what":"BATCH","start":292490680,"end":331748773,"flags":0,"flagsBinary":"0","oldStart":280825099,"oldEnd":331748773}}
43424168-e44e-473a-bf12-dba8a4a4453a 2016-12-13 11:24:48.876390637 2620230 [56297.462753]   963  1914 D ThermaPlan->Batch: {"func":"Batch->add()","batch":{"what":"BATCH","start":296563796,"end":331748773,"flags":0,"flagsBinary":"0","oldStart":292490680,"oldEnd":331748773}}
43424168-e44e-473a-bf12-dba8a4a4453a 2016-12-13 11:24:48.876390637 2620231 [56297.462934]   963  1914 D ThermaPlan->Batch: {"func":"Batch->add()","batch":{"what":"BATCH","start":299979531,"end":331748773,"flags":8,"flagsBinary":"1000","oldStart":296563796,"oldEnd":331748773}}
43424168-e44e-473a-bf12-dba8a4a4453a 2016-12-13 11:24:48.876390637 2620232 [56297.463239]   963  1914 D ThermaPlan->Batch: {"func":"Batch->add()","batch":{"what":"BATCH","start":605813325,"end":1058493260,"flags":0,"flagsBinary":"0","oldStart":604893262,"oldEnd":1058493260}}
43424168-e44e-473a-bf12-dba8a4a4453a 2016-12-13 11:24:48.876390637 2620233 [56297.463430]   963  1914 D ThermaPlan->Batch: {"func":"Batch->add()","batch":{"what":"BATCH","start":624143935,"end":992076404,"flags":0,"flagsBinary":"0","oldStart":605813325,"oldEnd":1058493260}}
43424168-e44e-473a-bf12-dba8a4a4453a 2016-12-13 11:24:48.876390637 2620234 [56297.463615]   963  1914 D ThermaPlan->Batch: {"func":"Batch->add()","batch":{"what":"BATCH","start":694490728,"end":992076404,"flags":0,"flagsBinary":"0","oldStart":624143935,"oldEnd":992076404}}
43424168-e44e-473a-bf12-dba8a4a4453a 2016-12-13 11:24:48.876390637 2620235 [56297.463921]   963  1914 D ThermaPlan->Batch: {"func":"Batch->add()","batch":{"what":"BATCH","start":701674709,"end":992076404,"flags":0,"flagsBinary":"0","oldStart":694490728,"oldEnd":992076404}}
43424168-e44e-473a-bf12-dba8a4a4453a 2016-12-13 11:24:48.876390637 2620236 [56297.464377]   963  1914 D ThermaPlan->Batch: {"func":"Batch->add()","batch":{"what":"BATCH","start":315360057206,"end":551880056972,"flags":0,"flagsBinary":"0","oldStart":315360056973,"oldEnd":551880056972}}
43424168-e44e-473a-bf12-dba8a4a4453a 2016-12-13 11:24:48.876390637 2620237 [56297.464573]   963  1914 D ThermaPlan->Batch: {"func":"Batch->add()","batch":{"what":"BATCH","start":315360057236,"end":551880056972,"flags":0,"flagsBinary":"0","oldStart":315360057206,"oldEnd":551880056972}}
43424168-e44e-473a-bf12-dba8a4a4453a 2016-12-13 11:24:48.876390637 2620238 [56297.464763]   963  1914 D ThermaPlan->Batch: {"func":"Batch->add()","batch":{"what":"BATCH","start":315360057240,"end":551880056972,"flags":0,"flagsBinary":"0","oldStart":315360057236,"oldEnd":551880056972}}
43424168-e44e-473a-bf12-dba8a4a4453a 2016-12-13 11:24:48.876390637 2620239 [56297.464951]   963  1914 D ThermaPlan->Batch: {"func":"Batch->add()","batch":{"what":"BATCH","start":315360057254,"end":551880056972,"flags":0,"flagsBinary":"0","oldStart":315360057240,"oldEnd":551880056972}}
43424168-e44e-473a-bf12-dba8a4a4453a 2016-12-13 11:24:48.876390637 2620240 [56297.465142]   963  1914 D ThermaPlan->Batch: {"func":"Batch->add()","batch":{"what":"BATCH","start":315360057257,"end":551880056972,"flags":0,"flagsBinary":"0","oldStart":315360057254,"oldEnd":551880056972}}
43424168-e44e-473a-bf12-dba8a4a4453a 2016-12-13 11:24:48.876390637 2620241 [56297.465329]   963  1914 D ThermaPlan->Batch: {"func":"Batch->add()","batch":{"what":"BATCH","start":315360057259,"end":551880056972,"flags":0,"flagsBinary":"0","oldStart":315360057257,"oldEnd":551880056972}}
43424168-e44e-473a-bf12-dba8a4a4453a 2016-12-13 11:24:48.876390637 2620242 [56297.465514]   963  1914 D ThermaPlan->Batch: {"func":"Batch->add()","batch":{"what":"BATCH","start":315360094195,"end":551880056972,"flags":0,"flagsBinary":"0","oldStart":315360057259,"oldEnd":551880056972}}
43424168-e44e-473a-bf12-dba8a4a4453a 2016-12-13 11:24:48.876390637 2620243 [56297.465712]   963  1914 D ThermaPlan->Batch: {"func":"Batch->add()","batch":{"what":"BATCH","start":315360113203,"end":551880056972,"flags":0,"flagsBinary":"0","oldStart":315360094195,"oldEnd":551880056972}}
43424168-e44e-473a-bf12-dba8a4a4453a 2016-12-13 11:24:48.876390637 2620244 [56297.465897]   963  1914 D ThermaPlan->Batch: {"func":"Batch->add()","batch":{"what":"BATCH","start":315399259724,"end":551880056972,"flags":0,"flagsBinary":"0","oldStart":315360113203,"oldEnd":551880056972}}
43424168-e44e-473a-bf12-dba8a4a4453a 2016-12-13 11:24:48.876390637 2620245 [56297.466096]   963  1914 D ThermaPlan->Batch: {"func":"Batch->add()","batch":{"what":"BATCH","start":315399259747,"end":551880056972,"flags":0,"flagsBinary":"0","oldStart":315399259724,"oldEnd":551880056972}}
43424168-e44e-473a-bf12-dba8a4a4453a 2016-12-13 11:24:48.876390637 2620246 [56297.466286]   963  1914 D ThermaPlan->Batch: {"func":"Batch->add()","batch":{"what":"BATCH","start":315572926898,"end":551880056972,"flags":0,"flagsBinary":"0","oldStart":315399259747,"oldEnd":551880056972}}
43424168-e44e-473a-bf12-dba8a4a4453a 2016-12-13 11:24:48.886390637 2620247 [56297.478522]   963  2381 D ThermaPlan->AlarmManagerService: {"func":"AlarmManagerService->mService->set","pid":27410,"uid":10097,"flagsBinary":"1","flags":1,"type":2,"triggerAtTime":216229041,"nowELAPSED":213579625,"rtc":1481646288898,"windowLength":0,"interval":0,"creatorPkg":"com.facebook.katana","targetPkg":"com.facebook.katana"}
43424168-e44e-473a-bf12-dba8a4a4453a 2016-12-13 11:24:48.906390637 2620248 [56297.489719]   388   388 D Kernel-Trace:     kworker/2:2H-10277 [002] ...1 56297.394738: cpu_frequency: state=300000 cpu_id=2
43424168-e44e-473a-bf12-dba8a4a4453a 2016-12-13 11:24:48.906390637 2620249 [56297.489757]   388   388 D Kernel-Trace:     kworker/3:2H-12900 [003] ...1 56297.404146: cpu_frequency: state=422400 cpu_id=3
43424168-e44e-473a-bf12-dba8a4a4453a 2016-12-13 11:24:48.906390637 2620250 [56297.489769]   388   388 D Kernel-Trace:     kworker/3:2H-12900 [003] ...1 56297.420370: cpu_frequency: state=1497600 cpu_id=3
43424168-e44e-473a-bf12-dba8a4a4453a 2016-12-13 11:24:48.906390637 2620251 [56297.489780]   388   388 D Kernel-Trace:      kworker/0:4-27226 [000] ...1 56297.449352: thermal_temp: sensor_id=5 temp=43
43424168-e44e-473a-bf12-dba8a4a4453a 2016-12-13 11:24:48.906390637 2620252 [56297.489791]   388   388 D Kernel-Trace:     kworker/3:2H-12900 [003] ...1 56297.460516: cpu_frequency: state=729600 cpu_id=3
43424168-e44e-473a-bf12-dba8a4a4453a 2016-12-13 11:24:48.926390637 2620253 [56297.515395]   963  1893 D ThermaPlan->Batch: {"func":"Batch->add()","batch":{"what":"BATCH","start":213700771,"end":213730771,"flags":0,"flagsBinary":"0","oldStart":213650727,"oldEnd":213740727}}
43424168-e44e-473a-bf12-dba8a4a4453a 2016-12-13 11:24:48.926390637 2620254 [56297.515591]   963  1893 D ThermaPlan->Batch: {"func":"Batch->add()","batch":{"what":"BATCH","start":213711754,"end":213730771,"flags":8,"flagsBinary":"1000","oldStart":213700771,"oldEnd":213730771}}
43424168-e44e-473a-bf12-dba8a4a4453a 2016-12-13 11:24:48.926390637 2620255 [56297.516538]   963  1893 D ThermaPlan->Batch: {"func":"Batch->add()","batch":{"what":"BATCH","start":214276095,"end":214951095,"flags":8,"flagsBinary":"1000","oldStart":214251322,"oldEnd":215601322}}
43424168-e44e-473a-bf12-dba8a4a4453a 2016-12-13 11:24:48.926390637 2620256 [56297.516729]   963  1893 D ThermaPlan->Batch: {"func":"Batch->add()","batch":{"what":"BATCH","start":214278171,"end":214951095,"flags":8,"flagsBinary":"1000","oldStart":214276095,"oldEnd":214951095}}
43424168-e44e-473a-bf12-dba8a4a4453a 2016-12-13 11:24:48.926390637 2620257 [56297.516926]   963  1893 D ThermaPlan->Batch: {"func":"Batch->add()","batch":{"what":"BATCH","start":214278914,"end":214951095,"flags":8,"flagsBinary":"1000","oldStart":214278171,"oldEnd":214951095}}
43424168-e44e-473a-bf12-dba8a4a4453a 2016-12-13 11:24:48.926390637 2620258 [56297.517111]   963  1893 D ThermaPlan->Batch: {"func":"Batch->add()","batch":{"what":"BATCH","start":214278988,"end":214951095,"flags":8,"flagsBinary":"1000","oldStart":214278914,"oldEnd":214951095}}
43424168-e44e-473a-bf12-dba8a4a4453a 2016-12-13 11:24:48.926390637 2620259 [56297.517299]   963  1893 D ThermaPlan->Batch: {"func":"Batch->add()","batch":{"what":"BATCH","start":214281415,"end":214951095,"flags":8,"flagsBinary":"1000","oldStart":214278988,"oldEnd":214951095}}
43424168-e44e-473a-bf12-dba8a4a4453a 2016-12-13 11:24:48.926390637 2620260 [56297.517488]   963  1893 D ThermaPlan->Batch: {"func":"Batch->add()","batch":{"what":"BATCH","start":214281680,"end":214951095,"flags":8,"flagsBinary":"1000","oldStart":214281415,"oldEnd":214951095}}
43424168-e44e-473a-bf12-dba8a4a4453a 2016-12-13 11:24:48.926390637 2620261 [56297.517693]   963  1893 D ThermaPlan->Batch: {"func":"Batch->add()","batch":{"what":"BATCH","start":214282094,"end":214951095,"flags":8,"flagsBinary":"1000","oldStart":214281680,"oldEnd":214951095}}
43424168-e44e-473a-bf12-dba8a4a4453a 2016-12-13 11:24:48.926390637 2620262 [56297.517899]   963  1893 D ThermaPlan->Batch: {"func":"Batch->add()","batch":{"what":"BATCH","start":214282211,"end":214951095,"flags":8,"flagsBinary":"1000","oldStart":214282094,"oldEnd":214951095}}
43424168-e44e-473a-bf12-dba8a4a4453a 2016-12-13 11:24:48.926390637 2620263 [56297.518083]   963  1893 D ThermaPlan->Batch: {"func":"Batch->add()","batch":{"what":"BATCH","start":214282485,"end":214951095,"flags":8,"flagsBinary":"1000","oldStart":214282211,"oldEnd":214951095}}
43424168-e44e-473a-bf12-dba8a4a4453a 2016-12-13 11:24:48.926390637 2620264 [56297.518260]   963  1893 D ThermaPlan->Batch: {"func":"Batch->add()","batch":{"what":"BATCH","start":214294563,"end":214951095,"flags":8,"flagsBinary":"1000","oldStart":214282485,"oldEnd":214951095}}
43424168-e44e-473a-bf12-dba8a4a4453a 2016-12-13 11:24:48.926390637 2620265 [56297.518474]   963  1893 D ThermaPlan->Batch: {"func":"Batch->add()","batch":{"what":"BATCH","start":214733822,"end":214951095,"flags":8,"flagsBinary":"1000","oldStart":214294563,"oldEnd":214951095}}
43424168-e44e-473a-bf12-dba8a4a4453a 2016-12-13 11:24:48.926390637 2620266 [56297.518670]   963  1893 D ThermaPlan->Batch: {"func":"Batch->add()","batch":{"what":"BATCH","start":214750705,"end":214951095,"flags":8,"flagsBinary":"1000","oldStart":214733822,"oldEnd":214951095}}
43424168-e44e-473a-bf12-dba8a4a4453a 2016-12-13 11:24:48.936390637 2620267 [56297.520026]   963  1893 D ThermaPlan->Batch: {"func":"Batch->add()","batch":{"what":"BATCH","start":215759161,"end":219062073,"flags":8,"flagsBinary":"1000","oldStart":215226149,"oldEnd":219062073}}
43424168-e44e-473a-bf12-dba8a4a4453a 2016-12-13 11:24:48.936390637 2620268 [56297.520229]   963  1893 D ThermaPlan->Batch: {"func":"Batch->add()","batch":{"what":"BATCH","start":216082518,"end":218782518,"flags":8,"flagsBinary":"1000","oldStart":215759161,"oldEnd":219062073}}
43424168-e44e-473a-bf12-dba8a4a4453a 2016-12-13 11:24:48.936390637 2620269 [56297.520412]   963  1893 D ThermaPlan->Batch: {"func":"Batch->add()","batch":{"what":"BATCH","start":216144078,"end":218782518,"flags":8,"flagsBinary":"1000","oldStart":216082518,"oldEnd":218782518}}
43424168-e44e-473a-bf12-dba8a4a4453a 2016-12-13 11:24:48.936390637 2620270 [56297.520587]   963  1893 D ThermaPlan->Batch: {"func":"Batch->add()","batch":{"what":"BATCH","start":216526830,"end":218782518,"flags":8,"flagsBinary":"1000","oldStart":216144078,"oldEnd":218782518}}
43424168-e44e-473a-bf12-dba8a4a4453a 2016-12-13 11:24:48.936390637 2620271 [56297.520775]   963  1893 D ThermaPlan->Batch: {"func":"Batch->add()","batch":{"what":"BATCH","start":217737182,"end":218037182,"flags":8,"flagsBinary":"1000","oldStart":216526830,"oldEnd":218782518}}
43424168-e44e-473a-bf12-dba8a4a4453a 2016-12-13 11:24:48.936390637 2620272 [56297.521116]   963  1893 D ThermaPlan->Batch: {"func":"Batch->add()","batch":{"what":"BATCH","start":220150599,"end":224060131,"flags":0,"flagsBinary":"0","oldStart":219290727,"oldEnd":224060131}}
43424168-e44e-473a-bf12-dba8a4a4453a 2016-12-13 11:24:48.936390637 2620273 [56297.521315]   963  1893 D ThermaPlan->Batch: {"func":"Batch->add()","batch":{"what":"BATCH","start":220380550,"end":224060131,"flags":0,"flagsBinary":"0","oldStart":220150599,"oldEnd":224060131}}
43424168-e44e-473a-bf12-dba8a4a4453a 2016-12-13 11:24:48.936390637 2620274 [56297.521732]   963  1893 D ThermaPlan->Batch: {"func":"Batch->add()","batch":{"what":"BATCH","start":228290727,"end":239324426,"flags":0,"flagsBinary":"0","oldStart":224222675,"oldEnd":240422670}}
43424168-e44e-473a-bf12-dba8a4a4453a 2016-12-13 11:24:48.936390637 2620275 [56297.521919]   963  1893 D ThermaPlan->Batch: {"func":"Batch->add()","batch":{"what":"BATCH","start":230499939,"end":239324426,"flags":0,"flagsBinary":"0","oldStart":228290727,"oldEnd":239324426}}
43424168-e44e-473a-bf12-dba8a4a4453a 2016-12-13 11:24:48.936390637 2620276 [56297.522101]   963  1893 D ThermaPlan->Batch: {"func":"Batch->add()","batch":{"what":"BATCH","start":231188198,"end":239324426,"flags":0,"flagsBinary":"0","oldStart":230499939,"oldEnd":239324426}}
43424168-e44e-473a-bf12-dba8a4a4453a 2016-12-13 11:24:48.936390637 2620277 [56297.522302]   963  1893 D ThermaPlan->Batch: {"func":"Batch->add()","batch":{"what":"BATCH","start":231548284,"end":239324426,"flags":0,"flagsBinary":"0","oldStart":231188198,"oldEnd":239324426}}
43424168-e44e-473a-bf12-dba8a4a4453a 2016-12-13 11:24:48.936390637 2620278 [56297.523413]   963  1893 D ThermaPlan->Batch: {"func":"Batch->add()","batch":{"what":"BATCH","start":248330836,"end":285305189,"flags":8,"flagsBinary":"1000","oldStart":240305189,"oldEnd":285305189}}
43424168-e44e-473a-bf12-dba8a4a4453a 2016-12-13 11:24:48.936390637 2620279 [56297.523613]   963  1893 D ThermaPlan->Batch: {"func":"Batch->add()","batch":{"what":"BATCH","start":249541608,"end":282059671,"flags":8,"flagsBinary":"1000","oldStart":248330836,"oldEnd":285305189}}
43424168-e44e-473a-bf12-dba8a4a4453a 2016-12-13 11:24:48.936390637 2620280 [56297.523795]   963  1893 D ThermaPlan->Batch: {"func":"Batch->add()","batch":{"what":"BATCH","start":249641515,"end":280795765,"flags":8,"flagsBinary":"1000","oldStart":249541608,"oldEnd":282059671}}
43424168-e44e-473a-bf12-dba8a4a4453a 2016-12-13 11:24:48.936390637 2620281 [56297.524003]   963  1893 D ThermaPlan->Batch: {"func":"Batch->add()","batch":{"what":"BATCH","start":258890727,"end":280795765,"flags":8,"flagsBinary":"1000","oldStart":249641515,"oldEnd":280795765}}
43424168-e44e-473a-bf12-dba8a4a4453a 2016-12-13 11:24:48.936390637 2620282 [56297.524209]   963  1893 D ThermaPlan->Batch: {"func":"Batch->add()","batch":{"what":"BATCH","start":259200000,"end":280795765,"flags":8,"flagsBinary":"1000","oldStart":258890727,"oldEnd":280795765}}
43424168-e44e-473a-bf12-dba8a4a4453a 2016-12-13 11:24:48.936390637 2620283 [56297.524427]   963  1893 D ThermaPlan->Batch: {"func":"Batch->add()","batch":{"what":"BATCH","start":259252542,"end":280795765,"flags":8,"flagsBinary":"1000","oldStart":259200000,"oldEnd":280795765}}
43424168-e44e-473a-bf12-dba8a4a4453a 2016-12-13 11:24:48.936390637 2620284 [56297.524625]   963  1893 D ThermaPlan->Batch: {"func":"Batch->add()","batch":{"what":"BATCH","start":259281310,"end":280795765,"flags":8,"flagsBinary":"1000","oldStart":259252542,"oldEnd":280795765}}
43424168-e44e-473a-bf12-dba8a4a4453a 2016-12-13 11:24:48.936390637 2620285 [56297.524826]   963  1893 D ThermaPlan->Batch: {"func":"Batch->add()","batch":{"what":"BATCH","start":259345161,"end":280795765,"flags":8,"flagsBinary":"1000","oldStart":259281310,"oldEnd":280795765}}
43424168-e44e-473a-bf12-dba8a4a4453a 2016-12-13 11:24:48.936390637 2620286 [56297.525031]   963  1893 D ThermaPlan->Batch: {"func":"Batch->add()","batch":{"what":"BATCH","start":259786617,"end":280795765,"flags":8,"flagsBinary":"1000","oldStart":259345161,"oldEnd":280795765}}
43424168-e44e-473a-bf12-dba8a4a4453a 2016-12-13 11:24:48.936390637 2620287 [56297.525207]   963  1893 D ThermaPlan->Batch: {"func":"Batch->add()","batch":{"what":"BATCH","start":261333689,"end":280795765,"flags":8,"flagsBinary":"1000","oldStart":259786617,"oldEnd":280795765}}
43424168-e44e-473a-bf12-dba8a4a4453a 2016-12-13 11:24:48.936390637 2620288 [56297.525408]   963  1893 D ThermaPlan->Batch: {"func":"Batch->add()","batch":{"what":"BATCH","start":270989138,"end":280795765,"flags":8,"flagsBinary":"1000","oldStart":261333689,"oldEnd":280795765}}
43424168-e44e-473a-bf12-dba8a4a4453a 2016-12-13 11:24:48.936390637 2620289 [56297.527609]   963  1893 D ThermaPlan->Batch: {"func":"Batch->add()","batch":{"what":"BATCH","start":292490680,"end":331748773,"flags":0,"flagsBinary":"0","oldStart":280825099,"oldEnd":331748773}}
43424168-e44e-473a-bf12-dba8a4a4453a 2016-12-13 11:24:48.936390637 2620290 [56297.527820]   963  1893 D ThermaPlan->Batch: {"func":"Batch->add()","batch":{"what":"BATCH","start":296563796,"end":331748773,"flags":0,"flagsBinary":"0","oldStart":292490680,"oldEnd":331748773}}
43424168-e44e-473a-bf12-dba8a4a4453a 2016-12-13 11:24:48.936390637 2620291 [56297.528006]   963  1893 D ThermaPlan->Batch: {"func":"Batch->add()","batch":{"what":"BATCH","start":299979531,"end":331748773,"flags":8,"flagsBinary":"1000","oldStart":296563796,"oldEnd":331748773}}
43424168-e44e-473a-bf12-dba8a4a4453a 2016-12-13 11:24:48.936390637 2620292 [56297.528321]   963  1893 D ThermaPlan->Batch: {"func":"Batch->add()","batch":{"what":"BATCH","start":605813325,"end":1058493260,"flags":0,"flagsBinary":"0","oldStart":604893262,"oldEnd":1058493260}}
43424168-e44e-473a-bf12-dba8a4a4453a 2016-12-13 11:24:48.936390637 2620293 [56297.528532]   963  1893 D ThermaPlan->Batch: {"func":"Batch->add()","batch":{"what":"BATCH","start":624143935,"end":992076404,"flags":0,"flagsBinary":"0","oldStart":605813325,"oldEnd":1058493260}}
43424168-e44e-473a-bf12-dba8a4a4453a 2016-12-13 11:24:48.936390637 2620294 [56297.528749]   963  1893 D ThermaPlan->Batch: {"func":"Batch->add()","batch":{"what":"BATCH","start":694490727,"end":992076404,"flags":0,"flagsBinary":"0","oldStart":624143935,"oldEnd":992076404}}
43424168-e44e-473a-bf12-dba8a4a4453a 2016-12-13 11:24:48.936390637 2620295 [56297.529090]   963  1893 D ThermaPlan->Batch: {"func":"Batch->add()","batch":{"what":"BATCH","start":701674709,"end":992076404,"flags":0,"flagsBinary":"0","oldStart":694490727,"oldEnd":992076404}}
43424168-e44e-473a-bf12-dba8a4a4453a 2016-12-13 11:24:48.946390637 2620296 [56297.529565]   963  1893 D ThermaPlan->Batch: {"func":"Batch->add()","batch":{"what":"BATCH","start":315360057206,"end":551880056972,"flags":0,"flagsBinary":"0","oldStart":315360056973,"oldEnd":551880056972}}
43424168-e44e-473a-bf12-dba8a4a4453a 2016-12-13 11:24:48.946390637 2620297 [56297.529777]   963  1893 D ThermaPlan->Batch: {"func":"Batch->add()","batch":{"what":"BATCH","start":315360057236,"end":551880056972,"flags":0,"flagsBinary":"0","oldStart":315360057206,"oldEnd":551880056972}}
43424168-e44e-473a-bf12-dba8a4a4453a 2016-12-13 11:24:48.946390637 2620298 [56297.529975]   963  1893 D ThermaPlan->Batch: {"func":"Batch->add()","batch":{"what":"BATCH","start":315360057240,"end":551880056972,"flags":0,"flagsBinary":"0","oldStart":315360057236,"oldEnd":551880056972}}
43424168-e44e-473a-bf12-dba8a4a4453a 2016-12-13 11:24:48.946390637 2620299 [56297.530185]   963  1893 D ThermaPlan->Batch: {"func":"Batch->add()","batch":{"what":"BATCH","start":315360057254,"end":551880056972,"flags":0,"flagsBinary":"0","oldStart":315360057240,"oldEnd":551880056972}}
43424168-e44e-473a-bf12-dba8a4a4453a 2016-12-13 11:24:48.946390637 2620300 [56297.530380]   963  1893 D ThermaPlan->Batch: {"func":"Batch->add()","batch":{"what":"BATCH","start":315360057257,"end":551880056972,"flags":0,"flagsBinary":"0","oldStart":315360057254,"oldEnd":551880056972}}
43424168-e44e-473a-bf12-dba8a4a4453a 2016-12-13 11:24:48.946390637 2620301 [56297.530600]   963  1893 D ThermaPlan->Batch: {"func":"Batch->add()","batch":{"what":"BATCH","start":315360057259,"end":551880056972,"flags":0,"flagsBinary":"0","oldStart":315360057257,"oldEnd":551880056972}}
43424168-e44e-473a-bf12-dba8a4a4453a 2016-12-13 11:24:48.946390637 2620302 [56297.530808]   963  1893 D ThermaPlan->Batch: {"func":"Batch->add()","batch":{"what":"BATCH","start":315360094195,"end":551880056972,"flags":0,"flagsBinary":"0","oldStart":315360057259,"oldEnd":551880056972}}
43424168-e44e-473a-bf12-dba8a4a4453a 2016-12-13 11:24:48.946390637 2620303 [56297.531009]   963  1893 D ThermaPlan->Batch: {"func":"Batch->add()","batch":{"what":"BATCH","start":315360113203,"end":551880056972,"flags":0,"flagsBinary":"0","oldStart":315360094195,"oldEnd":551880056972}}
43424168-e44e-473a-bf12-dba8a4a4453a 2016-12-13 11:24:48.946390637 2620304 [56297.531208]   963  1893 D ThermaPlan->Batch: {"func":"Batch->add()","batch":{"what":"BATCH","start":315399259724,"end":551880056972,"flags":0,"flagsBinary":"0","oldStart":315360113203,"oldEnd":551880056972}}
43424168-e44e-473a-bf12-dba8a4a4453a 2016-12-13 11:24:48.946390637 2620305 [56297.531422]   963  1893 D ThermaPlan->Batch: {"func":"Batch->add()","batch":{"what":"BATCH","start":315399259747,"end":551880056972,"flags":0,"flagsBinary":"0","oldStart":315399259724,"oldEnd":551880056972}}
43424168-e44e-473a-bf12-dba8a4a4453a 2016-12-13 11:24:48.946390637 2620306 [56297.531626]   963  1893 D ThermaPlan->Batch: {"func":"Batch->add()","batch":{"what":"BATCH","start":315572926898,"end":551880056972,"flags":0,"flagsBinary":"0","oldStart":315399259747,"oldEnd":551880056972}}
43424168-e44e-473a-bf12-dba8a4a4453a 2016-12-13 11:24:48.966390637 2620307 [56297.550790]  1821  2743 W ContentTaskController: Invalid task was provided to stopTracking.
43424168-e44e-473a-bf12-dba8a4a4453a 2016-12-13 11:24:49.6390637 2620308 [56297.589915]   388   388 D Kernel-Trace:     kworker/3:2H-12900 [003] ...1 56297.502063: cpu_frequency: state=300000 cpu_id=3
43424168-e44e-473a-bf12-dba8a4a4453a 2016-12-13 11:24:49.36390637 2620309 [56297.624833]   963  1893 D ThermaPlan->AlarmManagerService: {"func":"AlarmManagerService->mService->set","pid":1821,"uid":10014,"flagsBinary":"0","flags":0,"type":2,"triggerAtTime":213741687,"nowELAPSED":213579772,"rtc":1481646289045,"windowLength":-1,"interval":0,"creatorPkg":"com.google.android.gms","targetPkg":"com.google.android.gms"}
43424168-e44e-473a-bf12-dba8a4a4453a 2016-12-13 11:24:49.36390637 2620310 [56297.625248]   963  1893 D ThermaPlan->Batch: {"func":"Batch->add()","batch":{"what":"BATCH","start":213831840,"end":213863123,"flags":0,"flagsBinary":"0","oldStart":213831840,"oldEnd":213869340}}
43424168-e44e-473a-bf12-dba8a4a4453a 2016-12-13 11:24:49.56390637 2620311 [56297.644980]  1821  2743 W ContentTaskController: Invalid newTask was provided to startTracking.
43424168-e44e-473a-bf12-dba8a4a4453a 2016-12-13 11:24:49.76390637 2620312 [56297.665699]   963  1896 D ThermaPlan->AlarmManagerService: {"func":"AlarmManagerService->mService->set","pid":1821,"uid":10014,"flagsBinary":"0","flags":0,"type":2,"triggerAtTime":213741687,"nowELAPSED":213579813,"rtc":1481646289085,"windowLength":-1,"interval":0,"creatorPkg":"com.google.android.gms","targetPkg":"com.google.android.gms"}
43424168-e44e-473a-bf12-dba8a4a4453a 2016-12-13 11:24:49.76390637 2620313 [56297.667705]   963  1896 D ThermaPlan->Batch: {"func":"Batch->add()","batch":{"what":"BATCH","start":213700771,"end":213730771,"flags":0,"flagsBinary":"0","oldStart":213650728,"oldEnd":213740728}}
43424168-e44e-473a-bf12-dba8a4a4453a 2016-12-13 11:24:49.76390637 2620314 [56297.667974]   963  1896 D ThermaPlan->Batch: {"func":"Batch->add()","batch":{"what":"BATCH","start":213711754,"end":213730771,"flags":8,"flagsBinary":"1000","oldStart":213700771,"oldEnd":213730771}}
43424168-e44e-473a-bf12-dba8a4a4453a 2016-12-13 11:24:49.86390637 2620315 [56297.669448]   963  1896 D ThermaPlan->Batch: {"func":"Batch->add()","batch":{"what":"BATCH","start":214276095,"end":214951095,"flags":8,"flagsBinary":"1000","oldStart":214251322,"oldEnd":215601322}}
43424168-e44e-473a-bf12-dba8a4a4453a 2016-12-13 11:24:49.86390637 2620316 [56297.669732]   963  1896 D ThermaPlan->Batch: {"func":"Batch->add()","batch":{"what":"BATCH","start":214278171,"end":214951095,"flags":8,"flagsBinary":"1000","oldStart":214276095,"oldEnd":214951095}}
43424168-e44e-473a-bf12-dba8a4a4453a 2016-12-13 11:24:49.86390637 2620317 [56297.670013]   963  1896 D ThermaPlan->Batch: {"func":"Batch->add()","batch":{"what":"BATCH","start":214278914,"end":214951095,"flags":8,"flagsBinary":"1000","oldStart":214278171,"oldEnd":214951095}}
43424168-e44e-473a-bf12-dba8a4a4453a 2016-12-13 11:24:49.86390637 2620318 [56297.670300]   963  1896 D ThermaPlan->Batch: {"func":"Batch->add()","batch":{"what":"BATCH","start":214278988,"end":214951095,"flags":8,"flagsBinary":"1000","oldStart":214278914,"oldEnd":214951095}}
43424168-e44e-473a-bf12-dba8a4a4453a 2016-12-13 11:24:49.86390637 2620319 [56297.670585]   963  1896 D ThermaPlan->Batch: {"func":"Batch->add()","batch":{"what":"BATCH","start":214281415,"end":214951095,"flags":8,"flagsBinary":"1000","oldStart":214278988,"oldEnd":214951095}}
43424168-e44e-473a-bf12-dba8a4a4453a 2016-12-13 11:24:49.86390637 2620320 [56297.670870]   963  1896 D ThermaPlan->Batch: {"func":"Batch->add()","batch":{"what":"BATCH","start":214281680,"end":214951095,"flags":8,"flagsBinary":"1000","oldStart":214281415,"oldEnd":214951095}}
43424168-e44e-473a-bf12-dba8a4a4453a 2016-12-13 11:24:49.86390637 2620321 [56297.671173]   963  1896 D ThermaPlan->Batch: {"func":"Batch->add()","batch":{"what":"BATCH","start":214282094,"end":214951095,"flags":8,"flagsBinary":"1000","oldStart":214281680,"oldEnd":214951095}}
43424168-e44e-473a-bf12-dba8a4a4453a 2016-12-13 11:24:49.86390637 2620322 [56297.671460]   963  1896 D ThermaPlan->Batch: {"func":"Batch->add()","batch":{"what":"BATCH","start":214282211,"end":214951095,"flags":8,"flagsBinary":"1000","oldStart":214282094,"oldEnd":214951095}}
43424168-e44e-473a-bf12-dba8a4a4453a 2016-12-13 11:24:49.86390637 2620323 [56297.671729]   963  1896 D ThermaPlan->Batch: {"func":"Batch->add()","batch":{"what":"BATCH","start":214282485,"end":214951095,"flags":8,"flagsBinary":"1000","oldStart":214282211,"oldEnd":214951095}}
43424168-e44e-473a-bf12-dba8a4a4453a 2016-12-13 11:24:49.86390637 2620324 [56297.672013]   963  1896 D ThermaPlan->Batch: {"func":"Batch->add()","batch":{"what":"BATCH","start":214294563,"end":214951095,"flags":8,"flagsBinary":"1000","oldStart":214282485,"oldEnd":214951095}}
43424168-e44e-473a-bf12-dba8a4a4453a 2016-12-13 11:24:49.86390637 2620325 [56297.672311]   963  1896 D ThermaPlan->Batch: {"func":"Batch->add()","batch":{"what":"BATCH","start":214733822,"end":214951095,"flags":8,"flagsBinary":"1000","oldStart":214294563,"oldEnd":214951095}}
43424168-e44e-473a-bf12-dba8a4a4453a 2016-12-13 11:24:49.86390637 2620326 [56297.672609]   963  1896 D ThermaPlan->Batch: {"func":"Batch->add()","batch":{"what":"BATCH","start":214750706,"end":214951095,"flags":8,"flagsBinary":"1000","oldStart":214733822,"oldEnd":214951095}}
43424168-e44e-473a-bf12-dba8a4a4453a 2016-12-13 11:24:49.86390637 2620327 [56297.674487]   963  1896 D ThermaPlan->Batch: {"func":"Batch->add()","batch":{"what":"BATCH","start":215759161,"end":219062073,"flags":8,"flagsBinary":"1000","oldStart":215226149,"oldEnd":219062073}}
43424168-e44e-473a-bf12-dba8a4a4453a 2016-12-13 11:24:49.86390637 2620328 [56297.674784]   963  1896 D ThermaPlan->Batch: {"func":"Batch->add()","batch":{"what":"BATCH","start":216082518,"end":218782518,"flags":8,"flagsBinary":"1000","oldStart":215759161,"oldEnd":219062073}}
43424168-e44e-473a-bf12-dba8a4a4453a 2016-12-13 11:24:49.86390637 2620329 [56297.675069]   963  1896 D ThermaPlan->Batch: {"func":"Batch->add()","batch":{"what":"BATCH","start":216144078,"end":218782518,"flags":8,"flagsBinary":"1000","oldStart":216082518,"oldEnd":218782518}}
43424168-e44e-473a-bf12-dba8a4a4453a 2016-12-13 11:24:49.86390637 2620330 [56297.675341]   963  1896 D ThermaPlan->Batch: {"func":"Batch->add()","batch":{"what":"BATCH","start":216526830,"end":218782518,"flags":8,"flagsBinary":"1000","oldStart":216144078,"oldEnd":218782518}}
43424168-e44e-473a-bf12-dba8a4a4453a 2016-12-13 11:24:49.86390637 2620331 [56297.675629]   963  1896 D ThermaPlan->Batch: {"func":"Batch->add()","batch":{"what":"BATCH","start":217737182,"end":218037182,"flags":8,"flagsBinary":"1000","oldStart":216526830,"oldEnd":218782518}}
43424168-e44e-473a-bf12-dba8a4a4453a 2016-12-13 11:24:49.86390637 2620332 [56297.676146]   963  1896 D ThermaPlan->Batch: {"func":"Batch->add()","batch":{"what":"BATCH","start":220150599,"end":224060131,"flags":0,"flagsBinary":"0","oldStart":219290727,"oldEnd":224060131}}
43424168-e44e-473a-bf12-dba8a4a4453a 2016-12-13 11:24:49.86390637 2620333 [56297.676420]   963  1896 D ThermaPlan->Batch: {"func":"Batch->add()","batch":{"what":"BATCH","start":220380550,"end":224060131,"flags":0,"flagsBinary":"0","oldStart":220150599,"oldEnd":224060131}}
43424168-e44e-473a-bf12-dba8a4a4453a 2016-12-13 11:24:49.86390637 2620334 [56297.677057]   963  1896 D ThermaPlan->Batch: {"func":"Batch->add()","batch":{"what":"BATCH","start":228290727,"end":239324426,"flags":0,"flagsBinary":"0","oldStart":224222674,"oldEnd":240422669}}
43424168-e44e-473a-bf12-dba8a4a4453a 2016-12-13 11:24:49.86390637 2620335 [56297.677334]   963  1896 D ThermaPlan->Batch: {"func":"Batch->add()","batch":{"what":"BATCH","start":230499939,"end":239324426,"flags":0,"flagsBinary":"0","oldStart":228290727,"oldEnd":239324426}}
43424168-e44e-473a-bf12-dba8a4a4453a 2016-12-13 11:24:49.86390637 2620336 [56297.677607]   963  1896 D ThermaPlan->Batch: {"func":"Batch->add()","batch":{"what":"BATCH","start":231188198,"end":239324426,"flags":0,"flagsBinary":"0","oldStart":230499939,"oldEnd":239324426}}
43424168-e44e-473a-bf12-dba8a4a4453a 2016-12-13 11:24:49.86390637 2620337 [56297.677899]   963  1896 D ThermaPlan->Batch: {"func":"Batch->add()","batch":{"what":"BATCH","start":231548284,"end":239324426,"flags":0,"flagsBinary":"0","oldStart":231188198,"oldEnd":239324426}}
43424168-e44e-473a-bf12-dba8a4a4453a 2016-12-13 11:24:49.96390637 2620338 [56297.679568]   963  1896 D ThermaPlan->Batch: {"func":"Batch->add()","batch":{"what":"BATCH","start":248330836,"end":285305189,"flags":8,"flagsBinary":"1000","oldStart":240305189,"oldEnd":285305189}}
43424168-e44e-473a-bf12-dba8a4a4453a 2016-12-13 11:24:49.96390637 2620339 [56297.679858]   963  1896 D ThermaPlan->Batch: {"func":"Batch->add()","batch":{"what":"BATCH","start":249541608,"end":282059671,"flags":8,"flagsBinary":"1000","oldStart":248330836,"oldEnd":285305189}}
43424168-e44e-473a-bf12-dba8a4a4453a 2016-12-13 11:24:49.96390637 2620340 [56297.680150]   963  1896 D ThermaPlan->Batch: {"func":"Batch->add()","batch":{"what":"BATCH","start":249641515,"end":280795765,"flags":8,"flagsBinary":"1000","oldStart":249541608,"oldEnd":282059671}}
43424168-e44e-473a-bf12-dba8a4a4453a 2016-12-13 11:24:49.96390637 2620341 [56297.680442]   963  1896 D ThermaPlan->Batch: {"func":"Batch->add()","batch":{"what":"BATCH","start":258890727,"end":280795765,"flags":8,"flagsBinary":"1000","oldStart":249641515,"oldEnd":280795765}}
43424168-e44e-473a-bf12-dba8a4a4453a 2016-12-13 11:24:49.96390637 2620342 [56297.680745]   963  1896 D ThermaPlan->Batch: {"func":"Batch->add()","batch":{"what":"BATCH","start":259200000,"end":280795765,"flags":8,"flagsBinary":"1000","oldStart":258890727,"oldEnd":280795765}}
43424168-e44e-473a-bf12-dba8a4a4453a 2016-12-13 11:24:49.96390637 2620343 [56297.681025]   963  1896 D ThermaPlan->Batch: {"func":"Batch->add()","batch":{"what":"BATCH","start":259252542,"end":280795765,"flags":8,"flagsBinary":"1000","oldStart":259200000,"oldEnd":280795765}}
43424168-e44e-473a-bf12-dba8a4a4453a 2016-12-13 11:24:49.96390637 2620344 [56297.681294]   963  1896 D ThermaPlan->Batch: {"func":"Batch->add()","batch":{"what":"BATCH","start":259281310,"end":280795765,"flags":8,"flagsBinary":"1000","oldStart":259252542,"oldEnd":280795765}}
43424168-e44e-473a-bf12-dba8a4a4453a 2016-12-13 11:24:49.96390637 2620345 [56297.681584]   963  1896 D ThermaPlan->Batch: {"func":"Batch->add()","batch":{"what":"BATCH","start":259345162,"end":280795765,"flags":8,"flagsBinary":"1000","oldStart":259281310,"oldEnd":280795765}}
43424168-e44e-473a-bf12-dba8a4a4453a 2016-12-13 11:24:49.96390637 2620346 [56297.681866]   963  1896 D ThermaPlan->Batch: {"func":"Batch->add()","batch":{"what":"BATCH","start":259786617,"end":280795765,"flags":8,"flagsBinary":"1000","oldStart":259345162,"oldEnd":280795765}}
43424168-e44e-473a-bf12-dba8a4a4453a 2016-12-13 11:24:49.96390637 2620347 [56297.682144]   963  1896 D ThermaPlan->Batch: {"func":"Batch->add()","batch":{"what":"BATCH","start":261333689,"end":280795765,"flags":8,"flagsBinary":"1000","oldStart":259786617,"oldEnd":280795765}}
43424168-e44e-473a-bf12-dba8a4a4453a 2016-12-13 11:24:49.96390637 2620348 [56297.682434]   963  1896 D ThermaPlan->Batch: {"func":"Batch->add()","batch":{"what":"BATCH","start":270989138,"end":280795765,"flags":8,"flagsBinary":"1000","oldStart":261333689,"oldEnd":280795765}}
43424168-e44e-473a-bf12-dba8a4a4453a 2016-12-13 11:24:49.96390637 2620349 [56297.685589]   963  1896 D ThermaPlan->Batch: {"func":"Batch->add()","batch":{"what":"BATCH","start":292490680,"end":331748773,"flags":0,"flagsBinary":"0","oldStart":280825099,"oldEnd":331748773}}
43424168-e44e-473a-bf12-dba8a4a4453a 2016-12-13 11:24:49.96390637 2620350 [56297.685880]   963  1896 D ThermaPlan->Batch: {"func":"Batch->add()","batch":{"what":"BATCH","start":296563796,"end":331748773,"flags":0,"flagsBinary":"0","oldStart":292490680,"oldEnd":331748773}}
43424168-e44e-473a-bf12-dba8a4a4453a 2016-12-13 11:24:49.96390637 2620351 [56297.686156]   963  1896 D ThermaPlan->Batch: {"func":"Batch->add()","batch":{"what":"BATCH","start":299979531,"end":331748773,"flags":8,"flagsBinary":"1000","oldStart":296563796,"oldEnd":331748773}}
43424168-e44e-473a-bf12-dba8a4a4453a 2016-12-13 11:24:49.96390637 2620352 [56297.686636]   963  1896 D ThermaPlan->Batch: {"func":"Batch->add()","batch":{"what":"BATCH","start":605813326,"end":1058493260,"flags":0,"flagsBinary":"0","oldStart":604893262,"oldEnd":1058493260}}
43424168-e44e-473a-bf12-dba8a4a4453a 2016-12-13 11:24:49.96390637 2620353 [56297.686967]   963  1896 D ThermaPlan->Batch: {"func":"Batch->add()","batch":{"what":"BATCH","start":624143935,"end":992076404,"flags":0,"flagsBinary":"0","oldStart":605813326,"oldEnd":1058493260}}
43424168-e44e-473a-bf12-dba8a4a4453a 2016-12-13 11:24:49.96390637 2620354 [56297.687246]   963  1896 D ThermaPlan->Batch: {"func":"Batch->add()","batch":{"what":"BATCH","start":694490727,"end":992076404,"flags":0,"flagsBinary":"0","oldStart":624143935,"oldEnd":992076404}}
43424168-e44e-473a-bf12-dba8a4a4453a 2016-12-13 11:24:49.96390637 2620355 [56297.687530]   963  1896 D ThermaPlan->Batch: {"func":"Batch->add()","batch":{"what":"BATCH","start":694490728,"end":992076404,"flags":0,"flagsBinary":"0","oldStart":694490727,"oldEnd":992076404}}
43424168-e44e-473a-bf12-dba8a4a4453a 2016-12-13 11:24:49.96390637 2620356 [56297.687807]   963  1896 D ThermaPlan->Batch: {"func":"Batch->add()","batch":{"what":"BATCH","start":701674709,"end":992076404,"flags":0,"flagsBinary":"0","oldStart":694490728,"oldEnd":992076404}}
43424168-e44e-473a-bf12-dba8a4a4453a 2016-12-13 11:24:49.96390637 2620357 [56297.688447]   963  1896 D ThermaPlan->Batch: {"func":"Batch->add()","batch":{"what":"BATCH","start":315360057206,"end":551880056972,"flags":0,"flagsBinary":"0","oldStart":315360056973,"oldEnd":551880056972}}
43424168-e44e-473a-bf12-dba8a4a4453a 2016-12-13 11:24:49.96390637 2620358 [56297.688727]   963  1896 D ThermaPlan->Batch: {"func":"Batch->add()","batch":{"what":"BATCH","start":315360057236,"end":551880056972,"flags":0,"flagsBinary":"0","oldStart":315360057206,"oldEnd":551880056972}}
43424168-e44e-473a-bf12-dba8a4a4453a 2016-12-13 11:24:49.96390637 2620359 [56297.689013]   963  1896 D ThermaPlan->Batch: {"func":"Batch->add()","batch":{"what":"BATCH","start":315360057240,"end":551880056972,"flags":0,"flagsBinary":"0","oldStart":315360057236,"oldEnd":551880056972}}
43424168-e44e-473a-bf12-dba8a4a4453a 2016-12-13 11:24:49.106390637 2620360 [56297.689417]   963  1896 D ThermaPlan->Batch: {"func":"Batch->add()","batch":{"what":"BATCH","start":315360057254,"end":551880056972,"flags":0,"flagsBinary":"0","oldStart":315360057240,"oldEnd":551880056972}}
43424168-e44e-473a-bf12-dba8a4a4453a 2016-12-13 11:24:49.106390637 2620361 [56297.689738]   963  1896 D ThermaPlan->Batch: {"func":"Batch->add()","batch":{"what":"BATCH","start":315360057257,"end":551880056972,"flags":0,"flagsBinary":"0","oldStart":315360057254,"oldEnd":551880056972}}
43424168-e44e-473a-bf12-dba8a4a4453a 2016-12-13 11:24:49.106390637 2620362 [56297.689979]   388   388 D Kernel-Trace:     kworker/2:2H-10277 [002] ...1 56297.630045: cpu_frequency: state=1497600 cpu_id=2
43424168-e44e-473a-bf12-dba8a4a4453a 2016-12-13 11:24:49.106390637 2620363 [56297.690011]   388   388 D Kernel-Trace:     kworker/1:2H-12491 [001] ...1 56297.649774: cpu_frequency: state=1497600 cpu_id=1
43424168-e44e-473a-bf12-dba8a4a4453a 2016-12-13 11:24:49.106390637 2620364 [56297.690033]   963  1896 D ThermaPlan->Batch: {"func":"Batch->add()","batch":{"what":"BATCH","start":315360057259,"end":551880056972,"flags":0,"flagsBinary":"0","oldStart":315360057257,"oldEnd":551880056972}}
43424168-e44e-473a-bf12-dba8a4a4453a 2016-12-13 11:24:49.106390637 2620365 [56297.690323]   963  1896 D ThermaPlan->Batch: {"func":"Batch->add()","batch":{"what":"BATCH","start":315360094195,"end":551880056972,"flags":0,"flagsBinary":"0","oldStart":315360057259,"oldEnd":551880056972}}
43424168-e44e-473a-bf12-dba8a4a4453a 2016-12-13 11:24:49.106390637 2620366 [56297.690625]   963  1896 D ThermaPlan->Batch: {"func":"Batch->add()","batch":{"what":"BATCH","start":315360113203,"end":551880056972,"flags":0,"flagsBinary":"0","oldStart":315360094195,"oldEnd":551880056972}}
43424168-e44e-473a-bf12-dba8a4a4453a 2016-12-13 11:24:49.106390637 2620367 [56297.690911]   963  1896 D ThermaPlan->Batch: {"func":"Batch->add()","batch":{"what":"BATCH","start":315399259724,"end":551880056972,"flags":0,"flagsBinary":"0","oldStart":315360113203,"oldEnd":551880056972}}
43424168-e44e-473a-bf12-dba8a4a4453a 2016-12-13 11:24:49.106390637 2620368 [56297.691207]   963  1896 D ThermaPlan->Batch: {"func":"Batch->add()","batch":{"what":"BATCH","start":315399259747,"end":551880056972,"flags":0,"flagsBinary":"0","oldStart":315399259724,"oldEnd":551880056972}}
43424168-e44e-473a-bf12-dba8a4a4453a 2016-12-13 11:24:49.106390637 2620369 [56297.691507]   963  1896 D ThermaPlan->Batch: {"func":"Batch->add()","batch":{"what":"BATCH","start":315572926898,"end":551880056972,"flags":0,"flagsBinary":"0","oldStart":315399259747,"oldEnd":551880056972}}
43424168-e44e-473a-bf12-dba8a4a4453a 2016-12-13 11:24:49.106390637 2620370 [56297.693391]   963  1896 D ThermaPlan->Batch: {"func":"Batch->add()","batch":{"what":"BATCH","start":213831840,"end":213863092,"flags":0,"flagsBinary":"0","oldStart":213831840,"oldEnd":213869340}}
43424168-e44e-473a-bf12-dba8a4a4453a 2016-12-13 11:24:49.106390637 2620371 [56297.695444]   963  1357 D ThermaPlan->AlarmManagerService: {"func":"AlarmManagerService->deliverAlarmsLocked()","nowELAPSED":213579841,"rtc":1481646289114,"alarm":"{\"what\":\"ALARM\",\"type\":3,\"origWhen\":213573023,\"wakeup\":false,\"tag\":\"*alarm*:com.google.android.gms\\\/.lockbox.LockboxAlarmReceiver\",\"flags\":0,\"uid\":10014,\"count\":1,\"when\":213573023,\"windowLength\":44998,\"whenElapsed\":213573023,\"maxWhenElapsed\":213618021,\"repeatInterval\":0,\"pid\":1821,\"operation\":\"PendingIntent{7aec788: PendingIntentRecord{a320483 com.google.android.gms broadcastIntent}}\",\"creatorPkg\":\"com.google.android.gms\",\"targetPkg\":\"com.google.android.gms\"}"}
43424168-e44e-473a-bf12-dba8a4a4453a 2016-12-13 11:24:49.106390637 2620372 [56297.697845]   963  1357 D ThermaPlan->AlarmManagerService: {"func":"AlarmManagerService->deliverAlarmsLocked()","nowELAPSED":213579844,"rtc":1481646289117,"alarm":"{\"what\":\"ALARM\",\"type\":2,\"origWhen\":213579823,\"wakeup\":true,\"tag\":\"*walarm*:com.google.android.intent.action.GCM_RECONNECT\",\"flags\":5,\"uid\":10014,\"count\":1,\"when\":213579823,\"windowLength\":0,\"whenElapsed\":213579823,\"maxWhenElapsed\":213579823,\"repeatInterval\":0,\"pid\":1821,\"operation\":\"PendingIntent{7d88015: PendingIntentRecord{e20deca com.google.android.gms broadcastIntent}}\",\"creatorPkg\":\"com.google.android.gms\",\"targetPkg\":\"com.google.android.gms\"}"}
43424168-e44e-473a-bf12-dba8a4a4453a 2016-12-13 11:24:49.116390637 2620373 [56297.706153]   963  1892 D ThermaPlan->Batch: {"func":"Batch->add()","batch":{"what":"BATCH","start":213700771,"end":213730771,"flags":0,"flagsBinary":"0","oldStart":213650727,"oldEnd":213740727}}
43424168-e44e-473a-bf12-dba8a4a4453a 2016-12-13 11:24:49.116390637 2620374 [56297.707256]   963  1892 D ThermaPlan->Batch: {"func":"Batch->add()","batch":{"what":"BATCH","start":213711754,"end":213730771,"flags":8,"flagsBinary":"1000","oldStart":213700771,"oldEnd":213730771}}
43424168-e44e-473a-bf12-dba8a4a4453a 2016-12-13 11:24:49.126390637 2620375 [56297.713353]   963  1892 D ThermaPlan->Batch: {"func":"Batch->add()","batch":{"what":"BATCH","start":214276095,"end":214951095,"flags":8,"flagsBinary":"1000","oldStart":214251322,"oldEnd":215601322}}
43424168-e44e-473a-bf12-dba8a4a4453a 2016-12-13 11:24:49.126390637 2620376 [56297.714390]   963  1892 D ThermaPlan->Batch: {"func":"Batch->add()","batch":{"what":"BATCH","start":214278171,"end":214951095,"flags":8,"flagsBinary":"1000","oldStart":214276095,"oldEnd":214951095}}
43424168-e44e-473a-bf12-dba8a4a4453a 2016-12-13 11:24:49.126390637 2620377 [56297.715617]   963  1892 D ThermaPlan->Batch: {"func":"Batch->add()","batch":{"what":"BATCH","start":214278914,"end":214951095,"flags":8,"flagsBinary":"1000","oldStart":214278171,"oldEnd":214951095}}
43424168-e44e-473a-bf12-dba8a4a4453a 2016-12-13 11:24:49.126390637 2620378 [56297.716710]   963  1892 D ThermaPlan->Batch: {"func":"Batch->add()","batch":{"what":"BATCH","start":214278988,"end":214951095,"flags":8,"flagsBinary":"1000","oldStart":214278914,"oldEnd":214951095}}
43424168-e44e-473a-bf12-dba8a4a4453a 2016-12-13 11:24:49.126390637 2620379 [56297.717907]   963  1892 D ThermaPlan->Batch: {"func":"Batch->add()","batch":{"what":"BATCH","start":214281415,"end":214951095,"flags":8,"flagsBinary":"1000","oldStart":214278988,"oldEnd":214951095}}
43424168-e44e-473a-bf12-dba8a4a4453a 2016-12-13 11:24:49.126390637 2620380 [56297.719027]   963  1892 D ThermaPlan->Batch: {"func":"Batch->add()","batch":{"what":"BATCH","start":214281680,"end":214951095,"flags":8,"flagsBinary":"1000","oldStart":214281415,"oldEnd":214951095}}
43424168-e44e-473a-bf12-dba8a4a4453a 2016-12-13 11:24:49.136390637 2620381 [56297.720336]   963  1892 D ThermaPlan->Batch: {"func":"Batch->add()","batch":{"what":"BATCH","start":214282094,"end":214951095,"flags":8,"flagsBinary":"1000","oldStart":214281680,"oldEnd":214951095}}
43424168-e44e-473a-bf12-dba8a4a4453a 2016-12-13 11:24:49.136390637 2620382 [56297.721500]   963  1892 D ThermaPlan->Batch: {"func":"Batch->add()","batch":{"what":"BATCH","start":214282211,"end":214951095,"flags":8,"flagsBinary":"1000","oldStart":214282094,"oldEnd":214951095}}
43424168-e44e-473a-bf12-dba8a4a4453a 2016-12-13 11:24:49.136390637 2620383 [56297.722745]   963  1892 D ThermaPlan->Batch: {"func":"Batch->add()","batch":{"what":"BATCH","start":214282485,"end":214951095,"flags":8,"flagsBinary":"1000","oldStart":214282211,"oldEnd":214951095}}
43424168-e44e-473a-bf12-dba8a4a4453a 2016-12-13 11:24:49.136390637 2620384 [56297.723872]   963  1892 D ThermaPlan->Batch: {"func":"Batch->add()","batch":{"what":"BATCH","start":214294563,"end":214951095,"flags":8,"flagsBinary":"1000","oldStart":214282485,"oldEnd":214951095}}
43424168-e44e-473a-bf12-dba8a4a4453a 2016-12-13 11:24:49.136390637 2620385 [56297.725081]   963  1892 D ThermaPlan->Batch: {"func":"Batch->add()","batch":{"what":"BATCH","start":214733822,"end":214951095,"flags":8,"flagsBinary":"1000","oldStart":214294563,"oldEnd":214951095}}
43424168-e44e-473a-bf12-dba8a4a4453a 2016-12-13 11:24:49.136390637 2620386 [56297.726371]   963  1892 D ThermaPlan->Batch: {"func":"Batch->add()","batch":{"what":"BATCH","start":214750705,"end":214951095,"flags":8,"flagsBinary":"1000","oldStart":214733822,"oldEnd":214951095}}
43424168-e44e-473a-bf12-dba8a4a4453a 2016-12-13 11:24:49.146390637 2620387 [56297.731283]   963  1892 D ThermaPlan->Batch: {"func":"Batch->add()","batch":{"what":"BATCH","start":215759161,"end":219062073,"flags":8,"flagsBinary":"1000","oldStart":215226149,"oldEnd":219062073}}
43424168-e44e-473a-bf12-dba8a4a4453a 2016-12-13 11:24:49.146390637 2620388 [56297.731611]   963  1892 D ThermaPlan->Batch: {"func":"Batch->add()","batch":{"what":"BATCH","start":216082518,"end":218782518,"flags":8,"flagsBinary":"1000","oldStart":215759161,"oldEnd":219062073}}
43424168-e44e-473a-bf12-dba8a4a4453a 2016-12-13 11:24:49.146390637 2620389 [56297.731927]   963  1892 D ThermaPlan->Batch: {"func":"Batch->add()","batch":{"what":"BATCH","start":216144078,"end":218782518,"flags":8,"flagsBinary":"1000","oldStart":216082518,"oldEnd":218782518}}
43424168-e44e-473a-bf12-dba8a4a4453a 2016-12-13 11:24:49.146390637 2620390 [56297.732247]   963  1892 D ThermaPlan->Batch: {"func":"Batch->add()","batch":{"what":"BATCH","start":216526830,"end":218782518,"flags":8,"flagsBinary":"1000","oldStart":216144078,"oldEnd":218782518}}
43424168-e44e-473a-bf12-dba8a4a4453a 2016-12-13 11:24:49.146390637 2620391 [56297.732571]   963  1892 D ThermaPlan->Batch: {"func":"Batch->add()","batch":{"what":"BATCH","start":217737182,"end":218037182,"flags":8,"flagsBinary":"1000","oldStart":216526830,"oldEnd":218782518}}
43424168-e44e-473a-bf12-dba8a4a4453a 2016-12-13 11:24:49.146390637 2620392 [56297.733132]   963  1892 D ThermaPlan->Batch: {"func":"Batch->add()","batch":{"what":"BATCH","start":220150599,"end":224060131,"flags":0,"flagsBinary":"0","oldStart":219290727,"oldEnd":224060131}}
43424168-e44e-473a-bf12-dba8a4a4453a 2016-12-13 11:24:49.146390637 2620393 [56297.733487]   963  1892 D ThermaPlan->Batch: {"func":"Batch->add()","batch":{"what":"BATCH","start":220380550,"end":224060131,"flags":0,"flagsBinary":"0","oldStart":220150599,"oldEnd":224060131}}
43424168-e44e-473a-bf12-dba8a4a4453a 2016-12-13 11:24:49.146390637 2620394 [56297.734249]   963  1892 D ThermaPlan->Batch: {"func":"Batch->add()","batch":{"what":"BATCH","start":228290727,"end":239324426,"flags":0,"flagsBinary":"0","oldStart":224222674,"oldEnd":240422669}}
43424168-e44e-473a-bf12-dba8a4a4453a 2016-12-13 11:24:49.146390637 2620395 [56297.734568]   963  1892 D ThermaPlan->Batch: {"func":"Batch->add()","batch":{"what":"BATCH","start":230499939,"end":239324426,"flags":0,"flagsBinary":"0","oldStart":228290727,"oldEnd":239324426}}
43424168-e44e-473a-bf12-dba8a4a4453a 2016-12-13 11:24:49.146390637 2620396 [56297.734885]   963  1892 D ThermaPlan->Batch: {"func":"Batch->add()","batch":{"what":"BATCH","start":231188198,"end":239324426,"flags":0,"flagsBinary":"0","oldStart":230499939,"oldEnd":239324426}}
43424168-e44e-473a-bf12-dba8a4a4453a 2016-12-13 11:24:49.146390637 2620397 [56297.735237]   963  1892 D ThermaPlan->Batch: {"func":"Batch->add()","batch":{"what":"BATCH","start":231548284,"end":239324426,"flags":0,"flagsBinary":"0","oldStart":231188198,"oldEnd":239324426}}
43424168-e44e-473a-bf12-dba8a4a4453a 2016-12-13 11:24:49.146390637 2620398 [56297.737156]   963  1892 D ThermaPlan->Batch: {"func":"Batch->add()","batch":{"what":"BATCH","start":248330836,"end":285305189,"flags":8,"flagsBinary":"1000","oldStart":240305189,"oldEnd":285305189}}
43424168-e44e-473a-bf12-dba8a4a4453a 2016-12-13 11:24:49.146390637 2620399 [56297.737507]   963  1892 D ThermaPlan->Batch: {"func":"Batch->add()","batch":{"what":"BATCH","start":249541608,"end":282059671,"flags":8,"flagsBinary":"1000","oldStart":248330836,"oldEnd":285305189}}
43424168-e44e-473a-bf12-dba8a4a4453a 2016-12-13 11:24:49.146390637 2620400 [56297.737831]   963  1892 D ThermaPlan->Batch: {"func":"Batch->add()","batch":{"what":"BATCH","start":249641515,"end":280795765,"flags":8,"flagsBinary":"1000","oldStart":249541608,"oldEnd":282059671}}
43424168-e44e-473a-bf12-dba8a4a4453a 2016-12-13 11:24:49.146390637 2620401 [56297.738186]   963  1892 D ThermaPlan->Batch: {"func":"Batch->add()","batch":{"what":"BATCH","start":258890727,"end":280795765,"flags":8,"flagsBinary":"1000","oldStart":249641515,"oldEnd":280795765}}
43424168-e44e-473a-bf12-dba8a4a4453a 2016-12-13 11:24:49.146390637 2620402 [56297.738531]   963  1892 D ThermaPlan->Batch: {"func":"Batch->add()","batch":{"what":"BATCH","start":259200000,"end":280795765,"flags":8,"flagsBinary":"1000","oldStart":258890727,"oldEnd":280795765}}
43424168-e44e-473a-bf12-dba8a4a4453a 2016-12-13 11:24:49.146390637 2620403 [56297.738855]   963  1892 D ThermaPlan->Batch: {"func":"Batch->add()","batch":{"what":"BATCH","start":259252542,"end":280795765,"flags":8,"flagsBinary":"1000","oldStart":259200000,"oldEnd":280795765}}
43424168-e44e-473a-bf12-dba8a4a4453a 2016-12-13 11:24:49.146390637 2620404 [56297.739197]   963  1892 D ThermaPlan->Batch: {"func":"Batch->add()","batch":{"what":"BATCH","start":259281310,"end":280795765,"flags":8,"flagsBinary":"1000","oldStart":259252542,"oldEnd":280795765}}
43424168-e44e-473a-bf12-dba8a4a4453a 2016-12-13 11:24:49.156390637 2620405 [56297.739634]   963  1892 D ThermaPlan->Batch: {"func":"Batch->add()","batch":{"what":"BATCH","start":259345162,"end":280795765,"flags":8,"flagsBinary":"1000","oldStart":259281310,"oldEnd":280795765}}
43424168-e44e-473a-bf12-dba8a4a4453a 2016-12-13 11:24:49.156390637 2620406 [56297.740008]   963  1892 D ThermaPlan->Batch: {"func":"Batch->add()","batch":{"what":"BATCH","start":259786617,"end":280795765,"flags":8,"flagsBinary":"1000","oldStart":259345162,"oldEnd":280795765}}
43424168-e44e-473a-bf12-dba8a4a4453a 2016-12-13 11:24:49.156390637 2620407 [56297.740366]   963  1892 D ThermaPlan->Batch: {"func":"Batch->add()","batch":{"what":"BATCH","start":261333689,"end":280795765,"flags":8,"flagsBinary":"1000","oldStart":259786617,"oldEnd":280795765}}
43424168-e44e-473a-bf12-dba8a4a4453a 2016-12-13 11:24:49.156390637 2620408 [56297.740732]   963  1892 D ThermaPlan->Batch: {"func":"Batch->add()","batch":{"what":"BATCH","start":270989139,"end":280795765,"flags":8,"flagsBinary":"1000","oldStart":261333689,"oldEnd":280795765}}
43424168-e44e-473a-bf12-dba8a4a4453a 2016-12-13 11:24:49.156390637 2620409 [56297.743482]   963  1893 D ThermaPlan->AlarmManagerService: {"func":"AlarmManagerService->mService->set","pid":1821,"uid":10014,"flagsBinary":"0","flags":0,"type":3,"triggerAtTime":213639889,"nowELAPSED":213579890,"rtc":1481646289163,"windowLength":-1,"interval":0,"creatorPkg":"com.google.android.gms","targetPkg":"com.google.android.gms"}
43424168-e44e-473a-bf12-dba8a4a4453a 2016-12-13 11:24:49.156390637 2620410 [56297.744328]   963  1892 D ThermaPlan->Batch: {"func":"Batch->add()","batch":{"what":"BATCH","start":292490680,"end":331748773,"flags":0,"flagsBinary":"0","oldStart":280825099,"oldEnd":331748773}}
43424168-e44e-473a-bf12-dba8a4a4453a 2016-12-13 11:24:49.156390637 2620411 [56297.744675]   963  1892 D ThermaPlan->Batch: {"func":"Batch->add()","batch":{"what":"BATCH","start":296563797,"end":331748773,"flags":0,"flagsBinary":"0","oldStart":292490680,"oldEnd":331748773}}
43424168-e44e-473a-bf12-dba8a4a4453a 2016-12-13 11:24:49.156390637 2620412 [56297.744984]   963  1892 D ThermaPlan->Batch: {"func":"Batch->add()","batch":{"what":"BATCH","start":299979531,"end":331748773,"flags":8,"flagsBinary":"1000","oldStart":296563797,"oldEnd":331748773}}
43424168-e44e-473a-bf12-dba8a4a4453a 2016-12-13 11:24:49.156390637 2620413 [56297.745510]   963  1892 D ThermaPlan->Batch: {"func":"Batch->add()","batch":{"what":"BATCH","start":605813325,"end":1058493260,"flags":0,"flagsBinary":"0","oldStart":604893262,"oldEnd":1058493260}}
43424168-e44e-473a-bf12-dba8a4a4453a 2016-12-13 11:24:49.156390637 2620414 [56297.745844]   963  1892 D ThermaPlan->Batch: {"func":"Batch->add()","batch":{"what":"BATCH","start":624143935,"end":992076404,"flags":0,"flagsBinary":"0","oldStart":605813325,"oldEnd":1058493260}}
43424168-e44e-473a-bf12-dba8a4a4453a 2016-12-13 11:24:49.156390637 2620415 [56297.746165]   963  1892 D ThermaPlan->Batch: {"func":"Batch->add()","batch":{"what":"BATCH","start":694490727,"end":992076404,"flags":0,"flagsBinary":"0","oldStart":624143935,"oldEnd":992076404}}
43424168-e44e-473a-bf12-dba8a4a4453a 2016-12-13 11:24:49.156390637 2620416 [56297.746730]   963  1892 D ThermaPlan->Batch: {"func":"Batch->add()","batch":{"what":"BATCH","start":701674709,"end":992076404,"flags":0,"flagsBinary":"0","oldStart":694490727,"oldEnd":992076404}}
43424168-e44e-473a-bf12-dba8a4a4453a 2016-12-13 11:24:49.156390637 2620417 [56297.747451]   963  1892 D ThermaPlan->Batch: {"func":"Batch->add()","batch":{"what":"BATCH","start":315360057206,"end":551880056972,"flags":0,"flagsBinary":"0","oldStart":315360056973,"oldEnd":551880056972}}
43424168-e44e-473a-bf12-dba8a4a4453a 2016-12-13 11:24:49.156390637 2620418 [56297.747777]   963  1892 D ThermaPlan->Batch: {"func":"Batch->add()","batch":{"what":"BATCH","start":315360057236,"end":551880056972,"flags":0,"flagsBinary":"0","oldStart":315360057206,"oldEnd":551880056972}}
43424168-e44e-473a-bf12-dba8a4a4453a 2016-12-13 11:24:49.156390637 2620419 [56297.748105]   963  1892 D ThermaPlan->Batch: {"func":"Batch->add()","batch":{"what":"BATCH","start":315360057240,"end":551880056972,"flags":0,"flagsBinary":"0","oldStart":315360057236,"oldEnd":551880056972}}
43424168-e44e-473a-bf12-dba8a4a4453a 2016-12-13 11:24:49.156390637 2620420 [56297.748432]   963  1892 D ThermaPlan->Batch: {"func":"Batch->add()","batch":{"what":"BATCH","start":315360057254,"end":551880056972,"flags":0,"flagsBinary":"0","oldStart":315360057240,"oldEnd":551880056972}}
43424168-e44e-473a-bf12-dba8a4a4453a 2016-12-13 11:24:49.156390637 2620421 [56297.748756]   963  1892 D ThermaPlan->Batch: {"func":"Batch->add()","batch":{"what":"BATCH","start":315360057257,"end":551880056972,"flags":0,"flagsBinary":"0","oldStart":315360057254,"oldEnd":551880056972}}
43424168-e44e-473a-bf12-dba8a4a4453a 2016-12-13 11:24:49.156390637 2620422 [56297.749082]   963  1892 D ThermaPlan->Batch: {"func":"Batch->add()","batch":{"what":"BATCH","start":315360057259,"end":551880056972,"flags":0,"flagsBinary":"0","oldStart":315360057257,"oldEnd":551880056972}}
43424168-e44e-473a-bf12-dba8a4a4453a 2016-12-13 11:24:49.166390637 2620423 [56297.749507]   963  1892 D ThermaPlan->Batch: {"func":"Batch->add()","batch":{"what":"BATCH","start":315360094195,"end":551880056972,"flags":0,"flagsBinary":"0","oldStart":315360057259,"oldEnd":551880056972}}
43424168-e44e-473a-bf12-dba8a4a4453a 2016-12-13 11:24:49.166390637 2620424 [56297.749840]   963  1892 D ThermaPlan->Batch: {"func":"Batch->add()","batch":{"what":"BATCH","start":315360113203,"end":551880056972,"flags":0,"flagsBinary":"0","oldStart":315360094195,"oldEnd":551880056972}}
43424168-e44e-473a-bf12-dba8a4a4453a 2016-12-13 11:24:49.166390637 2620425 [56297.750162]   963  1892 D ThermaPlan->Batch: {"func":"Batch->add()","batch":{"what":"BATCH","start":315399259724,"end":551880056972,"flags":0,"flagsBinary":"0","oldStart":315360113203,"oldEnd":551880056972}}
43424168-e44e-473a-bf12-dba8a4a4453a 2016-12-13 11:24:49.166390637 2620426 [56297.750502]   963  1892 D ThermaPlan->Batch: {"func":"Batch->add()","batch":{"what":"BATCH","start":315399259747,"end":551880056972,"flags":0,"flagsBinary":"0","oldStart":315399259724,"oldEnd":551880056972}}
43424168-e44e-473a-bf12-dba8a4a4453a 2016-12-13 11:24:49.166390637 2620427 [56297.750822]   963  1892 D ThermaPlan->Batch: {"func":"Batch->add()","batch":{"what":"BATCH","start":315572926898,"end":551880056972,"flags":0,"flagsBinary":"0","oldStart":315399259747,"oldEnd":551880056972}}
43424168-e44e-473a-bf12-dba8a4a4453a 2016-12-13 11:24:49.196390637 2620428 [56297.783692]   963   974 D ThermaPlan->AlarmManagerService: {"func":"AlarmManagerService->mService->set","pid":1821,"uid":10014,"flagsBinary":"0","flags":0,"type":2,"triggerAtTime":213741687,"nowELAPSED":213579931,"rtc":1481646289203,"windowLength":-1,"interval":0,"creatorPkg":"com.google.android.gms","targetPkg":"com.google.android.gms"}
43424168-e44e-473a-bf12-dba8a4a4453a 2016-12-13 11:24:49.196390637 2620429 [56297.784114]   963   974 D ThermaPlan->Batch: {"func":"Batch->add()","batch":{"what":"BATCH","start":213831840,"end":213863004,"flags":0,"flagsBinary":"0","oldStart":213831840,"oldEnd":213869340}}
43424168-e44e-473a-bf12-dba8a4a4453a 2016-12-13 11:24:49.206390637 2620430 [56297.789816]   388   388 D Kernel-Trace:      kworker/0:4-27226 [000] ...1 56297.699402: thermal_temp: sensor_id=5 temp=38
43424168-e44e-473a-bf12-dba8a4a4453a 2016-12-13 11:24:49.206390637 2620431 [56297.789843]   388   388 D Kernel-Trace:     kworker/1:2H-12491 [001] ...1 56297.699547: cpu_frequency: state=422400 cpu_id=1
43424168-e44e-473a-bf12-dba8a4a4453a 2016-12-13 11:24:49.206390637 2620432 [56297.789852]   388   388 D Kernel-Trace:     kworker/0:0H-7043  [000] ...1 56297.710183: cpu_frequency: state=1190400 cpu_id=0
43424168-e44e-473a-bf12-dba8a4a4453a 2016-12-13 11:24:49.206390637 2620433 [56297.789860]   388   388 D Kernel-Trace:     kworker/3:2H-12900 [003] ...1 56297.729861: cpu_frequency: state=1497600 cpu_id=3
43424168-e44e-473a-bf12-dba8a4a4453a 2016-12-13 11:24:49.206390637 2620434 [56297.789869]   388   388 D Kernel-Trace:     kworker/1:2H-12491 [001] ...1 56297.740547: cpu_frequency: state=300000 cpu_id=1
43424168-e44e-473a-bf12-dba8a4a4453a 2016-12-13 11:24:49.206390637 2620435 [56297.789878]   388   388 D Kernel-Trace:     kworker/2:2H-10277 [002] ...1 56297.753443: cpu_frequency: state=652800 cpu_id=2
43424168-e44e-473a-bf12-dba8a4a4453a 2016-12-13 11:24:49.206390637 2620436 [56297.789885]   388   388 D Kernel-Trace:     kworker/2:2H-10277 [002] ...1 56297.769640: cpu_frequency: state=1497600 cpu_id=2
43424168-e44e-473a-bf12-dba8a4a4453a 2016-12-13 11:24:49.206390637 2620437 [56297.789894]   388   388 D Kernel-Trace:     kworker/3:2H-12900 [003] ...1 56297.769919: cpu_frequency: state=1190400 cpu_id=3
43424168-e44e-473a-bf12-dba8a4a4453a 2016-12-13 11:24:49.306390637 2620438 [56297.890108]   388   388 D Kernel-Trace:     kworker/0:0H-7043  [000] ...1 56297.790692: cpu_frequency: state=729600 cpu_id=0
43424168-e44e-473a-bf12-dba8a4a4453a 2016-12-13 11:24:49.306390637 2620439 [56297.890175]   388   388 D Kernel-Trace:     kworker/2:2H-10277 [002] ...1 56297.811004: cpu_frequency: state=1190400 cpu_id=2
43424168-e44e-473a-bf12-dba8a4a4453a 2016-12-13 11:24:49.306390637 2620440 [56297.890202]   388   388 D Kernel-Trace:     kworker/3:2H-12900 [003] ...1 56297.811439: cpu_frequency: state=300000 cpu_id=3
43424168-e44e-473a-bf12-dba8a4a4453a 2016-12-13 11:24:49.306390637 2620441 [56297.890232]   388   388 D Kernel-Trace:     kworker/0:0H-7043  [000] ...1 56297.850314: cpu_frequency: state=300000 cpu_id=0
43424168-e44e-473a-bf12-dba8a4a4453a 2016-12-13 11:24:49.396390637 2620442 [56297.985919]   963  1523 D ThermaPlan->AlarmManagerService: {"func":"AlarmManagerService->mService->set","pid":1821,"uid":10014,"flagsBinary":"101","flags":5,"type":2,"triggerAtTime":215260131,"nowELAPSED":213580132,"rtc":1481646289405,"windowLength":0,"interval":0,"creatorPkg":"com.google.android.gms","targetPkg":"com.google.android.gms"}
43424168-e44e-473a-bf12-dba8a4a4453a 2016-12-13 11:24:49.406390637 2620443 [56297.990061]   388   388 D Kernel-Trace:      kworker/0:4-27226 [000] ...1 56297.949810: thermal_temp: sensor_id=5 temp=35
43424168-e44e-473a-bf12-dba8a4a4453a 2016-12-13 11:24:49.406390637 2620444 [56297.990145]   388   388 D Kernel-Trace:     kworker/2:2H-10277 [002] ...1 56297.951818: cpu_frequency: state=300000 cpu_id=2
43424168-e44e-473a-bf12-dba8a4a4453a 2016-12-13 11:24:49.436390637 2620445 [56298.023594]   963   975 D ThermaPlan->Batch: {"func":"Batch->add()","batch":{"what":"BATCH","start":213650727,"end":213684887,"flags":0,"flagsBinary":"0","oldStart":213639889,"oldEnd":213684887}}
43424168-e44e-473a-bf12-dba8a4a4453a 2016-12-13 11:24:49.436390637 2620446 [56298.025015]   963   975 D ThermaPlan->Batch: {"func":"Batch->add()","batch":{"what":"BATCH","start":213711754,"end":213730771,"flags":8,"flagsBinary":"1000","oldStart":213700771,"oldEnd":213730771}}
43424168-e44e-473a-bf12-dba8a4a4453a 2016-12-13 11:24:49.436390637 2620447 [56298.026512]   963   975 D ThermaPlan->Batch: {"func":"Batch->add()","batch":{"what":"BATCH","start":213831840,"end":213863004,"flags":0,"flagsBinary":"0","oldStart":213741687,"oldEnd":213863004}}
43424168-e44e-473a-bf12-dba8a4a4453a 2016-12-13 11:24:49.446390637 2620448 [56298.031122]   963   975 D ThermaPlan->Batch: {"func":"Batch->add()","batch":{"what":"BATCH","start":214276095,"end":214951095,"flags":8,"flagsBinary":"1000","oldStart":214251322,"oldEnd":215601322}}
43424168-e44e-473a-bf12-dba8a4a4453a 2016-12-13 11:24:49.446390637 2620449 [56298.031954]   963   975 D ThermaPlan->Batch: {"func":"Batch->add()","batch":{"what":"BATCH","start":214278171,"end":214951095,"flags":8,"flagsBinary":"1000","oldStart":214276095,"oldEnd":214951095}}
43424168-e44e-473a-bf12-dba8a4a4453a 2016-12-13 11:24:49.446390637 2620450 [56298.032772]   963   975 D ThermaPlan->Batch: {"func":"Batch->add()","batch":{"what":"BATCH","start":214278914,"end":214951095,"flags":8,"flagsBinary":"1000","oldStart":214278171,"oldEnd":214951095}}
43424168-e44e-473a-bf12-dba8a4a4453a 2016-12-13 11:24:49.446390637 2620451 [56298.033592]   963   975 D ThermaPlan->Batch: {"func":"Batch->add()","batch":{"what":"BATCH","start":214278988,"end":214951095,"flags":8,"flagsBinary":"1000","oldStart":214278914,"oldEnd":214951095}}
43424168-e44e-473a-bf12-dba8a4a4453a 2016-12-13 11:24:49.446390637 2620452 [56298.034414]   963   975 D ThermaPlan->Batch: {"func":"Batch->add()","batch":{"what":"BATCH","start":214281415,"end":214951095,"flags":8,"flagsBinary":"1000","oldStart":214278988,"oldEnd":214951095}}
43424168-e44e-473a-bf12-dba8a4a4453a 2016-12-13 11:24:49.446390637 2620453 [56298.035243]   963   975 D ThermaPlan->Batch: {"func":"Batch->add()","batch":{"what":"BATCH","start":214281680,"end":214951095,"flags":8,"flagsBinary":"1000","oldStart":214281415,"oldEnd":214951095}}
43424168-e44e-473a-bf12-dba8a4a4453a 2016-12-13 11:24:49.446390637 2620454 [56298.036057]   963   975 D ThermaPlan->Batch: {"func":"Batch->add()","batch":{"what":"BATCH","start":214282094,"end":214951095,"flags":8,"flagsBinary":"1000","oldStart":214281680,"oldEnd":214951095}}
43424168-e44e-473a-bf12-dba8a4a4453a 2016-12-13 11:24:49.446390637 2620455 [56298.036869]   963   975 D ThermaPlan->Batch: {"func":"Batch->add()","batch":{"what":"BATCH","start":214282211,"end":214951095,"flags":8,"flagsBinary":"1000","oldStart":214282094,"oldEnd":214951095}}
43424168-e44e-473a-bf12-dba8a4a4453a 2016-12-13 11:24:49.446390637 2620456 [56298.037677]   963   975 D ThermaPlan->Batch: {"func":"Batch->add()","batch":{"what":"BATCH","start":214282485,"end":214951095,"flags":8,"flagsBinary":"1000","oldStart":214282211,"oldEnd":214951095}}
43424168-e44e-473a-bf12-dba8a4a4453a 2016-12-13 11:24:49.446390637 2620457 [56298.038516]   963   975 D ThermaPlan->Batch: {"func":"Batch->add()","batch":{"what":"BATCH","start":214294563,"end":214951095,"flags":8,"flagsBinary":"1000","oldStart":214282485,"oldEnd":214951095}}
43424168-e44e-473a-bf12-dba8a4a4453a 2016-12-13 11:24:49.456390637 2620458 [56298.039588]   963   975 D ThermaPlan->Batch: {"func":"Batch->add()","batch":{"what":"BATCH","start":214733822,"end":214951095,"flags":8,"flagsBinary":"1000","oldStart":214294563,"oldEnd":214951095}}
43424168-e44e-473a-bf12-dba8a4a4453a 2016-12-13 11:24:49.456390637 2620459 [56298.040543]   963   975 D ThermaPlan->Batch: {"func":"Batch->add()","batch":{"what":"BATCH","start":214750705,"end":214951095,"flags":8,"flagsBinary":"1000","oldStart":214733822,"oldEnd":214951095}}
43424168-e44e-473a-bf12-dba8a4a4453a 2016-12-13 11:24:49.456390637 2620460 [56298.042668]   963   975 D ThermaPlan->Batch: {"func":"Batch->add()","batch":{"what":"BATCH","start":215759162,"end":219062073,"flags":8,"flagsBinary":"1000","oldStart":215226149,"oldEnd":219062073}}
43424168-e44e-473a-bf12-dba8a4a4453a 2016-12-13 11:24:49.456390637 2620461 [56298.042982]   963   975 D ThermaPlan->Batch: {"func":"Batch->add()","batch":{"what":"BATCH","start":216082518,"end":218782518,"flags":8,"flagsBinary":"1000","oldStart":215759162,"oldEnd":219062073}}
43424168-e44e-473a-bf12-dba8a4a4453a 2016-12-13 11:24:49.456390637 2620462 [56298.043309]   963   975 D ThermaPlan->Batch: {"func":"Batch->add()","batch":{"what":"BATCH","start":216144078,"end":218782518,"flags":8,"flagsBinary":"1000","oldStart":216082518,"oldEnd":218782518}}
43424168-e44e-473a-bf12-dba8a4a4453a 2016-12-13 11:24:49.456390637 2620463 [56298.043651]   963   975 D ThermaPlan->Batch: {"func":"Batch->add()","batch":{"what":"BATCH","start":216526830,"end":218782518,"flags":8,"flagsBinary":"1000","oldStart":216144078,"oldEnd":218782518}}
43424168-e44e-473a-bf12-dba8a4a4453a 2016-12-13 11:24:49.456390637 2620464 [56298.043979]   963   975 D ThermaPlan->Batch: {"func":"Batch->add()","batch":{"what":"BATCH","start":217737182,"end":218037182,"flags":8,"flagsBinary":"1000","oldStart":216526830,"oldEnd":218782518}}
43424168-e44e-473a-bf12-dba8a4a4453a 2016-12-13 11:24:49.456390637 2620465 [56298.044525]   963   975 D ThermaPlan->Batch: {"func":"Batch->add()","batch":{"what":"BATCH","start":220150599,"end":224060131,"flags":0,"flagsBinary":"0","oldStart":219290727,"oldEnd":224060131}}
43424168-e44e-473a-bf12-dba8a4a4453a 2016-12-13 11:24:49.456390637 2620466 [56298.044870]   963   975 D ThermaPlan->Batch: {"func":"Batch->add()","batch":{"what":"BATCH","start":220380550,"end":224060131,"flags":0,"flagsBinary":"0","oldStart":220150599,"oldEnd":224060131}}
43424168-e44e-473a-bf12-dba8a4a4453a 2016-12-13 11:24:49.456390637 2620467 [56298.045581]   963   975 D ThermaPlan->Batch: {"func":"Batch->add()","batch":{"what":"BATCH","start":228290727,"end":239324426,"flags":0,"flagsBinary":"0","oldStart":224222674,"oldEnd":240422669}}
43424168-e44e-473a-bf12-dba8a4a4453a 2016-12-13 11:24:49.456390637 2620468 [56298.045910]   963   975 D ThermaPlan->Batch: {"func":"Batch->add()","batch":{"what":"BATCH","start":230499939,"end":239324426,"flags":0,"flagsBinary":"0","oldStart":228290727,"oldEnd":239324426}}
43424168-e44e-473a-bf12-dba8a4a4453a 2016-12-13 11:24:49.456390637 2620469 [56298.046214]   963   975 D ThermaPlan->Batch: {"func":"Batch->add()","batch":{"what":"BATCH","start":231188198,"end":239324426,"flags":0,"flagsBinary":"0","oldStart":230499939,"oldEnd":239324426}}
43424168-e44e-473a-bf12-dba8a4a4453a 2016-12-13 11:24:49.456390637 2620470 [56298.046572]   963   975 D ThermaPlan->Batch: {"func":"Batch->add()","batch":{"what":"BATCH","start":231548285,"end":239324426,"flags":0,"flagsBinary":"0","oldStart":231188198,"oldEnd":239324426}}
43424168-e44e-473a-bf12-dba8a4a4453a 2016-12-13 11:24:49.456390637 2620471 [56298.048429]   963   975 D ThermaPlan->Batch: {"func":"Batch->add()","batch":{"what":"BATCH","start":248330836,"end":285305189,"flags":8,"flagsBinary":"1000","oldStart":240305189,"oldEnd":285305189}}
43424168-e44e-473a-bf12-dba8a4a4453a 2016-12-13 11:24:49.456390637 2620472 [56298.048758]   963   975 D ThermaPlan->Batch: {"func":"Batch->add()","batch":{"what":"BATCH","start":249541608,"end":282059671,"flags":8,"flagsBinary":"1000","oldStart":248330836,"oldEnd":285305189}}
43424168-e44e-473a-bf12-dba8a4a4453a 2016-12-13 11:24:49.456390637 2620473 [56298.049095]   963   975 D ThermaPlan->Batch: {"func":"Batch->add()","batch":{"what":"BATCH","start":249641515,"end":280795765,"flags":8,"flagsBinary":"1000","oldStart":249541608,"oldEnd":282059671}}
43424168-e44e-473a-bf12-dba8a4a4453a 2016-12-13 11:24:49.466390637 2620474 [56298.049512]   963   975 D ThermaPlan->Batch: {"func":"Batch->add()","batch":{"what":"BATCH","start":258890727,"end":280795765,"flags":8,"flagsBinary":"1000","oldStart":249641515,"oldEnd":280795765}}
43424168-e44e-473a-bf12-dba8a4a4453a 2016-12-13 11:24:49.466390637 2620475 [56298.049832]   963   975 D ThermaPlan->Batch: {"func":"Batch->add()","batch":{"what":"BATCH","start":259200000,"end":280795765,"flags":8,"flagsBinary":"1000","oldStart":258890727,"oldEnd":280795765}}
43424168-e44e-473a-bf12-dba8a4a4453a 2016-12-13 11:24:49.466390637 2620476 [56298.050168]   963   975 D ThermaPlan->Batch: {"func":"Batch->add()","batch":{"what":"BATCH","start":259252542,"end":280795765,"flags":8,"flagsBinary":"1000","oldStart":259200000,"oldEnd":280795765}}
43424168-e44e-473a-bf12-dba8a4a4453a 2016-12-13 11:24:49.466390637 2620477 [56298.050480]   963   975 D ThermaPlan->Batch: {"func":"Batch->add()","batch":{"what":"BATCH","start":259281310,"end":280795765,"flags":8,"flagsBinary":"1000","oldStart":259252542,"oldEnd":280795765}}
43424168-e44e-473a-bf12-dba8a4a4453a 2016-12-13 11:24:49.466390637 2620478 [56298.050865]   963   975 D ThermaPlan->Batch: {"func":"Batch->add()","batch":{"what":"BATCH","start":259345161,"end":280795765,"flags":8,"flagsBinary":"1000","oldStart":259281310,"oldEnd":280795765}}
43424168-e44e-473a-bf12-dba8a4a4453a 2016-12-13 11:24:49.466390637 2620479 [56298.051229]   963   975 D ThermaPlan->Batch: {"func":"Batch->add()","batch":{"what":"BATCH","start":259786617,"end":280795765,"flags":8,"flagsBinary":"1000","oldStart":259345161,"oldEnd":280795765}}
43424168-e44e-473a-bf12-dba8a4a4453a 2016-12-13 11:24:49.466390637 2620480 [56298.051561]   963   975 D ThermaPlan->Batch: {"func":"Batch->add()","batch":{"what":"BATCH","start":261333689,"end":280795765,"flags":8,"flagsBinary":"1000","oldStart":259786617,"oldEnd":280795765}}
43424168-e44e-473a-bf12-dba8a4a4453a 2016-12-13 11:24:49.466390637 2620481 [56298.051918]   963   975 D ThermaPlan->Batch: {"func":"Batch->add()","batch":{"what":"BATCH","start":270989138,"end":280795765,"flags":8,"flagsBinary":"1000","oldStart":261333689,"oldEnd":280795765}}
43424168-e44e-473a-bf12-dba8a4a4453a 2016-12-13 11:24:49.466390637 2620482 [56298.056528]   963   975 D ThermaPlan->Batch: {"func":"Batch->add()","batch":{"what":"BATCH","start":292490680,"end":331748773,"flags":0,"flagsBinary":"0","oldStart":280825099,"oldEnd":331748773}}
43424168-e44e-473a-bf12-dba8a4a4453a 2016-12-13 11:24:49.466390637 2620483 [56298.056861]   963   975 D ThermaPlan->Batch: {"func":"Batch->add()","batch":{"what":"BATCH","start":296563796,"end":331748773,"flags":0,"flagsBinary":"0","oldStart":292490680,"oldEnd":331748773}}
43424168-e44e-473a-bf12-dba8a4a4453a 2016-12-13 11:24:49.466390637 2620484 [56298.057181]   963   975 D ThermaPlan->Batch: {"func":"Batch->add()","batch":{"what":"BATCH","start":299979531,"end":331748773,"flags":8,"flagsBinary":"1000","oldStart":296563796,"oldEnd":331748773}}
43424168-e44e-473a-bf12-dba8a4a4453a 2016-12-13 11:24:49.466390637 2620485 [56298.057715]   963   975 D ThermaPlan->Batch: {"func":"Batch->add()","batch":{"what":"BATCH","start":605813325,"end":1058493260,"flags":0,"flagsBinary":"0","oldStart":604893262,"oldEnd":1058493260}}
43424168-e44e-473a-bf12-dba8a4a4453a 2016-12-13 11:24:49.466390637 2620486 [56298.058053]   963   975 D ThermaPlan->Batch: {"func":"Batch->add()","batch":{"what":"BATCH","start":624143935,"end":992076404,"flags":0,"flagsBinary":"0","oldStart":605813325,"oldEnd":1058493260}}
43424168-e44e-473a-bf12-dba8a4a4453a 2016-12-13 11:24:49.466390637 2620487 [56298.058375]   963   975 D ThermaPlan->Batch: {"func":"Batch->add()","batch":{"what":"BATCH","start":694490727,"end":992076404,"flags":0,"flagsBinary":"0","oldStart":624143935,"oldEnd":992076404}}
43424168-e44e-473a-bf12-dba8a4a4453a 2016-12-13 11:24:49.466390637 2620488 [56298.059219]   963  1378 D IpReachabilityMonitor: watch: iface{wlan0/5}, v{2}, ntable=[]
43424168-e44e-473a-bf12-dba8a4a4453a 2016-12-13 11:24:49.476390637 2620489 [56298.060017]   963   975 D ThermaPlan->Batch: {"func":"Batch->add()","batch":{"what":"BATCH","start":701674709,"end":992076404,"flags":0,"flagsBinary":"0","oldStart":694490727,"oldEnd":992076404}}
43424168-e44e-473a-bf12-dba8a4a4453a 2016-12-13 11:24:49.476390637 2620490 [56298.060257]   963  1378 D IpReachabilityMonitor: watch: iface{wlan0/5}, v{3}, ntable=[]
43424168-e44e-473a-bf12-dba8a4a4453a 2016-12-13 11:24:49.476390637 2620491 [56298.061192]   963   975 D ThermaPlan->Batch: {"func":"Batch->add()","batch":{"what":"BATCH","start":315360057206,"end":551880056972,"flags":0,"flagsBinary":"0","oldStart":315360056973,"oldEnd":551880056972}}
43424168-e44e-473a-bf12-dba8a4a4453a 2016-12-13 11:24:49.476390637 2620492 [56298.061464]   963  1378 D IpReachabilityMonitor: watch: iface{wlan0/5}, v{4}, ntable=[]
43424168-e44e-473a-bf12-dba8a4a4453a 2016-12-13 11:24:49.476390637 2620493 [56298.062160]   963  1378 D IpReachabilityMonitor: watch: iface{wlan0/5}, v{5}, ntable=[fde5:bdee:339a::1/NUD_NONE]
43424168-e44e-473a-bf12-dba8a4a4453a 2016-12-13 11:24:49.476390637 2620494 [56298.062631]   963   975 D ThermaPlan->Batch: {"func":"Batch->add()","batch":{"what":"BATCH","start":315360057236,"end":551880056972,"flags":0,"flagsBinary":"0","oldStart":315360057206,"oldEnd":551880056972}}
43424168-e44e-473a-bf12-dba8a4a4453a 2016-12-13 11:24:49.476390637 2620495 [56298.062965]   963   975 D ThermaPlan->Batch: {"func":"Batch->add()","batch":{"what":"BATCH","start":315360057240,"end":551880056972,"flags":0,"flagsBinary":"0","oldStart":315360057236,"oldEnd":551880056972}}
43424168-e44e-473a-bf12-dba8a4a4453a 2016-12-13 11:24:49.476390637 2620496 [56298.063308]   963   975 D ThermaPlan->Batch: {"func":"Batch->add()","batch":{"what":"BATCH","start":315360057254,"end":551880056972,"flags":0,"flagsBinary":"0","oldStart":315360057240,"oldEnd":551880056972}}
43424168-e44e-473a-bf12-dba8a4a4453a 2016-12-13 11:24:49.476390637 2620497 [56298.063634]   963   975 D ThermaPlan->Batch: {"func":"Batch->add()","batch":{"what":"BATCH","start":315360057257,"end":551880056972,"flags":0,"flagsBinary":"0","oldStart":315360057254,"oldEnd":551880056972}}
43424168-e44e-473a-bf12-dba8a4a4453a 2016-12-13 11:24:49.476390637 2620498 [56298.063959]   963   975 D ThermaPlan->Batch: {"func":"Batch->add()","batch":{"what":"BATCH","start":315360057259,"end":551880056972,"flags":0,"flagsBinary":"0","oldStart":315360057257,"oldEnd":551880056972}}
43424168-e44e-473a-bf12-dba8a4a4453a 2016-12-13 11:24:49.476390637 2620499 [56298.064272]   963   975 D ThermaPlan->Batch: {"func":"Batch->add()","batch":{"what":"BATCH","start":315360094195,"end":551880056972,"flags":0,"flagsBinary":"0","oldStart":315360057259,"oldEnd":551880056972}}
43424168-e44e-473a-bf12-dba8a4a4453a 2016-12-13 11:24:49.476390637 2620500 [56298.064617]   963   975 D ThermaPlan->Batch: {"func":"Batch->add()","batch":{"what":"BATCH","start":315360113203,"end":551880056972,"flags":0,"flagsBinary":"0","oldStart":315360094195,"oldEnd":551880056972}}
43424168-e44e-473a-bf12-dba8a4a4453a 2016-12-13 11:24:49.476390637 2620501 [56298.064935]   963   975 D ThermaPlan->Batch: {"func":"Batch->add()","batch":{"what":"BATCH","start":315399259724,"end":551880056972,"flags":0,"flagsBinary":"0","oldStart":315360113203,"oldEnd":551880056972}}
43424168-e44e-473a-bf12-dba8a4a4453a 2016-12-13 11:24:49.476390637 2620502 [56298.065256]   963   975 D ThermaPlan->Batch: {"func":"Batch->add()","batch":{"what":"BATCH","start":315399259747,"end":551880056972,"flags":0,"flagsBinary":"0","oldStart":315399259724,"oldEnd":551880056972}}
43424168-e44e-473a-bf12-dba8a4a4453a 2016-12-13 11:24:49.476390637 2620503 [56298.065598]   963   975 D ThermaPlan->Batch: {"func":"Batch->add()","batch":{"what":"BATCH","start":315572926898,"end":551880056972,"flags":0,"flagsBinary":"0","oldStart":315399259747,"oldEnd":551880056972}}
43424168-e44e-473a-bf12-dba8a4a4453a 2016-12-13 11:24:49.476390637 2620504 [56298.069194]   963  2298 D ThermaPlan->AlarmManagerService: {"func":"AlarmManagerService->mService->set","pid":1821,"uid":10014,"flagsBinary":"101","flags":5,"type":2,"triggerAtTime":215260215,"nowELAPSED":213580216,"rtc":1481646289489,"windowLength":0,"interval":0,"creatorPkg":"com.google.android.gms","targetPkg":"com.google.android.gms"}
43424168-e44e-473a-bf12-dba8a4a4453a 2016-12-13 11:24:49.506390637 2620505 [56298.090024]   388   388 D Kernel-Trace:     kworker/3:2H-12900 [003] ...1 56298.019909: cpu_frequency: state=422400 cpu_id=3
43424168-e44e-473a-bf12-dba8a4a4453a 2016-12-13 11:24:49.506390637 2620506 [56298.090049]   388   388 D Kernel-Trace:     kworker/0:0H-7043  [000] ...1 56298.030629: cpu_frequency: state=1497600 cpu_id=0
43424168-e44e-473a-bf12-dba8a4a4453a 2016-12-13 11:24:49.506390637 2620507 [56298.090057]   388   388 D Kernel-Trace:     kworker/3:2H-12900 [003] ...1 56298.040150: cpu_frequency: state=1497600 cpu_id=3
43424168-e44e-473a-bf12-dba8a4a4453a 2016-12-13 11:24:49.606390637 2620508 [56298.190040]   388   388 D Kernel-Trace:     kworker/3:2H-12900 [003] ...1 56298.094548: cpu_frequency: state=652800 cpu_id=3
43424168-e44e-473a-bf12-dba8a4a4453a 2016-12-13 11:24:49.606390637 2620509 [56298.190124]   388   388 D Kernel-Trace:     kworker/0:0H-7043  [000] ...1 56298.120728: cpu_frequency: state=300000 cpu_id=0
43424168-e44e-473a-bf12-dba8a4a4453a 2016-12-13 11:24:49.606390637 2620510 [56298.190158]   388   388 D Kernel-Trace:     kworker/3:2H-12900 [003] ...1 56298.162947: cpu_frequency: state=300000 cpu_id=3
43424168-e44e-473a-bf12-dba8a4a4453a 2016-12-13 11:24:49.706390637 2620511 [56298.289960]   388   388 D Kernel-Trace:      kworker/0:1-18635 [000] ...1 56298.199841: thermal_temp: sensor_id=5 temp=34
43424168-e44e-473a-bf12-dba8a4a4453a 2016-12-13 11:24:49.906390637 2620512 [56298.491236]   388   388 D Kernel-Trace:      kworker/0:4-27226 [000] ...1 56298.449951: thermal_temp: sensor_id=5 temp=33
43424168-e44e-473a-bf12-dba8a4a4453a 2016-12-13 11:24:50.206390637 2620513 [56298.792223]   388   388 D Kernel-Trace:      kworker/0:4-27226 [000] ...1 56298.699764: thermal_temp: sensor_id=5 temp=33
43424168-e44e-473a-bf12-dba8a4a4453a 2016-12-13 11:24:50.306390637 2620514 [56298.890745]   388   388 D Kernel-Trace:     kworker/0:0H-7043  [000] ...1 56298.832693: cpu_frequency: state=1497600 cpu_id=0
43424168-e44e-473a-bf12-dba8a4a4453a 2016-12-13 11:24:50.406390637 2620515 [56298.991179]   388   388 D Kernel-Trace:     kworker/0:0H-7043  [000] ...1 56298.892390: cpu_frequency: state=300000 cpu_id=0
43424168-e44e-473a-bf12-dba8a4a4453a 2016-12-13 11:24:50.406390637 2620516 [56298.991272]   388   388 D Kernel-Trace:      kworker/0:4-27226 [000] ...1 56298.950026: thermal_temp: sensor_id=5 temp=33
43424168-e44e-473a-bf12-dba8a4a4453a 2016-12-13 11:24:50.616390637 2620517 [56299.201193]   963  1357 D ThermaPlan->AlarmManagerService: {"func":"AlarmManagerService->deliverAlarmsLocked()","nowELAPSED":213581347,"rtc":1481646290620,"alarm":"{\"what\":\"ALARM\",\"type\":2,\"origWhen\":213581346,\"wakeup\":true,\"tag\":\"*walarm*:android.net.dhcp.DhcpClient.wlan0.KICK\",\"flags\":9,\"uid\":1000,\"count\":1,\"when\":213581346,\"windowLength\":0,\"whenElapsed\":213581346,\"maxWhenElapsed\":213581346,\"repeatInterval\":0,\"pid\":963,\"operation\":\"PendingIntent{c7e9b9e: PendingIntentRecord{f86967f android broadcastIntent}}\",\"creatorPkg\":\"android\",\"targetPkg\":\"android\"}"}
43424168-e44e-473a-bf12-dba8a4a4453a 2016-12-13 11:24:50.616390637 2620518 [56299.204470]   963  2916 D DhcpClient: Broadcasting DHCPDISCOVER
43424168-e44e-473a-bf12-dba8a4a4453a 2016-12-13 11:24:50.616390637 2620519 [56299.205924]   963  2916 D ThermaPlan->AlarmManagerService: {"func":"AlarmManagerService->mService->set","pid":963,"uid":1000,"flagsBinary":"1001","flags":9,"type":2,"triggerAtTime":213585673,"nowELAPSED":213581352,"rtc":1481646290625,"windowLength":0,"interval":0,"creatorPkg":"android","targetPkg":"android"}
43424168-e44e-473a-bf12-dba8a4a4453a 2016-12-13 11:24:50.626390637 2620520 [56299.210142]   963 29764 D DhcpClient: Received packet: 5c:51:88:ac:9d:f0 OFFER, ip /192.168.1.110, mask /255.255.255.0, DNS servers: /192.168.1.1 , gateways [/192.168.1.1] lease time 7200, domain lan
43424168-e44e-473a-bf12-dba8a4a4453a 2016-12-13 11:24:50.626390637 2620521 [56299.211378]   963  2916 D DhcpClient: Got pending lease: IP address 192.168.1.110/24 Gateway 192.168.1.1  DNS servers: [ 192.168.1.1 ] Domainslan DHCP server /192.168.1.1 Vendor info null lease 7200 seconds
43424168-e44e-473a-bf12-dba8a4a4453a 2016-12-13 11:24:50.626390637 2620522 [56299.216877]   963  2916 D ThermaPlan->Batch: {"func":"Batch->add()","batch":{"what":"BATCH","start":213650727,"end":213684887,"flags":0,"flagsBinary":"0","oldStart":213639889,"oldEnd":213684887}}
43424168-e44e-473a-bf12-dba8a4a4453a 2016-12-13 11:24:50.636390637 2620523 [56299.219860]   963  2916 D ThermaPlan->Batch: {"func":"Batch->add()","batch":{"what":"BATCH","start":213711754,"end":213730771,"flags":8,"flagsBinary":"1000","oldStart":213700771,"oldEnd":213730771}}
43424168-e44e-473a-bf12-dba8a4a4453a 2016-12-13 11:24:50.636390637 2620524 [56299.221876]   963  2916 D ThermaPlan->Batch: {"func":"Batch->add()","batch":{"what":"BATCH","start":213831840,"end":213863004,"flags":0,"flagsBinary":"0","oldStart":213741687,"oldEnd":213863004}}
43424168-e44e-473a-bf12-dba8a4a4453a 2016-12-13 11:24:50.636390637 2620525 [56299.227648]   963  2916 D ThermaPlan->Batch: {"func":"Batch->add()","batch":{"what":"BATCH","start":214276095,"end":214951095,"flags":8,"flagsBinary":"1000","oldStart":214251322,"oldEnd":215601322}}
43424168-e44e-473a-bf12-dba8a4a4453a 2016-12-13 11:24:50.636390637 2620526 [56299.228942]   963  2916 D ThermaPlan->Batch: {"func":"Batch->add()","batch":{"what":"BATCH","start":214278171,"end":214951095,"flags":8,"flagsBinary":"1000","oldStart":214276095,"oldEnd":214951095}}
43424168-e44e-473a-bf12-dba8a4a4453a 2016-12-13 11:24:50.646390637 2620527 [56299.231300]   963  2916 D ThermaPlan->Batch: {"func":"Batch->add()","batch":{"what":"BATCH","start":214278914,"end":214951095,"flags":8,"flagsBinary":"1000","oldStart":214278171,"oldEnd":214951095}}
43424168-e44e-473a-bf12-dba8a4a4453a 2016-12-13 11:24:50.646390637 2620528 [56299.231619]   963  2916 D ThermaPlan->Batch: {"func":"Batch->add()","batch":{"what":"BATCH","start":214278988,"end":214951095,"flags":8,"flagsBinary":"1000","oldStart":214278914,"oldEnd":214951095}}
43424168-e44e-473a-bf12-dba8a4a4453a 2016-12-13 11:24:50.646390637 2620529 [56299.231915]   963  2916 D ThermaPlan->Batch: {"func":"Batch->add()","batch":{"what":"BATCH","start":214281415,"end":214951095,"flags":8,"flagsBinary":"1000","oldStart":214278988,"oldEnd":214951095}}
43424168-e44e-473a-bf12-dba8a4a4453a 2016-12-13 11:24:50.646390637 2620530 [56299.232222]   963  2916 D ThermaPlan->Batch: {"func":"Batch->add()","batch":{"what":"BATCH","start":214281680,"end":214951095,"flags":8,"flagsBinary":"1000","oldStart":214281415,"oldEnd":214951095}}
43424168-e44e-473a-bf12-dba8a4a4453a 2016-12-13 11:24:50.646390637 2620531 [56299.232548]   963  2916 D ThermaPlan->Batch: {"func":"Batch->add()","batch":{"what":"BATCH","start":214282094,"end":214951095,"flags":8,"flagsBinary":"1000","oldStart":214281680,"oldEnd":214951095}}
43424168-e44e-473a-bf12-dba8a4a4453a 2016-12-13 11:24:50.646390637 2620532 [56299.232855]   963  2916 D ThermaPlan->Batch: {"func":"Batch->add()","batch":{"what":"BATCH","start":214282211,"end":214951095,"flags":8,"flagsBinary":"1000","oldStart":214282094,"oldEnd":214951095}}
43424168-e44e-473a-bf12-dba8a4a4453a 2016-12-13 11:24:50.646390637 2620533 [56299.233154]   963  2916 D ThermaPlan->Batch: {"func":"Batch->add()","batch":{"what":"BATCH","start":214282485,"end":214951095,"flags":8,"flagsBinary":"1000","oldStart":214282211,"oldEnd":214951095}}
43424168-e44e-473a-bf12-dba8a4a4453a 2016-12-13 11:24:50.646390637 2620534 [56299.233476]   963  2916 D ThermaPlan->Batch: {"func":"Batch->add()","batch":{"what":"BATCH","start":214294563,"end":214951095,"flags":8,"flagsBinary":"1000","oldStart":214282485,"oldEnd":214951095}}
43424168-e44e-473a-bf12-dba8a4a4453a 2016-12-13 11:24:50.646390637 2620535 [56299.233806]   963  2916 D ThermaPlan->Batch: {"func":"Batch->add()","batch":{"what":"BATCH","start":214733822,"end":214951095,"flags":8,"flagsBinary":"1000","oldStart":214294563,"oldEnd":214951095}}
43424168-e44e-473a-bf12-dba8a4a4453a 2016-12-13 11:24:50.646390637 2620536 [56299.234120]   963  2916 D ThermaPlan->Batch: {"func":"Batch->add()","batch":{"what":"BATCH","start":214750705,"end":214951095,"flags":8,"flagsBinary":"1000","oldStart":214733822,"oldEnd":214951095}}
43424168-e44e-473a-bf12-dba8a4a4453a 2016-12-13 11:24:50.646390637 2620537 [56299.236444]   963  2916 D ThermaPlan->Batch: {"func":"Batch->add()","batch":{"what":"BATCH","start":215759161,"end":219062073,"flags":8,"flagsBinary":"1000","oldStart":215226149,"oldEnd":219062073}}
43424168-e44e-473a-bf12-dba8a4a4453a 2016-12-13 11:24:50.646390637 2620538 [56299.236789]   963  2916 D ThermaPlan->Batch: {"func":"Batch->add()","batch":{"what":"BATCH","start":216082518,"end":218782518,"flags":8,"flagsBinary":"1000","oldStart":215759161,"oldEnd":219062073}}
43424168-e44e-473a-bf12-dba8a4a4453a 2016-12-13 11:24:50.646390637 2620539 [56299.237101]   963  2916 D ThermaPlan->Batch: {"func":"Batch->add()","batch":{"what":"BATCH","start":216144078,"end":218782518,"flags":8,"flagsBinary":"1000","oldStart":216082518,"oldEnd":218782518}}
43424168-e44e-473a-bf12-dba8a4a4453a 2016-12-13 11:24:50.646390637 2620540 [56299.237394]   963  2916 D ThermaPlan->Batch: {"func":"Batch->add()","batch":{"what":"BATCH","start":216526830,"end":218782518,"flags":8,"flagsBinary":"1000","oldStart":216144078,"oldEnd":218782518}}
43424168-e44e-473a-bf12-dba8a4a4453a 2016-12-13 11:24:50.646390637 2620541 [56299.237687]   963  2916 D ThermaPlan->Batch: {"func":"Batch->add()","batch":{"what":"BATCH","start":217737182,"end":218037182,"flags":8,"flagsBinary":"1000","oldStart":216526830,"oldEnd":218782518}}
43424168-e44e-473a-bf12-dba8a4a4453a 2016-12-13 11:24:50.646390637 2620542 [56299.238205]   963  2916 D ThermaPlan->Batch: {"func":"Batch->add()","batch":{"what":"BATCH","start":220150599,"end":224060131,"flags":0,"flagsBinary":"0","oldStart":219290727,"oldEnd":224060131}}
43424168-e44e-473a-bf12-dba8a4a4453a 2016-12-13 11:24:50.646390637 2620543 [56299.238534]   963  2916 D ThermaPlan->Batch: {"func":"Batch->add()","batch":{"what":"BATCH","start":220380550,"end":224060131,"flags":0,"flagsBinary":"0","oldStart":220150599,"oldEnd":224060131}}
43424168-e44e-473a-bf12-dba8a4a4453a 2016-12-13 11:24:50.646390637 2620544 [56299.239240]   963  2916 D ThermaPlan->Batch: {"func":"Batch->add()","batch":{"what":"BATCH","start":228290727,"end":239324426,"flags":0,"flagsBinary":"0","oldStart":224222674,"oldEnd":240422669}}
43424168-e44e-473a-bf12-dba8a4a4453a 2016-12-13 11:24:50.656390637 2620545 [56299.239620]   963  2916 D ThermaPlan->Batch: {"func":"Batch->add()","batch":{"what":"BATCH","start":230499939,"end":239324426,"flags":0,"flagsBinary":"0","oldStart":228290727,"oldEnd":239324426}}
43424168-e44e-473a-bf12-dba8a4a4453a 2016-12-13 11:24:50.656390637 2620546 [56299.239927]   963  2916 D ThermaPlan->Batch: {"func":"Batch->add()","batch":{"what":"BATCH","start":231188198,"end":239324426,"flags":0,"flagsBinary":"0","oldStart":230499939,"oldEnd":239324426}}
43424168-e44e-473a-bf12-dba8a4a4453a 2016-12-13 11:24:50.656390637 2620547 [56299.240247]   963  2916 D ThermaPlan->Batch: {"func":"Batch->add()","batch":{"what":"BATCH","start":231548284,"end":239324426,"flags":0,"flagsBinary":"0","oldStart":231188198,"oldEnd":239324426}}
43424168-e44e-473a-bf12-dba8a4a4453a 2016-12-13 11:24:50.656390637 2620548 [56299.242083]   963  2916 D ThermaPlan->Batch: {"func":"Batch->add()","batch":{"what":"BATCH","start":248330836,"end":285305189,"flags":8,"flagsBinary":"1000","oldStart":240305189,"oldEnd":285305189}}
43424168-e44e-473a-bf12-dba8a4a4453a 2016-12-13 11:24:50.656390637 2620549 [56299.242406]   963  2916 D ThermaPlan->Batch: {"func":"Batch->add()","batch":{"what":"BATCH","start":249541608,"end":282059671,"flags":8,"flagsBinary":"1000","oldStart":248330836,"oldEnd":285305189}}
43424168-e44e-473a-bf12-dba8a4a4453a 2016-12-13 11:24:50.656390637 2620550 [56299.242710]   963  2916 D ThermaPlan->Batch: {"func":"Batch->add()","batch":{"what":"BATCH","start":249641515,"end":280795765,"flags":8,"flagsBinary":"1000","oldStart":249541608,"oldEnd":282059671}}
43424168-e44e-473a-bf12-dba8a4a4453a 2016-12-13 11:24:50.656390637 2620551 [56299.243056]   963  2916 D ThermaPlan->Batch: {"func":"Batch->add()","batch":{"what":"BATCH","start":258890727,"end":280795765,"flags":8,"flagsBinary":"1000","oldStart":249641515,"oldEnd":280795765}}
43424168-e44e-473a-bf12-dba8a4a4453a 2016-12-13 11:24:50.656390637 2620552 [56299.243367]   963  2916 D ThermaPlan->Batch: {"func":"Batch->add()","batch":{"what":"BATCH","start":259200000,"end":280795765,"flags":8,"flagsBinary":"1000","oldStart":258890727,"oldEnd":280795765}}
43424168-e44e-473a-bf12-dba8a4a4453a 2016-12-13 11:24:50.656390637 2620553 [56299.243665]   963  2916 D ThermaPlan->Batch: {"func":"Batch->add()","batch":{"what":"BATCH","start":259252542,"end":280795765,"flags":8,"flagsBinary":"1000","oldStart":259200000,"oldEnd":280795765}}
43424168-e44e-473a-bf12-dba8a4a4453a 2016-12-13 11:24:50.656390637 2620554 [56299.243975]   963  2916 D ThermaPlan->Batch: {"func":"Batch->add()","batch":{"what":"BATCH","start":259281310,"end":280795765,"flags":8,"flagsBinary":"1000","oldStart":259252542,"oldEnd":280795765}}
43424168-e44e-473a-bf12-dba8a4a4453a 2016-12-13 11:24:50.656390637 2620555 [56299.244301]   963  2916 D ThermaPlan->Batch: {"func":"Batch->add()","batch":{"what":"BATCH","start":259345161,"end":280795765,"flags":8,"flagsBinary":"1000","oldStart":259281310,"oldEnd":280795765}}
43424168-e44e-473a-bf12-dba8a4a4453a 2016-12-13 11:24:50.656390637 2620556 [56299.244631]   963  2916 D ThermaPlan->Batch: {"func":"Batch->add()","batch":{"what":"BATCH","start":259786618,"end":280795765,"flags":8,"flagsBinary":"1000","oldStart":259345161,"oldEnd":280795765}}
43424168-e44e-473a-bf12-dba8a4a4453a 2016-12-13 11:24:50.656390637 2620557 [56299.244932]   963  2916 D ThermaPlan->Batch: {"func":"Batch->add()","batch":{"what":"BATCH","start":261333689,"end":280795765,"flags":8,"flagsBinary":"1000","oldStart":259786618,"oldEnd":280795765}}
43424168-e44e-473a-bf12-dba8a4a4453a 2016-12-13 11:24:50.656390637 2620558 [56299.245238]   963  2916 D ThermaPlan->Batch: {"func":"Batch->add()","batch":{"what":"BATCH","start":270989138,"end":280795765,"flags":8,"flagsBinary":"1000","oldStart":261333689,"oldEnd":280795765}}
43424168-e44e-473a-bf12-dba8a4a4453a 2016-12-13 11:24:50.656390637 2620559 [56299.248879]   963  2916 D ThermaPlan->Batch: {"func":"Batch->add()","batch":{"what":"BATCH","start":292490680,"end":331748773,"flags":0,"flagsBinary":"0","oldStart":280825099,"oldEnd":331748773}}
43424168-e44e-473a-bf12-dba8a4a4453a 2016-12-13 11:24:50.656390637 2620560 [56299.249235]   963  2916 D ThermaPlan->Batch: {"func":"Batch->add()","batch":{"what":"BATCH","start":296563796,"end":331748773,"flags":0,"flagsBinary":"0","oldStart":292490680,"oldEnd":331748773}}
43424168-e44e-473a-bf12-dba8a4a4453a 2016-12-13 11:24:50.666390637 2620561 [56299.249600]   963  2916 D ThermaPlan->Batch: {"func":"Batch->add()","batch":{"what":"BATCH","start":299979531,"end":331748773,"flags":8,"flagsBinary":"1000","oldStart":296563796,"oldEnd":331748773}}
43424168-e44e-473a-bf12-dba8a4a4453a 2016-12-13 11:24:50.666390637 2620562 [56299.250150]   963  2916 D ThermaPlan->Batch: {"func":"Batch->add()","batch":{"what":"BATCH","start":605813325,"end":1058493260,"flags":0,"flagsBinary":"0","oldStart":604893262,"oldEnd":1058493260}}
43424168-e44e-473a-bf12-dba8a4a4453a 2016-12-13 11:24:50.666390637 2620563 [56299.250483]   963  2916 D ThermaPlan->Batch: {"func":"Batch->add()","batch":{"what":"BATCH","start":624143935,"end":992076404,"flags":0,"flagsBinary":"0","oldStart":605813325,"oldEnd":1058493260}}
43424168-e44e-473a-bf12-dba8a4a4453a 2016-12-13 11:24:50.666390637 2620564 [56299.250799]   963  2916 D ThermaPlan->Batch: {"func":"Batch->add()","batch":{"what":"BATCH","start":694490727,"end":992076404,"flags":0,"flagsBinary":"0","oldStart":624143935,"oldEnd":992076404}}
43424168-e44e-473a-bf12-dba8a4a4453a 2016-12-13 11:24:50.666390637 2620565 [56299.251318]   963  2916 D ThermaPlan->Batch: {"func":"Batch->add()","batch":{"what":"BATCH","start":701674709,"end":992076404,"flags":0,"flagsBinary":"0","oldStart":694490727,"oldEnd":992076404}}
43424168-e44e-473a-bf12-dba8a4a4453a 2016-12-13 11:24:50.666390637 2620566 [56299.252068]   963  2916 D ThermaPlan->Batch: {"func":"Batch->add()","batch":{"what":"BATCH","start":315360057206,"end":551880056972,"flags":0,"flagsBinary":"0","oldStart":315360056973,"oldEnd":551880056972}}
43424168-e44e-473a-bf12-dba8a4a4453a 2016-12-13 11:24:50.666390637 2620567 [56299.252375]   963  2916 D ThermaPlan->Batch: {"func":"Batch->add()","batch":{"what":"BATCH","start":315360057236,"end":551880056972,"flags":0,"flagsBinary":"0","oldStart":315360057206,"oldEnd":551880056972}}
43424168-e44e-473a-bf12-dba8a4a4453a 2016-12-13 11:24:50.666390637 2620568 [56299.252709]   963  2916 D ThermaPlan->Batch: {"func":"Batch->add()","batch":{"what":"BATCH","start":315360057240,"end":551880056972,"flags":0,"flagsBinary":"0","oldStart":315360057236,"oldEnd":551880056972}}
43424168-e44e-473a-bf12-dba8a4a4453a 2016-12-13 11:24:50.666390637 2620569 [56299.253018]   963  2916 D ThermaPlan->Batch: {"func":"Batch->add()","batch":{"what":"BATCH","start":315360057254,"end":551880056972,"flags":0,"flagsBinary":"0","oldStart":315360057240,"oldEnd":551880056972}}
43424168-e44e-473a-bf12-dba8a4a4453a 2016-12-13 11:24:50.666390637 2620570 [56299.253343]   963  2916 D ThermaPlan->Batch: {"func":"Batch->add()","batch":{"what":"BATCH","start":315360057257,"end":551880056972,"flags":0,"flagsBinary":"0","oldStart":315360057254,"oldEnd":551880056972}}
43424168-e44e-473a-bf12-dba8a4a4453a 2016-12-13 11:24:50.666390637 2620571 [56299.253660]   963  2916 D ThermaPlan->Batch: {"func":"Batch->add()","batch":{"what":"BATCH","start":315360057259,"end":551880056972,"flags":0,"flagsBinary":"0","oldStart":315360057257,"oldEnd":551880056972}}
43424168-e44e-473a-bf12-dba8a4a4453a 2016-12-13 11:24:50.666390637 2620572 [56299.253974]   963  2916 D ThermaPlan->Batch: {"func":"Batch->add()","batch":{"what":"BATCH","start":315360094195,"end":551880056972,"flags":0,"flagsBinary":"0","oldStart":315360057259,"oldEnd":551880056972}}
43424168-e44e-473a-bf12-dba8a4a4453a 2016-12-13 11:24:50.666390637 2620573 [56299.254310]   963  2916 D ThermaPlan->Batch: {"func":"Batch->add()","batch":{"what":"BATCH","start":315360113203,"end":551880056972,"flags":0,"flagsBinary":"0","oldStart":315360094195,"oldEnd":551880056972}}
43424168-e44e-473a-bf12-dba8a4a4453a 2016-12-13 11:24:50.666390637 2620574 [56299.254625]   963  2916 D ThermaPlan->Batch: {"func":"Batch->add()","batch":{"what":"BATCH","start":315399259724,"end":551880056972,"flags":0,"flagsBinary":"0","oldStart":315360113203,"oldEnd":551880056972}}
43424168-e44e-473a-bf12-dba8a4a4453a 2016-12-13 11:24:50.666390637 2620575 [56299.254945]   963  2916 D ThermaPlan->Batch: {"func":"Batch->add()","batch":{"what":"BATCH","start":315399259747,"end":551880056972,"flags":0,"flagsBinary":"0","oldStart":315399259724,"oldEnd":551880056972}}
43424168-e44e-473a-bf12-dba8a4a4453a 2016-12-13 11:24:50.666390637 2620576 [56299.255263]   963  2916 D ThermaPlan->Batch: {"func":"Batch->add()","batch":{"what":"BATCH","start":315572926898,"end":551880056972,"flags":0,"flagsBinary":"0","oldStart":315399259747,"oldEnd":551880056972}}
43424168-e44e-473a-bf12-dba8a4a4453a 2016-12-13 11:24:50.666390637 2620577 [56299.257534]   963  2916 D ThermaPlan->AlarmManagerService: {"func":"AlarmManagerService->mService->set","pid":963,"uid":1000,"flagsBinary":"1001","flags":9,"type":2,"triggerAtTime":213599404,"nowELAPSED":213581404,"rtc":1481646290677,"windowLength":0,"interval":0,"creatorPkg":"android","targetPkg":"android"}
43424168-e44e-473a-bf12-dba8a4a4453a 2016-12-13 11:24:50.666390637 2620578 [56299.258291]   963  2916 D DhcpClient: Broadcasting DHCPREQUEST ciaddr=0.0.0.0 request=192.168.1.110 serverid=192.168.1.1
43424168-e44e-473a-bf12-dba8a4a4453a 2016-12-13 11:24:50.666390637 2620579 [56299.258748]   963  2916 D ThermaPlan->AlarmManagerService: {"func":"AlarmManagerService->mService->set","pid":963,"uid":1000,"flagsBinary":"1001","flags":9,"type":2,"triggerAtTime":213583602,"nowELAPSED":213581406,"rtc":1481646290679,"windowLength":0,"interval":0,"creatorPkg":"android","targetPkg":"android"}
43424168-e44e-473a-bf12-dba8a4a4453a 2016-12-13 11:24:50.676390637 2620580 [56299.263676]   963 29764 D DhcpClient: Received packet: 5c:51:88:ac:9d:f0 ACK: your new IP /192.168.1.110, netmask /255.255.255.0, gateways [/192.168.1.1] DNS servers: /192.168.1.1 , lease time 7200
43424168-e44e-473a-bf12-dba8a4a4453a 2016-12-13 11:24:50.676390637 2620581 [56299.264348]   963  2916 D DhcpClient: Confirmed lease: IP address 192.168.1.110/24 Gateway 192.168.1.1  DNS servers: [ 192.168.1.1 ] Domainslan DHCP server /192.168.1.1 Vendor info null lease 7200 seconds
43424168-e44e-473a-bf12-dba8a4a4453a 2016-12-13 11:24:50.676390637 2620582 [56299.266239]   963  2916 D ThermaPlan->Batch: {"func":"Batch->add()","batch":{"what":"BATCH","start":213650727,"end":213684887,"flags":0,"flagsBinary":"0","oldStart":213639889,"oldEnd":213684887}}
43424168-e44e-473a-bf12-dba8a4a4453a 2016-12-13 11:24:50.676390637 2620583 [56299.266912]   963  2916 D ThermaPlan->Batch: {"func":"Batch->add()","batch":{"what":"BATCH","start":213711754,"end":213730771,"flags":8,"flagsBinary":"1000","oldStart":213700771,"oldEnd":213730771}}
43424168-e44e-473a-bf12-dba8a4a4453a 2016-12-13 11:24:50.676390637 2620584 [56299.267385]   963  2916 D ThermaPlan->Batch: {"func":"Batch->add()","batch":{"what":"BATCH","start":213831840,"end":213863004,"flags":0,"flagsBinary":"0","oldStart":213741687,"oldEnd":213863004}}
43424168-e44e-473a-bf12-dba8a4a4453a 2016-12-13 11:24:50.676390637 2620585 [56299.268826]   963  2916 D ThermaPlan->Batch: {"func":"Batch->add()","batch":{"what":"BATCH","start":214276095,"end":214951095,"flags":8,"flagsBinary":"1000","oldStart":214251322,"oldEnd":215601322}}
43424168-e44e-473a-bf12-dba8a4a4453a 2016-12-13 11:24:50.676390637 2620586 [56299.269135]   963  2916 D ThermaPlan->Batch: {"func":"Batch->add()","batch":{"what":"BATCH","start":214278171,"end":214951095,"flags":8,"flagsBinary":"1000","oldStart":214276095,"oldEnd":214951095}}
43424168-e44e-473a-bf12-dba8a4a4453a 2016-12-13 11:24:50.686390637 2620587 [56299.269526]   963  2916 D ThermaPlan->Batch: {"func":"Batch->add()","batch":{"what":"BATCH","start":214278914,"end":214951095,"flags":8,"flagsBinary":"1000","oldStart":214278171,"oldEnd":214951095}}
43424168-e44e-473a-bf12-dba8a4a4453a 2016-12-13 11:24:50.686390637 2620588 [56299.269822]   963  2916 D ThermaPlan->Batch: {"func":"Batch->add()","batch":{"what":"BATCH","start":214278988,"end":214951095,"flags":8,"flagsBinary":"1000","oldStart":214278914,"oldEnd":214951095}}
43424168-e44e-473a-bf12-dba8a4a4453a 2016-12-13 11:24:50.686390637 2620589 [56299.270134]   963  2916 D ThermaPlan->Batch: {"func":"Batch->add()","batch":{"what":"BATCH","start":214281415,"end":214951095,"flags":8,"flagsBinary":"1000","oldStart":214278988,"oldEnd":214951095}}
43424168-e44e-473a-bf12-dba8a4a4453a 2016-12-13 11:24:50.686390637 2620590 [56299.270452]   963  2916 D ThermaPlan->Batch: {"func":"Batch->add()","batch":{"what":"BATCH","start":214281680,"end":214951095,"flags":8,"flagsBinary":"1000","oldStart":214281415,"oldEnd":214951095}}
43424168-e44e-473a-bf12-dba8a4a4453a 2016-12-13 11:24:50.686390637 2620591 [56299.270761]   963  2916 D ThermaPlan->Batch: {"func":"Batch->add()","batch":{"what":"BATCH","start":214282094,"end":214951095,"flags":8,"flagsBinary":"1000","oldStart":214281680,"oldEnd":214951095}}
43424168-e44e-473a-bf12-dba8a4a4453a 2016-12-13 11:24:50.686390637 2620592 [56299.271049]   963  2916 D ThermaPlan->Batch: {"func":"Batch->add()","batch":{"what":"BATCH","start":214282211,"end":214951095,"flags":8,"flagsBinary":"1000","oldStart":214282094,"oldEnd":214951095}}
43424168-e44e-473a-bf12-dba8a4a4453a 2016-12-13 11:24:50.686390637 2620593 [56299.271355]   963  2916 D ThermaPlan->Batch: {"func":"Batch->add()","batch":{"what":"BATCH","start":214282485,"end":214951095,"flags":8,"flagsBinary":"1000","oldStart":214282211,"oldEnd":214951095}}
43424168-e44e-473a-bf12-dba8a4a4453a 2016-12-13 11:24:50.686390637 2620594 [56299.271655]   963  2916 D ThermaPlan->Batch: {"func":"Batch->add()","batch":{"what":"BATCH","start":214294563,"end":214951095,"flags":8,"flagsBinary":"1000","oldStart":214282485,"oldEnd":214951095}}
43424168-e44e-473a-bf12-dba8a4a4453a 2016-12-13 11:24:50.686390637 2620595 [56299.271969]   963  2916 D ThermaPlan->Batch: {"func":"Batch->add()","batch":{"what":"BATCH","start":214733822,"end":214951095,"flags":8,"flagsBinary":"1000","oldStart":214294563,"oldEnd":214951095}}
43424168-e44e-473a-bf12-dba8a4a4453a 2016-12-13 11:24:50.686390637 2620596 [56299.272291]   963  2916 D ThermaPlan->Batch: {"func":"Batch->add()","batch":{"what":"BATCH","start":214750705,"end":214951095,"flags":8,"flagsBinary":"1000","oldStart":214733822,"oldEnd":214951095}}
43424168-e44e-473a-bf12-dba8a4a4453a 2016-12-13 11:24:50.686390637 2620597 [56299.274576]   963  2916 D ThermaPlan->Batch: {"func":"Batch->add()","batch":{"what":"BATCH","start":215759162,"end":219062073,"flags":8,"flagsBinary":"1000","oldStart":215226149,"oldEnd":219062073}}
43424168-e44e-473a-bf12-dba8a4a4453a 2016-12-13 11:24:50.686390637 2620598 [56299.274899]   963  2916 D ThermaPlan->Batch: {"func":"Batch->add()","batch":{"what":"BATCH","start":216082518,"end":218782518,"flags":8,"flagsBinary":"1000","oldStart":215759162,"oldEnd":219062073}}
43424168-e44e-473a-bf12-dba8a4a4453a 2016-12-13 11:24:50.686390637 2620599 [56299.275220]   963  2916 D ThermaPlan->Batch: {"func":"Batch->add()","batch":{"what":"BATCH","start":216144078,"end":218782518,"flags":8,"flagsBinary":"1000","oldStart":216082518,"oldEnd":218782518}}
43424168-e44e-473a-bf12-dba8a4a4453a 2016-12-13 11:24:50.686390637 2620600 [56299.275510]   963  2916 D ThermaPlan->Batch: {"func":"Batch->add()","batch":{"what":"BATCH","start":216526830,"end":218782518,"flags":8,"flagsBinary":"1000","oldStart":216144078,"oldEnd":218782518}}
43424168-e44e-473a-bf12-dba8a4a4453a 2016-12-13 11:24:50.686390637 2620601 [56299.275817]   963  2916 D ThermaPlan->Batch: {"func":"Batch->add()","batch":{"what":"BATCH","start":217737182,"end":218037182,"flags":8,"flagsBinary":"1000","oldStart":216526830,"oldEnd":218782518}}
43424168-e44e-473a-bf12-dba8a4a4453a 2016-12-13 11:24:50.686390637 2620602 [56299.276329]   963  2916 D ThermaPlan->Batch: {"func":"Batch->add()","batch":{"what":"BATCH","start":220150599,"end":224060131,"flags":0,"flagsBinary":"0","oldStart":219290727,"oldEnd":224060131}}
43424168-e44e-473a-bf12-dba8a4a4453a 2016-12-13 11:24:50.686390637 2620603 [56299.276638]   963  2916 D ThermaPlan->Batch: {"func":"Batch->add()","batch":{"what":"BATCH","start":220380550,"end":224060131,"flags":0,"flagsBinary":"0","oldStart":220150599,"oldEnd":224060131}}
43424168-e44e-473a-bf12-dba8a4a4453a 2016-12-13 11:24:50.686390637 2620604 [56299.277332]   963  2916 D ThermaPlan->Batch: {"func":"Batch->add()","batch":{"what":"BATCH","start":228290727,"end":239324426,"flags":0,"flagsBinary":"0","oldStart":224222674,"oldEnd":240422669}}
43424168-e44e-473a-bf12-dba8a4a4453a 2016-12-13 11:24:50.686390637 2620605 [56299.277617]   963  2916 D ThermaPlan->Batch: {"func":"Batch->add()","batch":{"what":"BATCH","start":230499939,"end":239324426,"flags":0,"flagsBinary":"0","oldStart":228290727,"oldEnd":239324426}}
43424168-e44e-473a-bf12-dba8a4a4453a 2016-12-13 11:24:50.686390637 2620606 [56299.277956]   963  2916 D ThermaPlan->Batch: {"func":"Batch->add()","batch":{"what":"BATCH","start":231188198,"end":239324426,"flags":0,"flagsBinary":"0","oldStart":230499939,"oldEnd":239324426}}
43424168-e44e-473a-bf12-dba8a4a4453a 2016-12-13 11:24:50.686390637 2620607 [56299.278271]   963  2916 D ThermaPlan->Batch: {"func":"Batch->add()","batch":{"what":"BATCH","start":231548284,"end":239324426,"flags":0,"flagsBinary":"0","oldStart":231188198,"oldEnd":239324426}}
43424168-e44e-473a-bf12-dba8a4a4453a 2016-12-13 11:24:50.696390637 2620608 [56299.280138]   963  2916 D ThermaPlan->Batch: {"func":"Batch->add()","batch":{"what":"BATCH","start":248330836,"end":285305189,"flags":8,"flagsBinary":"1000","oldStart":240305189,"oldEnd":285305189}}
43424168-e44e-473a-bf12-dba8a4a4453a 2016-12-13 11:24:50.696390637 2620609 [56299.280447]   963  2916 D ThermaPlan->Batch: {"func":"Batch->add()","batch":{"what":"BATCH","start":249541608,"end":282059671,"flags":8,"flagsBinary":"1000","oldStart":248330836,"oldEnd":285305189}}
43424168-e44e-473a-bf12-dba8a4a4453a 2016-12-13 11:24:50.696390637 2620610 [56299.280785]   963  2916 D ThermaPlan->Batch: {"func":"Batch->add()","batch":{"what":"BATCH","start":249641515,"end":280795765,"flags":8,"flagsBinary":"1000","oldStart":249541608,"oldEnd":282059671}}
43424168-e44e-473a-bf12-dba8a4a4453a 2016-12-13 11:24:50.696390637 2620611 [56299.281105]   963  2916 D ThermaPlan->Batch: {"func":"Batch->add()","batch":{"what":"BATCH","start":258890727,"end":280795765,"flags":8,"flagsBinary":"1000","oldStart":249641515,"oldEnd":280795765}}
43424168-e44e-473a-bf12-dba8a4a4453a 2016-12-13 11:24:50.696390637 2620612 [56299.281404]   963  2916 D ThermaPlan->Batch: {"func":"Batch->add()","batch":{"what":"BATCH","start":259200000,"end":280795765,"flags":8,"flagsBinary":"1000","oldStart":258890727,"oldEnd":280795765}}
43424168-e44e-473a-bf12-dba8a4a4453a 2016-12-13 11:24:50.696390637 2620613 [56299.281710]   963  2916 D ThermaPlan->Batch: {"func":"Batch->add()","batch":{"what":"BATCH","start":259252542,"end":280795765,"flags":8,"flagsBinary":"1000","oldStart":259200000,"oldEnd":280795765}}
43424168-e44e-473a-bf12-dba8a4a4453a 2016-12-13 11:24:50.696390637 2620614 [56299.282012]   963  2916 D ThermaPlan->Batch: {"func":"Batch->add()","batch":{"what":"BATCH","start":259281310,"end":280795765,"flags":8,"flagsBinary":"1000","oldStart":259252542,"oldEnd":280795765}}
43424168-e44e-473a-bf12-dba8a4a4453a 2016-12-13 11:24:50.696390637 2620615 [56299.282331]   963  2916 D ThermaPlan->Batch: {"func":"Batch->add()","batch":{"what":"BATCH","start":259345161,"end":280795765,"flags":8,"flagsBinary":"1000","oldStart":259281310,"oldEnd":280795765}}
43424168-e44e-473a-bf12-dba8a4a4453a 2016-12-13 11:24:50.696390637 2620616 [56299.282628]   963  2916 D ThermaPlan->Batch: {"func":"Batch->add()","batch":{"what":"BATCH","start":259786618,"end":280795765,"flags":8,"flagsBinary":"1000","oldStart":259345161,"oldEnd":280795765}}
43424168-e44e-473a-bf12-dba8a4a4453a 2016-12-13 11:24:50.696390637 2620617 [56299.282952]   963  2916 D ThermaPlan->Batch: {"func":"Batch->add()","batch":{"what":"BATCH","start":261333689,"end":280795765,"flags":8,"flagsBinary":"1000","oldStart":259786618,"oldEnd":280795765}}
43424168-e44e-473a-bf12-dba8a4a4453a 2016-12-13 11:24:50.696390637 2620618 [56299.283273]   963  2916 D ThermaPlan->Batch: {"func":"Batch->add()","batch":{"what":"BATCH","start":270989138,"end":280795765,"flags":8,"flagsBinary":"1000","oldStart":261333689,"oldEnd":280795765}}
43424168-e44e-473a-bf12-dba8a4a4453a 2016-12-13 11:24:50.696390637 2620619 [56299.286851]   963  2916 D ThermaPlan->Batch: {"func":"Batch->add()","batch":{"what":"BATCH","start":292490680,"end":331748773,"flags":0,"flagsBinary":"0","oldStart":280825099,"oldEnd":331748773}}
43424168-e44e-473a-bf12-dba8a4a4453a 2016-12-13 11:24:50.696390637 2620620 [56299.287185]   963  2916 D ThermaPlan->Batch: {"func":"Batch->add()","batch":{"what":"BATCH","start":296563796,"end":331748773,"flags":0,"flagsBinary":"0","oldStart":292490680,"oldEnd":331748773}}
43424168-e44e-473a-bf12-dba8a4a4453a 2016-12-13 11:24:50.696390637 2620621 [56299.287525]   963  2916 D ThermaPlan->Batch: {"func":"Batch->add()","batch":{"what":"BATCH","start":299979531,"end":331748773,"flags":8,"flagsBinary":"1000","oldStart":296563796,"oldEnd":331748773}}
43424168-e44e-473a-bf12-dba8a4a4453a 2016-12-13 11:24:50.696390637 2620622 [56299.288058]   963  2916 D ThermaPlan->Batch: {"func":"Batch->add()","batch":{"what":"BATCH","start":605813325,"end":1058493260,"flags":0,"flagsBinary":"0","oldStart":604893262,"oldEnd":1058493260}}
43424168-e44e-473a-bf12-dba8a4a4453a 2016-12-13 11:24:50.696390637 2620623 [56299.288364]   963  2916 D ThermaPlan->Batch: {"func":"Batch->add()","batch":{"what":"BATCH","start":624143935,"end":992076404,"flags":0,"flagsBinary":"0","oldStart":605813325,"oldEnd":1058493260}}
43424168-e44e-473a-bf12-dba8a4a4453a 2016-12-13 11:24:50.696390637 2620624 [56299.288657]   963  2916 D ThermaPlan->Batch: {"func":"Batch->add()","batch":{"what":"BATCH","start":694490728,"end":992076404,"flags":0,"flagsBinary":"0","oldStart":624143935,"oldEnd":992076404}}
43424168-e44e-473a-bf12-dba8a4a4453a 2016-12-13 11:24:50.696390637 2620625 [56299.289170]   963  2916 D ThermaPlan->Batch: {"func":"Batch->add()","batch":{"what":"BATCH","start":701674709,"end":992076404,"flags":0,"flagsBinary":"0","oldStart":694490728,"oldEnd":992076404}}
43424168-e44e-473a-bf12-dba8a4a4453a 2016-12-13 11:24:50.706390637 2620626 [56299.289747]   388   388 D Kernel-Trace:      kworker/0:4-27226 [000] ...1 56299.199728: thermal_temp: sensor_id=5 temp=33
43424168-e44e-473a-bf12-dba8a4a4453a 2016-12-13 11:24:50.706390637 2620627 [56299.289780]   388   388 D Kernel-Trace:     kworker/3:2H-12900 [003] ...1 56299.231042: cpu_frequency: state=1497600 cpu_id=3
43424168-e44e-473a-bf12-dba8a4a4453a 2016-12-13 11:24:50.706390637 2620628 [56299.289998]   963  2916 D ThermaPlan->Batch: {"func":"Batch->add()","batch":{"what":"BATCH","start":315360057206,"end":551880056972,"flags":0,"flagsBinary":"0","oldStart":315360056973,"oldEnd":551880056972}}
43424168-e44e-473a-bf12-dba8a4a4453a 2016-12-13 11:24:50.706390637 2620629 [56299.290329]   963  2916 D ThermaPlan->Batch: {"func":"Batch->add()","batch":{"what":"BATCH","start":315360057236,"end":551880056972,"flags":0,"flagsBinary":"0","oldStart":315360057206,"oldEnd":551880056972}}
43424168-e44e-473a-bf12-dba8a4a4453a 2016-12-13 11:24:50.706390637 2620630 [56299.290658]   963  2916 D ThermaPlan->Batch: {"func":"Batch->add()","batch":{"what":"BATCH","start":315360057240,"end":551880056972,"flags":0,"flagsBinary":"0","oldStart":315360057236,"oldEnd":551880056972}}
43424168-e44e-473a-bf12-dba8a4a4453a 2016-12-13 11:24:50.706390637 2620631 [56299.290979]   963  2916 D ThermaPlan->Batch: {"func":"Batch->add()","batch":{"what":"BATCH","start":315360057254,"end":551880056972,"flags":0,"flagsBinary":"0","oldStart":315360057240,"oldEnd":551880056972}}
43424168-e44e-473a-bf12-dba8a4a4453a 2016-12-13 11:24:50.706390637 2620632 [56299.291288]   963  2916 D ThermaPlan->Batch: {"func":"Batch->add()","batch":{"what":"BATCH","start":315360057257,"end":551880056972,"flags":0,"flagsBinary":"0","oldStart":315360057254,"oldEnd":551880056972}}
43424168-e44e-473a-bf12-dba8a4a4453a 2016-12-13 11:24:50.706390637 2620633 [56299.291600]   963  2916 D ThermaPlan->Batch: {"func":"Batch->add()","batch":{"what":"BATCH","start":315360057259,"end":551880056972,"flags":0,"flagsBinary":"0","oldStart":315360057257,"oldEnd":551880056972}}
43424168-e44e-473a-bf12-dba8a4a4453a 2016-12-13 11:24:50.706390637 2620634 [56299.291912]   963  2916 D ThermaPlan->Batch: {"func":"Batch->add()","batch":{"what":"BATCH","start":315360094195,"end":551880056972,"flags":0,"flagsBinary":"0","oldStart":315360057259,"oldEnd":551880056972}}
43424168-e44e-473a-bf12-dba8a4a4453a 2016-12-13 11:24:50.706390637 2620635 [56299.292229]   963  2916 D ThermaPlan->Batch: {"func":"Batch->add()","batch":{"what":"BATCH","start":315360113203,"end":551880056972,"flags":0,"flagsBinary":"0","oldStart":315360094195,"oldEnd":551880056972}}
43424168-e44e-473a-bf12-dba8a4a4453a 2016-12-13 11:24:50.706390637 2620636 [56299.292539]   963  2916 D ThermaPlan->Batch: {"func":"Batch->add()","batch":{"what":"BATCH","start":315399259724,"end":551880056972,"flags":0,"flagsBinary":"0","oldStart":315360113203,"oldEnd":551880056972}}
43424168-e44e-473a-bf12-dba8a4a4453a 2016-12-13 11:24:50.706390637 2620637 [56299.292863]   963  2916 D ThermaPlan->Batch: {"func":"Batch->add()","batch":{"what":"BATCH","start":315399259747,"end":551880056972,"flags":0,"flagsBinary":"0","oldStart":315399259724,"oldEnd":551880056972}}
43424168-e44e-473a-bf12-dba8a4a4453a 2016-12-13 11:24:50.706390637 2620638 [56299.293192]   963  2916 D ThermaPlan->Batch: {"func":"Batch->add()","batch":{"what":"BATCH","start":315572926898,"end":551880056972,"flags":0,"flagsBinary":"0","oldStart":315399259747,"oldEnd":551880056972}}
43424168-e44e-473a-bf12-dba8a4a4453a 2016-12-13 11:24:50.706390637 2620639 [56299.296602]   963  2916 D ThermaPlan->Batch: {"func":"Batch->add()","batch":{"what":"BATCH","start":213650728,"end":213684887,"flags":0,"flagsBinary":"0","oldStart":213639889,"oldEnd":213684887}}
43424168-e44e-473a-bf12-dba8a4a4453a 2016-12-13 11:24:50.706390637 2620640 [56299.297289]   963  2916 D ThermaPlan->Batch: {"func":"Batch->add()","batch":{"what":"BATCH","start":213711754,"end":213730771,"flags":8,"flagsBinary":"1000","oldStart":213700771,"oldEnd":213730771}}
43424168-e44e-473a-bf12-dba8a4a4453a 2016-12-13 11:24:50.706390637 2620641 [56299.297763]   963  2916 D ThermaPlan->Batch: {"func":"Batch->add()","batch":{"what":"BATCH","start":213831840,"end":213863004,"flags":0,"flagsBinary":"0","oldStart":213741687,"oldEnd":213863004}}
43424168-e44e-473a-bf12-dba8a4a4453a 2016-12-13 11:24:50.706390637 2620642 [56299.299156]   963  2916 D ThermaPlan->Batch: {"func":"Batch->add()","batch":{"what":"BATCH","start":214276095,"end":214951095,"flags":8,"flagsBinary":"1000","oldStart":214251322,"oldEnd":215601322}}
43424168-e44e-473a-bf12-dba8a4a4453a 2016-12-13 11:24:50.716390637 2620643 [56299.299523]   963  2916 D ThermaPlan->Batch: {"func":"Batch->add()","batch":{"what":"BATCH","start":214278171,"end":214951095,"flags":8,"flagsBinary":"1000","oldStart":214276095,"oldEnd":214951095}}
43424168-e44e-473a-bf12-dba8a4a4453a 2016-12-13 11:24:50.716390637 2620644 [56299.299841]   963  2916 D ThermaPlan->Batch: {"func":"Batch->add()","batch":{"what":"BATCH","start":214278914,"end":214951095,"flags":8,"flagsBinary":"1000","oldStart":214278171,"oldEnd":214951095}}
43424168-e44e-473a-bf12-dba8a4a4453a 2016-12-13 11:24:50.716390637 2620645 [56299.300157]   963  2916 D ThermaPlan->Batch: {"func":"Batch->add()","batch":{"what":"BATCH","start":214278988,"end":214951095,"flags":8,"flagsBinary":"1000","oldStart":214278914,"oldEnd":214951095}}
43424168-e44e-473a-bf12-dba8a4a4453a 2016-12-13 11:24:50.716390637 2620646 [56299.300451]   963  2916 D ThermaPlan->Batch: {"func":"Batch->add()","batch":{"what":"BATCH","start":214281415,"end":214951095,"flags":8,"flagsBinary":"1000","oldStart":214278988,"oldEnd":214951095}}
43424168-e44e-473a-bf12-dba8a4a4453a 2016-12-13 11:24:50.716390637 2620647 [56299.300753]   963  2916 D ThermaPlan->Batch: {"func":"Batch->add()","batch":{"what":"BATCH","start":214281680,"end":214951095,"flags":8,"flagsBinary":"1000","oldStart":214281415,"oldEnd":214951095}}
43424168-e44e-473a-bf12-dba8a4a4453a 2016-12-13 11:24:50.716390637 2620648 [56299.301042]   963  2916 D ThermaPlan->Batch: {"func":"Batch->add()","batch":{"what":"BATCH","start":214282094,"end":214951095,"flags":8,"flagsBinary":"1000","oldStart":214281680,"oldEnd":214951095}}
43424168-e44e-473a-bf12-dba8a4a4453a 2016-12-13 11:24:50.716390637 2620649 [56299.301356]   963  2916 D ThermaPlan->Batch: {"func":"Batch->add()","batch":{"what":"BATCH","start":214282211,"end":214951095,"flags":8,"flagsBinary":"1000","oldStart":214282094,"oldEnd":214951095}}
43424168-e44e-473a-bf12-dba8a4a4453a 2016-12-13 11:24:50.716390637 2620650 [56299.301660]   963  2916 D ThermaPlan->Batch: {"func":"Batch->add()","batch":{"what":"BATCH","start":214282485,"end":214951095,"flags":8,"flagsBinary":"1000","oldStart":214282211,"oldEnd":214951095}}
43424168-e44e-473a-bf12-dba8a4a4453a 2016-12-13 11:24:50.716390637 2620651 [56299.301969]   963  2916 D ThermaPlan->Batch: {"func":"Batch->add()","batch":{"what":"BATCH","start":214294563,"end":214951095,"flags":8,"flagsBinary":"1000","oldStart":214282485,"oldEnd":214951095}}
43424168-e44e-473a-bf12-dba8a4a4453a 2016-12-13 11:24:50.716390637 2620652 [56299.302297]   963  2916 D ThermaPlan->Batch: {"func":"Batch->add()","batch":{"what":"BATCH","start":214733822,"end":214951095,"flags":8,"flagsBinary":"1000","oldStart":214294563,"oldEnd":214951095}}
43424168-e44e-473a-bf12-dba8a4a4453a 2016-12-13 11:24:50.716390637 2620653 [56299.302651]   963  2916 D ThermaPlan->Batch: {"func":"Batch->add()","batch":{"what":"BATCH","start":214750706,"end":214951095,"flags":8,"flagsBinary":"1000","oldStart":214733822,"oldEnd":214951095}}
43424168-e44e-473a-bf12-dba8a4a4453a 2016-12-13 11:24:50.716390637 2620654 [56299.304914]   963  2916 D ThermaPlan->Batch: {"func":"Batch->add()","batch":{"what":"BATCH","start":215759161,"end":219062073,"flags":8,"flagsBinary":"1000","oldStart":215226149,"oldEnd":219062073}}
43424168-e44e-473a-bf12-dba8a4a4453a 2016-12-13 11:24:50.716390637 2620655 [56299.305225]   963  2916 D ThermaPlan->Batch: {"func":"Batch->add()","batch":{"what":"BATCH","start":216082518,"end":218782518,"flags":8,"flagsBinary":"1000","oldStart":215759161,"oldEnd":219062073}}
43424168-e44e-473a-bf12-dba8a4a4453a 2016-12-13 11:24:50.716390637 2620656 [56299.305540]   963  2916 D ThermaPlan->Batch: {"func":"Batch->add()","batch":{"what":"BATCH","start":216144078,"end":218782518,"flags":8,"flagsBinary":"1000","oldStart":216082518,"oldEnd":218782518}}
43424168-e44e-473a-bf12-dba8a4a4453a 2016-12-13 11:24:50.716390637 2620657 [56299.305826]   963  2916 D ThermaPlan->Batch: {"func":"Batch->add()","batch":{"what":"BATCH","start":216526830,"end":218782518,"flags":8,"flagsBinary":"1000","oldStart":216144078,"oldEnd":218782518}}
43424168-e44e-473a-bf12-dba8a4a4453a 2016-12-13 11:24:50.716390637 2620658 [56299.306127]   963  2916 D ThermaPlan->Batch: {"func":"Batch->add()","batch":{"what":"BATCH","start":217737182,"end":218037182,"flags":8,"flagsBinary":"1000","oldStart":216526830,"oldEnd":218782518}}
43424168-e44e-473a-bf12-dba8a4a4453a 2016-12-13 11:24:50.716390637 2620659 [56299.306630]   963  2916 D ThermaPlan->Batch: {"func":"Batch->add()","batch":{"what":"BATCH","start":220150600,"end":224060131,"flags":0,"flagsBinary":"0","oldStart":219290727,"oldEnd":224060131}}
43424168-e44e-473a-bf12-dba8a4a4453a 2016-12-13 11:24:50.716390637 2620660 [56299.306945]   963  2916 D ThermaPlan->Batch: {"func":"Batch->add()","batch":{"what":"BATCH","start":220380550,"end":224060131,"flags":0,"flagsBinary":"0","oldStart":220150600,"oldEnd":224060131}}
43424168-e44e-473a-bf12-dba8a4a4453a 2016-12-13 11:24:50.716390637 2620661 [56299.307635]   963  2916 D ThermaPlan->Batch: {"func":"Batch->add()","batch":{"what":"BATCH","start":228290727,"end":239324426,"flags":0,"flagsBinary":"0","oldStart":224222674,"oldEnd":240422669}}
43424168-e44e-473a-bf12-dba8a4a4453a 2016-12-13 11:24:50.716390637 2620662 [56299.307929]   963  2916 D ThermaPlan->Batch: {"func":"Batch->add()","batch":{"what":"BATCH","start":230499939,"end":239324426,"flags":0,"flagsBinary":"0","oldStart":228290727,"oldEnd":239324426}}
43424168-e44e-473a-bf12-dba8a4a4453a 2016-12-13 11:24:50.716390637 2620663 [56299.308242]   963  2916 D ThermaPlan->Batch: {"func":"Batch->add()","batch":{"what":"BATCH","start":231188198,"end":239324426,"flags":0,"flagsBinary":"0","oldStart":230499939,"oldEnd":239324426}}
43424168-e44e-473a-bf12-dba8a4a4453a 2016-12-13 11:24:50.716390637 2620664 [56299.308545]   963  2916 D ThermaPlan->Batch: {"func":"Batch->add()","batch":{"what":"BATCH","start":231548285,"end":239324426,"flags":0,"flagsBinary":"0","oldStart":231188198,"oldEnd":239324426}}
43424168-e44e-473a-bf12-dba8a4a4453a 2016-12-13 11:24:50.726390637 2620665 [56299.311349]   963  2916 D ThermaPlan->Batch: {"func":"Batch->add()","batch":{"what":"BATCH","start":248330836,"end":285305189,"flags":8,"flagsBinary":"1000","oldStart":240305189,"oldEnd":285305189}}
43424168-e44e-473a-bf12-dba8a4a4453a 2016-12-13 11:24:50.726390637 2620666 [56299.311569]   963  2916 D ThermaPlan->Batch: {"func":"Batch->add()","batch":{"what":"BATCH","start":249541608,"end":282059671,"flags":8,"flagsBinary":"1000","oldStart":248330836,"oldEnd":285305189}}
43424168-e44e-473a-bf12-dba8a4a4453a 2016-12-13 11:24:50.726390637 2620667 [56299.311790]   963  2916 D ThermaPlan->Batch: {"func":"Batch->add()","batch":{"what":"BATCH","start":249641515,"end":280795765,"flags":8,"flagsBinary":"1000","oldStart":249541608,"oldEnd":282059671}}
43424168-e44e-473a-bf12-dba8a4a4453a 2016-12-13 11:24:50.726390637 2620668 [56299.312013]   963  2916 D ThermaPlan->Batch: {"func":"Batch->add()","batch":{"what":"BATCH","start":258890727,"end":280795765,"flags":8,"flagsBinary":"1000","oldStart":249641515,"oldEnd":280795765}}
43424168-e44e-473a-bf12-dba8a4a4453a 2016-12-13 11:24:50.726390637 2620669 [56299.312229]   963  2916 D ThermaPlan->Batch: {"func":"Batch->add()","batch":{"what":"BATCH","start":259200000,"end":280795765,"flags":8,"flagsBinary":"1000","oldStart":258890727,"oldEnd":280795765}}
43424168-e44e-473a-bf12-dba8a4a4453a 2016-12-13 11:24:50.726390637 2620670 [56299.312432]   963  2916 D ThermaPlan->Batch: {"func":"Batch->add()","batch":{"what":"BATCH","start":259252542,"end":280795765,"flags":8,"flagsBinary":"1000","oldStart":259200000,"oldEnd":280795765}}
43424168-e44e-473a-bf12-dba8a4a4453a 2016-12-13 11:24:50.726390637 2620671 [56299.312626]   963  2916 D ThermaPlan->Batch: {"func":"Batch->add()","batch":{"what":"BATCH","start":259281310,"end":280795765,"flags":8,"flagsBinary":"1000","oldStart":259252542,"oldEnd":280795765}}
43424168-e44e-473a-bf12-dba8a4a4453a 2016-12-13 11:24:50.726390637 2620672 [56299.312838]   963  2916 D ThermaPlan->Batch: {"func":"Batch->add()","batch":{"what":"BATCH","start":259345161,"end":280795765,"flags":8,"flagsBinary":"1000","oldStart":259281310,"oldEnd":280795765}}
43424168-e44e-473a-bf12-dba8a4a4453a 2016-12-13 11:24:50.726390637 2620673 [56299.313068]   963  2916 D ThermaPlan->Batch: {"func":"Batch->add()","batch":{"what":"BATCH","start":259786617,"end":280795765,"flags":8,"flagsBinary":"1000","oldStart":259345161,"oldEnd":280795765}}
43424168-e44e-473a-bf12-dba8a4a4453a 2016-12-13 11:24:50.726390637 2620674 [56299.313279]   963  2916 D ThermaPlan->Batch: {"func":"Batch->add()","batch":{"what":"BATCH","start":261333689,"end":280795765,"flags":8,"flagsBinary":"1000","oldStart":259786617,"oldEnd":280795765}}
43424168-e44e-473a-bf12-dba8a4a4453a 2016-12-13 11:24:50.726390637 2620675 [56299.313497]   963  2916 D ThermaPlan->Batch: {"func":"Batch->add()","batch":{"what":"BATCH","start":270989138,"end":280795765,"flags":8,"flagsBinary":"1000","oldStart":261333689,"oldEnd":280795765}}
43424168-e44e-473a-bf12-dba8a4a4453a 2016-12-13 11:24:50.726390637 2620676 [56299.315965]   963  2916 D ThermaPlan->Batch: {"func":"Batch->add()","batch":{"what":"BATCH","start":292490680,"end":331748773,"flags":0,"flagsBinary":"0","oldStart":280825099,"oldEnd":331748773}}
43424168-e44e-473a-bf12-dba8a4a4453a 2016-12-13 11:24:50.726390637 2620677 [56299.316187]   963  2916 D ThermaPlan->Batch: {"func":"Batch->add()","batch":{"what":"BATCH","start":296563796,"end":331748773,"flags":0,"flagsBinary":"0","oldStart":292490680,"oldEnd":331748773}}
43424168-e44e-473a-bf12-dba8a4a4453a 2016-12-13 11:24:50.726390637 2620678 [56299.316392]   963  2916 D ThermaPlan->Batch: {"func":"Batch->add()","batch":{"what":"BATCH","start":299979531,"end":331748773,"flags":8,"flagsBinary":"1000","oldStart":296563796,"oldEnd":331748773}}
43424168-e44e-473a-bf12-dba8a4a4453a 2016-12-13 11:24:50.726390637 2620679 [56299.316742]   963  2916 D ThermaPlan->Batch: {"func":"Batch->add()","batch":{"what":"BATCH","start":605813325,"end":1058493261,"flags":0,"flagsBinary":"0","oldStart":604893263,"oldEnd":1058493261}}
43424168-e44e-473a-bf12-dba8a4a4453a 2016-12-13 11:24:50.726390637 2620680 [56299.316942]   963  2916 D ThermaPlan->Batch: {"func":"Batch->add()","batch":{"what":"BATCH","start":624143935,"end":992076404,"flags":0,"flagsBinary":"0","oldStart":605813325,"oldEnd":1058493261}}
43424168-e44e-473a-bf12-dba8a4a4453a 2016-12-13 11:24:50.726390637 2620681 [56299.317159]   963  2916 D ThermaPlan->Batch: {"func":"Batch->add()","batch":{"what":"BATCH","start":694490727,"end":992076404,"flags":0,"flagsBinary":"0","oldStart":624143935,"oldEnd":992076404}}
43424168-e44e-473a-bf12-dba8a4a4453a 2016-12-13 11:24:50.726390637 2620682 [56299.317496]   963  2916 D ThermaPlan->Batch: {"func":"Batch->add()","batch":{"what":"BATCH","start":701674709,"end":992076404,"flags":0,"flagsBinary":"0","oldStart":694490727,"oldEnd":992076404}}
43424168-e44e-473a-bf12-dba8a4a4453a 2016-12-13 11:24:50.726390637 2620683 [56299.318013]   963  2916 D ThermaPlan->Batch: {"func":"Batch->add()","batch":{"what":"BATCH","start":315360057206,"end":551880056972,"flags":0,"flagsBinary":"0","oldStart":315360056973,"oldEnd":551880056972}}
43424168-e44e-473a-bf12-dba8a4a4453a 2016-12-13 11:24:50.726390637 2620684 [56299.318254]   963  2916 D ThermaPlan->Batch: {"func":"Batch->add()","batch":{"what":"BATCH","start":315360057236,"end":551880056972,"flags":0,"flagsBinary":"0","oldStart":315360057206,"oldEnd":551880056972}}
43424168-e44e-473a-bf12-dba8a4a4453a 2016-12-13 11:24:50.726390637 2620685 [56299.318465]   963  2916 D ThermaPlan->Batch: {"func":"Batch->add()","batch":{"what":"BATCH","start":315360057240,"end":551880056972,"flags":0,"flagsBinary":"0","oldStart":315360057236,"oldEnd":551880056972}}
43424168-e44e-473a-bf12-dba8a4a4453a 2016-12-13 11:24:50.726390637 2620686 [56299.318679]   963  2916 D ThermaPlan->Batch: {"func":"Batch->add()","batch":{"what":"BATCH","start":315360057254,"end":551880056972,"flags":0,"flagsBinary":"0","oldStart":315360057240,"oldEnd":551880056972}}
43424168-e44e-473a-bf12-dba8a4a4453a 2016-12-13 11:24:50.726390637 2620687 [56299.318896]   963  2916 D ThermaPlan->Batch: {"func":"Batch->add()","batch":{"what":"BATCH","start":315360057257,"end":551880056972,"flags":0,"flagsBinary":"0","oldStart":315360057254,"oldEnd":551880056972}}
43424168-e44e-473a-bf12-dba8a4a4453a 2016-12-13 11:24:50.726390637 2620688 [56299.319103]   963  2916 D ThermaPlan->Batch: {"func":"Batch->add()","batch":{"what":"BATCH","start":315360057259,"end":551880056972,"flags":0,"flagsBinary":"0","oldStart":315360057257,"oldEnd":551880056972}}
43424168-e44e-473a-bf12-dba8a4a4453a 2016-12-13 11:24:50.736390637 2620689 [56299.319359]   963  2916 D ThermaPlan->Batch: {"func":"Batch->add()","batch":{"what":"BATCH","start":315360094195,"end":551880056972,"flags":0,"flagsBinary":"0","oldStart":315360057259,"oldEnd":551880056972}}
43424168-e44e-473a-bf12-dba8a4a4453a 2016-12-13 11:24:50.736390637 2620690 [56299.319584]   963  2916 D ThermaPlan->Batch: {"func":"Batch->add()","batch":{"what":"BATCH","start":315360113203,"end":551880056972,"flags":0,"flagsBinary":"0","oldStart":315360094195,"oldEnd":551880056972}}
43424168-e44e-473a-bf12-dba8a4a4453a 2016-12-13 11:24:50.736390637 2620691 [56299.319796]   963  2916 D ThermaPlan->Batch: {"func":"Batch->add()","batch":{"what":"BATCH","start":315399259724,"end":551880056972,"flags":0,"flagsBinary":"0","oldStart":315360113203,"oldEnd":551880056972}}
43424168-e44e-473a-bf12-dba8a4a4453a 2016-12-13 11:24:50.736390637 2620692 [56299.320022]   963  2916 D ThermaPlan->Batch: {"func":"Batch->add()","batch":{"what":"BATCH","start":315399259747,"end":551880056972,"flags":0,"flagsBinary":"0","oldStart":315399259724,"oldEnd":551880056972}}
43424168-e44e-473a-bf12-dba8a4a4453a 2016-12-13 11:24:50.736390637 2620693 [56299.320234]   963  2916 D ThermaPlan->Batch: {"func":"Batch->add()","batch":{"what":"BATCH","start":315572926898,"end":551880056972,"flags":0,"flagsBinary":"0","oldStart":315399259747,"oldEnd":551880056972}}
43424168-e44e-473a-bf12-dba8a4a4453a 2016-12-13 11:24:50.736390637 2620694 [56299.322447]   378   961 D CommandListener: Setting iface cfg
43424168-e44e-473a-bf12-dba8a4a4453a 2016-12-13 11:24:50.736390637 2620695 [56299.327105]   963  1378 D IpReachabilityMonitor: watch: iface{wlan0/5}, v{6}, ntable=[fde5:bdee:339a::1/NUD_NONE]
43424168-e44e-473a-bf12-dba8a4a4453a 2016-12-13 11:24:50.746390637 2620696 [56299.333254]   963  2916 D ThermaPlan->Batch: {"func":"Batch->add()","batch":{"what":"BATCH","start":213650727,"end":213684887,"flags":0,"flagsBinary":"0","oldStart":213639889,"oldEnd":213684887}}
43424168-e44e-473a-bf12-dba8a4a4453a 2016-12-13 11:24:50.746390637 2620697 [56299.335467]   963  2916 D ThermaPlan->Batch: {"func":"Batch->add()","batch":{"what":"BATCH","start":213711754,"end":213730771,"flags":8,"flagsBinary":"1000","oldStart":213700771,"oldEnd":213730771}}
43424168-e44e-473a-bf12-dba8a4a4453a 2016-12-13 11:24:50.746390637 2620698 [56299.337029]   963  2916 D ThermaPlan->Batch: {"func":"Batch->add()","batch":{"what":"BATCH","start":213831840,"end":213863004,"flags":0,"flagsBinary":"0","oldStart":213741687,"oldEnd":213863004}}
43424168-e44e-473a-bf12-dba8a4a4453a 2016-12-13 11:24:50.756390637 2620699 [56299.341779]   963  2916 D ThermaPlan->Batch: {"func":"Batch->add()","batch":{"what":"BATCH","start":214276095,"end":214951095,"flags":8,"flagsBinary":"1000","oldStart":214251322,"oldEnd":215601322}}
43424168-e44e-473a-bf12-dba8a4a4453a 2016-12-13 11:24:50.756390637 2620700 [56299.342772]   963  2916 D ThermaPlan->Batch: {"func":"Batch->add()","batch":{"what":"BATCH","start":214278171,"end":214951095,"flags":8,"flagsBinary":"1000","oldStart":214276095,"oldEnd":214951095}}
43424168-e44e-473a-bf12-dba8a4a4453a 2016-12-13 11:24:50.756390637 2620701 [56299.343819]   963  2916 D ThermaPlan->Batch: {"func":"Batch->add()","batch":{"what":"BATCH","start":214278914,"end":214951095,"flags":8,"flagsBinary":"1000","oldStart":214278171,"oldEnd":214951095}}
43424168-e44e-473a-bf12-dba8a4a4453a 2016-12-13 11:24:50.756390637 2620702 [56299.344889]   963  2916 D ThermaPlan->Batch: {"func":"Batch->add()","batch":{"what":"BATCH","start":214278988,"end":214951095,"flags":8,"flagsBinary":"1000","oldStart":214278914,"oldEnd":214951095}}
43424168-e44e-473a-bf12-dba8a4a4453a 2016-12-13 11:24:50.756390637 2620703 [56299.345885]   963  2916 D ThermaPlan->Batch: {"func":"Batch->add()","batch":{"what":"BATCH","start":214281415,"end":214951095,"flags":8,"flagsBinary":"1000","oldStart":214278988,"oldEnd":214951095}}
43424168-e44e-473a-bf12-dba8a4a4453a 2016-12-13 11:24:50.756390637 2620704 [56299.346935]   963  2916 D ThermaPlan->Batch: {"func":"Batch->add()","batch":{"what":"BATCH","start":214281680,"end":214951095,"flags":8,"flagsBinary":"1000","oldStart":214281415,"oldEnd":214951095}}
43424168-e44e-473a-bf12-dba8a4a4453a 2016-12-13 11:24:50.756390637 2620705 [56299.347953]   963  2916 D ThermaPlan->Batch: {"func":"Batch->add()","batch":{"what":"BATCH","start":214282094,"end":214951095,"flags":8,"flagsBinary":"1000","oldStart":214281680,"oldEnd":214951095}}
43424168-e44e-473a-bf12-dba8a4a4453a 2016-12-13 11:24:50.756390637 2620706 [56299.349025]   963  2916 D ThermaPlan->Batch: {"func":"Batch->add()","batch":{"what":"BATCH","start":214282211,"end":214951095,"flags":8,"flagsBinary":"1000","oldStart":214282094,"oldEnd":214951095}}
43424168-e44e-473a-bf12-dba8a4a4453a 2016-12-13 11:24:50.766390637 2620707 [56299.350147]   963  2916 D ThermaPlan->Batch: {"func":"Batch->add()","batch":{"what":"BATCH","start":214282485,"end":214951095,"flags":8,"flagsBinary":"1000","oldStart":214282211,"oldEnd":214951095}}
43424168-e44e-473a-bf12-dba8a4a4453a 2016-12-13 11:24:50.766390637 2620708 [56299.350424]   963  2916 D ThermaPlan->Batch: {"func":"Batch->add()","batch":{"what":"BATCH","start":214294563,"end":214951095,"flags":8,"flagsBinary":"1000","oldStart":214282485,"oldEnd":214951095}}
43424168-e44e-473a-bf12-dba8a4a4453a 2016-12-13 11:24:50.766390637 2620709 [56299.350712]   963  2916 D ThermaPlan->Batch: {"func":"Batch->add()","batch":{"what":"BATCH","start":214733822,"end":214951095,"flags":8,"flagsBinary":"1000","oldStart":214294563,"oldEnd":214951095}}
43424168-e44e-473a-bf12-dba8a4a4453a 2016-12-13 11:24:50.766390637 2620710 [56299.351004]   963  2916 D ThermaPlan->Batch: {"func":"Batch->add()","batch":{"what":"BATCH","start":214750705,"end":214951095,"flags":8,"flagsBinary":"1000","oldStart":214733822,"oldEnd":214951095}}
43424168-e44e-473a-bf12-dba8a4a4453a 2016-12-13 11:24:50.766390637 2620711 [56299.352958]   963  2916 D ThermaPlan->Batch: {"func":"Batch->add()","batch":{"what":"BATCH","start":215759161,"end":219062073,"flags":8,"flagsBinary":"1000","oldStart":215226149,"oldEnd":219062073}}
43424168-e44e-473a-bf12-dba8a4a4453a 2016-12-13 11:24:50.766390637 2620712 [56299.353232]   963  2916 D ThermaPlan->Batch: {"func":"Batch->add()","batch":{"what":"BATCH","start":216082518,"end":218782518,"flags":8,"flagsBinary":"1000","oldStart":215759161,"oldEnd":219062073}}
43424168-e44e-473a-bf12-dba8a4a4453a 2016-12-13 11:24:50.766390637 2620713 [56299.353506]   963  2916 D ThermaPlan->Batch: {"func":"Batch->add()","batch":{"what":"BATCH","start":216144078,"end":218782518,"flags":8,"flagsBinary":"1000","oldStart":216082518,"oldEnd":218782518}}
43424168-e44e-473a-bf12-dba8a4a4453a 2016-12-13 11:24:50.766390637 2620714 [56299.353784]   963  2916 D ThermaPlan->Batch: {"func":"Batch->add()","batch":{"what":"BATCH","start":216526830,"end":218782518,"flags":8,"flagsBinary":"1000","oldStart":216144078,"oldEnd":218782518}}
43424168-e44e-473a-bf12-dba8a4a4453a 2016-12-13 11:24:50.766390637 2620715 [56299.354051]   963  2916 D ThermaPlan->Batch: {"func":"Batch->add()","batch":{"what":"BATCH","start":217737182,"end":218037182,"flags":8,"flagsBinary":"1000","oldStart":216526830,"oldEnd":218782518}}
43424168-e44e-473a-bf12-dba8a4a4453a 2016-12-13 11:24:50.766390637 2620716 [56299.354507]   963  2916 D ThermaPlan->Batch: {"func":"Batch->add()","batch":{"what":"BATCH","start":220150599,"end":224060131,"flags":0,"flagsBinary":"0","oldStart":219290727,"oldEnd":224060131}}
43424168-e44e-473a-bf12-dba8a4a4453a 2016-12-13 11:24:50.766390637 2620717 [56299.354781]   963  2916 D ThermaPlan->Batch: {"func":"Batch->add()","batch":{"what":"BATCH","start":220380550,"end":224060131,"flags":0,"flagsBinary":"0","oldStart":220150599,"oldEnd":224060131}}
43424168-e44e-473a-bf12-dba8a4a4453a 2016-12-13 11:24:50.766390637 2620718 [56299.355374]   963  2916 D ThermaPlan->Batch: {"func":"Batch->add()","batch":{"what":"BATCH","start":228290727,"end":239324426,"flags":0,"flagsBinary":"0","oldStart":224222674,"oldEnd":240422669}}
43424168-e44e-473a-bf12-dba8a4a4453a 2016-12-13 11:24:50.766390637 2620719 [56299.355645]   963  2916 D ThermaPlan->Batch: {"func":"Batch->add()","batch":{"what":"BATCH","start":230499939,"end":239324426,"flags":0,"flagsBinary":"0","oldStart":228290727,"oldEnd":239324426}}
43424168-e44e-473a-bf12-dba8a4a4453a 2016-12-13 11:24:50.766390637 2620720 [56299.355921]   963  2916 D ThermaPlan->Batch: {"func":"Batch->add()","batch":{"what":"BATCH","start":231188198,"end":239324426,"flags":0,"flagsBinary":"0","oldStart":230499939,"oldEnd":239324426}}
43424168-e44e-473a-bf12-dba8a4a4453a 2016-12-13 11:24:50.766390637 2620721 [56299.356188]   963  2916 D ThermaPlan->Batch: {"func":"Batch->add()","batch":{"what":"BATCH","start":231548284,"end":239324426,"flags":0,"flagsBinary":"0","oldStart":231188198,"oldEnd":239324426}}
43424168-e44e-473a-bf12-dba8a4a4453a 2016-12-13 11:24:50.766390637 2620722 [56299.357753]   963  2916 D ThermaPlan->Batch: {"func":"Batch->add()","batch":{"what":"BATCH","start":248330836,"end":285305189,"flags":8,"flagsBinary":"1000","oldStart":240305189,"oldEnd":285305189}}
43424168-e44e-473a-bf12-dba8a4a4453a 2016-12-13 11:24:50.766390637 2620723 [56299.358024]   963  2916 D ThermaPlan->Batch: {"func":"Batch->add()","batch":{"what":"BATCH","start":249541608,"end":282059671,"flags":8,"flagsBinary":"1000","oldStart":248330836,"oldEnd":285305189}}
43424168-e44e-473a-bf12-dba8a4a4453a 2016-12-13 11:24:50.766390637 2620724 [56299.358317]   963  2916 D ThermaPlan->Batch: {"func":"Batch->add()","batch":{"what":"BATCH","start":249641515,"end":280795765,"flags":8,"flagsBinary":"1000","oldStart":249541608,"oldEnd":282059671}}
43424168-e44e-473a-bf12-dba8a4a4453a 2016-12-13 11:24:50.766390637 2620725 [56299.358612]   963  2916 D ThermaPlan->Batch: {"func":"Batch->add()","batch":{"what":"BATCH","start":258890728,"end":280795765,"flags":8,"flagsBinary":"1000","oldStart":249641515,"oldEnd":280795765}}
43424168-e44e-473a-bf12-dba8a4a4453a 2016-12-13 11:24:50.766390637 2620726 [56299.358887]   963  2916 D ThermaPlan->Batch: {"func":"Batch->add()","batch":{"what":"BATCH","start":259200000,"end":280795765,"flags":8,"flagsBinary":"1000","oldStart":258890728,"oldEnd":280795765}}
43424168-e44e-473a-bf12-dba8a4a4453a 2016-12-13 11:24:50.766390637 2620727 [56299.359149]   963  2916 D ThermaPlan->Batch: {"func":"Batch->add()","batch":{"what":"BATCH","start":259252542,"end":280795765,"flags":8,"flagsBinary":"1000","oldStart":259200000,"oldEnd":280795765}}
43424168-e44e-473a-bf12-dba8a4a4453a 2016-12-13 11:24:50.776390637 2620728 [56299.359444]   963  2916 D ThermaPlan->Batch: {"func":"Batch->add()","batch":{"what":"BATCH","start":259281310,"end":280795765,"flags":8,"flagsBinary":"1000","oldStart":259252542,"oldEnd":280795765}}
43424168-e44e-473a-bf12-dba8a4a4453a 2016-12-13 11:24:50.776390637 2620729 [56299.359721]   963  2916 D ThermaPlan->Batch: {"func":"Batch->add()","batch":{"what":"BATCH","start":259345161,"end":280795765,"flags":8,"flagsBinary":"1000","oldStart":259281310,"oldEnd":280795765}}
43424168-e44e-473a-bf12-dba8a4a4453a 2016-12-13 11:24:50.776390637 2620730 [56299.359990]   963  2916 D ThermaPlan->Batch: {"func":"Batch->add()","batch":{"what":"BATCH","start":259786617,"end":280795765,"flags":8,"flagsBinary":"1000","oldStart":259345161,"oldEnd":280795765}}
43424168-e44e-473a-bf12-dba8a4a4453a 2016-12-13 11:24:50.776390637 2620731 [56299.360248]   963  2916 D ThermaPlan->Batch: {"func":"Batch->add()","batch":{"what":"BATCH","start":261333689,"end":280795765,"flags":8,"flagsBinary":"1000","oldStart":259786617,"oldEnd":280795765}}
43424168-e44e-473a-bf12-dba8a4a4453a 2016-12-13 11:24:50.776390637 2620732 [56299.360561]   963  2916 D ThermaPlan->Batch: {"func":"Batch->add()","batch":{"what":"BATCH","start":270989139,"end":280795765,"flags":8,"flagsBinary":"1000","oldStart":261333689,"oldEnd":280795765}}
43424168-e44e-473a-bf12-dba8a4a4453a 2016-12-13 11:24:50.776390637 2620733 [56299.363860]   963  2916 D ThermaPlan->Batch: {"func":"Batch->add()","batch":{"what":"BATCH","start":292490680,"end":331748773,"flags":0,"flagsBinary":"0","oldStart":280825099,"oldEnd":331748773}}
43424168-e44e-473a-bf12-dba8a4a4453a 2016-12-13 11:24:50.776390637 2620734 [56299.364155]   963  2916 D ThermaPlan->Batch: {"func":"Batch->add()","batch":{"what":"BATCH","start":296563796,"end":331748773,"flags":0,"flagsBinary":"0","oldStart":292490680,"oldEnd":331748773}}
43424168-e44e-473a-bf12-dba8a4a4453a 2016-12-13 11:24:50.776390637 2620735 [56299.364431]   963  2916 D ThermaPlan->Batch: {"func":"Batch->add()","batch":{"what":"BATCH","start":299979531,"end":331748773,"flags":8,"flagsBinary":"1000","oldStart":296563796,"oldEnd":331748773}}
43424168-e44e-473a-bf12-dba8a4a4453a 2016-12-13 11:24:50.776390637 2620736 [56299.364921]   963  2916 D ThermaPlan->Batch: {"func":"Batch->add()","batch":{"what":"BATCH","start":605813325,"end":1058493260,"flags":0,"flagsBinary":"0","oldStart":604893262,"oldEnd":1058493260}}
43424168-e44e-473a-bf12-dba8a4a4453a 2016-12-13 11:24:50.776390637 2620737 [56299.365207]   963  2916 D ThermaPlan->Batch: {"func":"Batch->add()","batch":{"what":"BATCH","start":624143935,"end":992076404,"flags":0,"flagsBinary":"0","oldStart":605813325,"oldEnd":1058493260}}
43424168-e44e-473a-bf12-dba8a4a4453a 2016-12-13 11:24:50.776390637 2620738 [56299.365479]   963  2916 D ThermaPlan->Batch: {"func":"Batch->add()","batch":{"what":"BATCH","start":694490727,"end":992076404,"flags":0,"flagsBinary":"0","oldStart":624143935,"oldEnd":992076404}}
43424168-e44e-473a-bf12-dba8a4a4453a 2016-12-13 11:24:50.776390637 2620739 [56299.365961]   963  2916 D ThermaPlan->Batch: {"func":"Batch->add()","batch":{"what":"BATCH","start":701674709,"end":992076404,"flags":0,"flagsBinary":"0","oldStart":694490727,"oldEnd":992076404}}
43424168-e44e-473a-bf12-dba8a4a4453a 2016-12-13 11:24:50.776390637 2620740 [56299.366740]   963  2916 D ThermaPlan->Batch: {"func":"Batch->add()","batch":{"what":"BATCH","start":315360057206,"end":551880056972,"flags":0,"flagsBinary":"0","oldStart":315360056973,"oldEnd":551880056972}}
43424168-e44e-473a-bf12-dba8a4a4453a 2016-12-13 11:24:50.776390637 2620741 [56299.367053]   963  2916 D ThermaPlan->Batch: {"func":"Batch->add()","batch":{"what":"BATCH","start":315360057236,"end":551880056972,"flags":0,"flagsBinary":"0","oldStart":315360057206,"oldEnd":551880056972}}
43424168-e44e-473a-bf12-dba8a4a4453a 2016-12-13 11:24:50.776390637 2620742 [56299.367381]   963  2916 D ThermaPlan->Batch: {"func":"Batch->add()","batch":{"what":"BATCH","start":315360057240,"end":551880056972,"flags":0,"flagsBinary":"0","oldStart":315360057236,"oldEnd":551880056972}}
43424168-e44e-473a-bf12-dba8a4a4453a 2016-12-13 11:24:50.776390637 2620743 [56299.367679]   963  2916 D ThermaPlan->Batch: {"func":"Batch->add()","batch":{"what":"BATCH","start":315360057254,"end":551880056972,"flags":0,"flagsBinary":"0","oldStart":315360057240,"oldEnd":551880056972}}
43424168-e44e-473a-bf12-dba8a4a4453a 2016-12-13 11:24:50.776390637 2620744 [56299.367957]   963  2916 D ThermaPlan->Batch: {"func":"Batch->add()","batch":{"what":"BATCH","start":315360057257,"end":551880056972,"flags":0,"flagsBinary":"0","oldStart":315360057254,"oldEnd":551880056972}}
43424168-e44e-473a-bf12-dba8a4a4453a 2016-12-13 11:24:50.776390637 2620745 [56299.368234]   963  2916 D ThermaPlan->Batch: {"func":"Batch->add()","batch":{"what":"BATCH","start":315360057259,"end":551880056972,"flags":0,"flagsBinary":"0","oldStart":315360057257,"oldEnd":551880056972}}
43424168-e44e-473a-bf12-dba8a4a4453a 2016-12-13 11:24:50.776390637 2620746 [56299.368519]   963  2916 D ThermaPlan->Batch: {"func":"Batch->add()","batch":{"what":"BATCH","start":315360094195,"end":551880056972,"flags":0,"flagsBinary":"0","oldStart":315360057259,"oldEnd":551880056972}}
43424168-e44e-473a-bf12-dba8a4a4453a 2016-12-13 11:24:50.776390637 2620747 [56299.368822]   963  2916 D ThermaPlan->Batch: {"func":"Batch->add()","batch":{"what":"BATCH","start":315360113203,"end":551880056972,"flags":0,"flagsBinary":"0","oldStart":315360094195,"oldEnd":551880056972}}
43424168-e44e-473a-bf12-dba8a4a4453a 2016-12-13 11:24:50.776390637 2620748 [56299.369098]   963  2916 D ThermaPlan->Batch: {"func":"Batch->add()","batch":{"what":"BATCH","start":315399259724,"end":551880056972,"flags":0,"flagsBinary":"0","oldStart":315360113203,"oldEnd":551880056972}}
43424168-e44e-473a-bf12-dba8a4a4453a 2016-12-13 11:24:50.786390637 2620749 [56299.369474]   963  2916 D ThermaPlan->Batch: {"func":"Batch->add()","batch":{"what":"BATCH","start":315399259747,"end":551880056972,"flags":0,"flagsBinary":"0","oldStart":315399259724,"oldEnd":551880056972}}
43424168-e44e-473a-bf12-dba8a4a4453a 2016-12-13 11:24:50.786390637 2620750 [56299.369788]   963  2916 D ThermaPlan->Batch: {"func":"Batch->add()","batch":{"what":"BATCH","start":315572926898,"end":551880056972,"flags":0,"flagsBinary":"0","oldStart":315399259747,"oldEnd":551880056972}}
43424168-e44e-473a-bf12-dba8a4a4453a 2016-12-13 11:24:50.786390637 2620751 [56299.372127]   963  1378 E native  : do suspend true
43424168-e44e-473a-bf12-dba8a4a4453a 2016-12-13 11:24:50.786390637 2620752 [56299.373636]   963  2916 D ThermaPlan->Batch: {"func":"Batch->add()","batch":{"what":"BATCH","start":213650728,"end":213684887,"flags":0,"flagsBinary":"0","oldStart":213639889,"oldEnd":213684887}}
43424168-e44e-473a-bf12-dba8a4a4453a 2016-12-13 11:24:50.786390637 2620753 [56299.374382]   963  2916 D ThermaPlan->Batch: {"func":"Batch->add()","batch":{"what":"BATCH","start":213711754,"end":213730771,"flags":8,"flagsBinary":"1000","oldStart":213700771,"oldEnd":213730771}}
43424168-e44e-473a-bf12-dba8a4a4453a 2016-12-13 11:24:50.786390637 2620754 [56299.374941]   963  2916 D ThermaPlan->Batch: {"func":"Batch->add()","batch":{"what":"BATCH","start":213831840,"end":213863004,"flags":0,"flagsBinary":"0","oldStart":213741687,"oldEnd":213863004}}
43424168-e44e-473a-bf12-dba8a4a4453a 2016-12-13 11:24:50.786390637 2620755 [56299.376436]   963  2916 D ThermaPlan->Batch: {"func":"Batch->add()","batch":{"what":"BATCH","start":214276095,"end":214951095,"flags":8,"flagsBinary":"1000","oldStart":214251322,"oldEnd":215601322}}
43424168-e44e-473a-bf12-dba8a4a4453a 2016-12-13 11:24:50.786390637 2620756 [56299.376759]   963  2916 D ThermaPlan->Batch: {"func":"Batch->add()","batch":{"what":"BATCH","start":214278171,"end":214951095,"flags":8,"flagsBinary":"1000","oldStart":214276095,"oldEnd":214951095}}
43424168-e44e-473a-bf12-dba8a4a4453a 2016-12-13 11:24:50.786390637 2620757 [56299.377089]   963  2916 D ThermaPlan->Batch: {"func":"Batch->add()","batch":{"what":"BATCH","start":214278914,"end":214951095,"flags":8,"flagsBinary":"1000","oldStart":214278171,"oldEnd":214951095}}
43424168-e44e-473a-bf12-dba8a4a4453a 2016-12-13 11:24:50.786390637 2620758 [56299.377690]   963  2916 D ThermaPlan->Batch: {"func":"Batch->add()","batch":{"what":"BATCH","start":214278988,"end":214951095,"flags":8,"flagsBinary":"1000","oldStart":214278914,"oldEnd":214951095}}
43424168-e44e-473a-bf12-dba8a4a4453a 2016-12-13 11:24:50.786390637 2620759 [56299.378023]   963  2916 D ThermaPlan->Batch: {"func":"Batch->add()","batch":{"what":"BATCH","start":214281415,"end":214951095,"flags":8,"flagsBinary":"1000","oldStart":214278988,"oldEnd":214951095}}
43424168-e44e-473a-bf12-dba8a4a4453a 2016-12-13 11:24:50.786390637 2620760 [56299.378374]   963  2916 D ThermaPlan->Batch: {"func":"Batch->add()","batch":{"what":"BATCH","start":214281680,"end":214951095,"flags":8,"flagsBinary":"1000","oldStart":214281415,"oldEnd":214951095}}
43424168-e44e-473a-bf12-dba8a4a4453a 2016-12-13 11:24:50.786390637 2620761 [56299.378766]   963  2916 D ThermaPlan->Batch: {"func":"Batch->add()","batch":{"what":"BATCH","start":214282094,"end":214951095,"flags":8,"flagsBinary":"1000","oldStart":214281680,"oldEnd":214951095}}
43424168-e44e-473a-bf12-dba8a4a4453a 2016-12-13 11:24:50.786390637 2620762 [56299.379133]   963  2916 D ThermaPlan->Batch: {"func":"Batch->add()","batch":{"what":"BATCH","start":214282211,"end":214951095,"flags":8,"flagsBinary":"1000","oldStart":214282094,"oldEnd":214951095}}
43424168-e44e-473a-bf12-dba8a4a4453a 2016-12-13 11:24:50.796390637 2620763 [56299.379533]   387   387 D KernelPrintk: 4,349732,56299372802,-;dhd_set_suspend: force extra Suspend setting 
43424168-e44e-473a-bf12-dba8a4a4453a 2016-12-13 11:24:50.796390637 2620764 [56299.379560]   963  2916 D ThermaPlan->Batch: {"func":"Batch->add()","batch":{"what":"BATCH","start":214282485,"end":214951095,"flags":8,"flagsBinary":"1000","oldStart":214282211,"oldEnd":214951095}}
43424168-e44e-473a-bf12-dba8a4a4453a 2016-12-13 11:24:50.796390637 2620765 [56299.379930]   963  2916 D ThermaPlan->Batch: {"func":"Batch->add()","batch":{"what":"BATCH","start":214294563,"end":214951095,"flags":8,"flagsBinary":"1000","oldStart":214282485,"oldEnd":214951095}}
43424168-e44e-473a-bf12-dba8a4a4453a 2016-12-13 11:24:50.796390637 2620766 [56299.380304]   963  2916 D ThermaPlan->Batch: {"func":"Batch->add()","batch":{"what":"BATCH","start":214733822,"end":214951095,"flags":8,"flagsBinary":"1000","oldStart":214294563,"oldEnd":214951095}}
43424168-e44e-473a-bf12-dba8a4a4453a 2016-12-13 11:24:50.796390637 2620767 [56299.380754]   963  2916 D ThermaPlan->Batch: {"func":"Batch->add()","batch":{"what":"BATCH","start":214750706,"end":214951095,"flags":8,"flagsBinary":"1000","oldStart":214733822,"oldEnd":214951095}}
43424168-e44e-473a-bf12-dba8a4a4453a 2016-12-13 11:24:50.796390637 2620768 [56299.382956]   963  2916 D ThermaPlan->Batch: {"func":"Batch->add()","batch":{"what":"BATCH","start":215759161,"end":219062073,"flags":8,"flagsBinary":"1000","oldStart":215226149,"oldEnd":219062073}}
43424168-e44e-473a-bf12-dba8a4a4453a 2016-12-13 11:24:50.796390637 2620769 [56299.383353]   963  2916 D ThermaPlan->Batch: {"func":"Batch->add()","batch":{"what":"BATCH","start":216082518,"end":218782518,"flags":8,"flagsBinary":"1000","oldStart":215759161,"oldEnd":219062073}}
43424168-e44e-473a-bf12-dba8a4a4453a 2016-12-13 11:24:50.796390637 2620770 [56299.383684]   963  2916 D ThermaPlan->Batch: {"func":"Batch->add()","batch":{"what":"BATCH","start":216144078,"end":218782518,"flags":8,"flagsBinary":"1000","oldStart":216082518,"oldEnd":218782518}}
43424168-e44e-473a-bf12-dba8a4a4453a 2016-12-13 11:24:50.796390637 2620771 [56299.384008]   963  2916 D ThermaPlan->Batch: {"func":"Batch->add()","batch":{"what":"BATCH","start":216526830,"end":218782518,"flags":8,"flagsBinary":"1000","oldStart":216144078,"oldEnd":218782518}}
43424168-e44e-473a-bf12-dba8a4a4453a 2016-12-13 11:24:50.796390637 2620772 [56299.384322]   963  2916 D ThermaPlan->Batch: {"func":"Batch->add()","batch":{"what":"BATCH","start":217737182,"end":218037182,"flags":8,"flagsBinary":"1000","oldStart":216526830,"oldEnd":218782518}}
43424168-e44e-473a-bf12-dba8a4a4453a 2016-12-13 11:24:50.796390637 2620773 [56299.384865]   963  2916 D ThermaPlan->Batch: {"func":"Batch->add()","batch":{"what":"BATCH","start":220150599,"end":224060132,"flags":0,"flagsBinary":"0","oldStart":219290728,"oldEnd":224060132}}
43424168-e44e-473a-bf12-dba8a4a4453a 2016-12-13 11:24:50.796390637 2620774 [56299.385198]   963  2916 D ThermaPlan->Batch: {"func":"Batch->add()","batch":{"what":"BATCH","start":220380550,"end":224060132,"flags":0,"flagsBinary":"0","oldStart":220150599,"oldEnd":224060132}}
43424168-e44e-473a-bf12-dba8a4a4453a 2016-12-13 11:24:50.796390637 2620775 [56299.385951]   963  2916 D ThermaPlan->Batch: {"func":"Batch->add()","batch":{"what":"BATCH","start":228290727,"end":239324426,"flags":0,"flagsBinary":"0","oldStart":224222674,"oldEnd":240422669}}
43424168-e44e-473a-bf12-dba8a4a4453a 2016-12-13 11:24:50.796390637 2620776 [56299.386283]   963  2916 D ThermaPlan->Batch: {"func":"Batch->add()","batch":{"what":"BATCH","start":230499939,"end":239324426,"flags":0,"flagsBinary":"0","oldStart":228290727,"oldEnd":239324426}}
43424168-e44e-473a-bf12-dba8a4a4453a 2016-12-13 11:24:50.796390637 2620777 [56299.386600]   963  2916 D ThermaPlan->Batch: {"func":"Batch->add()","batch":{"what":"BATCH","start":231188198,"end":239324426,"flags":0,"flagsBinary":"0","oldStart":230499939,"oldEnd":239324426}}
43424168-e44e-473a-bf12-dba8a4a4453a 2016-12-13 11:24:50.796390637 2620778 [56299.386951]   963  2916 D ThermaPlan->Batch: {"func":"Batch->add()","batch":{"what":"BATCH","start":231548284,"end":239324426,"flags":0,"flagsBinary":"0","oldStart":231188198,"oldEnd":239324426}}
43424168-e44e-473a-bf12-dba8a4a4453a 2016-12-13 11:24:50.796390637 2620779 [56299.387743]   963  1378 D IpReachabilityMonitor: watch: iface{wlan0/5}, v{7}, ntable=[fde5:bdee:339a::1/NUD_NONE, 192.168.1.1/NUD_NONE]
43424168-e44e-473a-bf12-dba8a4a4453a 2016-12-13 11:24:50.796390637 2620780 [56299.388904]   963  1378 D WifiConfigStore: No blacklist allowed without epno enabled
43424168-e44e-473a-bf12-dba8a4a4453a 2016-12-13 11:24:50.796390637 2620781 [56299.388979]   963  2916 D ThermaPlan->Batch: {"func":"Batch->add()","batch":{"what":"BATCH","start":248330836,"end":285305189,"flags":8,"flagsBinary":"1000","oldStart":240305189,"oldEnd":285305189}}
43424168-e44e-473a-bf12-dba8a4a4453a 2016-12-13 11:24:50.806390637 2620782 [56299.389450]   963  2916 D ThermaPlan->Batch: {"func":"Batch->add()","batch":{"what":"BATCH","start":249541608,"end":282059671,"flags":8,"flagsBinary":"1000","oldStart":248330836,"oldEnd":285305189}}
43424168-e44e-473a-bf12-dba8a4a4453a 2016-12-13 11:24:50.806390637 2620783 [56299.389575]   388   388 D Kernel-Trace:     kworker/3:2H-12900 [003] ...1 56299.310681: cpu_frequency: state=2265600 cpu_id=3
43424168-e44e-473a-bf12-dba8a4a4453a 2016-12-13 11:24:50.806390637 2620784 [56299.389586]   388   388 D Kernel-Trace:     kworker/0:0H-7043  [000] ...1 56299.329915: cpu_frequency: state=1497600 cpu_id=0
43424168-e44e-473a-bf12-dba8a4a4453a 2016-12-13 11:24:50.806390637 2620785 [56299.389595]   388   388 D Kernel-Trace:     kworker/1:2H-12491 [001] ...1 56299.349865: cpu_frequency: state=1497600 cpu_id=1
43424168-e44e-473a-bf12-dba8a4a4453a 2016-12-13 11:24:50.806390637 2620786 [56299.389603]   388   388 D Kernel-Trace:     kworker/3:2H-12900 [003] ...1 56299.372978: cpu_frequency: state=652800 cpu_id=3
43424168-e44e-473a-bf12-dba8a4a4453a 2016-12-13 11:24:50.806390637 2620787 [56299.389826]   963  2916 D ThermaPlan->Batch: {"func":"Batch->add()","batch":{"what":"BATCH","start":249641515,"end":280795765,"flags":8,"flagsBinary":"1000","oldStart":249541608,"oldEnd":282059671}}
43424168-e44e-473a-bf12-dba8a4a4453a 2016-12-13 11:24:50.806390637 2620788 [56299.390769]   963  2916 D ThermaPlan->Batch: {"func":"Batch->add()","batch":{"what":"BATCH","start":258890727,"end":280795765,"flags":8,"flagsBinary":"1000","oldStart":249641515,"oldEnd":280795765}}
43424168-e44e-473a-bf12-dba8a4a4453a 2016-12-13 11:24:50.806390637 2620789 [56299.391278]   963  2916 D ThermaPlan->Batch: {"func":"Batch->add()","batch":{"what":"BATCH","start":259200000,"end":280795765,"flags":8,"flagsBinary":"1000","oldStart":258890727,"oldEnd":280795765}}
43424168-e44e-473a-bf12-dba8a4a4453a 2016-12-13 11:24:50.806390637 2620790 [56299.391494]   963  2916 D ThermaPlan->Batch: {"func":"Batch->add()","batch":{"what":"BATCH","start":259252542,"end":280795765,"flags":8,"flagsBinary":"1000","oldStart":259200000,"oldEnd":280795765}}
43424168-e44e-473a-bf12-dba8a4a4453a 2016-12-13 11:24:50.806390637 2620791 [56299.391810]   963  2916 D ThermaPlan->Batch: {"func":"Batch->add()","batch":{"what":"BATCH","start":259281310,"end":280795765,"flags":8,"flagsBinary":"1000","oldStart":259252542,"oldEnd":280795765}}
43424168-e44e-473a-bf12-dba8a4a4453a 2016-12-13 11:24:50.806390637 2620792 [56299.397610]   963  2916 D ThermaPlan->Batch: {"func":"Batch->add()","batch":{"what":"BATCH","start":259345162,"end":280795765,"flags":8,"flagsBinary":"1000","oldStart":259281310,"oldEnd":280795765}}
43424168-e44e-473a-bf12-dba8a4a4453a 2016-12-13 11:24:50.806390637 2620793 [56299.397725]  1821  1821 I GCoreUlr: Starting service, intent=Intent { act=com.google.android.location.reporting.WIFI_TRIGGERED_FLUSH_AND_UPLOAD cmp=com.google.android.gms/com.google.android.location.reporting.service.DispatchingService }, extras=null
43424168-e44e-473a-bf12-dba8a4a4453a 2016-12-13 11:24:50.806390637 2620794 [56299.397863]   963  2916 D ThermaPlan->Batch: {"func":"Batch->add()","batch":{"what":"BATCH","start":259786617,"end":280795765,"flags":8,"flagsBinary":"1000","oldStart":259345162,"oldEnd":280795765}}
43424168-e44e-473a-bf12-dba8a4a4453a 2016-12-13 11:24:50.806390637 2620795 [56299.398069]   963  2916 D ThermaPlan->Batch: {"func":"Batch->add()","batch":{"what":"BATCH","start":261333689,"end":280795765,"flags":8,"flagsBinary":"1000","oldStart":259786617,"oldEnd":280795765}}
43424168-e44e-473a-bf12-dba8a4a4453a 2016-12-13 11:24:50.806390637 2620796 [56299.398302]   963  2916 D ThermaPlan->Batch: {"func":"Batch->add()","batch":{"what":"BATCH","start":270989138,"end":280795765,"flags":8,"flagsBinary":"1000","oldStart":261333689,"oldEnd":280795765}}
43424168-e44e-473a-bf12-dba8a4a4453a 2016-12-13 11:24:50.816390637 2620797 [56299.400070]   963  1378 E WifiStateMachine: Did not find remoteAddress {192.168.1.1} in /proc/net/arp
43424168-e44e-473a-bf12-dba8a4a4453a 2016-12-13 11:24:50.816390637 2620798 [56299.401347]  3212  3212 D PhoneLabServices-AgreementTask: Intent fired, action = android.net.wifi.STATE_CHANGE
43424168-e44e-473a-bf12-dba8a4a4453a 2016-12-13 11:24:50.816390637 2620799 [56299.404605]   963  2916 D ThermaPlan->Batch: {"func":"Batch->add()","batch":{"what":"BATCH","start":292490680,"end":331748773,"flags":0,"flagsBinary":"0","oldStart":280825099,"oldEnd":331748773}}
43424168-e44e-473a-bf12-dba8a4a4453a 2016-12-13 11:24:50.816390637 2620800 [56299.404856]   963  2916 D ThermaPlan->Batch: {"func":"Batch->add()","batch":{"what":"BATCH","start":296563796,"end":331748773,"flags":0,"flagsBinary":"0","oldStart":292490680,"oldEnd":331748773}}
43424168-e44e-473a-bf12-dba8a4a4453a 2016-12-13 11:24:50.816390637 2620801 [56299.405088]   963  2916 D ThermaPlan->Batch: {"func":"Batch->add()","batch":{"what":"BATCH","start":299979531,"end":331748773,"flags":8,"flagsBinary":"1000","oldStart":296563796,"oldEnd":331748773}}
43424168-e44e-473a-bf12-dba8a4a4453a 2016-12-13 11:24:50.816390637 2620802 [56299.405495]   963  2916 D ThermaPlan->Batch: {"func":"Batch->add()","batch":{"what":"BATCH","start":605813325,"end":1058493260,"flags":0,"flagsBinary":"0","oldStart":604893262,"oldEnd":1058493260}}
43424168-e44e-473a-bf12-dba8a4a4453a 2016-12-13 11:24:50.816390637 2620803 [56299.405739]   963  2916 D ThermaPlan->Batch: {"func":"Batch->add()","batch":{"what":"BATCH","start":624143935,"end":992076404,"flags":0,"flagsBinary":"0","oldStart":605813325,"oldEnd":1058493260}}
43424168-e44e-473a-bf12-dba8a4a4453a 2016-12-13 11:24:50.816390637 2620804 [56299.405969]   963  2916 D ThermaPlan->Batch: {"func":"Batch->add()","batch":{"what":"BATCH","start":694490727,"end":992076404,"flags":0,"flagsBinary":"0","oldStart":624143935,"oldEnd":992076404}}
43424168-e44e-473a-bf12-dba8a4a4453a 2016-12-13 11:24:50.816390637 2620805 [56299.406346]   963  2916 D ThermaPlan->Batch: {"func":"Batch->add()","batch":{"what":"BATCH","start":701674709,"end":992076404,"flags":0,"flagsBinary":"0","oldStart":694490727,"oldEnd":992076404}}
43424168-e44e-473a-bf12-dba8a4a4453a 2016-12-13 11:24:50.816390637 2620806 [56299.406954]   963  2916 D ThermaPlan->Batch: {"func":"Batch->add()","batch":{"what":"BATCH","start":315360057206,"end":551880056972,"flags":0,"flagsBinary":"0","oldStart":315360056973,"oldEnd":551880056972}}
43424168-e44e-473a-bf12-dba8a4a4453a 2016-12-13 11:24:50.816390637 2620807 [56299.407199]   963  2916 D ThermaPlan->Batch: {"func":"Batch->add()","batch":{"what":"BATCH","start":315360057236,"end":551880056972,"flags":0,"flagsBinary":"0","oldStart":315360057206,"oldEnd":551880056972}}
43424168-e44e-473a-bf12-dba8a4a4453a 2016-12-13 11:24:50.816390637 2620808 [56299.407420]   963  2916 D ThermaPlan->Batch: {"func":"Batch->add()","batch":{"what":"BATCH","start":315360057240,"end":551880056972,"flags":0,"flagsBinary":"0","oldStart":315360057236,"oldEnd":551880056972}}
43424168-e44e-473a-bf12-dba8a4a4453a 2016-12-13 11:24:50.816390637 2620809 [56299.407639]   963  2916 D ThermaPlan->Batch: {"func":"Batch->add()","batch":{"what":"BATCH","start":315360057254,"end":551880056972,"flags":0,"flagsBinary":"0","oldStart":315360057240,"oldEnd":551880056972}}
43424168-e44e-473a-bf12-dba8a4a4453a 2016-12-13 11:24:50.816390637 2620810 [56299.407860]   963  2916 D ThermaPlan->Batch: {"func":"Batch->add()","batch":{"what":"BATCH","start":315360057257,"end":551880056972,"flags":0,"flagsBinary":"0","oldStart":315360057254,"oldEnd":551880056972}}
43424168-e44e-473a-bf12-dba8a4a4453a 2016-12-13 11:24:50.816390637 2620811 [56299.408063]   963  2916 D ThermaPlan->Batch: {"func":"Batch->add()","batch":{"what":"BATCH","start":315360057259,"end":551880056972,"flags":0,"flagsBinary":"0","oldStart":315360057257,"oldEnd":551880056972}}
43424168-e44e-473a-bf12-dba8a4a4453a 2016-12-13 11:24:50.816390637 2620812 [56299.408312]   963  2916 D ThermaPlan->Batch: {"func":"Batch->add()","batch":{"what":"BATCH","start":315360094195,"end":551880056972,"flags":0,"flagsBinary":"0","oldStart":315360057259,"oldEnd":551880056972}}
43424168-e44e-473a-bf12-dba8a4a4453a 2016-12-13 11:24:50.816390637 2620813 [56299.408521]   963  2916 D ThermaPlan->Batch: {"func":"Batch->add()","batch":{"what":"BATCH","start":315360113203,"end":551880056972,"flags":0,"flagsBinary":"0","oldStart":315360094195,"oldEnd":551880056972}}
43424168-e44e-473a-bf12-dba8a4a4453a 2016-12-13 11:24:50.816390637 2620814 [56299.408746]   963  2916 D ThermaPlan->Batch: {"func":"Batch->add()","batch":{"what":"BATCH","start":315399259724,"end":551880056972,"flags":0,"flagsBinary":"0","oldStart":315360113203,"oldEnd":551880056972}}
43424168-e44e-473a-bf12-dba8a4a4453a 2016-12-13 11:24:50.816390637 2620815 [56299.408960]   963  2916 D ThermaPlan->Batch: {"func":"Batch->add()","batch":{"what":"BATCH","start":315399259747,"end":551880056972,"flags":0,"flagsBinary":"0","oldStart":315399259724,"oldEnd":551880056972}}
43424168-e44e-473a-bf12-dba8a4a4453a 2016-12-13 11:24:50.816390637 2620816 [56299.409171]   963  2916 D ThermaPlan->Batch: {"func":"Batch->add()","batch":{"what":"BATCH","start":315572926898,"end":551880056972,"flags":0,"flagsBinary":"0","oldStart":315399259747,"oldEnd":551880056972}}
43424168-e44e-473a-bf12-dba8a4a4453a 2016-12-13 11:24:50.826390637 2620817 [56299.411199]   963  2916 D ThermaPlan->AlarmManagerService: {"func":"AlarmManagerService->mService->set","pid":963,"uid":1000,"flagsBinary":"1001","flags":9,"type":2,"triggerAtTime":217181484,"nowELAPSED":213581558,"rtc":1481646290831,"windowLength":0,"interval":0,"creatorPkg":"android","targetPkg":"android"}
43424168-e44e-473a-bf12-dba8a4a4453a 2016-12-13 11:24:50.826390637 2620818 [56299.411505]   963  2916 D DhcpClient: Scheduling renewal in 3599s
43424168-e44e-473a-bf12-dba8a4a4453a 2016-12-13 11:24:50.836390637 2620819 [56299.419456]  3212  3212 D PhoneLabServices-AgreementTask: Not connected to UB_Secure
43424168-e44e-473a-bf12-dba8a4a4453a 2016-12-13 11:24:50.836390637 2620820 [56299.419511]  3212  3212 D PhoneLabServices-AgreementTask: Intent fired, action = android.net.wifi.STATE_CHANGE
43424168-e44e-473a-bf12-dba8a4a4453a 2016-12-13 11:24:50.836390637 2620821 [56299.419927]  3212  3212 D PhoneLabServices-AgreementTask: Not connected to UB_Secure
43424168-e44e-473a-bf12-dba8a4a4453a 2016-12-13 11:24:50.846390637 2620822 [56299.436846]   963  1914 D ThermaPlan->AlarmManagerService: {"func":"AlarmManagerService->mService->set","pid":1821,"uid":10014,"flagsBinary":"1","flags":1,"type":3,"triggerAtTime":213591581,"nowELAPSED":213581584,"rtc":1481646290857,"windowLength":0,"interval":0,"creatorPkg":"com.google.android.gms","targetPkg":"com.google.android.gms"}
43424168-e44e-473a-bf12-dba8a4a4453a 2016-12-13 11:24:50.876390637 2620823 [56299.464134]   963   976 I Location-Misc-PhoneLab: {"Action":"android.location.LOCATION_CHANGED","Location":{"Provider":"network","Time":1481646288393,"ElapsedRealtimeNanos":213579120000000,"Latitude":42.9936286,"Longitude":-78.7495205,"HasAltitude":false,"Altitude":0,"HasSpeed":false,"Speed":0,"HasBearing":false,"Bearing":0,"HasAccuracy":true,"Accuracy":1948,"IsFromMockProvider":false},"timestamp":1481646290876,"uptimeNanos":213581603253235,"LogFormat":"1.1"}
43424168-e44e-473a-bf12-dba8a4a4453a 2016-12-13 11:24:50.876390637 2620824 [56299.464451]  1821 25701 I GCoreUlr: Successfully inserted 1 locations
43424168-e44e-473a-bf12-dba8a4a4453a 2016-12-13 11:24:50.876390637 2620825 [56299.465378]   963  1477 D ThermaPlan->AlarmManagerService: {"func":"AlarmManagerService->mService->set","pid":1821,"uid":10014,"flagsBinary":"1","flags":1,"type":3,"triggerAtTime":213701610,"nowELAPSED":213581612,"rtc":1481646290885,"windowLength":0,"interval":0,"creatorPkg":"com.google.android.gms","targetPkg":"com.google.android.gms"}
43424168-e44e-473a-bf12-dba8a4a4453a 2016-12-13 11:24:50.876390637 2620826 [56299.466694]   963  1477 D ThermaPlan->Batch: {"func":"Batch->add()","batch":{"what":"BATCH","start":213650727,"end":213684887,"flags":0,"flagsBinary":"0","oldStart":213639889,"oldEnd":213684887}}
43424168-e44e-473a-bf12-dba8a4a4453a 2016-12-13 11:24:50.876390637 2620827 [56299.467179]   963  1477 D ThermaPlan->Batch: {"func":"Batch->add()","batch":{"what":"BATCH","start":213711754,"end":213730771,"flags":8,"flagsBinary":"1000","oldStart":213700771,"oldEnd":213730771}}
43424168-e44e-473a-bf12-dba8a4a4453a 2016-12-13 11:24:50.876390637 2620828 [56299.467612]   963  1477 D ThermaPlan->Batch: {"func":"Batch->add()","batch":{"what":"BATCH","start":213831840,"end":213863004,"flags":0,"flagsBinary":"0","oldStart":213741687,"oldEnd":213863004}}
43424168-e44e-473a-bf12-dba8a4a4453a 2016-12-13 11:24:50.876390637 2620829 [56299.468328]  1821 23290 W ctxmgr  : [ContextSpecificAclFactory]LocationConsent failed, ULR opt-in status is: false, account#-464948517#
43424168-e44e-473a-bf12-dba8a4a4453a 2016-12-13 11:24:50.876390637 2620830 [56299.468407]  1821 23290 W ctxmgr  : [AclManager]No 2 for (accnt=account#-464948517#, com.google.android.gms(10014):UserLocationProducer, vrsn=10084000, 0, 3pPkg = null ,  3pMdlId = null). Was: 2 for 1, account#-464948517#
43424168-e44e-473a-bf12-dba8a4a4453a 2016-12-13 11:24:50.876390637 2620831 [56299.468958]   963  1477 D ThermaPlan->Batch: {"func":"Batch->add()","batch":{"what":"BATCH","start":214276095,"end":214951095,"flags":8,"flagsBinary":"1000","oldStart":214251322,"oldEnd":215601322}}
43424168-e44e-473a-bf12-dba8a4a4453a 2016-12-13 11:24:50.876390637 2620832 [56299.469246]   963  1477 D ThermaPlan->Batch: {"func":"Batch->add()","batch":{"what":"BATCH","start":214278171,"end":214951095,"flags":8,"flagsBinary":"1000","oldStart":214276095,"oldEnd":214951095}}
43424168-e44e-473a-bf12-dba8a4a4453a 2016-12-13 11:24:50.886390637 2620833 [56299.469723]   963  1477 D ThermaPlan->Batch: {"func":"Batch->add()","batch":{"what":"BATCH","start":214278914,"end":214951095,"flags":8,"flagsBinary":"1000","oldStart":214278171,"oldEnd":214951095}}
43424168-e44e-473a-bf12-dba8a4a4453a 2016-12-13 11:24:50.886390637 2620834 [56299.470109]   963  1477 D ThermaPlan->Batch: {"func":"Batch->add()","batch":{"what":"BATCH","start":214278988,"end":214951095,"flags":8,"flagsBinary":"1000","oldStart":214278914,"oldEnd":214951095}}
43424168-e44e-473a-bf12-dba8a4a4453a 2016-12-13 11:24:50.886390637 2620835 [56299.470329]   963  1477 D ThermaPlan->Batch: {"func":"Batch->add()","batch":{"what":"BATCH","start":214281415,"end":214951095,"flags":8,"flagsBinary":"1000","oldStart":214278988,"oldEnd":214951095}}
43424168-e44e-473a-bf12-dba8a4a4453a 2016-12-13 11:24:50.886390637 2620836 [56299.470541]   963  1477 D ThermaPlan->Batch: {"func":"Batch->add()","batch":{"what":"BATCH","start":214281680,"end":214951095,"flags":8,"flagsBinary":"1000","oldStart":214281415,"oldEnd":214951095}}
43424168-e44e-473a-bf12-dba8a4a4453a 2016-12-13 11:24:50.886390637 2620837 [56299.470754]   963  1477 D ThermaPlan->Batch: {"func":"Batch->add()","batch":{"what":"BATCH","start":214282094,"end":214951095,"flags":8,"flagsBinary":"1000","oldStart":214281680,"oldEnd":214951095}}
43424168-e44e-473a-bf12-dba8a4a4453a 2016-12-13 11:24:50.886390637 2620838 [56299.470965]   963  1477 D ThermaPlan->Batch: {"func":"Batch->add()","batch":{"what":"BATCH","start":214282211,"end":214951095,"flags":8,"flagsBinary":"1000","oldStart":214282094,"oldEnd":214951095}}
43424168-e44e-473a-bf12-dba8a4a4453a 2016-12-13 11:24:50.886390637 2620839 [56299.471187]   963  1477 D ThermaPlan->Batch: {"func":"Batch->add()","batch":{"what":"BATCH","start":214282485,"end":214951095,"flags":8,"flagsBinary":"1000","oldStart":214282211,"oldEnd":214951095}}
43424168-e44e-473a-bf12-dba8a4a4453a 2016-12-13 11:24:50.886390637 2620840 [56299.471402]   963  1477 D ThermaPlan->Batch: {"func":"Batch->add()","batch":{"what":"BATCH","start":214294563,"end":214951095,"flags":8,"flagsBinary":"1000","oldStart":214282485,"oldEnd":214951095}}
43424168-e44e-473a-bf12-dba8a4a4453a 2016-12-13 11:24:50.886390637 2620841 [56299.471631]   963  1477 D ThermaPlan->Batch: {"func":"Batch->add()","batch":{"what":"BATCH","start":214733823,"end":214951095,"flags":8,"flagsBinary":"1000","oldStart":214294563,"oldEnd":214951095}}
43424168-e44e-473a-bf12-dba8a4a4453a 2016-12-13 11:24:50.886390637 2620842 [56299.471854]   963  1477 D ThermaPlan->Batch: {"func":"Batch->add()","batch":{"what":"BATCH","start":214750705,"end":214951095,"flags":8,"flagsBinary":"1000","oldStart":214733823,"oldEnd":214951095}}
43424168-e44e-473a-bf12-dba8a4a4453a 2016-12-13 11:24:50.886390637 2620843 [56299.473791]   963  1477 D ThermaPlan->Batch: {"func":"Batch->add()","batch":{"what":"BATCH","start":215759161,"end":219062073,"flags":8,"flagsBinary":"1000","oldStart":215226149,"oldEnd":219062073}}
43424168-e44e-473a-bf12-dba8a4a4453a 2016-12-13 11:24:50.886390637 2620844 [56299.473984]   963  1477 D ThermaPlan->Batch: {"func":"Batch->add()","batch":{"what":"BATCH","start":216082518,"end":218782518,"flags":8,"flagsBinary":"1000","oldStart":215759161,"oldEnd":219062073}}
43424168-e44e-473a-bf12-dba8a4a4453a 2016-12-13 11:24:50.886390637 2620845 [56299.474433]   963  1477 D ThermaPlan->Batch: {"func":"Batch->add()","batch":{"what":"BATCH","start":216144078,"end":218782518,"flags":8,"flagsBinary":"1000","oldStart":216082518,"oldEnd":218782518}}
43424168-e44e-473a-bf12-dba8a4a4453a 2016-12-13 11:24:50.886390637 2620846 [56299.474627]   963   976 I Location-Misc-PhoneLab: {"Action":"android.location.LOCATION_CHANGED","Location":{"Provider":"network","Time":1481646288393,"ElapsedRealtimeNanos":213579120000000,"Latitude":42.9936286,"Longitude":-78.7495205,"HasAltitude":false,"Altitude":0,"HasSpeed":false,"Speed":0,"HasBearing":false,"Bearing":0,"HasAccuracy":true,"Accuracy":1948,"IsFromMockProvider":false},"timestamp":1481646290894,"uptimeNanos":213581622068130,"LogFormat":"1.1"}
43424168-e44e-473a-bf12-dba8a4a4453a 2016-12-13 11:24:50.886390637 2620847 [56299.474723]   963  1477 D ThermaPlan->Batch: {"func":"Batch->add()","batch":{"what":"BATCH","start":216526830,"end":218782518,"flags":8,"flagsBinary":"1000","oldStart":216144078,"oldEnd":218782518}}
43424168-e44e-473a-bf12-dba8a4a4453a 2016-12-13 11:24:50.886390637 2620848 [56299.475018]   963  1477 D ThermaPlan->Batch: {"func":"Batch->add()","batch":{"what":"BATCH","start":217737182,"end":218037182,"flags":8,"flagsBinary":"1000","oldStart":216526830,"oldEnd":218782518}}
43424168-e44e-473a-bf12-dba8a4a4453a 2016-12-13 11:24:50.886390637 2620849 [56299.475410]   963  1477 D ThermaPlan->Batch: {"func":"Batch->add()","batch":{"what":"BATCH","start":220150599,"end":224060131,"flags":0,"flagsBinary":"0","oldStart":219290727,"oldEnd":224060131}}
43424168-e44e-473a-bf12-dba8a4a4453a 2016-12-13 11:24:50.886390637 2620850 [56299.475620]   963  1477 D ThermaPlan->Batch: {"func":"Batch->add()","batch":{"what":"BATCH","start":220380550,"end":224060131,"flags":0,"flagsBinary":"0","oldStart":220150599,"oldEnd":224060131}}
43424168-e44e-473a-bf12-dba8a4a4453a 2016-12-13 11:24:50.886390637 2620851 [56299.476115]   963  1477 D ThermaPlan->Batch: {"func":"Batch->add()","batch":{"what":"BATCH","start":228290727,"end":239324426,"flags":0,"flagsBinary":"0","oldStart":224222674,"oldEnd":240422669}}
43424168-e44e-473a-bf12-dba8a4a4453a 2016-12-13 11:24:50.886390637 2620852 [56299.476330]   963  1477 D ThermaPlan->Batch: {"func":"Batch->add()","batch":{"what":"BATCH","start":230499939,"end":239324426,"flags":0,"flagsBinary":"0","oldStart":228290727,"oldEnd":239324426}}
43424168-e44e-473a-bf12-dba8a4a4453a 2016-12-13 11:24:50.886390637 2620853 [56299.476547]   963  1477 D ThermaPlan->Batch: {"func":"Batch->add()","batch":{"what":"BATCH","start":231188198,"end":239324426,"flags":0,"flagsBinary":"0","oldStart":230499939,"oldEnd":239324426}}
43424168-e44e-473a-bf12-dba8a4a4453a 2016-12-13 11:24:50.886390637 2620854 [56299.476782]   963  1477 D ThermaPlan->Batch: {"func":"Batch->add()","batch":{"what":"BATCH","start":231548284,"end":239324426,"flags":0,"flagsBinary":"0","oldStart":231188198,"oldEnd":239324426}}
43424168-e44e-473a-bf12-dba8a4a4453a 2016-12-13 11:24:50.886390637 2620855 [56299.478088]   963  1477 D ThermaPlan->Batch: {"func":"Batch->add()","batch":{"what":"BATCH","start":248330836,"end":285305189,"flags":8,"flagsBinary":"1000","oldStart":240305189,"oldEnd":285305189}}
43424168-e44e-473a-bf12-dba8a4a4453a 2016-12-13 11:24:50.886390637 2620856 [56299.478296]   963  1477 D ThermaPlan->Batch: {"func":"Batch->add()","batch":{"what":"BATCH","start":249541608,"end":282059671,"flags":8,"flagsBinary":"1000","oldStart":248330836,"oldEnd":285305189}}
43424168-e44e-473a-bf12-dba8a4a4453a 2016-12-13 11:24:50.886390637 2620857 [56299.478523]   963  1477 D ThermaPlan->Batch: {"func":"Batch->add()","batch":{"what":"BATCH","start":249641516,"end":280795766,"flags":8,"flagsBinary":"1000","oldStart":249541608,"oldEnd":282059671}}
43424168-e44e-473a-bf12-dba8a4a4453a 2016-12-13 11:24:50.886390637 2620858 [56299.478759]   963  1477 D ThermaPlan->Batch: {"func":"Batch->add()","batch":{"what":"BATCH","start":258890727,"end":280795766,"flags":8,"flagsBinary":"1000","oldStart":249641516,"oldEnd":280795766}}
43424168-e44e-473a-bf12-dba8a4a4453a 2016-12-13 11:24:50.886390637 2620859 [56299.478914]   963 29761 D NetlinkSocketObserver: NeighborEvent{elapsedMs=213581626, fde5:bdee:339a::1, [10FEEDE58C95], RTM_NEWNEIGH, NUD_REACHABLE}
43424168-e44e-473a-bf12-dba8a4a4453a 2016-12-13 11:24:50.886390637 2620860 [56299.478980]   963  1477 D ThermaPlan->Batch: {"func":"Batch->add()","batch":{"what":"BATCH","start":259200000,"end":280795766,"flags":8,"flagsBinary":"1000","oldStart":258890727,"oldEnd":280795766}}
43424168-e44e-473a-bf12-dba8a4a4453a 2016-12-13 11:24:50.886390637 2620861 [56299.479169]   963  1477 D ThermaPlan->Batch: {"func":"Batch->add()","batch":{"what":"BATCH","start":259252542,"end":280795766,"flags":8,"flagsBinary":"1000","oldStart":259200000,"oldEnd":280795766}}
43424168-e44e-473a-bf12-dba8a4a4453a 2016-12-13 11:24:50.896390637 2620862 [56299.479418]   963  1477 D ThermaPlan->Batch: {"func":"Batch->add()","batch":{"what":"BATCH","start":259281310,"end":280795766,"flags":8,"flagsBinary":"1000","oldStart":259252542,"oldEnd":280795766}}
43424168-e44e-473a-bf12-dba8a4a4453a 2016-12-13 11:24:50.896390637 2620863 [56299.479631]   963  1477 D ThermaPlan->Batch: {"func":"Batch->add()","batch":{"what":"BATCH","start":259345162,"end":280795766,"flags":8,"flagsBinary":"1000","oldStart":259281310,"oldEnd":280795766}}
43424168-e44e-473a-bf12-dba8a4a4453a 2016-12-13 11:24:50.896390637 2620864 [56299.479846]   963  1477 D ThermaPlan->Batch: {"func":"Batch->add()","batch":{"what":"BATCH","start":259786617,"end":280795766,"flags":8,"flagsBinary":"1000","oldStart":259345162,"oldEnd":280795766}}
43424168-e44e-473a-bf12-dba8a4a4453a 2016-12-13 11:24:50.896390637 2620865 [56299.480040]   963  1477 D ThermaPlan->Batch: {"func":"Batch->add()","batch":{"what":"BATCH","start":261333689,"end":280795766,"flags":8,"flagsBinary":"1000","oldStart":259786617,"oldEnd":280795766}}
43424168-e44e-473a-bf12-dba8a4a4453a 2016-12-13 11:24:50.896390637 2620866 [56299.480234]   963  1477 D ThermaPlan->Batch: {"func":"Batch->add()","batch":{"what":"BATCH","start":270989138,"end":280795766,"flags":8,"flagsBinary":"1000","oldStart":261333689,"oldEnd":280795766}}
43424168-e44e-473a-bf12-dba8a4a4453a 2016-12-13 11:24:50.896390637 2620867 [56299.482339]   963  1477 D ThermaPlan->Batch: {"func":"Batch->add()","batch":{"what":"BATCH","start":292490680,"end":331748773,"flags":0,"flagsBinary":"0","oldStart":280825099,"oldEnd":331748773}}
43424168-e44e-473a-bf12-dba8a4a4453a 2016-12-13 11:24:50.896390637 2620868 [56299.482572]   963  1477 D ThermaPlan->Batch: {"func":"Batch->add()","batch":{"what":"BATCH","start":296563797,"end":331748773,"flags":0,"flagsBinary":"0","oldStart":292490680,"oldEnd":331748773}}
43424168-e44e-473a-bf12-dba8a4a4453a 2016-12-13 11:24:50.896390637 2620869 [56299.482780]   963  1477 D ThermaPlan->Batch: {"func":"Batch->add()","batch":{"what":"BATCH","start":299979531,"end":331748773,"flags":8,"flagsBinary":"1000","oldStart":296563797,"oldEnd":331748773}}
43424168-e44e-473a-bf12-dba8a4a4453a 2016-12-13 11:24:50.896390637 2620870 [56299.482904]   963 29760 D NetworkMonitor/NetworkAgentInfo [WIFI () - 396]: Checking http://connectivitycheck.gstatic.com/generate_204 on "AP4-5", connectivitycheck.gstatic.com=128.205.159.48,2607:f8b0:400b:807::200e
43424168-e44e-473a-bf12-dba8a4a4453a 2016-12-13 11:24:50.896390637 2620871 [56299.483279]   963  1477 D ThermaPlan->Batch: {"func":"Batch->add()","batch":{"what":"BATCH","start":605813325,"end":1058493260,"flags":0,"flagsBinary":"0","oldStart":604893262,"oldEnd":1058493260}}
43424168-e44e-473a-bf12-dba8a4a4453a 2016-12-13 11:24:50.896390637 2620872 [56299.483346]   963 29760 W System  : ClassLoader referenced unknown path: /system/framework/tcmclient.jar
43424168-e44e-473a-bf12-dba8a4a4453a 2016-12-13 11:24:50.896390637 2620873 [56299.483517]   963  1477 D ThermaPlan->Batch: {"func":"Batch->add()","batch":{"what":"BATCH","start":624143935,"end":992076404,"flags":0,"flagsBinary":"0","oldStart":605813325,"oldEnd":1058493260}}
43424168-e44e-473a-bf12-dba8a4a4453a 2016-12-13 11:24:50.896390637 2620874 [56299.483759]   963  1477 D ThermaPlan->Batch: {"func":"Batch->add()","batch":{"what":"BATCH","start":694490727,"end":992076404,"flags":0,"flagsBinary":"0","oldStart":624143935,"oldEnd":992076404}}
43424168-e44e-473a-bf12-dba8a4a4453a 2016-12-13 11:24:50.896390637 2620875 [56299.484153]   963  1477 D ThermaPlan->Batch: {"func":"Batch->add()","batch":{"what":"BATCH","start":701674709,"end":992076404,"flags":0,"flagsBinary":"0","oldStart":694490727,"oldEnd":992076404}}
43424168-e44e-473a-bf12-dba8a4a4453a 2016-12-13 11:24:50.896390637 2620876 [56299.484633]   963  1477 D ThermaPlan->Batch: {"func":"Batch->add()","batch":{"what":"BATCH","start":315360057206,"end":551880056972,"flags":0,"flagsBinary":"0","oldStart":315360056973,"oldEnd":551880056972}}
43424168-e44e-473a-bf12-dba8a4a4453a 2016-12-13 11:24:50.896390637 2620877 [56299.484852]   963  1477 D ThermaPlan->Batch: {"func":"Batch->add()","batch":{"what":"BATCH","start":315360057236,"end":551880056972,"flags":0,"flagsBinary":"0","oldStart":315360057206,"oldEnd":551880056972}}
43424168-e44e-473a-bf12-dba8a4a4453a 2016-12-13 11:24:50.896390637 2620878 [56299.485052]   963  1477 D ThermaPlan->Batch: {"func":"Batch->add()","batch":{"what":"BATCH","start":315360057240,"end":551880056972,"flags":0,"flagsBinary":"0","oldStart":315360057236,"oldEnd":551880056972}}
43424168-e44e-473a-bf12-dba8a4a4453a 2016-12-13 11:24:50.896390637 2620879 [56299.485270]   963  1477 D ThermaPlan->Batch: {"func":"Batch->add()","batch":{"what":"BATCH","start":315360057254,"end":551880056972,"flags":0,"flagsBinary":"0","oldStart":315360057240,"oldEnd":551880056972}}
43424168-e44e-473a-bf12-dba8a4a4453a 2016-12-13 11:24:50.896390637 2620880 [56299.485478]   963  1477 D ThermaPlan->Batch: {"func":"Batch->add()","batch":{"what":"BATCH","start":315360057257,"end":551880056972,"flags":0,"flagsBinary":"0","oldStart":315360057254,"oldEnd":551880056972}}
43424168-e44e-473a-bf12-dba8a4a4453a 2016-12-13 11:24:50.896390637 2620881 [56299.485686]   963  1477 D ThermaPlan->Batch: {"func":"Batch->add()","batch":{"what":"BATCH","start":315360057259,"end":551880056972,"flags":0,"flagsBinary":"0","oldStart":315360057257,"oldEnd":551880056972}}
43424168-e44e-473a-bf12-dba8a4a4453a 2016-12-13 11:24:50.896390637 2620882 [56299.485698]   963 29761 D NetlinkSocketObserver: NeighborEvent{elapsedMs=213581633, 192.168.1.1, [10FEEDE58C95], RTM_NEWNEIGH, NUD_REACHABLE}
43424168-e44e-473a-bf12-dba8a4a4453a 2016-12-13 11:24:50.896390637 2620883 [56299.485896]   963  1477 D ThermaPlan->Batch: {"func":"Batch->add()","batch":{"what":"BATCH","start":315360094195,"end":551880056972,"flags":0,"flagsBinary":"0","oldStart":315360057259,"oldEnd":551880056972}}
43424168-e44e-473a-bf12-dba8a4a4453a 2016-12-13 11:24:50.896390637 2620884 [56299.486116]   963  1477 D ThermaPlan->Batch: {"func":"Batch->add()","batch":{"what":"BATCH","start":315360113203,"end":551880056972,"flags":0,"flagsBinary":"0","oldStart":315360094195,"oldEnd":551880056972}}
43424168-e44e-473a-bf12-dba8a4a4453a 2016-12-13 11:24:50.896390637 2620885 [56299.486316]   963  1477 D ThermaPlan->Batch: {"func":"Batch->add()","batch":{"what":"BATCH","start":315399259724,"end":551880056972,"flags":0,"flagsBinary":"0","oldStart":315360113203,"oldEnd":551880056972}}
43424168-e44e-473a-bf12-dba8a4a4453a 2016-12-13 11:24:50.896390637 2620886 [56299.486534]   963  1477 D ThermaPlan->Batch: {"func":"Batch->add()","batch":{"what":"BATCH","start":315399259747,"end":551880056972,"flags":0,"flagsBinary":"0","oldStart":315399259724,"oldEnd":551880056972}}
43424168-e44e-473a-bf12-dba8a4a4453a 2016-12-13 11:24:50.896390637 2620887 [56299.486735]   963  1477 D ThermaPlan->Batch: {"func":"Batch->add()","batch":{"what":"BATCH","start":315572926898,"end":551880056972,"flags":0,"flagsBinary":"0","oldStart":315399259747,"oldEnd":551880056972}}
43424168-e44e-473a-bf12-dba8a4a4453a 2016-12-13 11:24:50.906390637 2620888 [56299.489706]   963  1914 D ThermaPlan->Batch: {"func":"Batch->add()","batch":{"what":"BATCH","start":213650727,"end":213684887,"flags":0,"flagsBinary":"0","oldStart":213639889,"oldEnd":213684887}}
43424168-e44e-473a-bf12-dba8a4a4453a 2016-12-13 11:24:50.906390637 2620889 [56299.489967]   963 29760 D NetworkMonitor/NetworkAgentInfo [WIFI () - 396]: isCaptivePortal: ret=204 headers={null=[HTTP/1.1 204 No Content], Content-Length=[0], Date=[Tue, 13 Dec 2016 16:24:52 GMT], X-Android-Received-Millis=[1481646290909], X-Android-Response-Source=[NETWORK 204], X-Android-Selected-Protocol=[http/1.1], X-Android-Sent-Millis=[1481646290907]}
43424168-e44e-473a-bf12-dba8a4a4453a 2016-12-13 11:24:50.906390637 2620890 [56299.490134]   963  1914 D ThermaPlan->Batch: {"func":"Batch->add()","batch":{"what":"BATCH","start":213711754,"end":213730771,"flags":8,"flagsBinary":"1000","oldStart":213700771,"oldEnd":213730771}}
43424168-e44e-473a-bf12-dba8a4a4453a 2016-12-13 11:24:50.906390637 2620891 [56299.490418]   963  1914 D ThermaPlan->Batch: {"func":"Batch->add()","batch":{"what":"BATCH","start":213831840,"end":213863004,"flags":0,"flagsBinary":"0","oldStart":213741687,"oldEnd":213863004}}
43424168-e44e-473a-bf12-dba8a4a4453a 2016-12-13 11:24:50.906390637 2620892 [56299.490607]   388   388 D Kernel-Trace:     kworker/0:0H-7043  [000] ...1 56299.389782: cpu_frequency: state=883200 cpu_id=0
43424168-e44e-473a-bf12-dba8a4a4453a 2016-12-13 11:24:50.906390637 2620893 [56299.490615]   388   388 D Kernel-Trace:     kworker/1:2H-12491 [001] ...1 56299.390494: cpu_frequency: state=2265600 cpu_id=1
43424168-e44e-473a-bf12-dba8a4a4453a 2016-12-13 11:24:50.906390637 2620894 [56299.490620]   388   388 D Kernel-Trace:     kworker/2:2H-10277 [002] ...1 56299.390838: cpu_frequency: state=1497600 cpu_id=2
43424168-e44e-473a-bf12-dba8a4a4453a 2016-12-13 11:24:50.906390637 2620895 [56299.490624]   388   388 D Kernel-Trace:     kworker/0:0H-7043  [000] ...1 56299.409600: cpu_frequency: state=1497600 cpu_id=0
43424168-e44e-473a-bf12-dba8a4a4453a 2016-12-13 11:24:50.906390637 2620896 [56299.490628]   388   388 D Kernel-Trace:     kworker/1:2H-12491 [001] ...1 56299.409798: cpu_frequency: state=2649600 cpu_id=1
43424168-e44e-473a-bf12-dba8a4a4453a 2016-12-13 11:24:50.906390637 2620897 [56299.490632]   388   388 D Kernel-Trace:     kworker/3:2H-12900 [003] ...1 56299.409973: cpu_frequency: state=1497600 cpu_id=3
43424168-e44e-473a-bf12-dba8a4a4453a 2016-12-13 11:24:50.906390637 2620898 [56299.490636]   388   388 D Kernel-Trace:     kworker/2:2H-10277 [002] ...1 56299.432907: cpu_frequency: state=1574400 cpu_id=2
43424168-e44e-473a-bf12-dba8a4a4453a 2016-12-13 11:24:50.906390637 2620899 [56299.490640]   388   388 D Kernel-Trace:      kworker/0:4-27226 [000] ...1 56299.449420: thermal_temp: sensor_id=5 temp=38
43424168-e44e-473a-bf12-dba8a4a4453a 2016-12-13 11:24:50.906390637 2620900 [56299.490644]   388   388 D Kernel-Trace:     kworker/0:0H-7043  [000] ...1 56299.449527: cpu_frequency: state=2265600 cpu_id=0
43424168-e44e-473a-bf12-dba8a4a4453a 2016-12-13 11:24:50.906390637 2620901 [56299.490649]   388   388 D Kernel-Trace:     kworker/0:0H-7043  [000] ...1 56299.469612: cpu_frequency: state=2649600 cpu_id=0
43424168-e44e-473a-bf12-dba8a4a4453a 2016-12-13 11:24:50.906390637 2620902 [56299.490653]   388   388 D Kernel-Trace:     kworker/2:2H-10277 [002] ...1 56299.469735: cpu_frequency: state=2265600 cpu_id=2
43424168-e44e-473a-bf12-dba8a4a4453a 2016-12-13 11:24:50.906390637 2620903 [56299.490657]   388   388 D Kernel-Trace:     kworker/3:2H-12900 [003] ...1 56299.469879: cpu_frequency: state=2265600 cpu_id=3
43424168-e44e-473a-bf12-dba8a4a4453a 2016-12-13 11:24:50.906390637 2620904 [56299.491216]   963 29757 D NetworkMonitor/NetworkAgentInfo [MOBILE (CDMA - eHRPD) - 395]: Lingering
43424168-e44e-473a-bf12-dba8a4a4453a 2016-12-13 11:24:50.906390637 2620905 [56299.491329]   963  1914 D ThermaPlan->Batch: {"func":"Batch->add()","batch":{"what":"BATCH","start":214276095,"end":214951095,"flags":8,"flagsBinary":"1000","oldStart":214251322,"oldEnd":215601322}}
43424168-e44e-473a-bf12-dba8a4a4453a 2016-12-13 11:24:50.906390637 2620906 [56299.491568]   963 29757 D ThermaPlan->AlarmManagerService: {"func":"AlarmManagerService->mService->set","pid":963,"uid":1000,"flagsBinary":"1000","flags":8,"type":2,"triggerAtTime":213611639,"nowELAPSED":213581639,"rtc":1481646290911,"windowLength":5000,"interval":0,"creatorPkg":"android","targetPkg":"android"}
43424168-e44e-473a-bf12-dba8a4a4453a 2016-12-13 11:24:50.906390637 2620907 [56299.491796]   963  1914 D ThermaPlan->Batch: {"func":"Batch->add()","batch":{"what":"BATCH","start":214278171,"end":214951095,"flags":8,"flagsBinary":"1000","oldStart":214276095,"oldEnd":214951095}}
43424168-e44e-473a-bf12-dba8a4a4453a 2016-12-13 11:24:50.906390637 2620908 [56299.492128]   963  1914 D ThermaPlan->Batch: {"func":"Batch->add()","batch":{"what":"BATCH","start":214278914,"end":214951095,"flags":8,"flagsBinary":"1000","oldStart":214278171,"oldEnd":214951095}}
43424168-e44e-473a-bf12-dba8a4a4453a 2016-12-13 11:24:50.906390637 2620909 [56299.492315]   963  1914 D ThermaPlan->Batch: {"func":"Batch->add()","batch":{"what":"BATCH","start":214278988,"end":214951095,"flags":8,"flagsBinary":"1000","oldStart":214278914,"oldEnd":214951095}}
43424168-e44e-473a-bf12-dba8a4a4453a 2016-12-13 11:24:50.906390637 2620910 [56299.492514]   963  1914 D ThermaPlan->Batch: {"func":"Batch->add()","batch":{"what":"BATCH","start":214281415,"end":214951095,"flags":8,"flagsBinary":"1000","oldStart":214278988,"oldEnd":214951095}}
43424168-e44e-473a-bf12-dba8a4a4453a 2016-12-13 11:24:50.906390637 2620911 [56299.492703]   963  1914 D ThermaPlan->Batch: {"func":"Batch->add()","batch":{"what":"BATCH","start":214281680,"end":214951095,"flags":8,"flagsBinary":"1000","oldStart":214281415,"oldEnd":214951095}}
43424168-e44e-473a-bf12-dba8a4a4453a 2016-12-13 11:24:50.906390637 2620912 [56299.492967]   963  1914 D ThermaPlan->Batch: {"func":"Batch->add()","batch":{"what":"BATCH","start":214282094,"end":214951095,"flags":8,"flagsBinary":"1000","oldStart":214281680,"oldEnd":214951095}}
43424168-e44e-473a-bf12-dba8a4a4453a 2016-12-13 11:24:50.906390637 2620913 [56299.493163]   963  1914 D ThermaPlan->Batch: {"func":"Batch->add()","batch":{"what":"BATCH","start":214282211,"end":214951095,"flags":8,"flagsBinary":"1000","oldStart":214282094,"oldEnd":214951095}}
43424168-e44e-473a-bf12-dba8a4a4453a 2016-12-13 11:24:50.906390637 2620914 [56299.493416]   963  1914 D ThermaPlan->Batch: {"func":"Batch->add()","batch":{"what":"BATCH","start":214282485,"end":214951095,"flags":8,"flagsBinary":"1000","oldStart":214282211,"oldEnd":214951095}}
43424168-e44e-473a-bf12-dba8a4a4453a 2016-12-13 11:24:50.906390637 2620915 [56299.493654]   963  1914 D ThermaPlan->Batch: {"func":"Batch->add()","batch":{"what":"BATCH","start":214294563,"end":214951095,"flags":8,"flagsBinary":"1000","oldStart":214282485,"oldEnd":214951095}}
43424168-e44e-473a-bf12-dba8a4a4453a 2016-12-13 11:24:50.906390637 2620916 [56299.493853]   963  1914 D ThermaPlan->Batch: {"func":"Batch->add()","batch":{"what":"BATCH","start":214733822,"end":214951095,"flags":8,"flagsBinary":"1000","oldStart":214294563,"oldEnd":214951095}}
43424168-e44e-473a-bf12-dba8a4a4453a 2016-12-13 11:24:50.906390637 2620917 [56299.494059]   963  1914 D ThermaPlan->Batch: {"func":"Batch->add()","batch":{"what":"BATCH","start":214750705,"end":214951095,"flags":8,"flagsBinary":"1000","oldStart":214733822,"oldEnd":214951095}}
43424168-e44e-473a-bf12-dba8a4a4453a 2016-12-13 11:24:50.906390637 2620918 [56299.494466]  1877  1877 V ConfigResourceUtil: resourceName = config_enable_mms_with_mobile_data_off resourceId = 2130837505resourceValue = false
43424168-e44e-473a-bf12-dba8a4a4453a 2016-12-13 11:24:50.906390637 2620919 [56299.495432]   963  1914 D ThermaPlan->Batch: {"func":"Batch->add()","batch":{"what":"BATCH","start":215759161,"end":219062073,"flags":8,"flagsBinary":"1000","oldStart":215226149,"oldEnd":219062073}}
43424168-e44e-473a-bf12-dba8a4a4453a 2016-12-13 11:24:50.906390637 2620920 [56299.495608]   963  1914 D ThermaPlan->Batch: {"func":"Batch->add()","batch":{"what":"BATCH","start":216082518,"end":218782518,"flags":8,"flagsBinary":"1000","oldStart":215759161,"oldEnd":219062073}}
43424168-e44e-473a-bf12-dba8a4a4453a 2016-12-13 11:24:50.906390637 2620921 [56299.495790]   963  1914 D ThermaPlan->Batch: {"func":"Batch->add()","batch":{"what":"BATCH","start":216144078,"end":218782518,"flags":8,"flagsBinary":"1000","oldStart":216082518,"oldEnd":218782518}}
43424168-e44e-473a-bf12-dba8a4a4453a 2016-12-13 11:24:50.906390637 2620922 [56299.495965]   963  1914 D ThermaPlan->Batch: {"func":"Batch->add()","batch":{"what":"BATCH","start":216526830,"end":218782518,"flags":8,"flagsBinary":"1000","oldStart":216144078,"oldEnd":218782518}}
43424168-e44e-473a-bf12-dba8a4a4453a 2016-12-13 11:24:50.906390637 2620923 [56299.496132]   963  1914 D ThermaPlan->Batch: {"func":"Batch->add()","batch":{"what":"BATCH","start":217737182,"end":218037182,"flags":8,"flagsBinary":"1000","oldStart":216526830,"oldEnd":218782518}}
43424168-e44e-473a-bf12-dba8a4a4453a 2016-12-13 11:24:50.906390637 2620924 [56299.496439]   963  1914 D ThermaPlan->Batch: {"func":"Batch->add()","batch":{"what":"BATCH","start":220150599,"end":224060131,"flags":0,"flagsBinary":"0","oldStart":219290727,"oldEnd":224060131}}
43424168-e44e-473a-bf12-dba8a4a4453a 2016-12-13 11:24:50.906390637 2620925 [56299.496688]   963  1914 D ThermaPlan->Batch: {"func":"Batch->add()","batch":{"what":"BATCH","start":220380550,"end":224060131,"flags":0,"flagsBinary":"0","oldStart":220150599,"oldEnd":224060131}}
43424168-e44e-473a-bf12-dba8a4a4453a 2016-12-13 11:24:50.916390637 2620926 [56299.500305]   963   981 D Tethering: MasterInitialState.processMessage what=3
43424168-e44e-473a-bf12-dba8a4a4453a 2016-12-13 11:24:50.916390637 2620927 [56299.500799]   963  1914 D ThermaPlan->Batch: {"func":"Batch->add()","batch":{"what":"BATCH","start":228290727,"end":239324426,"flags":0,"flagsBinary":"0","oldStart":224222675,"oldEnd":240422670}}
43424168-e44e-473a-bf12-dba8a4a4453a 2016-12-13 11:24:50.916390637 2620928 [56299.500980]   963  1914 D ThermaPlan->Batch: {"func":"Batch->add()","batch":{"what":"BATCH","start":230499939,"end":239324426,"flags":0,"flagsBinary":"0","oldStart":228290727,"oldEnd":239324426}}
43424168-e44e-473a-bf12-dba8a4a4453a 2016-12-13 11:24:50.916390637 2620929 [56299.501222]   963  1914 D ThermaPlan->Batch: {"func":"Batch->add()","batch":{"what":"BATCH","start":231188198,"end":239324426,"flags":0,"flagsBinary":"0","oldStart":230499939,"oldEnd":239324426}}
43424168-e44e-473a-bf12-dba8a4a4453a 2016-12-13 11:24:50.916390637 2620930 [56299.501416]   963  1914 D ThermaPlan->Batch: {"func":"Batch->add()","batch":{"what":"BATCH","start":231548284,"end":239324426,"flags":0,"flagsBinary":"0","oldStart":231188198,"oldEnd":239324426}}
43424168-e44e-473a-bf12-dba8a4a4453a 2016-12-13 11:24:50.916390637 2620931 [56299.501514]   963   981 D Tethering: MasterInitialState.processMessage what=3
43424168-e44e-473a-bf12-dba8a4a4453a 2016-12-13 11:24:50.916390637 2620932 [56299.504661]   963   976 D ThermaPlan->AlarmManagerService: {"func":"AlarmManagerService->mService->set","pid":963,"uid":1000,"flagsBinary":"1001","flags":9,"type":2,"triggerAtTime":215575730,"nowELAPSED":213581652,"rtc":1481646290924,"windowLength":0,"interval":0,"creatorPkg":"android","targetPkg":"android"}
43424168-e44e-473a-bf12-dba8a4a4453a 2016-12-13 11:24:50.916390637 2620933 [56299.506476]   963  1914 D ThermaPlan->Batch: {"func":"Batch->add()","batch":{"what":"BATCH","start":248330836,"end":285305189,"flags":8,"flagsBinary":"1000","oldStart":240305189,"oldEnd":285305189}}
43424168-e44e-473a-bf12-dba8a4a4453a 2016-12-13 11:24:50.916390637 2620934 [56299.506679]   963  1914 D ThermaPlan->Batch: {"func":"Batch->add()","batch":{"what":"BATCH","start":249541608,"end":282059671,"flags":8,"flagsBinary":"1000","oldStart":248330836,"oldEnd":285305189}}
43424168-e44e-473a-bf12-dba8a4a4453a 2016-12-13 11:24:50.916390637 2620935 [56299.506878]   963  1914 D ThermaPlan->Batch: {"func":"Batch->add()","batch":{"what":"BATCH","start":249641515,"end":280795765,"flags":8,"flagsBinary":"1000","oldStart":249541608,"oldEnd":282059671}}
43424168-e44e-473a-bf12-dba8a4a4453a 2016-12-13 11:24:50.916390637 2620936 [56299.507076]   963  1914 D ThermaPlan->Batch: {"func":"Batch->add()","batch":{"what":"BATCH","start":258890727,"end":280795765,"flags":8,"flagsBinary":"1000","oldStart":249641515,"oldEnd":280795765}}
43424168-e44e-473a-bf12-dba8a4a4453a 2016-12-13 11:24:50.916390637 2620937 [56299.507260]   963  1914 D ThermaPlan->Batch: {"func":"Batch->add()","batch":{"what":"BATCH","start":259200000,"end":280795765,"flags":8,"flagsBinary":"1000","oldStart":258890727,"oldEnd":280795765}}
43424168-e44e-473a-bf12-dba8a4a4453a 2016-12-13 11:24:50.916390637 2620938 [56299.507440]   963  1914 D ThermaPlan->Batch: {"func":"Batch->add()","batch":{"what":"BATCH","start":259252542,"end":280795765,"flags":8,"flagsBinary":"1000","oldStart":259200000,"oldEnd":280795765}}
43424168-e44e-473a-bf12-dba8a4a4453a 2016-12-13 11:24:50.916390637 2620939 [56299.507614]   963  1914 D ThermaPlan->Batch: {"func":"Batch->add()","batch":{"what":"BATCH","start":259281310,"end":280795765,"flags":8,"flagsBinary":"1000","oldStart":259252542,"oldEnd":280795765}}
43424168-e44e-473a-bf12-dba8a4a4453a 2016-12-13 11:24:50.916390637 2620940 [56299.507809]   963  1914 D ThermaPlan->Batch: {"func":"Batch->add()","batch":{"what":"BATCH","start":259345161,"end":280795765,"flags":8,"flagsBinary":"1000","oldStart":259281310,"oldEnd":280795765}}
43424168-e44e-473a-bf12-dba8a4a4453a 2016-12-13 11:24:50.916390637 2620941 [56299.507996]   963  1914 D ThermaPlan->Batch: {"func":"Batch->add()","batch":{"what":"BATCH","start":259786617,"end":280795765,"flags":8,"flagsBinary":"1000","oldStart":259345161,"oldEnd":280795765}}
43424168-e44e-473a-bf12-dba8a4a4453a 2016-12-13 11:24:50.916390637 2620942 [56299.508187]   963  1914 D ThermaPlan->Batch: {"func":"Batch->add()","batch":{"what":"BATCH","start":261333689,"end":280795765,"flags":8,"flagsBinary":"1000","oldStart":259786617,"oldEnd":280795765}}
43424168-e44e-473a-bf12-dba8a4a4453a 2016-12-13 11:24:50.916390637 2620943 [56299.508391]   963  1914 D ThermaPlan->Batch: {"func":"Batch->add()","batch":{"what":"BATCH","start":270989138,"end":280795765,"flags":8,"flagsBinary":"1000","oldStart":261333689,"oldEnd":280795765}}
43424168-e44e-473a-bf12-dba8a4a4453a 2016-12-13 11:24:50.926390637 2620944 [56299.509973]   963  1811 E LocSvc_IzatApiV02: E/virtual int izat_core::IzatApiV02::injectLocation(GpsExtLocation):857]: error! inject position failed
43424168-e44e-473a-bf12-dba8a4a4453a 2016-12-13 11:24:50.926390637 2620945 [56299.511033]   963  1914 D ThermaPlan->Batch: {"func":"Batch->add()","batch":{"what":"BATCH","start":292490680,"end":331748773,"flags":0,"flagsBinary":"0","oldStart":280825099,"oldEnd":331748773}}
43424168-e44e-473a-bf12-dba8a4a4453a 2016-12-13 11:24:50.926390637 2620946 [56299.511235]   963  1914 D ThermaPlan->Batch: {"func":"Batch->add()","batch":{"what":"BATCH","start":296563796,"end":331748773,"flags":0,"flagsBinary":"0","oldStart":292490680,"oldEnd":331748773}}
43424168-e44e-473a-bf12-dba8a4a4453a 2016-12-13 11:24:50.926390637 2620947 [56299.511413]   963  1914 D ThermaPlan->Batch: {"func":"Batch->add()","batch":{"what":"BATCH","start":299979531,"end":331748773,"flags":8,"flagsBinary":"1000","oldStart":296563796,"oldEnd":331748773}}
43424168-e44e-473a-bf12-dba8a4a4453a 2016-12-13 11:24:50.926390637 2620948 [56299.511787]   963  1914 D ThermaPlan->Batch: {"func":"Batch->add()","batch":{"what":"BATCH","start":605813325,"end":1058493261,"flags":0,"flagsBinary":"0","oldStart":604893263,"oldEnd":1058493261}}
43424168-e44e-473a-bf12-dba8a4a4453a 2016-12-13 11:24:50.926390637 2620949 [56299.511969]   963  1914 D ThermaPlan->Batch: {"func":"Batch->add()","batch":{"what":"BATCH","start":624143935,"end":992076404,"flags":0,"flagsBinary":"0","oldStart":605813325,"oldEnd":1058493261}}
43424168-e44e-473a-bf12-dba8a4a4453a 2016-12-13 11:24:50.926390637 2620950 [56299.512153]   963  1914 D ThermaPlan->Batch: {"func":"Batch->add()","batch":{"what":"BATCH","start":694490727,"end":992076404,"flags":0,"flagsBinary":"0","oldStart":624143935,"oldEnd":992076404}}
43424168-e44e-473a-bf12-dba8a4a4453a 2016-12-13 11:24:50.926390637 2620951 [56299.512446]   963  1914 D ThermaPlan->Batch: {"func":"Batch->add()","batch":{"what":"BATCH","start":701674709,"end":992076404,"flags":0,"flagsBinary":"0","oldStart":694490727,"oldEnd":992076404}}
43424168-e44e-473a-bf12-dba8a4a4453a 2016-12-13 11:24:50.926390637 2620952 [56299.512913]   963  1914 D ThermaPlan->Batch: {"func":"Batch->add()","batch":{"what":"BATCH","start":315360057206,"end":551880056972,"flags":0,"flagsBinary":"0","oldStart":315360056973,"oldEnd":551880056972}}
43424168-e44e-473a-bf12-dba8a4a4453a 2016-12-13 11:24:50.926390637 2620953 [56299.513121]   963  1914 D ThermaPlan->Batch: {"func":"Batch->add()","batch":{"what":"BATCH","start":315360057236,"end":551880056972,"flags":0,"flagsBinary":"0","oldStart":315360057206,"oldEnd":551880056972}}
43424168-e44e-473a-bf12-dba8a4a4453a 2016-12-13 11:24:50.926390637 2620954 [56299.513327]   963  1914 D ThermaPlan->Batch: {"func":"Batch->add()","batch":{"what":"BATCH","start":315360057240,"end":551880056972,"flags":0,"flagsBinary":"0","oldStart":315360057236,"oldEnd":551880056972}}
43424168-e44e-473a-bf12-dba8a4a4453a 2016-12-13 11:24:50.926390637 2620955 [56299.513532]   963  1914 D ThermaPlan->Batch: {"func":"Batch->add()","batch":{"what":"BATCH","start":315360057254,"end":551880056972,"flags":0,"flagsBinary":"0","oldStart":315360057240,"oldEnd":551880056972}}
43424168-e44e-473a-bf12-dba8a4a4453a 2016-12-13 11:24:50.926390637 2620956 [56299.513850]   963  1914 D ThermaPlan->Batch: {"func":"Batch->add()","batch":{"what":"BATCH","start":315360057257,"end":551880056972,"flags":0,"flagsBinary":"0","oldStart":315360057254,"oldEnd":551880056972}}
43424168-e44e-473a-bf12-dba8a4a4453a 2016-12-13 11:24:50.926390637 2620957 [56299.514073]   963  1914 D ThermaPlan->Batch: {"func":"Batch->add()","batch":{"what":"BATCH","start":315360057259,"end":551880056972,"flags":0,"flagsBinary":"0","oldStart":315360057257,"oldEnd":551880056972}}
43424168-e44e-473a-bf12-dba8a4a4453a 2016-12-13 11:24:50.926390637 2620958 [56299.514289]   963  1914 D ThermaPlan->Batch: {"func":"Batch->add()","batch":{"what":"BATCH","start":315360094195,"end":551880056972,"flags":0,"flagsBinary":"0","oldStart":315360057259,"oldEnd":551880056972}}
43424168-e44e-473a-bf12-dba8a4a4453a 2016-12-13 11:24:50.926390637 2620959 [56299.514480]   963  1914 D ThermaPlan->Batch: {"func":"Batch->add()","batch":{"what":"BATCH","start":315360113203,"end":551880056972,"flags":0,"flagsBinary":"0","oldStart":315360094195,"oldEnd":551880056972}}
43424168-e44e-473a-bf12-dba8a4a4453a 2016-12-13 11:24:50.926390637 2620960 [56299.514807]   963  1914 D ThermaPlan->Batch: {"func":"Batch->add()","batch":{"what":"BATCH","start":315399259724,"end":551880056972,"flags":0,"flagsBinary":"0","oldStart":315360113203,"oldEnd":551880056972}}
43424168-e44e-473a-bf12-dba8a4a4453a 2016-12-13 11:24:50.926390637 2620961 [56299.515035]   963  1914 D ThermaPlan->Batch: {"func":"Batch->add()","batch":{"what":"BATCH","start":315399259747,"end":551880056972,"flags":0,"flagsBinary":"0","oldStart":315399259724,"oldEnd":551880056972}}
43424168-e44e-473a-bf12-dba8a4a4453a 2016-12-13 11:24:50.926390637 2620962 [56299.515237]   963  1914 D ThermaPlan->Batch: {"func":"Batch->add()","batch":{"what":"BATCH","start":315572926898,"end":551880056972,"flags":0,"flagsBinary":"0","oldStart":315399259747,"oldEnd":551880056972}}
43424168-e44e-473a-bf12-dba8a4a4453a 2016-12-13 11:24:50.926390637 2620963 [56299.517953]   963  1820 D ThermaPlan->Batch: {"func":"Batch->add()","batch":{"what":"BATCH","start":213650727,"end":213684887,"flags":0,"flagsBinary":"0","oldStart":213639889,"oldEnd":213684887}}
43424168-e44e-473a-bf12-dba8a4a4453a 2016-12-13 11:24:50.926390637 2620964 [56299.518403]   963  1820 D ThermaPlan->Batch: {"func":"Batch->add()","batch":{"what":"BATCH","start":213711754,"end":213730771,"flags":8,"flagsBinary":"1000","oldStart":213700771,"oldEnd":213730771}}
43424168-e44e-473a-bf12-dba8a4a4453a 2016-12-13 11:24:50.926390637 2620965 [56299.518604]   963  1892 D ThermaPlan->AlarmManagerService: {"func":"AlarmManagerService->mService->set","pid":1821,"uid":10014,"flagsBinary":"1","flags":1,"type":3,"triggerAtTime":214120149,"nowELAPSED":213581666,"rtc":1481646290938,"windowLength":0,"interval":0,"creatorPkg":"com.google.android.gms","targetPkg":"com.google.android.gms"}
43424168-e44e-473a-bf12-dba8a4a4453a 2016-12-13 11:24:50.926390637 2620966 [56299.518738]   963  1820 D ThermaPlan->Batch: {"func":"Batch->add()","batch":{"what":"BATCH","start":213831840,"end":213863004,"flags":0,"flagsBinary":"0","oldStart":213741687,"oldEnd":213863004}}
43424168-e44e-473a-bf12-dba8a4a4453a 2016-12-13 11:24:50.936390637 2620967 [56299.519670]   963  1820 D ThermaPlan->Batch: {"func":"Batch->add()","batch":{"what":"BATCH","start":214276095,"end":214951095,"flags":8,"flagsBinary":"1000","oldStart":214251322,"oldEnd":215601322}}
43424168-e44e-473a-bf12-dba8a4a4453a 2016-12-13 11:24:50.936390637 2620968 [56299.519891]   963  1820 D ThermaPlan->Batch: {"func":"Batch->add()","batch":{"what":"BATCH","start":214278171,"end":214951095,"flags":8,"flagsBinary":"1000","oldStart":214276095,"oldEnd":214951095}}
43424168-e44e-473a-bf12-dba8a4a4453a 2016-12-13 11:24:50.936390637 2620969 [56299.520098]   963  1820 D ThermaPlan->Batch: {"func":"Batch->add()","batch":{"what":"BATCH","start":214278914,"end":214951095,"flags":8,"flagsBinary":"1000","oldStart":214278171,"oldEnd":214951095}}
43424168-e44e-473a-bf12-dba8a4a4453a 2016-12-13 11:24:50.936390637 2620970 [56299.520293]   963  1820 D ThermaPlan->Batch: {"func":"Batch->add()","batch":{"what":"BATCH","start":214278988,"end":214951095,"flags":8,"flagsBinary":"1000","oldStart":214278914,"oldEnd":214951095}}
43424168-e44e-473a-bf12-dba8a4a4453a 2016-12-13 11:24:50.936390637 2620971 [56299.520659]  3212  3212 D PhoneLabServices-UploaderTask: Alarm fired, action is android.net.conn.CONNECTIVITY_CHANGE
43424168-e44e-473a-bf12-dba8a4a4453a 2016-12-13 11:24:50.936390637 2620972 [56299.521714]   963  1820 D ThermaPlan->Batch: {"func":"Batch->add()","batch":{"what":"BATCH","start":214281415,"end":214951095,"flags":8,"flagsBinary":"1000","oldStart":214278988,"oldEnd":214951095}}
43424168-e44e-473a-bf12-dba8a4a4453a 2016-12-13 11:24:50.936390637 2620973 [56299.521988]   963  1820 D ThermaPlan->Batch: {"func":"Batch->add()","batch":{"what":"BATCH","start":214281680,"end":214951095,"flags":8,"flagsBinary":"1000","oldStart":214281415,"oldEnd":214951095}}
43424168-e44e-473a-bf12-dba8a4a4453a 2016-12-13 11:24:50.936390637 2620974 [56299.522177]   963  1820 D ThermaPlan->Batch: {"func":"Batch->add()","batch":{"what":"BATCH","start":214282094,"end":214951095,"flags":8,"flagsBinary":"1000","oldStart":214281680,"oldEnd":214951095}}
43424168-e44e-473a-bf12-dba8a4a4453a 2016-12-13 11:24:50.936390637 2620975 [56299.522304]  3212  3212 D PhoneLabServices-UploaderTask: Alarm fired, action is android.net.conn.CONNECTIVITY_CHANGE
43424168-e44e-473a-bf12-dba8a4a4453a 2016-12-13 11:24:50.936390637 2620976 [56299.522376]   963  1820 D ThermaPlan->Batch: {"func":"Batch->add()","batch":{"what":"BATCH","start":214282211,"end":214951095,"flags":8,"flagsBinary":"1000","oldStart":214282094,"oldEnd":214951095}}
43424168-e44e-473a-bf12-dba8a4a4453a 2016-12-13 11:24:50.936390637 2620977 [56299.522450]  3212  3370 D PhoneLabServices-UploaderTask: Starting check task.
43424168-e44e-473a-bf12-dba8a4a4453a 2016-12-13 11:24:50.936390637 2620978 [56299.522566]   963  1820 D ThermaPlan->Batch: {"func":"Batch->add()","batch":{"what":"BATCH","start":214282485,"end":214951095,"flags":8,"flagsBinary":"1000","oldStart":214282211,"oldEnd":214951095}}
43424168-e44e-473a-bf12-dba8a4a4453a 2016-12-13 11:24:50.936390637 2620979 [56299.522796]   963  1820 D ThermaPlan->Batch: {"func":"Batch->add()","batch":{"what":"BATCH","start":214294563,"end":214951095,"flags":8,"flagsBinary":"1000","oldStart":214282485,"oldEnd":214951095}}
43424168-e44e-473a-bf12-dba8a4a4453a 2016-12-13 11:24:50.936390637 2620980 [56299.523025]   963  1820 D ThermaPlan->Batch: {"func":"Batch->add()","batch":{"what":"BATCH","start":214733822,"end":214951095,"flags":8,"flagsBinary":"1000","oldStart":214294563,"oldEnd":214951095}}
43424168-e44e-473a-bf12-dba8a4a4453a 2016-12-13 11:24:50.936390637 2620981 [56299.523235]   963  1820 D ThermaPlan->Batch: {"func":"Batch->add()","batch":{"what":"BATCH","start":214750705,"end":214951095,"flags":8,"flagsBinary":"1000","oldStart":214733822,"oldEnd":214951095}}
43424168-e44e-473a-bf12-dba8a4a4453a 2016-12-13 11:24:50.936390637 2620982 [56299.524502]  2242  2242 I CastMediaRouteProvider: Network connectivity changed
43424168-e44e-473a-bf12-dba8a4a4453a 2016-12-13 11:24:50.936390637 2620983 [56299.524760]   963  1820 D ThermaPlan->Batch: {"func":"Batch->add()","batch":{"what":"BATCH","start":215759161,"end":219062073,"flags":8,"flagsBinary":"1000","oldStart":215226149,"oldEnd":219062073}}
43424168-e44e-473a-bf12-dba8a4a4453a 2016-12-13 11:24:50.936390637 2620984 [56299.524955]   963  1820 D ThermaPlan->Batch: {"func":"Batch->add()","batch":{"what":"BATCH","start":216082518,"end":218782518,"flags":8,"flagsBinary":"1000","oldStart":215759161,"oldEnd":219062073}}
43424168-e44e-473a-bf12-dba8a4a4453a 2016-12-13 11:24:50.936390637 2620985 [56299.525145]   963  1820 D ThermaPlan->Batch: {"func":"Batch->add()","batch":{"what":"BATCH","start":216144078,"end":218782518,"flags":8,"flagsBinary":"1000","oldStart":216082518,"oldEnd":218782518}}
43424168-e44e-473a-bf12-dba8a4a4453a 2016-12-13 11:24:50.936390637 2620986 [56299.525331]   963  1820 D ThermaPlan->Batch: {"func":"Batch->add()","batch":{"what":"BATCH","start":216526830,"end":218782518,"flags":8,"flagsBinary":"1000","oldStart":216144078,"oldEnd":218782518}}
43424168-e44e-473a-bf12-dba8a4a4453a 2016-12-13 11:24:50.936390637 2620987 [56299.525528]   963  1820 D ThermaPlan->Batch: {"func":"Batch->add()","batch":{"what":"BATCH","start":217737182,"end":218037182,"flags":8,"flagsBinary":"1000","oldStart":216526830,"oldEnd":218782518}}
43424168-e44e-473a-bf12-dba8a4a4453a 2016-12-13 11:24:50.936390637 2620988 [56299.525876]   963  1820 D ThermaPlan->Batch: {"func":"Batch->add()","batch":{"what":"BATCH","start":220150599,"end":224060131,"flags":0,"flagsBinary":"0","oldStart":219290727,"oldEnd":224060131}}
43424168-e44e-473a-bf12-dba8a4a4453a 2016-12-13 11:24:50.936390637 2620989 [56299.526065]   963  1820 D ThermaPlan->Batch: {"func":"Batch->add()","batch":{"what":"BATCH","start":220380550,"end":224060131,"flags":0,"flagsBinary":"0","oldStart":220150599,"oldEnd":224060131}}
43424168-e44e-473a-bf12-dba8a4a4453a 2016-12-13 11:24:50.936390637 2620990 [56299.526487]   963  1820 D ThermaPlan->Batch: {"func":"Batch->add()","batch":{"what":"BATCH","start":228290727,"end":239324426,"flags":0,"flagsBinary":"0","oldStart":224222674,"oldEnd":240422669}}
43424168-e44e-473a-bf12-dba8a4a4453a 2016-12-13 11:24:50.936390637 2620991 [56299.526670]   963  1820 D ThermaPlan->Batch: {"func":"Batch->add()","batch":{"what":"BATCH","start":230499939,"end":239324426,"flags":0,"flagsBinary":"0","oldStart":228290727,"oldEnd":239324426}}
43424168-e44e-473a-bf12-dba8a4a4453a 2016-12-13 11:24:50.936390637 2620992 [56299.526862]   963  1820 D ThermaPlan->Batch: {"func":"Batch->add()","batch":{"what":"BATCH","start":231188198,"end":239324426,"flags":0,"flagsBinary":"0","oldStart":230499939,"oldEnd":239324426}}
43424168-e44e-473a-bf12-dba8a4a4453a 2016-12-13 11:24:50.936390637 2620993 [56299.527166]   963  1820 D ThermaPlan->Batch: {"func":"Batch->add()","batch":{"what":"BATCH","start":231548284,"end":239324426,"flags":0,"flagsBinary":"0","oldStart":231188198,"oldEnd":239324426}}
43424168-e44e-473a-bf12-dba8a4a4453a 2016-12-13 11:24:50.936390637 2620994 [56299.528431]   963  1820 D ThermaPlan->Batch: {"func":"Batch->add()","batch":{"what":"BATCH","start":248330836,"end":285305189,"flags":8,"flagsBinary":"1000","oldStart":240305189,"oldEnd":285305189}}
43424168-e44e-473a-bf12-dba8a4a4453a 2016-12-13 11:24:50.936390637 2620995 [56299.528646]   963  1820 D ThermaPlan->Batch: {"func":"Batch->add()","batch":{"what":"BATCH","start":249541608,"end":282059671,"flags":8,"flagsBinary":"1000","oldStart":248330836,"oldEnd":285305189}}
43424168-e44e-473a-bf12-dba8a4a4453a 2016-12-13 11:24:50.936390637 2620996 [56299.528854]   963  1820 D ThermaPlan->Batch: {"func":"Batch->add()","batch":{"what":"BATCH","start":249641515,"end":280795765,"flags":8,"flagsBinary":"1000","oldStart":249541608,"oldEnd":282059671}}
43424168-e44e-473a-bf12-dba8a4a4453a 2016-12-13 11:24:50.936390637 2620997 [56299.529066]   963  1820 D ThermaPlan->Batch: {"func":"Batch->add()","batch":{"what":"BATCH","start":258890727,"end":280795765,"flags":8,"flagsBinary":"1000","oldStart":249641515,"oldEnd":280795765}}
43424168-e44e-473a-bf12-dba8a4a4453a 2016-12-13 11:24:50.946390637 2620998 [56299.530335]  3870  3870 D NetworkChangeNotifierAutoDetect: Network connectivity changed, type is: 2
43424168-e44e-473a-bf12-dba8a4a4453a 2016-12-13 11:24:50.946390637 2620999 [56299.530698]   963  1820 D ThermaPlan->Batch: {"func":"Batch->add()","batch":{"what":"BATCH","start":259200000,"end":280795765,"flags":8,"flagsBinary":"1000","oldStart":258890727,"oldEnd":280795765}}
43424168-e44e-473a-bf12-dba8a4a4453a 2016-12-13 11:24:50.946390637 2621000 [56299.530941]   963  1820 D ThermaPlan->Batch: {"func":"Batch->add()","batch":{"what":"BATCH","start":259252542,"end":280795765,"flags":8,"flagsBinary":"1000","oldStart":259200000,"oldEnd":280795765}}
43424168-e44e-473a-bf12-dba8a4a4453a 2016-12-13 11:24:50.946390637 2621001 [56299.531127]   963  1820 D ThermaPlan->Batch: {"func":"Batch->add()","batch":{"what":"BATCH","start":259281310,"end":280795765,"flags":8,"flagsBinary":"1000","oldStart":259252542,"oldEnd":280795765}}
43424168-e44e-473a-bf12-dba8a4a4453a 2016-12-13 11:24:50.946390637 2621002 [56299.531340]   963  1820 D ThermaPlan->Batch: {"func":"Batch->add()","batch":{"what":"BATCH","start":259345161,"end":280795765,"flags":8,"flagsBinary":"1000","oldStart":259281310,"oldEnd":280795765}}
43424168-e44e-473a-bf12-dba8a4a4453a 2016-12-13 11:24:50.946390637 2621003 [56299.531588]   963  1820 D ThermaPlan->Batch: {"func":"Batch->add()","batch":{"what":"BATCH","start":259786618,"end":280795765,"flags":8,"flagsBinary":"1000","oldStart":259345161,"oldEnd":280795765}}
43424168-e44e-473a-bf12-dba8a4a4453a 2016-12-13 11:24:50.946390637 2621004 [56299.531807]   963  1820 D ThermaPlan->Batch: {"func":"Batch->add()","batch":{"what":"BATCH","start":261333689,"end":280795765,"flags":8,"flagsBinary":"1000","oldStart":259786618,"oldEnd":280795765}}
43424168-e44e-473a-bf12-dba8a4a4453a 2016-12-13 11:24:50.946390637 2621005 [56299.532042]   963  1820 D ThermaPlan->Batch: {"func":"Batch->add()","batch":{"what":"BATCH","start":270989138,"end":280795765,"flags":8,"flagsBinary":"1000","oldStart":261333689,"oldEnd":280795765}}
43424168-e44e-473a-bf12-dba8a4a4453a 2016-12-13 11:24:50.946390637 2621006 [56299.533134]  3212  3370 D PhoneLabServices-LogcatTask: Preparing files for upload.
43424168-e44e-473a-bf12-dba8a4a4453a 2016-12-13 11:24:50.946390637 2621007 [56299.534294]   963  1820 D ThermaPlan->Batch: {"func":"Batch->add()","batch":{"what":"BATCH","start":292490680,"end":331748773,"flags":0,"flagsBinary":"0","oldStart":280825099,"oldEnd":331748773}}
43424168-e44e-473a-bf12-dba8a4a4453a 2016-12-13 11:24:50.946390637 2621008 [56299.534492]   963  1820 D ThermaPlan->Batch: {"func":"Batch->add()","batch":{"what":"BATCH","start":296563796,"end":331748773,"flags":0,"flagsBinary":"0","oldStart":292490680,"oldEnd":331748773}}
43424168-e44e-473a-bf12-dba8a4a4453a 2016-12-13 11:24:50.946390637 2621009 [56299.534662]  3212  3370 D PhoneLabServices-LogcatTask: Adding [/data/user/0/edu.buffalo.cse.phonelab.conductor/app_LogcatTask/1ltjjiv6ji1tnt6bh1te54oj40/log.out.0007, /data/user/0/edu.buffalo.cse.phonelab.conductor/app_LogcatTask/1ltjjiv6ji1tnt6bh1te54oj40/log.out.0006, /data/user/0/edu.buffalo.cse.phonelab.conductor/app_LogcatTask/1ltjjiv6ji1tnt6bh1te54oj40/log.out.0005, /data/user/0/edu.buffalo.cse.phonelab.conductor/app_LogcatTask/1ltjjiv6ji1tnt6bh1te54oj40/log.out.0004, /data/user/0/edu.buffalo.cse.phonelab.conductor/app_LogcatTask/1ltjjiv6ji1tnt6bh1te54oj40/log.out.0002, /data/user/0/edu.buffalo.cse.phonelab.conductor/app_LogcatTask/1ltjjiv6ji1tnt6bh1te54oj40/log.out.0003, /data/user/0/edu.buffalo.cse.phonelab.conductor/app_LogcatTask/1ltjjiv6ji1tnt6bh1te54oj40/log.out.0001]
43424168-e44e-473a-bf12-dba8a4a4453a 2016-12-13 11:24:50.946390637 2621010 [56299.534830]   963  1820 D ThermaPlan->Batch: {"func":"Batch->add()","batch":{"what":"BATCH","start":605813325,"end":1058493260,"flags":0,"flagsBinary":"0","oldStart":604893262,"oldEnd":1058493260}}
43424168-e44e-473a-bf12-dba8a4a4453a 2016-12-13 11:24:50.946390637 2621011 [56299.535023]   963  1820 D ThermaPlan->Batch: {"func":"Batch->add()","batch":{"what":"BATCH","start":624143935,"end":992076404,"flags":0,"flagsBinary":"0","oldStart":605813325,"oldEnd":1058493260}}
43424168-e44e-473a-bf12-dba8a4a4453a 2016-12-13 11:24:50.946390637 2621012 [56299.535199]   963  1820 D ThermaPlan->Batch: {"func":"Batch->add()","batch":{"what":"BATCH","start":694490727,"end":992076404,"flags":0,"flagsBinary":"0","oldStart":624143935,"oldEnd":992076404}}
43424168-e44e-473a-bf12-dba8a4a4453a 2016-12-13 11:24:50.946390637 2621013 [56299.535509]   963  1820 D ThermaPlan->Batch: {"func":"Batch->add()","batch":{"what":"BATCH","start":701674709,"end":992076404,"flags":0,"flagsBinary":"0","oldStart":694490727,"oldEnd":992076404}}
43424168-e44e-473a-bf12-dba8a4a4453a 2016-12-13 11:24:50.946390637 2621014 [56299.535981]   963  1820 D ThermaPlan->Batch: {"func":"Batch->add()","batch":{"what":"BATCH","start":315360057206,"end":551880056972,"flags":0,"flagsBinary":"0","oldStart":315360056973,"oldEnd":551880056972}}
43424168-e44e-473a-bf12-dba8a4a4453a 2016-12-13 11:24:50.946390637 2621015 [56299.536196]   963  1820 D ThermaPlan->Batch: {"func":"Batch->add()","batch":{"what":"BATCH","start":315360057236,"end":551880056972,"flags":0,"flagsBinary":"0","oldStart":315360057206,"oldEnd":551880056972}}
43424168-e44e-473a-bf12-dba8a4a4453a 2016-12-13 11:24:50.946390637 2621016 [56299.536415]   963  1820 D ThermaPlan->Batch: {"func":"Batch->add()","batch":{"what":"BATCH","start":315360057240,"end":551880056972,"flags":0,"flagsBinary":"0","oldStart":315360057236,"oldEnd":551880056972}}
43424168-e44e-473a-bf12-dba8a4a4453a 2016-12-13 11:24:50.946390637 2621017 [56299.536652]   963  1820 D ThermaPlan->Batch: {"func":"Batch->add()","batch":{"what":"BATCH","start":315360057254,"end":551880056972,"flags":0,"flagsBinary":"0","oldStart":315360057240,"oldEnd":551880056972}}
43424168-e44e-473a-bf12-dba8a4a4453a 2016-12-13 11:24:50.946390637 2621018 [56299.536880]   963  1820 D ThermaPlan->Batch: {"func":"Batch->add()","batch":{"what":"BATCH","start":315360057257,"end":551880056972,"flags":0,"flagsBinary":"0","oldStart":315360057254,"oldEnd":551880056972}}
43424168-e44e-473a-bf12-dba8a4a4453a 2016-12-13 11:24:50.946390637 2621019 [56299.537101]   963  1820 D ThermaPlan->Batch: {"func":"Batch->add()","batch":{"what":"BATCH","start":315360057259,"end":551880056972,"flags":0,"flagsBinary":"0","oldStart":315360057257,"oldEnd":551880056972}}
43424168-e44e-473a-bf12-dba8a4a4453a 2016-12-13 11:24:50.946390637 2621020 [56299.537321]   963  1820 D ThermaPlan->Batch: {"func":"Batch->add()","batch":{"what":"BATCH","start":315360094195,"end":551880056972,"flags":0,"flagsBinary":"0","oldStart":315360057259,"oldEnd":551880056972}}
43424168-e44e-473a-bf12-dba8a4a4453a 2016-12-13 11:24:50.946390637 2621021 [56299.537558]   963  1820 D ThermaPlan->Batch: {"func":"Batch->add()","batch":{"what":"BATCH","start":315360113203,"end":551880056972,"flags":0,"flagsBinary":"0","oldStart":315360094195,"oldEnd":551880056972}}
43424168-e44e-473a-bf12-dba8a4a4453a 2016-12-13 11:24:50.946390637 2621022 [56299.537756]   963  1820 D ThermaPlan->Batch: {"func":"Batch->add()","batch":{"what":"BATCH","start":315399259724,"end":551880056972,"flags":0,"flagsBinary":"0","oldStart":315360113203,"oldEnd":551880056972}}
43424168-e44e-473a-bf12-dba8a4a4453a 2016-12-13 11:24:50.946390637 2621023 [56299.539185]   963  1820 D ThermaPlan->Batch: {"func":"Batch->add()","batch":{"what":"BATCH","start":315399259747,"end":551880056972,"flags":0,"flagsBinary":"0","oldStart":315399259724,"oldEnd":551880056972}}
43424168-e44e-473a-bf12-dba8a4a4453a 2016-12-13 11:24:50.956390637 2621024 [56299.539524]   963  1820 D ThermaPlan->Batch: {"func":"Batch->add()","batch":{"what":"BATCH","start":315572926898,"end":551880056972,"flags":0,"flagsBinary":"0","oldStart":315399259747,"oldEnd":551880056972}}
43424168-e44e-473a-bf12-dba8a4a4453a 2016-12-13 11:24:50.956390637 2621025 [56299.541022]   963  1820 D ThermaPlan->AlarmManagerService: {"func":"AlarmManagerService->mService->set","pid":963,"uid":1000,"flagsBinary":"1000","flags":8,"type":3,"triggerAtTime":299981688,"nowELAPSED":213581688,"rtc":1481646290961,"windowLength":-1,"interval":0,"creatorPkg":"android","targetPkg":"android"}
43424168-e44e-473a-bf12-dba8a4a4453a 2016-12-13 11:24:50.956390637 2621026 [56299.541226]   963  1820 D ThermaPlan->Batch: {"func":"Batch->add()","batch":{"what":"BATCH","start":299981688,"end":331748773,"flags":8,"flagsBinary":"1000","oldStart":296563796,"oldEnd":331748773}}
43424168-e44e-473a-bf12-dba8a4a4453a 2016-12-13 11:24:50.956390637 2621027 [56299.542039]  1821  2331 I GCoreUlr: Starting service, intent=Intent { act=com.google.android.location.reporting.WIFI_TRIGGERED_UPLOAD cmp=com.google.android.gms/com.google.android.location.reporting.service.DispatchingService }, extras=null
43424168-e44e-473a-bf12-dba8a4a4453a 2016-12-13 11:24:50.956390637 2621028 [56299.545112]   963   976 D ThermaPlan->Batch: {"func":"Batch->add()","batch":{"what":"BATCH","start":213650727,"end":213684887,"flags":0,"flagsBinary":"0","oldStart":213639889,"oldEnd":213684887}}
43424168-e44e-473a-bf12-dba8a4a4453a 2016-12-13 11:24:50.956390637 2621029 [56299.545587]   963   976 D ThermaPlan->Batch: {"func":"Batch->add()","batch":{"what":"BATCH","start":213711754,"end":213730771,"flags":8,"flagsBinary":"1000","oldStart":213700771,"oldEnd":213730771}}
43424168-e44e-473a-bf12-dba8a4a4453a 2016-12-13 11:24:50.956390637 2621030 [56299.545900]   963   976 D ThermaPlan->Batch: {"func":"Batch->add()","batch":{"what":"BATCH","start":213831840,"end":213863004,"flags":0,"flagsBinary":"0","oldStart":213741687,"oldEnd":213863004}}
43424168-e44e-473a-bf12-dba8a4a4453a 2016-12-13 11:24:50.956390637 2621031 [56299.546519]  1821 23290 I GCoreUlr: Starting service, intent=Intent { act=com.google.android.location.reporting.UPLOAD cmp=com.google.android.gms/com.google.android.location.reporting.service.DispatchingService }, extras=null
43424168-e44e-473a-bf12-dba8a4a4453a 2016-12-13 11:24:50.956390637 2621032 [56299.546824]   963   976 D ThermaPlan->Batch: {"func":"Batch->add()","batch":{"what":"BATCH","start":214276095,"end":214951095,"flags":8,"flagsBinary":"1000","oldStart":214251322,"oldEnd":215601322}}
43424168-e44e-473a-bf12-dba8a4a4453a 2016-12-13 11:24:50.956390637 2621033 [56299.547223]   963   976 D ThermaPlan->Batch: {"func":"Batch->add()","batch":{"what":"BATCH","start":214278171,"end":214951095,"flags":8,"flagsBinary":"1000","oldStart":214276095,"oldEnd":214951095}}
43424168-e44e-473a-bf12-dba8a4a4453a 2016-12-13 11:24:50.956390637 2621034 [56299.547985]   963   976 D ThermaPlan->Batch: {"func":"Batch->add()","batch":{"what":"BATCH","start":214278914,"end":214951095,"flags":8,"flagsBinary":"1000","oldStart":214278171,"oldEnd":214951095}}
43424168-e44e-473a-bf12-dba8a4a4453a 2016-12-13 11:24:50.956390637 2621035 [56299.548896]   963   976 D ThermaPlan->Batch: {"func":"Batch->add()","batch":{"what":"BATCH","start":214278988,"end":214951095,"flags":8,"flagsBinary":"1000","oldStart":214278914,"oldEnd":214951095}}
43424168-e44e-473a-bf12-dba8a4a4453a 2016-12-13 11:24:50.956390637 2621036 [56299.549168]   963   976 D ThermaPlan->Batch: {"func":"Batch->add()","batch":{"what":"BATCH","start":214281415,"end":214951095,"flags":8,"flagsBinary":"1000","oldStart":214278988,"oldEnd":214951095}}
43424168-e44e-473a-bf12-dba8a4a4453a 2016-12-13 11:24:50.966390637 2621037 [56299.549487]   963   976 D ThermaPlan->Batch: {"func":"Batch->add()","batch":{"what":"BATCH","start":214281680,"end":214951095,"flags":8,"flagsBinary":"1000","oldStart":214281415,"oldEnd":214951095}}
43424168-e44e-473a-bf12-dba8a4a4453a 2016-12-13 11:24:50.966390637 2621038 [56299.549732]   963   976 D ThermaPlan->Batch: {"func":"Batch->add()","batch":{"what":"BATCH","start":214282094,"end":214951095,"flags":8,"flagsBinary":"1000","oldStart":214281680,"oldEnd":214951095}}
43424168-e44e-473a-bf12-dba8a4a4453a 2016-12-13 11:24:50.966390637 2621039 [56299.549957]   963   976 D ThermaPlan->Batch: {"func":"Batch->add()","batch":{"what":"BATCH","start":214282211,"end":214951095,"flags":8,"flagsBinary":"1000","oldStart":214282094,"oldEnd":214951095}}
43424168-e44e-473a-bf12-dba8a4a4453a 2016-12-13 11:24:50.966390637 2621040 [56299.550197]   963   976 D ThermaPlan->Batch: {"func":"Batch->add()","batch":{"what":"BATCH","start":214282485,"end":214951095,"flags":8,"flagsBinary":"1000","oldStart":214282211,"oldEnd":214951095}}
43424168-e44e-473a-bf12-dba8a4a4453a 2016-12-13 11:24:50.966390637 2621041 [56299.550414]   963   976 D ThermaPlan->Batch: {"func":"Batch->add()","batch":{"what":"BATCH","start":214294563,"end":214951095,"flags":8,"flagsBinary":"1000","oldStart":214282485,"oldEnd":214951095}}
43424168-e44e-473a-bf12-dba8a4a4453a 2016-12-13 11:24:50.966390637 2621042 [56299.550642]   963   976 D ThermaPlan->Batch: {"func":"Batch->add()","batch":{"what":"BATCH","start":214733823,"end":214951095,"flags":8,"flagsBinary":"1000","oldStart":214294563,"oldEnd":214951095}}
43424168-e44e-473a-bf12-dba8a4a4453a 2016-12-13 11:24:50.966390637 2621043 [56299.550864]   963   976 D ThermaPlan->Batch: {"func":"Batch->add()","batch":{"what":"BATCH","start":214750705,"end":214951095,"flags":8,"flagsBinary":"1000","oldStart":214733823,"oldEnd":214951095}}
43424168-e44e-473a-bf12-dba8a4a4453a 2016-12-13 11:24:50.966390637 2621044 [56299.553687]   963   976 D ThermaPlan->Batch: {"func":"Batch->add()","batch":{"what":"BATCH","start":215759162,"end":219062073,"flags":8,"flagsBinary":"1000","oldStart":215226149,"oldEnd":219062073}}
43424168-e44e-473a-bf12-dba8a4a4453a 2016-12-13 11:24:50.966390637 2621045 [56299.553688]  3212  3370 D PhoneLabServices-UploaderTask: 7 files waiting, should not upload.
43424168-e44e-473a-bf12-dba8a4a4453a 2016-12-13 11:24:50.966390637 2621046 [56299.553892]   963   976 D ThermaPlan->Batch: {"func":"Batch->add()","batch":{"what":"BATCH","start":216082518,"end":218782518,"flags":8,"flagsBinary":"1000","oldStart":215759162,"oldEnd":219062073}}
43424168-e44e-473a-bf12-dba8a4a4453a 2016-12-13 11:24:50.966390637 2621047 [56299.554129]   963   976 D ThermaPlan->Batch: {"func":"Batch->add()","batch":{"what":"BATCH","start":216144078,"end":218782518,"flags":8,"flagsBinary":"1000","oldStart":216082518,"oldEnd":218782518}}
43424168-e44e-473a-bf12-dba8a4a4453a 2016-12-13 11:24:50.966390637 2621048 [56299.554359]   963   976 D ThermaPlan->Batch: {"func":"Batch->add()","batch":{"what":"BATCH","start":216526830,"end":218782518,"flags":8,"flagsBinary":"1000","oldStart":216144078,"oldEnd":218782518}}
43424168-e44e-473a-bf12-dba8a4a4453a 2016-12-13 11:24:50.966390637 2621049 [56299.554582]   963   976 D ThermaPlan->Batch: {"func":"Batch->add()","batch":{"what":"BATCH","start":217737182,"end":218037182,"flags":8,"flagsBinary":"1000","oldStart":216526830,"oldEnd":218782518}}
43424168-e44e-473a-bf12-dba8a4a4453a 2016-12-13 11:24:50.966390637 2621050 [56299.554966]   963   976 D ThermaPlan->Batch: {"func":"Batch->add()","batch":{"what":"BATCH","start":220150599,"end":224060131,"flags":0,"flagsBinary":"0","oldStart":219290727,"oldEnd":224060131}}
43424168-e44e-473a-bf12-dba8a4a4453a 2016-12-13 11:24:50.966390637 2621051 [56299.555189]   963   976 D ThermaPlan->Batch: {"func":"Batch->add()","batch":{"what":"BATCH","start":220380550,"end":224060131,"flags":0,"flagsBinary":"0","oldStart":220150599,"oldEnd":224060131}}
43424168-e44e-473a-bf12-dba8a4a4453a 2016-12-13 11:24:50.966390637 2621052 [56299.555311]  3212  3370 D PhoneLabServices-UploaderTask: Sending broadcast of upload stats.
43424168-e44e-473a-bf12-dba8a4a4453a 2016-12-13 11:24:50.966390637 2621053 [56299.555775]  3212  3370 D PhoneLabServices-UploaderTask: Check task finished.
43424168-e44e-473a-bf12-dba8a4a4453a 2016-12-13 11:24:50.966390637 2621054 [56299.555904]  3212  3370 D PhoneLabServices-UploaderTask: Starting check task.
43424168-e44e-473a-bf12-dba8a4a4453a 2016-12-13 11:24:50.976390637 2621055 [56299.564496]  2242  2242 I CastMediaRouteProvider: Network connectivity changed
43424168-e44e-473a-bf12-dba8a4a4453a 2016-12-13 11:24:50.986390637 2621056 [56299.574920]  3212  3370 D PhoneLabServices-LogcatTask: Preparing files for upload.
43424168-e44e-473a-bf12-dba8a4a4453a 2016-12-13 11:24:50.986390637 2621057 [56299.578370]  3212  3370 D PhoneLabServices-LogcatTask: Adding [/data/user/0/edu.buffalo.cse.phonelab.conductor/app_LogcatTask/1ltjjiv6ji1tnt6bh1te54oj40/log.out.0007, /data/user/0/edu.buffalo.cse.phonelab.conductor/app_LogcatTask/1ltjjiv6ji1tnt6bh1te54oj40/log.out.0006, /data/user/0/edu.buffalo.cse.phonelab.conductor/app_LogcatTask/1ltjjiv6ji1tnt6bh1te54oj40/log.out.0005, /data/user/0/edu.buffalo.cse.phonelab.conductor/app_LogcatTask/1ltjjiv6ji1tnt6bh1te54oj40/log.out.0004, /data/user/0/edu.buffalo.cse.phonelab.conductor/app_LogcatTask/1ltjjiv6ji1tnt6bh1te54oj40/log.out.0002, /data/user/0/edu.buffalo.cse.phonelab.conductor/app_LogcatTask/1ltjjiv6ji1tnt6bh1te54oj40/log.out.0003, /data/user/0/edu.buffalo.cse.phonelab.conductor/app_LogcatTask/1ltjjiv6ji1tnt6bh1te54oj40/log.out.0001]
43424168-e44e-473a-bf12-dba8a4a4453a 2016-12-13 11:24:50.986390637 2621058 [56299.578625]   963   976 D ThermaPlan->Batch: {"func":"Batch->add()","batch":{"what":"BATCH","start":228290727,"end":239324426,"flags":0,"flagsBinary":"0","oldStart":224222674,"oldEnd":240422669}}
43424168-e44e-473a-bf12-dba8a4a4453a 2016-12-13 11:24:50.986390637 2621059 [56299.578846]   963   976 D ThermaPlan->Batch: {"func":"Batch->add()","batch":{"what":"BATCH","start":230499939,"end":239324426,"flags":0,"flagsBinary":"0","oldStart":228290727,"oldEnd":239324426}}
43424168-e44e-473a-bf12-dba8a4a4453a 2016-12-13 11:24:50.986390637 2621060 [56299.579037]   963   976 D ThermaPlan->Batch: {"func":"Batch->add()","batch":{"what":"BATCH","start":231188198,"end":239324426,"flags":0,"flagsBinary":"0","oldStart":230499939,"oldEnd":239324426}}
43424168-e44e-473a-bf12-dba8a4a4453a 2016-12-13 11:24:50.986390637 2621061 [56299.579235]   963   976 D ThermaPlan->Batch: {"func":"Batch->add()","batch":{"what":"BATCH","start":231548284,"end":239324426,"flags":0,"flagsBinary":"0","oldStart":231188198,"oldEnd":239324426}}
43424168-e44e-473a-bf12-dba8a4a4453a 2016-12-13 11:24:50.996390637 2621062 [56299.580619]   963   976 D ThermaPlan->Batch: {"func":"Batch->add()","batch":{"what":"BATCH","start":248330836,"end":285305189,"flags":8,"flagsBinary":"1000","oldStart":240305189,"oldEnd":285305189}}
43424168-e44e-473a-bf12-dba8a4a4453a 2016-12-13 11:24:50.996390637 2621063 [56299.580818]   963   976 D ThermaPlan->Batch: {"func":"Batch->add()","batch":{"what":"BATCH","start":249541608,"end":282059671,"flags":8,"flagsBinary":"1000","oldStart":248330836,"oldEnd":285305189}}
43424168-e44e-473a-bf12-dba8a4a4453a 2016-12-13 11:24:50.996390637 2621064 [56299.581014]   963   976 D ThermaPlan->Batch: {"func":"Batch->add()","batch":{"what":"BATCH","start":249641515,"end":280795765,"flags":8,"flagsBinary":"1000","oldStart":249541608,"oldEnd":282059671}}
43424168-e44e-473a-bf12-dba8a4a4453a 2016-12-13 11:24:50.996390637 2621065 [56299.581223]   963   976 D ThermaPlan->Batch: {"func":"Batch->add()","batch":{"what":"BATCH","start":258890727,"end":280795765,"flags":8,"flagsBinary":"1000","oldStart":249641515,"oldEnd":280795765}}
43424168-e44e-473a-bf12-dba8a4a4453a 2016-12-13 11:24:50.996390637 2621066 [56299.581451]   963   976 D ThermaPlan->Batch: {"func":"Batch->add()","batch":{"what":"BATCH","start":259200000,"end":280795765,"flags":8,"flagsBinary":"1000","oldStart":258890727,"oldEnd":280795765}}
43424168-e44e-473a-bf12-dba8a4a4453a 2016-12-13 11:24:50.996390637 2621067 [56299.581651]   963   976 D ThermaPlan->Batch: {"func":"Batch->add()","batch":{"what":"BATCH","start":259252542,"end":280795765,"flags":8,"flagsBinary":"1000","oldStart":259200000,"oldEnd":280795765}}
43424168-e44e-473a-bf12-dba8a4a4453a 2016-12-13 11:24:50.996390637 2621068 [56299.581865]   963   976 D ThermaPlan->Batch: {"func":"Batch->add()","batch":{"what":"BATCH","start":259281310,"end":280795765,"flags":8,"flagsBinary":"1000","oldStart":259252542,"oldEnd":280795765}}
43424168-e44e-473a-bf12-dba8a4a4453a 2016-12-13 11:24:50.996390637 2621069 [56299.582064]   963   976 D ThermaPlan->Batch: {"func":"Batch->add()","batch":{"what":"BATCH","start":259345161,"end":280795765,"flags":8,"flagsBinary":"1000","oldStart":259281310,"oldEnd":280795765}}
43424168-e44e-473a-bf12-dba8a4a4453a 2016-12-13 11:24:50.996390637 2621070 [56299.582254]   963   976 D ThermaPlan->Batch: {"func":"Batch->add()","batch":{"what":"BATCH","start":259786617,"end":280795765,"flags":8,"flagsBinary":"1000","oldStart":259345161,"oldEnd":280795765}}
43424168-e44e-473a-bf12-dba8a4a4453a 2016-12-13 11:24:50.996390637 2621071 [56299.582432]   963   976 D ThermaPlan->Batch: {"func":"Batch->add()","batch":{"what":"BATCH","start":261333689,"end":280795765,"flags":8,"flagsBinary":"1000","oldStart":259786617,"oldEnd":280795765}}
43424168-e44e-473a-bf12-dba8a4a4453a 2016-12-13 11:24:50.996390637 2621072 [56299.582688]   963   976 D ThermaPlan->Batch: {"func":"Batch->add()","batch":{"what":"BATCH","start":270989138,"end":280795765,"flags":8,"flagsBinary":"1000","oldStart":261333689,"oldEnd":280795765}}
43424168-e44e-473a-bf12-dba8a4a4453a 2016-12-13 11:24:50.996390637 2621073 [56299.584938]   963   976 D ThermaPlan->Batch: {"func":"Batch->add()","batch":{"what":"BATCH","start":292490680,"end":331748773,"flags":0,"flagsBinary":"0","oldStart":280825099,"oldEnd":331748773}}
43424168-e44e-473a-bf12-dba8a4a4453a 2016-12-13 11:24:50.996390637 2621074 [56299.585147]   963   976 D ThermaPlan->Batch: {"func":"Batch->add()","batch":{"what":"BATCH","start":296563796,"end":331748773,"flags":0,"flagsBinary":"0","oldStart":292490680,"oldEnd":331748773}}
43424168-e44e-473a-bf12-dba8a4a4453a 2016-12-13 11:24:50.996390637 2621075 [56299.585332]   963   976 D ThermaPlan->Batch: {"func":"Batch->add()","batch":{"what":"BATCH","start":299981688,"end":331748773,"flags":8,"flagsBinary":"1000","oldStart":296563796,"oldEnd":331748773}}
43424168-e44e-473a-bf12-dba8a4a4453a 2016-12-13 11:24:50.996390637 2621076 [56299.585711]   963   976 D ThermaPlan->Batch: {"func":"Batch->add()","batch":{"what":"BATCH","start":605813325,"end":1058493261,"flags":0,"flagsBinary":"0","oldStart":604893263,"oldEnd":1058493261}}
43424168-e44e-473a-bf12-dba8a4a4453a 2016-12-13 11:24:50.996390637 2621077 [56299.585936]   963   976 D ThermaPlan->Batch: {"func":"Batch->add()","batch":{"what":"BATCH","start":624143935,"end":992076404,"flags":0,"flagsBinary":"0","oldStart":605813325,"oldEnd":1058493261}}
43424168-e44e-473a-bf12-dba8a4a4453a 2016-12-13 11:24:50.996390637 2621078 [56299.586149]   963   976 D ThermaPlan->Batch: {"func":"Batch->add()","batch":{"what":"BATCH","start":694490727,"end":992076404,"flags":0,"flagsBinary":"0","oldStart":624143935,"oldEnd":992076404}}
43424168-e44e-473a-bf12-dba8a4a4453a 2016-12-13 11:24:50.996390637 2621079 [56299.586492]   963   976 D ThermaPlan->Batch: {"func":"Batch->add()","batch":{"what":"BATCH","start":701674709,"end":992076404,"flags":0,"flagsBinary":"0","oldStart":694490727,"oldEnd":992076404}}
43424168-e44e-473a-bf12-dba8a4a4453a 2016-12-13 11:24:50.996390637 2621080 [56299.587006]   963   976 D ThermaPlan->Batch: {"func":"Batch->add()","batch":{"what":"BATCH","start":315360057206,"end":551880056972,"flags":0,"flagsBinary":"0","oldStart":315360056973,"oldEnd":551880056972}}
43424168-e44e-473a-bf12-dba8a4a4453a 2016-12-13 11:24:50.996390637 2621081 [56299.587104]  3212  3370 D PhoneLabServices-UploaderTask: 7 files waiting, should not upload.
43424168-e44e-473a-bf12-dba8a4a4453a 2016-12-13 11:24:50.996390637 2621082 [56299.587249]   963   976 D ThermaPlan->Batch: {"func":"Batch->add()","batch":{"what":"BATCH","start":315360057236,"end":551880056972,"flags":0,"flagsBinary":"0","oldStart":315360057206,"oldEnd":551880056972}}
43424168-e44e-473a-bf12-dba8a4a4453a 2016-12-13 11:24:50.996390637 2621083 [56299.587458]   963   976 D ThermaPlan->Batch: {"func":"Batch->add()","batch":{"what":"BATCH","start":315360057240,"end":551880056972,"flags":0,"flagsBinary":"0","oldStart":315360057236,"oldEnd":551880056972}}
43424168-e44e-473a-bf12-dba8a4a4453a 2016-12-13 11:24:50.996390637 2621084 [56299.587663]   963   976 D ThermaPlan->Batch: {"func":"Batch->add()","batch":{"what":"BATCH","start":315360057254,"end":551880056972,"flags":0,"flagsBinary":"0","oldStart":315360057240,"oldEnd":551880056972}}
43424168-e44e-473a-bf12-dba8a4a4453a 2016-12-13 11:24:50.996390637 2621085 [56299.587883]   963   976 D ThermaPlan->Batch: {"func":"Batch->add()","batch":{"what":"BATCH","start":315360057257,"end":551880056972,"flags":0,"flagsBinary":"0","oldStart":315360057254,"oldEnd":551880056972}}
43424168-e44e-473a-bf12-dba8a4a4453a 2016-12-13 11:24:50.996390637 2621086 [56299.588077]   963   976 D ThermaPlan->Batch: {"func":"Batch->add()","batch":{"what":"BATCH","start":315360057259,"end":551880056972,"flags":0,"flagsBinary":"0","oldStart":315360057257,"oldEnd":551880056972}}
43424168-e44e-473a-bf12-dba8a4a4453a 2016-12-13 11:24:50.996390637 2621087 [56299.588267]   963   976 D ThermaPlan->Batch: {"func":"Batch->add()","batch":{"what":"BATCH","start":315360094195,"end":551880056972,"flags":0,"flagsBinary":"0","oldStart":315360057259,"oldEnd":551880056972}}
43424168-e44e-473a-bf12-dba8a4a4453a 2016-12-13 11:24:50.996390637 2621088 [56299.588446]   963   976 D ThermaPlan->Batch: {"func":"Batch->add()","batch":{"what":"BATCH","start":315360113203,"end":551880056972,"flags":0,"flagsBinary":"0","oldStart":315360094195,"oldEnd":551880056972}}
43424168-e44e-473a-bf12-dba8a4a4453a 2016-12-13 11:24:50.996390637 2621089 [56299.588637]   963   976 D ThermaPlan->Batch: {"func":"Batch->add()","batch":{"what":"BATCH","start":315399259724,"end":551880056972,"flags":0,"flagsBinary":"0","oldStart":315360113203,"oldEnd":551880056972}}
43424168-e44e-473a-bf12-dba8a4a4453a 2016-12-13 11:24:50.996390637 2621090 [56299.588837]   963   976 D ThermaPlan->Batch: {"func":"Batch->add()","batch":{"what":"BATCH","start":315399259747,"end":551880056972,"flags":0,"flagsBinary":"0","oldStart":315399259724,"oldEnd":551880056972}}
43424168-e44e-473a-bf12-dba8a4a4453a 2016-12-13 11:24:50.996390637 2621091 [56299.589027]   963   976 D ThermaPlan->Batch: {"func":"Batch->add()","batch":{"what":"BATCH","start":315572926898,"end":551880056972,"flags":0,"flagsBinary":"0","oldStart":315399259747,"oldEnd":551880056972}}
43424168-e44e-473a-bf12-dba8a4a4453a 2016-12-13 11:24:51.6390637 2621092 [56299.589446]   388   388 D Kernel-Trace:     kworker/3:2H-12900 [003] ...1 56299.490695: cpu_frequency: state=2649600 cpu_id=3
43424168-e44e-473a-bf12-dba8a4a4453a 2016-12-13 11:24:51.6390637 2621093 [56299.589452]   388   388 D Kernel-Trace:     kworker/2:2H-10277 [002] ...1 56299.509823: cpu_frequency: state=2572800 cpu_id=2
43424168-e44e-473a-bf12-dba8a4a4453a 2016-12-13 11:24:51.6390637 2621094 [56299.589456]   388   388 D Kernel-Trace:     kworker/2:2H-10277 [002] ...1 56299.529448: cpu_frequency: state=2649600 cpu_id=2
43424168-e44e-473a-bf12-dba8a4a4453a 2016-12-13 11:24:51.6390637 2621095 [56299.590264]  3212  3370 D PhoneLabServices-UploaderTask: Sending broadcast of upload stats.
43424168-e44e-473a-bf12-dba8a4a4453a 2016-12-13 11:24:51.6390637 2621096 [56299.590923]  3212  3370 D PhoneLabServices-UploaderTask: Check task finished.
43424168-e44e-473a-bf12-dba8a4a4453a 2016-12-13 11:24:51.16390637 2621097 [56299.600657]   963  1893 D ThermaPlan->Batch: {"func":"Batch->add()","batch":{"what":"BATCH","start":213650728,"end":213684887,"flags":0,"flagsBinary":"0","oldStart":213639889,"oldEnd":213684887}}
43424168-e44e-473a-bf12-dba8a4a4453a 2016-12-13 11:24:51.16390637 2621098 [56299.601107]   963  1893 D ThermaPlan->Batch: {"func":"Batch->add()","batch":{"what":"BATCH","start":213711754,"end":213730771,"flags":8,"flagsBinary":"1000","oldStart":213700771,"oldEnd":213730771}}
43424168-e44e-473a-bf12-dba8a4a4453a 2016-12-13 11:24:51.16390637 2621099 [56299.601403]   963  1893 D ThermaPlan->Batch: {"func":"Batch->add()","batch":{"what":"BATCH","start":213831840,"end":213863004,"flags":0,"flagsBinary":"0","oldStart":213741687,"oldEnd":213863004}}
43424168-e44e-473a-bf12-dba8a4a4453a 2016-12-13 11:24:51.16390637 2621100 [56299.602228]   963  1893 D ThermaPlan->Batch: {"func":"Batch->add()","batch":{"what":"BATCH","start":214276095,"end":214951095,"flags":8,"flagsBinary":"1000","oldStart":214251322,"oldEnd":215601322}}
43424168-e44e-473a-bf12-dba8a4a4453a 2016-12-13 11:24:51.16390637 2621101 [56299.602405]   963  1893 D ThermaPlan->Batch: {"func":"Batch->add()","batch":{"what":"BATCH","start":214278171,"end":214951095,"flags":8,"flagsBinary":"1000","oldStart":214276095,"oldEnd":214951095}}
43424168-e44e-473a-bf12-dba8a4a4453a 2016-12-13 11:24:51.16390637 2621102 [56299.602587]   963  1893 D ThermaPlan->Batch: {"func":"Batch->add()","batch":{"what":"BATCH","start":214278914,"end":214951095,"flags":8,"flagsBinary":"1000","oldStart":214278171,"oldEnd":214951095}}
43424168-e44e-473a-bf12-dba8a4a4453a 2016-12-13 11:24:51.16390637 2621103 [56299.602783]   963  1893 D ThermaPlan->Batch: {"func":"Batch->add()","batch":{"what":"BATCH","start":214278988,"end":214951095,"flags":8,"flagsBinary":"1000","oldStart":214278914,"oldEnd":214951095}}
43424168-e44e-473a-bf12-dba8a4a4453a 2016-12-13 11:24:51.16390637 2621104 [56299.602967]   963  1893 D ThermaPlan->Batch: {"func":"Batch->add()","batch":{"what":"BATCH","start":214281415,"end":214951095,"flags":8,"flagsBinary":"1000","oldStart":214278988,"oldEnd":214951095}}
43424168-e44e-473a-bf12-dba8a4a4453a 2016-12-13 11:24:51.16390637 2621105 [56299.603144]   963  1893 D ThermaPlan->Batch: {"func":"Batch->add()","batch":{"what":"BATCH","start":214281680,"end":214951095,"flags":8,"flagsBinary":"1000","oldStart":214281415,"oldEnd":214951095}}
43424168-e44e-473a-bf12-dba8a4a4453a 2016-12-13 11:24:51.16390637 2621106 [56299.603331]   963  1893 D ThermaPlan->Batch: {"func":"Batch->add()","batch":{"what":"BATCH","start":214282094,"end":214951095,"flags":8,"flagsBinary":"1000","oldStart":214281680,"oldEnd":214951095}}
43424168-e44e-473a-bf12-dba8a4a4453a 2016-12-13 11:24:51.16390637 2621107 [56299.603514]   963  1893 D ThermaPlan->Batch: {"func":"Batch->add()","batch":{"what":"BATCH","start":214282211,"end":214951095,"flags":8,"flagsBinary":"1000","oldStart":214282094,"oldEnd":214951095}}
43424168-e44e-473a-bf12-dba8a4a4453a 2016-12-13 11:24:51.16390637 2621108 [56299.603703]   963  1893 D ThermaPlan->Batch: {"func":"Batch->add()","batch":{"what":"BATCH","start":214282485,"end":214951095,"flags":8,"flagsBinary":"1000","oldStart":214282211,"oldEnd":214951095}}
43424168-e44e-473a-bf12-dba8a4a4453a 2016-12-13 11:24:51.16390637 2621109 [56299.603905]   963  1893 D ThermaPlan->Batch: {"func":"Batch->add()","batch":{"what":"BATCH","start":214294563,"end":214951095,"flags":8,"flagsBinary":"1000","oldStart":214282485,"oldEnd":214951095}}
43424168-e44e-473a-bf12-dba8a4a4453a 2016-12-13 11:24:51.16390637 2621110 [56299.604128]   963  1893 D ThermaPlan->Batch: {"func":"Batch->add()","batch":{"what":"BATCH","start":214733822,"end":214951095,"flags":8,"flagsBinary":"1000","oldStart":214294563,"oldEnd":214951095}}
43424168-e44e-473a-bf12-dba8a4a4453a 2016-12-13 11:24:51.16390637 2621111 [56299.604341]   963  1893 D ThermaPlan->Batch: {"func":"Batch->add()","batch":{"what":"BATCH","start":214750705,"end":214951095,"flags":8,"flagsBinary":"1000","oldStart":214733822,"oldEnd":214951095}}
43424168-e44e-473a-bf12-dba8a4a4453a 2016-12-13 11:24:51.16390637 2621112 [56299.605845]   963  1893 D ThermaPlan->Batch: {"func":"Batch->add()","batch":{"what":"BATCH","start":215759161,"end":219062073,"flags":8,"flagsBinary":"1000","oldStart":215226149,"oldEnd":219062073}}
43424168-e44e-473a-bf12-dba8a4a4453a 2016-12-13 11:24:51.16390637 2621113 [56299.608761]   963  1893 D ThermaPlan->Batch: {"func":"Batch->add()","batch":{"what":"BATCH","start":216082518,"end":218782518,"flags":8,"flagsBinary":"1000","oldStart":215759161,"oldEnd":219062073}}
43424168-e44e-473a-bf12-dba8a4a4453a 2016-12-13 11:24:51.16390637 2621114 [56299.608870]   963   976 D ThermaPlan->AlarmManagerService: {"func":"AlarmManagerService->mService->set","pid":963,"uid":1000,"flagsBinary":"1001","flags":9,"type":2,"triggerAtTime":215575729,"nowELAPSED":213581756,"rtc":1481646291029,"windowLength":0,"interval":0,"creatorPkg":"android","targetPkg":"android"}
43424168-e44e-473a-bf12-dba8a4a4453a 2016-12-13 11:24:51.16390637 2621115 [56299.609002]   963  1893 D ThermaPlan->Batch: {"func":"Batch->add()","batch":{"what":"BATCH","start":216144078,"end":218782518,"flags":8,"flagsBinary":"1000","oldStart":216082518,"oldEnd":218782518}}
43424168-e44e-473a-bf12-dba8a4a4453a 2016-12-13 11:24:51.16390637 2621116 [56299.609212]   963  1893 D ThermaPlan->Batch: {"func":"Batch->add()","batch":{"what":"BATCH","start":216526830,"end":218782518,"flags":8,"flagsBinary":"1000","oldStart":216144078,"oldEnd":218782518}}
43424168-e44e-473a-bf12-dba8a4a4453a 2016-12-13 11:24:51.26390637 2621117 [56299.609491]   963  1893 D ThermaPlan->Batch: {"func":"Batch->add()","batch":{"what":"BATCH","start":217737182,"end":218037182,"flags":8,"flagsBinary":"1000","oldStart":216526830,"oldEnd":218782518}}
43424168-e44e-473a-bf12-dba8a4a4453a 2016-12-13 11:24:51.26390637 2621118 [56299.609802]   963  1893 D ThermaPlan->Batch: {"func":"Batch->add()","batch":{"what":"BATCH","start":220150599,"end":224060131,"flags":0,"flagsBinary":"0","oldStart":219290727,"oldEnd":224060131}}
43424168-e44e-473a-bf12-dba8a4a4453a 2016-12-13 11:24:51.26390637 2621119 [56299.609993]   963  1893 D ThermaPlan->Batch: {"func":"Batch->add()","batch":{"what":"BATCH","start":220380550,"end":224060131,"flags":0,"flagsBinary":"0","oldStart":220150599,"oldEnd":224060131}}
43424168-e44e-473a-bf12-dba8a4a4453a 2016-12-13 11:24:51.26390637 2621120 [56299.610381]   963  1893 D ThermaPlan->Batch: {"func":"Batch->add()","batch":{"what":"BATCH","start":228290727,"end":239324426,"flags":0,"flagsBinary":"0","oldStart":224222674,"oldEnd":240422669}}
43424168-e44e-473a-bf12-dba8a4a4453a 2016-12-13 11:24:51.26390637 2621121 [56299.610561]   963  1893 D ThermaPlan->Batch: {"func":"Batch->add()","batch":{"what":"BATCH","start":230499939,"end":239324426,"flags":0,"flagsBinary":"0","oldStart":228290727,"oldEnd":239324426}}
43424168-e44e-473a-bf12-dba8a4a4453a 2016-12-13 11:24:51.26390637 2621122 [56299.610737]   963  1893 D ThermaPlan->Batch: {"func":"Batch->add()","batch":{"what":"BATCH","start":231188198,"end":239324426,"flags":0,"flagsBinary":"0","oldStart":230499939,"oldEnd":239324426}}
43424168-e44e-473a-bf12-dba8a4a4453a 2016-12-13 11:24:51.26390637 2621123 [56299.610914]   963  1893 D ThermaPlan->Batch: {"func":"Batch->add()","batch":{"what":"BATCH","start":231548284,"end":239324426,"flags":0,"flagsBinary":"0","oldStart":231188198,"oldEnd":239324426}}
43424168-e44e-473a-bf12-dba8a4a4453a 2016-12-13 11:24:51.26390637 2621124 [56299.611998]   963  1893 D ThermaPlan->Batch: {"func":"Batch->add()","batch":{"what":"BATCH","start":248330836,"end":285305189,"flags":8,"flagsBinary":"1000","oldStart":240305189,"oldEnd":285305189}}
43424168-e44e-473a-bf12-dba8a4a4453a 2016-12-13 11:24:51.26390637 2621125 [56299.612198]   963  1893 D ThermaPlan->Batch: {"func":"Batch->add()","batch":{"what":"BATCH","start":249541608,"end":282059671,"flags":8,"flagsBinary":"1000","oldStart":248330836,"oldEnd":285305189}}
43424168-e44e-473a-bf12-dba8a4a4453a 2016-12-13 11:24:51.26390637 2621126 [56299.612392]   963  1893 D ThermaPlan->Batch: {"func":"Batch->add()","batch":{"what":"BATCH","start":249641515,"end":280795765,"flags":8,"flagsBinary":"1000","oldStart":249541608,"oldEnd":282059671}}
43424168-e44e-473a-bf12-dba8a4a4453a 2016-12-13 11:24:51.26390637 2621127 [56299.612612]   963  1893 D ThermaPlan->Batch: {"func":"Batch->add()","batch":{"what":"BATCH","start":258890728,"end":280795765,"flags":8,"flagsBinary":"1000","oldStart":249641515,"oldEnd":280795765}}
43424168-e44e-473a-bf12-dba8a4a4453a 2016-12-13 11:24:51.26390637 2621128 [56299.612804]   963  1893 D ThermaPlan->Batch: {"func":"Batch->add()","batch":{"what":"BATCH","start":259200000,"end":280795765,"flags":8,"flagsBinary":"1000","oldStart":258890728,"oldEnd":280795765}}
43424168-e44e-473a-bf12-dba8a4a4453a 2016-12-13 11:24:51.26390637 2621129 [56299.612984]   963  1893 D ThermaPlan->Batch: {"func":"Batch->add()","batch":{"what":"BATCH","start":259252542,"end":280795765,"flags":8,"flagsBinary":"1000","oldStart":259200000,"oldEnd":280795765}}
43424168-e44e-473a-bf12-dba8a4a4453a 2016-12-13 11:24:51.26390637 2621130 [56299.613191]   963  1893 D ThermaPlan->Batch: {"func":"Batch->add()","batch":{"what":"BATCH","start":259281310,"end":280795765,"flags":8,"flagsBinary":"1000","oldStart":259252542,"oldEnd":280795765}}
43424168-e44e-473a-bf12-dba8a4a4453a 2016-12-13 11:24:51.26390637 2621131 [56299.613401]   963  1893 D ThermaPlan->Batch: {"func":"Batch->add()","batch":{"what":"BATCH","start":259345161,"end":280795765,"flags":8,"flagsBinary":"1000","oldStart":259281310,"oldEnd":280795765}}
43424168-e44e-473a-bf12-dba8a4a4453a 2016-12-13 11:24:51.26390637 2621132 [56299.613597]   963  1893 D ThermaPlan->Batch: {"func":"Batch->add()","batch":{"what":"BATCH","start":259786618,"end":280795765,"flags":8,"flagsBinary":"1000","oldStart":259345161,"oldEnd":280795765}}
43424168-e44e-473a-bf12-dba8a4a4453a 2016-12-13 11:24:51.26390637 2621133 [56299.613798]   963  1893 D ThermaPlan->Batch: {"func":"Batch->add()","batch":{"what":"BATCH","start":261333689,"end":280795765,"flags":8,"flagsBinary":"1000","oldStart":259786618,"oldEnd":280795765}}
43424168-e44e-473a-bf12-dba8a4a4453a 2016-12-13 11:24:51.26390637 2621134 [56299.613996]   963  1893 D ThermaPlan->Batch: {"func":"Batch->add()","batch":{"what":"BATCH","start":270989138,"end":280795765,"flags":8,"flagsBinary":"1000","oldStart":261333689,"oldEnd":280795765}}
43424168-e44e-473a-bf12-dba8a4a4453a 2016-12-13 11:24:51.26390637 2621135 [56299.617362]   963  1893 D ThermaPlan->Batch: {"func":"Batch->add()","batch":{"what":"BATCH","start":292490680,"end":331748773,"flags":0,"flagsBinary":"0","oldStart":280825099,"oldEnd":331748773}}
43424168-e44e-473a-bf12-dba8a4a4453a 2016-12-13 11:24:51.26390637 2621136 [56299.617572]   963  1893 D ThermaPlan->Batch: {"func":"Batch->add()","batch":{"what":"BATCH","start":296563797,"end":331748773,"flags":0,"flagsBinary":"0","oldStart":292490680,"oldEnd":331748773}}
43424168-e44e-473a-bf12-dba8a4a4453a 2016-12-13 11:24:51.26390637 2621137 [56299.617785]   963  1893 D ThermaPlan->Batch: {"func":"Batch->add()","batch":{"what":"BATCH","start":299981688,"end":331748773,"flags":8,"flagsBinary":"1000","oldStart":296563797,"oldEnd":331748773}}
43424168-e44e-473a-bf12-dba8a4a4453a 2016-12-13 11:24:51.26390637 2621138 [56299.618104]   963  1893 D ThermaPlan->Batch: {"func":"Batch->add()","batch":{"what":"BATCH","start":605813325,"end":1058493260,"flags":0,"flagsBinary":"0","oldStart":604893262,"oldEnd":1058493260}}
43424168-e44e-473a-bf12-dba8a4a4453a 2016-12-13 11:24:51.26390637 2621139 [56299.618301]   963  1893 D ThermaPlan->Batch: {"func":"Batch->add()","batch":{"what":"BATCH","start":624143935,"end":992076404,"flags":0,"flagsBinary":"0","oldStart":605813325,"oldEnd":1058493260}}
43424168-e44e-473a-bf12-dba8a4a4453a 2016-12-13 11:24:51.26390637 2621140 [56299.618483]   963  1893 D ThermaPlan->Batch: {"func":"Batch->add()","batch":{"what":"BATCH","start":694490727,"end":992076404,"flags":0,"flagsBinary":"0","oldStart":624143935,"oldEnd":992076404}}
43424168-e44e-473a-bf12-dba8a4a4453a 2016-12-13 11:24:51.26390637 2621141 [56299.618779]   963  1893 D ThermaPlan->Batch: {"func":"Batch->add()","batch":{"what":"BATCH","start":701674709,"end":992076404,"flags":0,"flagsBinary":"0","oldStart":694490727,"oldEnd":992076404}}
43424168-e44e-473a-bf12-dba8a4a4453a 2016-12-13 11:24:51.26390637 2621142 [56299.619187]   963  1893 D ThermaPlan->Batch: {"func":"Batch->add()","batch":{"what":"BATCH","start":315360057206,"end":551880056972,"flags":0,"flagsBinary":"0","oldStart":315360056973,"oldEnd":551880056972}}
43424168-e44e-473a-bf12-dba8a4a4453a 2016-12-13 11:24:51.36390637 2621143 [56299.619445]   963  1893 D ThermaPlan->Batch: {"func":"Batch->add()","batch":{"what":"BATCH","start":315360057236,"end":551880056972,"flags":0,"flagsBinary":"0","oldStart":315360057206,"oldEnd":551880056972}}
43424168-e44e-473a-bf12-dba8a4a4453a 2016-12-13 11:24:51.36390637 2621144 [56299.619655]   963  1893 D ThermaPlan->Batch: {"func":"Batch->add()","batch":{"what":"BATCH","start":315360057240,"end":551880056972,"flags":0,"flagsBinary":"0","oldStart":315360057236,"oldEnd":551880056972}}
43424168-e44e-473a-bf12-dba8a4a4453a 2016-12-13 11:24:51.36390637 2621145 [56299.619836]   963  1893 D ThermaPlan->Batch: {"func":"Batch->add()","batch":{"what":"BATCH","start":315360057254,"end":551880056972,"flags":0,"flagsBinary":"0","oldStart":315360057240,"oldEnd":551880056972}}
43424168-e44e-473a-bf12-dba8a4a4453a 2016-12-13 11:24:51.36390637 2621146 [56299.620029]   963  1893 D ThermaPlan->Batch: {"func":"Batch->add()","batch":{"what":"BATCH","start":315360057257,"end":551880056972,"flags":0,"flagsBinary":"0","oldStart":315360057254,"oldEnd":551880056972}}
43424168-e44e-473a-bf12-dba8a4a4453a 2016-12-13 11:24:51.36390637 2621147 [56299.620204]   963  1893 D ThermaPlan->Batch: {"func":"Batch->add()","batch":{"what":"BATCH","start":315360057259,"end":551880056972,"flags":0,"flagsBinary":"0","oldStart":315360057257,"oldEnd":551880056972}}
43424168-e44e-473a-bf12-dba8a4a4453a 2016-12-13 11:24:51.36390637 2621148 [56299.620402]   963  1893 D ThermaPlan->Batch: {"func":"Batch->add()","batch":{"what":"BATCH","start":315360094195,"end":551880056972,"flags":0,"flagsBinary":"0","oldStart":315360057259,"oldEnd":551880056972}}
43424168-e44e-473a-bf12-dba8a4a4453a 2016-12-13 11:24:51.36390637 2621149 [56299.620599]   963  1893 D ThermaPlan->Batch: {"func":"Batch->add()","batch":{"what":"BATCH","start":315360113203,"end":551880056972,"flags":0,"flagsBinary":"0","oldStart":315360094195,"oldEnd":551880056972}}
43424168-e44e-473a-bf12-dba8a4a4453a 2016-12-13 11:24:51.36390637 2621150 [56299.620801]   963  1893 D ThermaPlan->Batch: {"func":"Batch->add()","batch":{"what":"BATCH","start":315399259724,"end":551880056972,"flags":0,"flagsBinary":"0","oldStart":315360113203,"oldEnd":551880056972}}
43424168-e44e-473a-bf12-dba8a4a4453a 2016-12-13 11:24:51.36390637 2621151 [56299.621034]   963  1893 D ThermaPlan->Batch: {"func":"Batch->add()","batch":{"what":"BATCH","start":315399259747,"end":551880056972,"flags":0,"flagsBinary":"0","oldStart":315399259724,"oldEnd":551880056972}}
43424168-e44e-473a-bf12-dba8a4a4453a 2016-12-13 11:24:51.36390637 2621152 [56299.621229]   963  1893 D ThermaPlan->Batch: {"func":"Batch->add()","batch":{"what":"BATCH","start":315572926898,"end":551880056972,"flags":0,"flagsBinary":"0","oldStart":315399259747,"oldEnd":551880056972}}
43424168-e44e-473a-bf12-dba8a4a4453a 2016-12-13 11:24:51.36390637 2621153 [56299.622875]   963  1357 D ThermaPlan->AlarmManagerService: {"func":"AlarmManagerService->deliverAlarmsLocked()","nowELAPSED":213581770,"rtc":1481646291043,"alarm":"{\"what\":\"ALARM\",\"type\":0,\"origWhen\":1481646291003,\"wakeup\":true,\"tag\":\"*walarm*:com.android.server.Wifi.action.TOGGLE_PNO\",\"flags\":8,\"uid\":1000,\"count\":1,\"when\":1481646291003,\"windowLength\":0,\"whenElapsed\":213581730,\"maxWhenElapsed\":213581730,\"repeatInterval\":0,\"pid\":963,\"operation\":\"PendingIntent{e336c90: PendingIntentRecord{e594989 android broadcastIntent}}\",\"creatorPkg\":\"android\",\"targetPkg\":\"android\"}"}
43424168-e44e-473a-bf12-dba8a4a4453a 2016-12-13 11:24:51.36390637 2621154 [56299.624105]   963   976 D ThermaPlan->Batch: {"func":"Batch->add()","batch":{"what":"BATCH","start":213650727,"end":213684887,"flags":0,"flagsBinary":"0","oldStart":213639889,"oldEnd":213684887}}
43424168-e44e-473a-bf12-dba8a4a4453a 2016-12-13 11:24:51.36390637 2621155 [56299.624546]   963   976 D ThermaPlan->Batch: {"func":"Batch->add()","batch":{"what":"BATCH","start":213711754,"end":213730771,"flags":8,"flagsBinary":"1000","oldStart":213700771,"oldEnd":213730771}}
43424168-e44e-473a-bf12-dba8a4a4453a 2016-12-13 11:24:51.36390637 2621156 [56299.624856]   963   976 D ThermaPlan->Batch: {"func":"Batch->add()","batch":{"what":"BATCH","start":213831840,"end":213863004,"flags":0,"flagsBinary":"0","oldStart":213741687,"oldEnd":213863004}}
43424168-e44e-473a-bf12-dba8a4a4453a 2016-12-13 11:24:51.36390637 2621157 [56299.626987]  1821 29805 I GCoreUlr: LocationReporter sending 4 locations, 2 activities, and 6 metadata for account account#19# request #0; requests: []
43424168-e44e-473a-bf12-dba8a4a4453a 2016-12-13 11:24:51.46390637 2621158 [56299.631188]   963   976 D ThermaPlan->Batch: {"func":"Batch->add()","batch":{"what":"BATCH","start":214276095,"end":214951095,"flags":8,"flagsBinary":"1000","oldStart":214251322,"oldEnd":215601322}}
43424168-e44e-473a-bf12-dba8a4a4453a 2016-12-13 11:24:51.46390637 2621159 [56299.631413]   963   976 D ThermaPlan->Batch: {"func":"Batch->add()","batch":{"what":"BATCH","start":214278171,"end":214951095,"flags":8,"flagsBinary":"1000","oldStart":214276095,"oldEnd":214951095}}
43424168-e44e-473a-bf12-dba8a4a4453a 2016-12-13 11:24:51.46390637 2621160 [56299.631632]   963   976 D ThermaPlan->Batch: {"func":"Batch->add()","batch":{"what":"BATCH","start":214278914,"end":214951095,"flags":8,"flagsBinary":"1000","oldStart":214278171,"oldEnd":214951095}}
43424168-e44e-473a-bf12-dba8a4a4453a 2016-12-13 11:24:51.46390637 2621161 [56299.631842]   963   976 D ThermaPlan->Batch: {"func":"Batch->add()","batch":{"what":"BATCH","start":214278988,"end":214951095,"flags":8,"flagsBinary":"1000","oldStart":214278914,"oldEnd":214951095}}
43424168-e44e-473a-bf12-dba8a4a4453a 2016-12-13 11:24:51.46390637 2621162 [56299.632063]   963   976 D ThermaPlan->Batch: {"func":"Batch->add()","batch":{"what":"BATCH","start":214281415,"end":214951095,"flags":8,"flagsBinary":"1000","oldStart":214278988,"oldEnd":214951095}}
43424168-e44e-473a-bf12-dba8a4a4453a 2016-12-13 11:24:51.46390637 2621163 [56299.632269]   963   976 D ThermaPlan->Batch: {"func":"Batch->add()","batch":{"what":"BATCH","start":214281680,"end":214951095,"flags":8,"flagsBinary":"1000","oldStart":214281415,"oldEnd":214951095}}
43424168-e44e-473a-bf12-dba8a4a4453a 2016-12-13 11:24:51.46390637 2621164 [56299.633919]   963   976 D ThermaPlan->Batch: {"func":"Batch->add()","batch":{"what":"BATCH","start":214282094,"end":214951095,"flags":8,"flagsBinary":"1000","oldStart":214281680,"oldEnd":214951095}}
43424168-e44e-473a-bf12-dba8a4a4453a 2016-12-13 11:24:51.46390637 2621165 [56299.634119]   963   976 D ThermaPlan->Batch: {"func":"Batch->add()","batch":{"what":"BATCH","start":214282211,"end":214951095,"flags":8,"flagsBinary":"1000","oldStart":214282094,"oldEnd":214951095}}
43424168-e44e-473a-bf12-dba8a4a4453a 2016-12-13 11:24:51.46390637 2621166 [56299.634319]   963   976 D ThermaPlan->Batch: {"func":"Batch->add()","batch":{"what":"BATCH","start":214282485,"end":214951095,"flags":8,"flagsBinary":"1000","oldStart":214282211,"oldEnd":214951095}}
43424168-e44e-473a-bf12-dba8a4a4453a 2016-12-13 11:24:51.46390637 2621167 [56299.634520]   963   976 D ThermaPlan->Batch: {"func":"Batch->add()","batch":{"what":"BATCH","start":214294563,"end":214951095,"flags":8,"flagsBinary":"1000","oldStart":214282485,"oldEnd":214951095}}
43424168-e44e-473a-bf12-dba8a4a4453a 2016-12-13 11:24:51.46390637 2621168 [56299.635791]   963   976 D ThermaPlan->Batch: {"func":"Batch->add()","batch":{"what":"BATCH","start":214733822,"end":214951095,"flags":8,"flagsBinary":"1000","oldStart":214294563,"oldEnd":214951095}}
43424168-e44e-473a-bf12-dba8a4a4453a 2016-12-13 11:24:51.46390637 2621169 [56299.638512]   963   976 D ThermaPlan->Batch: {"func":"Batch->add()","batch":{"what":"BATCH","start":214750705,"end":214951095,"flags":8,"flagsBinary":"1000","oldStart":214733822,"oldEnd":214951095}}
43424168-e44e-473a-bf12-dba8a4a4453a 2016-12-13 11:24:51.56390637 2621170 [56299.643087]   963   976 D ThermaPlan->Batch: {"func":"Batch->add()","batch":{"what":"BATCH","start":215759162,"end":219062073,"flags":8,"flagsBinary":"1000","oldStart":215226149,"oldEnd":219062073}}
43424168-e44e-473a-bf12-dba8a4a4453a 2016-12-13 11:24:51.66390637 2621171 [56299.651369]   963   976 D ThermaPlan->Batch: {"func":"Batch->add()","batch":{"what":"BATCH","start":216082518,"end":218782518,"flags":8,"flagsBinary":"1000","oldStart":215759162,"oldEnd":219062073}}
43424168-e44e-473a-bf12-dba8a4a4453a 2016-12-13 11:24:51.66390637 2621172 [56299.651589]   963   976 D ThermaPlan->Batch: {"func":"Batch->add()","batch":{"what":"BATCH","start":216144078,"end":218782518,"flags":8,"flagsBinary":"1000","oldStart":216082518,"oldEnd":218782518}}
43424168-e44e-473a-bf12-dba8a4a4453a 2016-12-13 11:24:51.66390637 2621173 [56299.651784]   963   976 D ThermaPlan->Batch: {"func":"Batch->add()","batch":{"what":"BATCH","start":216526830,"end":218782518,"flags":8,"flagsBinary":"1000","oldStart":216144078,"oldEnd":218782518}}
43424168-e44e-473a-bf12-dba8a4a4453a 2016-12-13 11:24:51.66390637 2621174 [56299.651965]   963   976 D ThermaPlan->Batch: {"func":"Batch->add()","batch":{"what":"BATCH","start":217737182,"end":218037182,"flags":8,"flagsBinary":"1000","oldStart":216526830,"oldEnd":218782518}}
43424168-e44e-473a-bf12-dba8a4a4453a 2016-12-13 11:24:51.66390637 2621175 [56299.652311]   963   976 D ThermaPlan->Batch: {"func":"Batch->add()","batch":{"what":"BATCH","start":220150599,"end":224060131,"flags":0,"flagsBinary":"0","oldStart":219290727,"oldEnd":224060131}}
43424168-e44e-473a-bf12-dba8a4a4453a 2016-12-13 11:24:51.66390637 2621176 [56299.652519]   963   976 D ThermaPlan->Batch: {"func":"Batch->add()","batch":{"what":"BATCH","start":220380550,"end":224060131,"flags":0,"flagsBinary":"0","oldStart":220150599,"oldEnd":224060131}}
43424168-e44e-473a-bf12-dba8a4a4453a 2016-12-13 11:24:51.66390637 2621177 [56299.653080]   963   976 D ThermaPlan->Batch: {"func":"Batch->add()","batch":{"what":"BATCH","start":228290727,"end":239324426,"flags":0,"flagsBinary":"0","oldStart":224222674,"oldEnd":240422669}}
43424168-e44e-473a-bf12-dba8a4a4453a 2016-12-13 11:24:51.76390637 2621178 [56299.659664]   963   976 D ThermaPlan->Batch: {"func":"Batch->add()","batch":{"what":"BATCH","start":230499939,"end":239324426,"flags":0,"flagsBinary":"0","oldStart":228290727,"oldEnd":239324426}}
43424168-e44e-473a-bf12-dba8a4a4453a 2016-12-13 11:24:51.76390637 2621179 [56299.660078]   963   976 D ThermaPlan->Batch: {"func":"Batch->add()","batch":{"what":"BATCH","start":231188198,"end":239324426,"flags":0,"flagsBinary":"0","oldStart":230499939,"oldEnd":239324426}}
43424168-e44e-473a-bf12-dba8a4a4453a 2016-12-13 11:24:51.76390637 2621180 [56299.660448]   963   976 D ThermaPlan->Batch: {"func":"Batch->add()","batch":{"what":"BATCH","start":231548284,"end":239324426,"flags":0,"flagsBinary":"0","oldStart":231188198,"oldEnd":239324426}}
43424168-e44e-473a-bf12-dba8a4a4453a 2016-12-13 11:24:51.76390637 2621181 [56299.662976]   963   976 D ThermaPlan->Batch: {"func":"Batch->add()","batch":{"what":"BATCH","start":248330836,"end":285305189,"flags":8,"flagsBinary":"1000","oldStart":240305189,"oldEnd":285305189}}
43424168-e44e-473a-bf12-dba8a4a4453a 2016-12-13 11:24:51.76390637 2621182 [56299.663611]   963   976 D ThermaPlan->Batch: {"func":"Batch->add()","batch":{"what":"BATCH","start":249541608,"end":282059671,"flags":8,"flagsBinary":"1000","oldStart":248330836,"oldEnd":285305189}}
43424168-e44e-473a-bf12-dba8a4a4453a 2016-12-13 11:24:51.76390637 2621183 [56299.663996]   963   976 D ThermaPlan->Batch: {"func":"Batch->add()","batch":{"what":"BATCH","start":249641515,"end":280795765,"flags":8,"flagsBinary":"1000","oldStart":249541608,"oldEnd":282059671}}
43424168-e44e-473a-bf12-dba8a4a4453a 2016-12-13 11:24:51.76390637 2621184 [56299.664383]   963   976 D ThermaPlan->Batch: {"func":"Batch->add()","batch":{"what":"BATCH","start":258890727,"end":280795765,"flags":8,"flagsBinary":"1000","oldStart":249641515,"oldEnd":280795765}}
43424168-e44e-473a-bf12-dba8a4a4453a 2016-12-13 11:24:51.76390637 2621185 [56299.664773]   963   976 D ThermaPlan->Batch: {"func":"Batch->add()","batch":{"what":"BATCH","start":259200000,"end":280795765,"flags":8,"flagsBinary":"1000","oldStart":258890727,"oldEnd":280795765}}
43424168-e44e-473a-bf12-dba8a4a4453a 2016-12-13 11:24:51.76390637 2621186 [56299.665125]   963   976 D ThermaPlan->Batch: {"func":"Batch->add()","batch":{"what":"BATCH","start":259252542,"end":280795765,"flags":8,"flagsBinary":"1000","oldStart":259200000,"oldEnd":280795765}}
43424168-e44e-473a-bf12-dba8a4a4453a 2016-12-13 11:24:51.76390637 2621187 [56299.665809]   963   976 D ThermaPlan->Batch: {"func":"Batch->add()","batch":{"what":"BATCH","start":259281310,"end":280795765,"flags":8,"flagsBinary":"1000","oldStart":259252542,"oldEnd":280795765}}
43424168-e44e-473a-bf12-dba8a4a4453a 2016-12-13 11:24:51.76390637 2621188 [56299.666180]   963   976 D ThermaPlan->Batch: {"func":"Batch->add()","batch":{"what":"BATCH","start":259345161,"end":280795765,"flags":8,"flagsBinary":"1000","oldStart":259281310,"oldEnd":280795765}}
43424168-e44e-473a-bf12-dba8a4a4453a 2016-12-13 11:24:51.86390637 2621189 [56299.669727]   963   976 D ThermaPlan->Batch: {"func":"Batch->add()","batch":{"what":"BATCH","start":259786617,"end":280795765,"flags":8,"flagsBinary":"1000","oldStart":259345161,"oldEnd":280795765}}
43424168-e44e-473a-bf12-dba8a4a4453a 2016-12-13 11:24:51.86390637 2621190 [56299.670050]   963   976 D ThermaPlan->Batch: {"func":"Batch->add()","batch":{"what":"BATCH","start":261333689,"end":280795765,"flags":8,"flagsBinary":"1000","oldStart":259786617,"oldEnd":280795765}}
43424168-e44e-473a-bf12-dba8a4a4453a 2016-12-13 11:24:51.86390637 2621191 [56299.670383]   963   976 D ThermaPlan->Batch: {"func":"Batch->add()","batch":{"what":"BATCH","start":270989138,"end":280795765,"flags":8,"flagsBinary":"1000","oldStart":261333689,"oldEnd":280795765}}
43424168-e44e-473a-bf12-dba8a4a4453a 2016-12-13 11:24:51.86390637 2621192 [56299.672706]  1821  3434 W System  : ClassLoader referenced unknown path: /system/framework/tcmclient.jar
43424168-e44e-473a-bf12-dba8a4a4453a 2016-12-13 11:24:51.86390637 2621193 [56299.674584]   963   976 D ThermaPlan->Batch: {"func":"Batch->add()","batch":{"what":"BATCH","start":292490680,"end":331748773,"flags":0,"flagsBinary":"0","oldStart":280825099,"oldEnd":331748773}}
43424168-e44e-473a-bf12-dba8a4a4453a 2016-12-13 11:24:51.86390637 2621194 [56299.674932]   963   976 D ThermaPlan->Batch: {"func":"Batch->add()","batch":{"what":"BATCH","start":296563796,"end":331748773,"flags":0,"flagsBinary":"0","oldStart":292490680,"oldEnd":331748773}}
43424168-e44e-473a-bf12-dba8a4a4453a 2016-12-13 11:24:51.86390637 2621195 [56299.675251]   963   976 D ThermaPlan->Batch: {"func":"Batch->add()","batch":{"what":"BATCH","start":299981688,"end":331748773,"flags":8,"flagsBinary":"1000","oldStart":296563796,"oldEnd":331748773}}
43424168-e44e-473a-bf12-dba8a4a4453a 2016-12-13 11:24:51.86390637 2621196 [56299.675780]   963   976 D ThermaPlan->Batch: {"func":"Batch->add()","batch":{"what":"BATCH","start":605813325,"end":1058493261,"flags":0,"flagsBinary":"0","oldStart":604893263,"oldEnd":1058493261}}
43424168-e44e-473a-bf12-dba8a4a4453a 2016-12-13 11:24:51.86390637 2621197 [56299.676135]   963   976 D ThermaPlan->Batch: {"func":"Batch->add()","batch":{"what":"BATCH","start":624143935,"end":992076404,"flags":0,"flagsBinary":"0","oldStart":605813325,"oldEnd":1058493261}}
43424168-e44e-473a-bf12-dba8a4a4453a 2016-12-13 11:24:51.86390637 2621198 [56299.676519]   963   976 D ThermaPlan->Batch: {"func":"Batch->add()","batch":{"what":"BATCH","start":694490727,"end":992076404,"flags":0,"flagsBinary":"0","oldStart":624143935,"oldEnd":992076404}}
43424168-e44e-473a-bf12-dba8a4a4453a 2016-12-13 11:24:51.86390637 2621199 [56299.677418]   963   976 D ThermaPlan->Batch: {"func":"Batch->add()","batch":{"what":"BATCH","start":701674709,"end":992076404,"flags":0,"flagsBinary":"0","oldStart":694490727,"oldEnd":992076404}}
43424168-e44e-473a-bf12-dba8a4a4453a 2016-12-13 11:24:51.96390637 2621200 [56299.680891]   963   976 D ThermaPlan->Batch: {"func":"Batch->add()","batch":{"what":"BATCH","start":315360057206,"end":551880056972,"flags":0,"flagsBinary":"0","oldStart":315360056973,"oldEnd":551880056972}}
43424168-e44e-473a-bf12-dba8a4a4453a 2016-12-13 11:24:51.96390637 2621201 [56299.681598]   963   976 D ThermaPlan->Batch: {"func":"Batch->add()","batch":{"what":"BATCH","start":315360057236,"end":551880056972,"flags":0,"flagsBinary":"0","oldStart":315360057206,"oldEnd":551880056972}}
43424168-e44e-473a-bf12-dba8a4a4453a 2016-12-13 11:24:51.96390637 2621202 [56299.682274]   963   976 D ThermaPlan->Batch: {"func":"Batch->add()","batch":{"what":"BATCH","start":315360057240,"end":551880056972,"flags":0,"flagsBinary":"0","oldStart":315360057236,"oldEnd":551880056972}}
43424168-e44e-473a-bf12-dba8a4a4453a 2016-12-13 11:24:51.96390637 2621203 [56299.682595]   963   976 D ThermaPlan->Batch: {"func":"Batch->add()","batch":{"what":"BATCH","start":315360057254,"end":551880056972,"flags":0,"flagsBinary":"0","oldStart":315360057240,"oldEnd":551880056972}}
43424168-e44e-473a-bf12-dba8a4a4453a 2016-12-13 11:24:51.96390637 2621204 [56299.683850]   963   976 D ThermaPlan->Batch: {"func":"Batch->add()","batch":{"what":"BATCH","start":315360057257,"end":551880056972,"flags":0,"flagsBinary":"0","oldStart":315360057254,"oldEnd":551880056972}}
43424168-e44e-473a-bf12-dba8a4a4453a 2016-12-13 11:24:51.96390637 2621205 [56299.684185]   963   976 D ThermaPlan->Batch: {"func":"Batch->add()","batch":{"what":"BATCH","start":315360057259,"end":551880056972,"flags":0,"flagsBinary":"0","oldStart":315360057257,"oldEnd":551880056972}}
43424168-e44e-473a-bf12-dba8a4a4453a 2016-12-13 11:24:51.96390637 2621206 [56299.684549]   963   976 D ThermaPlan->Batch: {"func":"Batch->add()","batch":{"what":"BATCH","start":315360094195,"end":551880056972,"flags":0,"flagsBinary":"0","oldStart":315360057259,"oldEnd":551880056972}}
43424168-e44e-473a-bf12-dba8a4a4453a 2016-12-13 11:24:51.96390637 2621207 [56299.684945]   963   976 D ThermaPlan->Batch: {"func":"Batch->add()","batch":{"what":"BATCH","start":315360113203,"end":551880056972,"flags":0,"flagsBinary":"0","oldStart":315360094195,"oldEnd":551880056972}}
43424168-e44e-473a-bf12-dba8a4a4453a 2016-12-13 11:24:51.96390637 2621208 [56299.685328]   963   976 D ThermaPlan->Batch: {"func":"Batch->add()","batch":{"what":"BATCH","start":315399259724,"end":551880056972,"flags":0,"flagsBinary":"0","oldStart":315360113203,"oldEnd":551880056972}}
43424168-e44e-473a-bf12-dba8a4a4453a 2016-12-13 11:24:51.96390637 2621209 [56299.685719]   963   976 D ThermaPlan->Batch: {"func":"Batch->add()","batch":{"what":"BATCH","start":315399259747,"end":551880056972,"flags":0,"flagsBinary":"0","oldStart":315399259724,"oldEnd":551880056972}}
43424168-e44e-473a-bf12-dba8a4a4453a 2016-12-13 11:24:51.96390637 2621210 [56299.686070]   963   976 D ThermaPlan->Batch: {"func":"Batch->add()","batch":{"what":"BATCH","start":315572926898,"end":551880056972,"flags":0,"flagsBinary":"0","oldStart":315399259747,"oldEnd":551880056972}}
43424168-e44e-473a-bf12-dba8a4a4453a 2016-12-13 11:24:51.96390637 2621211 [56299.688219]   963  1893 I Network-Telephony-PhoneLab: {"Action":"android.telephony.CELL_LOCATION_CHANGED","CellLocation":{"BaseStationId":50691,"BaseStationLatitude":619392,"BaseStationLongitude":-1134600,"SystemId":4107,"NetworkId":201},"timestamp":1481646291108,"uptimeNanos":213581835722349,"LogFormat":"1.1"}
43424168-e44e-473a-bf12-dba8a4a4453a 2016-12-13 11:24:51.106390637 2621212 [56299.689453]   388   388 D Kernel-Trace:     kworker/2:2H-10277 [002] ...1 56299.649460: cpu_frequency: state=1190400 cpu_id=2
43424168-e44e-473a-bf12-dba8a4a4453a 2016-12-13 11:24:51.106390637 2621213 [56299.689473]   388   388 D Kernel-Trace:     kworker/2:2H-10277 [002] ...1 56299.669476: cpu_frequency: state=1267200 cpu_id=2
43424168-e44e-473a-bf12-dba8a4a4453a 2016-12-13 11:24:51.196390637 2621214 [56299.780079]   963   974 I Network-Telephony-PhoneLab: {"Action":"android.intent.action.SIG_STR","SignalStrength":{"Type":"CDMA","Level":1,"Strength":-99,"Asu":1},"timestamp":1481646291200,"uptimeNanos":213581927581620,"LogFormat":"1.1"}
43424168-e44e-473a-bf12-dba8a4a4453a 2016-12-13 11:24:51.206390637 2621215 [56299.790060]   388   388 D Kernel-Trace:     kworker/2:2H-10277 [002] ...1 56299.689628: cpu_frequency: state=1497600 cpu_id=2
43424168-e44e-473a-bf12-dba8a4a4453a 2016-12-13 11:24:51.206390637 2621216 [56299.790130]   388   388 D Kernel-Trace:      kworker/0:4-27226 [000] ...1 56299.699502: thermal_temp: sensor_id=5 temp=41
43424168-e44e-473a-bf12-dba8a4a4453a 2016-12-13 11:24:51.206390637 2621217 [56299.790162]   388   388 D Kernel-Trace:     kworker/2:2H-10277 [002] ...1 56299.739929: cpu_frequency: state=300000 cpu_id=2
43424168-e44e-473a-bf12-dba8a4a4453a 2016-12-13 11:24:51.206390637 2621218 [56299.790190]   388   388 D Kernel-Trace:     kworker/3:2H-12900 [003] ...1 56299.746739: cpu_frequency: state=883200 cpu_id=3
43424168-e44e-473a-bf12-dba8a4a4453a 2016-12-13 11:24:51.206390637 2621219 [56299.790219]   388   388 D Kernel-Trace:     kworker/0:0H-7043  [000] ...1 56299.789939: cpu_frequency: state=652800 cpu_id=0
43424168-e44e-473a-bf12-dba8a4a4453a 2016-12-13 11:24:51.236390637 2621220 [56299.825163]  1821 29805 I GCoreUlr: Batch Location Update succeeded for account account#19#
43424168-e44e-473a-bf12-dba8a4a4453a 2016-12-13 11:24:51.306390637 2621221 [56299.890272]   388   388 D Kernel-Trace:     kworker/3:2H-12900 [003] ...1 56299.806590: cpu_frequency: state=300000 cpu_id=3
43424168-e44e-473a-bf12-dba8a4a4453a 2016-12-13 11:24:51.306390637 2621222 [56299.890339]   388   388 D Kernel-Trace:     kworker/2:2H-10277 [002] ...1 56299.839748: cpu_frequency: state=1497600 cpu_id=2
43424168-e44e-473a-bf12-dba8a4a4453a 2016-12-13 11:24:51.306390637 2621223 [56299.890365]   388   388 D Kernel-Trace:     kworker/0:0H-7043  [000] ...1 56299.870171: cpu_frequency: state=300000 cpu_id=0
43424168-e44e-473a-bf12-dba8a4a4453a 2016-12-13 11:24:51.306390637 2621224 [56299.890393]   388   388 D Kernel-Trace:     kworker/2:2H-10277 [002] ...1 56299.889899: cpu_frequency: state=300000 cpu_id=2
43424168-e44e-473a-bf12-dba8a4a4453a 2016-12-13 11:24:51.406390636 2621225 [56299.989701]   388   388 D Kernel-Trace:      kworker/0:4-27226 [000] ...1 56299.949750: thermal_temp: sensor_id=5 temp=36
43424168-e44e-473a-bf12-dba8a4a4453a 2016-12-13 11:24:51.476390636 2621226 [56300.062253]   963  1896 W art     : Long monitor contention event with owner method=void com.android.server.net.NetworkPolicyManagerService$14.onReceive(android.content.Context, android.content.Intent) from NetworkPolicyManagerService.java:1133 waiters=1 for 484ms
43424168-e44e-473a-bf12-dba8a4a4453a 2016-12-13 11:24:51.476390636 2621227 [56300.062924]   963  1597 W art     : Long monitor contention event with owner method=void com.android.server.net.NetworkPolicyManagerService$14.onReceive(android.content.Context, android.content.Intent) from NetworkPolicyManagerService.java:1133 waiters=2 for 433ms
43424168-e44e-473a-bf12-dba8a4a4453a 2016-12-13 11:24:51.476390636 2621228 [56300.063094]   963   963 W art     : Long monitor contention event with owner method=void com.android.server.net.NetworkPolicyManagerService$14.onReceive(android.content.Context, android.content.Intent) from NetworkPolicyManagerService.java:1133 waiters=2 for 339ms
43424168-e44e-473a-bf12-dba8a4a4453a 2016-12-13 11:24:51.476390636 2621229 [56300.065156]   963  1820 D ThermaPlan->Batch: {"func":"Batch->add()","batch":{"what":"BATCH","start":213650727,"end":213684887,"flags":0,"flagsBinary":"0","oldStart":213639889,"oldEnd":213684887}}
43424168-e44e-473a-bf12-dba8a4a4453a 2016-12-13 11:24:51.476390636 2621230 [56300.065775]   963  1820 D ThermaPlan->Batch: {"func":"Batch->add()","batch":{"what":"BATCH","start":213711754,"end":213730771,"flags":8,"flagsBinary":"1000","oldStart":213700771,"oldEnd":213730771}}
43424168-e44e-473a-bf12-dba8a4a4453a 2016-12-13 11:24:51.476390636 2621231 [56300.066220]   963  1820 D ThermaPlan->Batch: {"func":"Batch->add()","batch":{"what":"BATCH","start":213831840,"end":213863004,"flags":0,"flagsBinary":"0","oldStart":213741687,"oldEnd":213863004}}
43424168-e44e-473a-bf12-dba8a4a4453a 2016-12-13 11:24:51.476390636 2621232 [56300.067486]   963  1820 D ThermaPlan->Batch: {"func":"Batch->add()","batch":{"what":"BATCH","start":214276095,"end":214951095,"flags":8,"flagsBinary":"1000","oldStart":214251322,"oldEnd":215601322}}
43424168-e44e-473a-bf12-dba8a4a4453a 2016-12-13 11:24:51.476390636 2621233 [56300.067749]   963  1820 D ThermaPlan->Batch: {"func":"Batch->add()","batch":{"what":"BATCH","start":214278171,"end":214951095,"flags":8,"flagsBinary":"1000","oldStart":214276095,"oldEnd":214951095}}
43424168-e44e-473a-bf12-dba8a4a4453a 2016-12-13 11:24:51.476390636 2621234 [56300.068019]   963  1820 D ThermaPlan->Batch: {"func":"Batch->add()","batch":{"what":"BATCH","start":214278914,"end":214951095,"flags":8,"flagsBinary":"1000","oldStart":214278171,"oldEnd":214951095}}
43424168-e44e-473a-bf12-dba8a4a4453a 2016-12-13 11:24:51.476390636 2621235 [56300.068287]   963  1820 D ThermaPlan->Batch: {"func":"Batch->add()","batch":{"what":"BATCH","start":214278988,"end":214951095,"flags":8,"flagsBinary":"1000","oldStart":214278914,"oldEnd":214951095}}
43424168-e44e-473a-bf12-dba8a4a4453a 2016-12-13 11:24:51.476390636 2621236 [56300.068581]   963  1820 D ThermaPlan->Batch: {"func":"Batch->add()","batch":{"what":"BATCH","start":214281415,"end":214951095,"flags":8,"flagsBinary":"1000","oldStart":214278988,"oldEnd":214951095}}
43424168-e44e-473a-bf12-dba8a4a4453a 2016-12-13 11:24:51.476390636 2621237 [56300.068810]  2875  2927 W msgr.b  : The sessioned store is not available. Are you fetching sessioned quick experiment data while the user is logged out?
43424168-e44e-473a-bf12-dba8a4a4453a 2016-12-13 11:24:51.476390636 2621238 [56300.068867]   963  1820 D ThermaPlan->Batch: {"func":"Batch->add()","batch":{"what":"BATCH","start":214281680,"end":214951095,"flags":8,"flagsBinary":"1000","oldStart":214281415,"oldEnd":214951095}}
43424168-e44e-473a-bf12-dba8a4a4453a 2016-12-13 11:24:51.476390636 2621239 [56300.069132]   963  1820 D ThermaPlan->Batch: {"func":"Batch->add()","batch":{"what":"BATCH","start":214282094,"end":214951095,"flags":8,"flagsBinary":"1000","oldStart":214281680,"oldEnd":214951095}}
43424168-e44e-473a-bf12-dba8a4a4453a 2016-12-13 11:24:51.486390636 2621240 [56300.069471]   963  1820 D ThermaPlan->Batch: {"func":"Batch->add()","batch":{"what":"BATCH","start":214282211,"end":214951095,"flags":8,"flagsBinary":"1000","oldStart":214282094,"oldEnd":214951095}}
43424168-e44e-473a-bf12-dba8a4a4453a 2016-12-13 11:24:51.486390636 2621241 [56300.069761]   963  1820 D ThermaPlan->Batch: {"func":"Batch->add()","batch":{"what":"BATCH","start":214282485,"end":214951095,"flags":8,"flagsBinary":"1000","oldStart":214282211,"oldEnd":214951095}}
43424168-e44e-473a-bf12-dba8a4a4453a 2016-12-13 11:24:51.486390636 2621242 [56300.070036]   963  1820 D ThermaPlan->Batch: {"func":"Batch->add()","batch":{"what":"BATCH","start":214294563,"end":214951095,"flags":8,"flagsBinary":"1000","oldStart":214282485,"oldEnd":214951095}}
43424168-e44e-473a-bf12-dba8a4a4453a 2016-12-13 11:24:51.486390636 2621243 [56300.070405]   963  1820 D ThermaPlan->Batch: {"func":"Batch->add()","batch":{"what":"BATCH","start":214733822,"end":214951095,"flags":8,"flagsBinary":"1000","oldStart":214294563,"oldEnd":214951095}}
43424168-e44e-473a-bf12-dba8a4a4453a 2016-12-13 11:24:51.486390636 2621244 [56300.070729]   963  1820 D ThermaPlan->Batch: {"func":"Batch->add()","batch":{"what":"BATCH","start":214750705,"end":214951095,"flags":8,"flagsBinary":"1000","oldStart":214733822,"oldEnd":214951095}}
43424168-e44e-473a-bf12-dba8a4a4453a 2016-12-13 11:24:51.486390636 2621245 [56300.073036]   963  1820 D ThermaPlan->Batch: {"func":"Batch->add()","batch":{"what":"BATCH","start":215759161,"end":219062073,"flags":8,"flagsBinary":"1000","oldStart":215226149,"oldEnd":219062073}}
43424168-e44e-473a-bf12-dba8a4a4453a 2016-12-13 11:24:51.486390636 2621246 [56300.073347]   963  1820 D ThermaPlan->Batch: {"func":"Batch->add()","batch":{"what":"BATCH","start":216082518,"end":218782518,"flags":8,"flagsBinary":"1000","oldStart":215759161,"oldEnd":219062073}}
43424168-e44e-473a-bf12-dba8a4a4453a 2016-12-13 11:24:51.486390636 2621247 [56300.073676]   963  1820 D ThermaPlan->Batch: {"func":"Batch->add()","batch":{"what":"BATCH","start":216144078,"end":218782518,"flags":8,"flagsBinary":"1000","oldStart":216082518,"oldEnd":218782518}}
43424168-e44e-473a-bf12-dba8a4a4453a 2016-12-13 11:24:51.486390636 2621248 [56300.073989]   963  1820 D ThermaPlan->Batch: {"func":"Batch->add()","batch":{"what":"BATCH","start":216526830,"end":218782518,"flags":8,"flagsBinary":"1000","oldStart":216144078,"oldEnd":218782518}}
43424168-e44e-473a-bf12-dba8a4a4453a 2016-12-13 11:24:51.486390636 2621249 [56300.074294]   963  1820 D ThermaPlan->Batch: {"func":"Batch->add()","batch":{"what":"BATCH","start":217737182,"end":218037182,"flags":8,"flagsBinary":"1000","oldStart":216526830,"oldEnd":218782518}}
43424168-e44e-473a-bf12-dba8a4a4453a 2016-12-13 11:24:51.486390636 2621250 [56300.074828]   963  1820 D ThermaPlan->Batch: {"func":"Batch->add()","batch":{"what":"BATCH","start":220150599,"end":224060132,"flags":0,"flagsBinary":"0","oldStart":219290728,"oldEnd":224060132}}
43424168-e44e-473a-bf12-dba8a4a4453a 2016-12-13 11:24:51.486390636 2621251 [56300.075162]   963  1820 D ThermaPlan->Batch: {"func":"Batch->add()","batch":{"what":"BATCH","start":220380550,"end":224060132,"flags":0,"flagsBinary":"0","oldStart":220150599,"oldEnd":224060132}}
43424168-e44e-473a-bf12-dba8a4a4453a 2016-12-13 11:24:51.486390636 2621252 [56300.075876]   963  1820 D ThermaPlan->Batch: {"func":"Batch->add()","batch":{"what":"BATCH","start":228290727,"end":239324426,"flags":0,"flagsBinary":"0","oldStart":224222675,"oldEnd":240422670}}
43424168-e44e-473a-bf12-dba8a4a4453a 2016-12-13 11:24:51.486390636 2621253 [56300.076207]   963  1820 D ThermaPlan->Batch: {"func":"Batch->add()","batch":{"what":"BATCH","start":230499939,"end":239324426,"flags":0,"flagsBinary":"0","oldStart":228290727,"oldEnd":239324426}}
43424168-e44e-473a-bf12-dba8a4a4453a 2016-12-13 11:24:51.486390636 2621254 [56300.076527]   963  1820 D ThermaPlan->Batch: {"func":"Batch->add()","batch":{"what":"BATCH","start":231188198,"end":239324426,"flags":0,"flagsBinary":"0","oldStart":230499939,"oldEnd":239324426}}
43424168-e44e-473a-bf12-dba8a4a4453a 2016-12-13 11:24:51.486390636 2621255 [56300.076847]   963  1820 D ThermaPlan->Batch: {"func":"Batch->add()","batch":{"what":"BATCH","start":231548284,"end":239324426,"flags":0,"flagsBinary":"0","oldStart":231188198,"oldEnd":239324426}}
43424168-e44e-473a-bf12-dba8a4a4453a 2016-12-13 11:24:51.486390636 2621256 [56300.078712]   963  1820 D ThermaPlan->Batch: {"func":"Batch->add()","batch":{"what":"BATCH","start":248330836,"end":285305189,"flags":8,"flagsBinary":"1000","oldStart":240305189,"oldEnd":285305189}}
43424168-e44e-473a-bf12-dba8a4a4453a 2016-12-13 11:24:51.486390636 2621257 [56300.079028]   963  1820 D ThermaPlan->Batch: {"func":"Batch->add()","batch":{"what":"BATCH","start":249541608,"end":282059671,"flags":8,"flagsBinary":"1000","oldStart":248330836,"oldEnd":285305189}}
43424168-e44e-473a-bf12-dba8a4a4453a 2016-12-13 11:24:51.496390636 2621258 [56300.079584]   963  1820 D ThermaPlan->Batch: {"func":"Batch->add()","batch":{"what":"BATCH","start":249641515,"end":280795765,"flags":8,"flagsBinary":"1000","oldStart":249541608,"oldEnd":282059671}}
43424168-e44e-473a-bf12-dba8a4a4453a 2016-12-13 11:24:51.496390636 2621259 [56300.079939]   963  1820 D ThermaPlan->Batch: {"func":"Batch->add()","batch":{"what":"BATCH","start":258890727,"end":280795765,"flags":8,"flagsBinary":"1000","oldStart":249641515,"oldEnd":280795765}}
43424168-e44e-473a-bf12-dba8a4a4453a 2016-12-13 11:24:51.496390636 2621260 [56300.080253]   963  1820 D ThermaPlan->Batch: {"func":"Batch->add()","batch":{"what":"BATCH","start":259200000,"end":280795765,"flags":8,"flagsBinary":"1000","oldStart":258890727,"oldEnd":280795765}}
43424168-e44e-473a-bf12-dba8a4a4453a 2016-12-13 11:24:51.496390636 2621261 [56300.080561]   963  1820 D ThermaPlan->Batch: {"func":"Batch->add()","batch":{"what":"BATCH","start":259252542,"end":280795765,"flags":8,"flagsBinary":"1000","oldStart":259200000,"oldEnd":280795765}}
43424168-e44e-473a-bf12-dba8a4a4453a 2016-12-13 11:24:51.496390636 2621262 [56300.080856]   963  1820 D ThermaPlan->Batch: {"func":"Batch->add()","batch":{"what":"BATCH","start":259281310,"end":280795765,"flags":8,"flagsBinary":"1000","oldStart":259252542,"oldEnd":280795765}}
43424168-e44e-473a-bf12-dba8a4a4453a 2016-12-13 11:24:51.496390636 2621263 [56300.081202]   963  1820 D ThermaPlan->Batch: {"func":"Batch->add()","batch":{"what":"BATCH","start":259345161,"end":280795765,"flags":8,"flagsBinary":"1000","oldStart":259281310,"oldEnd":280795765}}
43424168-e44e-473a-bf12-dba8a4a4453a 2016-12-13 11:24:51.496390636 2621264 [56300.081542]   963  1820 D ThermaPlan->Batch: {"func":"Batch->add()","batch":{"what":"BATCH","start":259786617,"end":280795765,"flags":8,"flagsBinary":"1000","oldStart":259345161,"oldEnd":280795765}}
43424168-e44e-473a-bf12-dba8a4a4453a 2016-12-13 11:24:51.496390636 2621265 [56300.081863]   963  1820 D ThermaPlan->Batch: {"func":"Batch->add()","batch":{"what":"BATCH","start":261333689,"end":280795765,"flags":8,"flagsBinary":"1000","oldStart":259786617,"oldEnd":280795765}}
43424168-e44e-473a-bf12-dba8a4a4453a 2016-12-13 11:24:51.496390636 2621266 [56300.082220]   963  1820 D ThermaPlan->Batch: {"func":"Batch->add()","batch":{"what":"BATCH","start":270989138,"end":280795765,"flags":8,"flagsBinary":"1000","oldStart":261333689,"oldEnd":280795765}}
43424168-e44e-473a-bf12-dba8a4a4453a 2016-12-13 11:24:51.496390636 2621267 [56300.082565] 27410 27447 W fb4a.0Z8: The sessioned store is not available. Are you fetching sessioned quick experiment data while the user is logged out?
43424168-e44e-473a-bf12-dba8a4a4453a 2016-12-13 11:24:51.496390636 2621268 [56300.085901]   963  1820 D ThermaPlan->Batch: {"func":"Batch->add()","batch":{"what":"BATCH","start":292490680,"end":331748773,"flags":0,"flagsBinary":"0","oldStart":280825099,"oldEnd":331748773}}
43424168-e44e-473a-bf12-dba8a4a4453a 2016-12-13 11:24:51.496390636 2621269 [56300.086233]   963  1820 D ThermaPlan->Batch: {"func":"Batch->add()","batch":{"what":"BATCH","start":296563796,"end":331748773,"flags":0,"flagsBinary":"0","oldStart":292490680,"oldEnd":331748773}}
43424168-e44e-473a-bf12-dba8a4a4453a 2016-12-13 11:24:51.496390636 2621270 [56300.086790]   963  1820 D ThermaPlan->Batch: {"func":"Batch->add()","batch":{"what":"BATCH","start":605813325,"end":1058493261,"flags":0,"flagsBinary":"0","oldStart":604893263,"oldEnd":1058493261}}
43424168-e44e-473a-bf12-dba8a4a4453a 2016-12-13 11:24:51.496390636 2621271 [56300.087128]   963  1820 D ThermaPlan->Batch: {"func":"Batch->add()","batch":{"what":"BATCH","start":624143935,"end":992076404,"flags":0,"flagsBinary":"0","oldStart":605813325,"oldEnd":1058493261}}
43424168-e44e-473a-bf12-dba8a4a4453a 2016-12-13 11:24:51.496390636 2621272 [56300.087440]   963  1820 D ThermaPlan->Batch: {"func":"Batch->add()","batch":{"what":"BATCH","start":694490727,"end":992076404,"flags":0,"flagsBinary":"0","oldStart":624143935,"oldEnd":992076404}}
43424168-e44e-473a-bf12-dba8a4a4453a 2016-12-13 11:24:51.496390636 2621273 [56300.087983]   963  1820 D ThermaPlan->Batch: {"func":"Batch->add()","batch":{"what":"BATCH","start":701674709,"end":992076404,"flags":0,"flagsBinary":"0","oldStart":694490727,"oldEnd":992076404}}
43424168-e44e-473a-bf12-dba8a4a4453a 2016-12-13 11:24:51.496390636 2621274 [56300.088692]   963  1820 D ThermaPlan->Batch: {"func":"Batch->add()","batch":{"what":"BATCH","start":315360057206,"end":551880056972,"flags":0,"flagsBinary":"0","oldStart":315360056973,"oldEnd":551880056972}}
43424168-e44e-473a-bf12-dba8a4a4453a 2016-12-13 11:24:51.496390636 2621275 [56300.089016]   963  1820 D ThermaPlan->Batch: {"func":"Batch->add()","batch":{"what":"BATCH","start":315360057236,"end":551880056972,"flags":0,"flagsBinary":"0","oldStart":315360057206,"oldEnd":551880056972}}
43424168-e44e-473a-bf12-dba8a4a4453a 2016-12-13 11:24:51.506390636 2621276 [56300.089453]   963  1820 D ThermaPlan->Batch: {"func":"Batch->add()","batch":{"what":"BATCH","start":315360057240,"end":551880056972,"flags":0,"flagsBinary":"0","oldStart":315360057236,"oldEnd":551880056972}}
43424168-e44e-473a-bf12-dba8a4a4453a 2016-12-13 11:24:51.506390636 2621277 [56300.089812]   963  1820 D ThermaPlan->Batch: {"func":"Batch->add()","batch":{"what":"BATCH","start":315360057254,"end":551880056972,"flags":0,"flagsBinary":"0","oldStart":315360057240,"oldEnd":551880056972}}
43424168-e44e-473a-bf12-dba8a4a4453a 2016-12-13 11:24:51.506390636 2621278 [56300.089910]   388   388 D Kernel-Trace:     kworker/3:2H-12900 [003] ...1 56300.020285: cpu_frequency: state=1497600 cpu_id=3
43424168-e44e-473a-bf12-dba8a4a4453a 2016-12-13 11:24:51.506390636 2621279 [56300.089945]   388   388 D Kernel-Trace:     kworker/1:2H-12491 [001] ...1 56300.070514: cpu_frequency: state=729600 cpu_id=1
43424168-e44e-473a-bf12-dba8a4a4453a 2016-12-13 11:24:51.506390636 2621280 [56300.090046]   388   388 D Kernel-Trace:     kworker/0:0H-7043  [000] ...1 56300.089933: cpu_frequency: state=1497600 cpu_id=0
43424168-e44e-473a-bf12-dba8a4a4453a 2016-12-13 11:24:51.506390636 2621281 [56300.090125]   963  1820 D ThermaPlan->Batch: {"func":"Batch->add()","batch":{"what":"BATCH","start":315360057257,"end":551880056972,"flags":0,"flagsBinary":"0","oldStart":315360057254,"oldEnd":551880056972}}
43424168-e44e-473a-bf12-dba8a4a4453a 2016-12-13 11:24:51.506390636 2621282 [56300.090479]   963  1820 D ThermaPlan->Batch: {"func":"Batch->add()","batch":{"what":"BATCH","start":315360057259,"end":551880056972,"flags":0,"flagsBinary":"0","oldStart":315360057257,"oldEnd":551880056972}}
43424168-e44e-473a-bf12-dba8a4a4453a 2016-12-13 11:24:51.506390636 2621283 [56300.090820]   963  1820 D ThermaPlan->Batch: {"func":"Batch->add()","batch":{"what":"BATCH","start":315360094195,"end":551880056972,"flags":0,"flagsBinary":"0","oldStart":315360057259,"oldEnd":551880056972}}
43424168-e44e-473a-bf12-dba8a4a4453a 2016-12-13 11:24:51.506390636 2621284 [56300.091147]   963  1820 D ThermaPlan->Batch: {"func":"Batch->add()","batch":{"what":"BATCH","start":315360113203,"end":551880056972,"flags":0,"flagsBinary":"0","oldStart":315360094195,"oldEnd":551880056972}}
43424168-e44e-473a-bf12-dba8a4a4453a 2016-12-13 11:24:51.506390636 2621285 [56300.091473]   963  1820 D ThermaPlan->Batch: {"func":"Batch->add()","batch":{"what":"BATCH","start":315399259724,"end":551880056972,"flags":0,"flagsBinary":"0","oldStart":315360113203,"oldEnd":551880056972}}
43424168-e44e-473a-bf12-dba8a4a4453a 2016-12-13 11:24:51.506390636 2621286 [56300.091794]   963  1820 D ThermaPlan->Batch: {"func":"Batch->add()","batch":{"what":"BATCH","start":315399259747,"end":551880056972,"flags":0,"flagsBinary":"0","oldStart":315399259724,"oldEnd":551880056972}}
43424168-e44e-473a-bf12-dba8a4a4453a 2016-12-13 11:24:51.506390636 2621287 [56300.092154]   963  1820 D ThermaPlan->Batch: {"func":"Batch->add()","batch":{"what":"BATCH","start":315572926898,"end":551880056972,"flags":0,"flagsBinary":"0","oldStart":315399259747,"oldEnd":551880056972}}
43424168-e44e-473a-bf12-dba8a4a4453a 2016-12-13 11:24:51.506390636 2621288 [56300.094623]   963  1820 D ThermaPlan->AlarmManagerService: {"func":"AlarmManagerService->mService->set","pid":963,"uid":1000,"flagsBinary":"1000","flags":8,"type":3,"triggerAtTime":299982241,"nowELAPSED":213582242,"rtc":1481646291514,"windowLength":-1,"interval":0,"creatorPkg":"android","targetPkg":"android"}
43424168-e44e-473a-bf12-dba8a4a4453a 2016-12-13 11:24:51.506390636 2621289 [56300.095700]   963  1820 D ThermaPlan->Batch: {"func":"Batch->add()","batch":{"what":"BATCH","start":299982241,"end":331748773,"flags":8,"flagsBinary":"1000","oldStart":296563796,"oldEnd":331748773}}
43424168-e44e-473a-bf12-dba8a4a4453a 2016-12-13 11:24:51.596390636 2621290 [56300.179474]  2875 29854 W msgr.b  : Called user scoped provider with no viewer. ViewerContextManager was created with no ViewerContext. Using EmptyViewerContextManager to return fake logged in instance.
43424168-e44e-473a-bf12-dba8a4a4453a 2016-12-13 11:24:51.606390636 2621291 [56300.190021]   388   388 D Kernel-Trace:     kworker/3:2H-12900 [003] ...1 56300.126059: cpu_frequency: state=652800 cpu_id=3
43424168-e44e-473a-bf12-dba8a4a4453a 2016-12-13 11:24:51.606390636 2621292 [56300.190089]   388   388 D Kernel-Trace:     kworker/0:0H-7043  [000] ...1 56300.130674: cpu_frequency: state=2265600 cpu_id=0
43424168-e44e-473a-bf12-dba8a4a4453a 2016-12-13 11:24:51.606390636 2621293 [56300.190118]   388   388 D Kernel-Trace:     kworker/1:2H-12491 [001] ...1 56300.131374: cpu_frequency: state=300000 cpu_id=1
43424168-e44e-473a-bf12-dba8a4a4453a 2016-12-13 11:24:51.606390636 2621294 [56300.190146]   388   388 D Kernel-Trace:     kworker/0:0H-7043  [000] ...1 56300.149943: cpu_frequency: state=2649600 cpu_id=0
43424168-e44e-473a-bf12-dba8a4a4453a 2016-12-13 11:24:51.616390636 2621295 [56300.203001]   963  1893 D ThermaPlan->Batch: {"func":"Batch->add()","batch":{"what":"BATCH","start":213650727,"end":213684887,"flags":0,"flagsBinary":"0","oldStart":213639889,"oldEnd":213684887}}
43424168-e44e-473a-bf12-dba8a4a4453a 2016-12-13 11:24:51.616390636 2621296 [56300.203431]   963  1893 D ThermaPlan->Batch: {"func":"Batch->add()","batch":{"what":"BATCH","start":213711754,"end":213730771,"flags":8,"flagsBinary":"1000","oldStart":213700771,"oldEnd":213730771}}
43424168-e44e-473a-bf12-dba8a4a4453a 2016-12-13 11:24:51.616390636 2621297 [56300.203722]   963  1893 D ThermaPlan->Batch: {"func":"Batch->add()","batch":{"what":"BATCH","start":213831840,"end":213863004,"flags":0,"flagsBinary":"0","oldStart":213741687,"oldEnd":213863004}}
43424168-e44e-473a-bf12-dba8a4a4453a 2016-12-13 11:24:51.616390636 2621298 [56300.204567]   963  1893 D ThermaPlan->Batch: {"func":"Batch->add()","batch":{"what":"BATCH","start":214276095,"end":214951095,"flags":8,"flagsBinary":"1000","oldStart":214251322,"oldEnd":215601322}}
43424168-e44e-473a-bf12-dba8a4a4453a 2016-12-13 11:24:51.616390636 2621299 [56300.204752]   963  1893 D ThermaPlan->Batch: {"func":"Batch->add()","batch":{"what":"BATCH","start":214278171,"end":214951095,"flags":8,"flagsBinary":"1000","oldStart":214276095,"oldEnd":214951095}}
43424168-e44e-473a-bf12-dba8a4a4453a 2016-12-13 11:24:51.616390636 2621300 [56300.204940]   963  1893 D ThermaPlan->Batch: {"func":"Batch->add()","batch":{"what":"BATCH","start":214278914,"end":214951095,"flags":8,"flagsBinary":"1000","oldStart":214278171,"oldEnd":214951095}}
43424168-e44e-473a-bf12-dba8a4a4453a 2016-12-13 11:24:51.616390636 2621301 [56300.205119]   963  1893 D ThermaPlan->Batch: {"func":"Batch->add()","batch":{"what":"BATCH","start":214278988,"end":214951095,"flags":8,"flagsBinary":"1000","oldStart":214278914,"oldEnd":214951095}}
43424168-e44e-473a-bf12-dba8a4a4453a 2016-12-13 11:24:51.616390636 2621302 [56300.205313]   963  1893 D ThermaPlan->Batch: {"func":"Batch->add()","batch":{"what":"BATCH","start":214281415,"end":214951095,"flags":8,"flagsBinary":"1000","oldStart":214278988,"oldEnd":214951095}}
43424168-e44e-473a-bf12-dba8a4a4453a 2016-12-13 11:24:51.616390636 2621303 [56300.205504]   963  1893 D ThermaPlan->Batch: {"func":"Batch->add()","batch":{"what":"BATCH","start":214281680,"end":214951095,"flags":8,"flagsBinary":"1000","oldStart":214281415,"oldEnd":214951095}}
43424168-e44e-473a-bf12-dba8a4a4453a 2016-12-13 11:24:51.616390636 2621304 [56300.205697]   963  1893 D ThermaPlan->Batch: {"func":"Batch->add()","batch":{"what":"BATCH","start":214282094,"end":214951095,"flags":8,"flagsBinary":"1000","oldStart":214281680,"oldEnd":214951095}}
43424168-e44e-473a-bf12-dba8a4a4453a 2016-12-13 11:24:51.616390636 2621305 [56300.205887]   963  1893 D ThermaPlan->Batch: {"func":"Batch->add()","batch":{"what":"BATCH","start":214282211,"end":214951095,"flags":8,"flagsBinary":"1000","oldStart":214282094,"oldEnd":214951095}}
43424168-e44e-473a-bf12-dba8a4a4453a 2016-12-13 11:24:51.616390636 2621306 [56300.206077]   963  1893 D ThermaPlan->Batch: {"func":"Batch->add()","batch":{"what":"BATCH","start":214282485,"end":214951095,"flags":8,"flagsBinary":"1000","oldStart":214282211,"oldEnd":214951095}}
43424168-e44e-473a-bf12-dba8a4a4453a 2016-12-13 11:24:51.616390636 2621307 [56300.206262]   963  1893 D ThermaPlan->Batch: {"func":"Batch->add()","batch":{"what":"BATCH","start":214294563,"end":214951095,"flags":8,"flagsBinary":"1000","oldStart":214282485,"oldEnd":214951095}}
43424168-e44e-473a-bf12-dba8a4a4453a 2016-12-13 11:24:51.616390636 2621308 [56300.206460]   963  1893 D ThermaPlan->Batch: {"func":"Batch->add()","batch":{"what":"BATCH","start":214733822,"end":214951095,"flags":8,"flagsBinary":"1000","oldStart":214294563,"oldEnd":214951095}}
43424168-e44e-473a-bf12-dba8a4a4453a 2016-12-13 11:24:51.616390636 2621309 [56300.206642]   963  1893 D ThermaPlan->Batch: {"func":"Batch->add()","batch":{"what":"BATCH","start":214750706,"end":214951095,"flags":8,"flagsBinary":"1000","oldStart":214733822,"oldEnd":214951095}}
43424168-e44e-473a-bf12-dba8a4a4453a 2016-12-13 11:24:51.616390636 2621310 [56300.208037]   963  1893 D ThermaPlan->Batch: {"func":"Batch->add()","batch":{"what":"BATCH","start":215759161,"end":219062073,"flags":8,"flagsBinary":"1000","oldStart":215226149,"oldEnd":219062073}}
43424168-e44e-473a-bf12-dba8a4a4453a 2016-12-13 11:24:51.616390636 2621311 [56300.208217]   963  1893 D ThermaPlan->Batch: {"func":"Batch->add()","batch":{"what":"BATCH","start":216082518,"end":218782518,"flags":8,"flagsBinary":"1000","oldStart":215759161,"oldEnd":219062073}}
43424168-e44e-473a-bf12-dba8a4a4453a 2016-12-13 11:24:51.616390636 2621312 [56300.208404]   963  1893 D ThermaPlan->Batch: {"func":"Batch->add()","batch":{"what":"BATCH","start":216144078,"end":218782518,"flags":8,"flagsBinary":"1000","oldStart":216082518,"oldEnd":218782518}}
43424168-e44e-473a-bf12-dba8a4a4453a 2016-12-13 11:24:51.616390636 2621313 [56300.208579]   963  1893 D ThermaPlan->Batch: {"func":"Batch->add()","batch":{"what":"BATCH","start":216526830,"end":218782518,"flags":8,"flagsBinary":"1000","oldStart":216144078,"oldEnd":218782518}}
43424168-e44e-473a-bf12-dba8a4a4453a 2016-12-13 11:24:51.616390636 2621314 [56300.208795]   963  1893 D ThermaPlan->Batch: {"func":"Batch->add()","batch":{"what":"BATCH","start":217737182,"end":218037182,"flags":8,"flagsBinary":"1000","oldStart":216526830,"oldEnd":218782518}}
43424168-e44e-473a-bf12-dba8a4a4453a 2016-12-13 11:24:51.616390636 2621315 [56300.209099]   963  1893 D ThermaPlan->Batch: {"func":"Batch->add()","batch":{"what":"BATCH","start":220150599,"end":224060131,"flags":0,"flagsBinary":"0","oldStart":219290727,"oldEnd":224060131}}
43424168-e44e-473a-bf12-dba8a4a4453a 2016-12-13 11:24:51.626390636 2621316 [56300.209360]   963  1893 D ThermaPlan->Batch: {"func":"Batch->add()","batch":{"what":"BATCH","start":220380550,"end":224060131,"flags":0,"flagsBinary":"0","oldStart":220150599,"oldEnd":224060131}}
43424168-e44e-473a-bf12-dba8a4a4453a 2016-12-13 11:24:51.626390636 2621317 [56300.209795]   963  1893 D ThermaPlan->Batch: {"func":"Batch->add()","batch":{"what":"BATCH","start":228290727,"end":239324426,"flags":0,"flagsBinary":"0","oldStart":224222674,"oldEnd":240422669}}
43424168-e44e-473a-bf12-dba8a4a4453a 2016-12-13 11:24:51.626390636 2621318 [56300.209983]   963  1893 D ThermaPlan->Batch: {"func":"Batch->add()","batch":{"what":"BATCH","start":230499939,"end":239324426,"flags":0,"flagsBinary":"0","oldStart":228290727,"oldEnd":239324426}}
43424168-e44e-473a-bf12-dba8a4a4453a 2016-12-13 11:24:51.626390636 2621319 [56300.210156]   963  1893 D ThermaPlan->Batch: {"func":"Batch->add()","batch":{"what":"BATCH","start":231188198,"end":239324426,"flags":0,"flagsBinary":"0","oldStart":230499939,"oldEnd":239324426}}
43424168-e44e-473a-bf12-dba8a4a4453a 2016-12-13 11:24:51.626390636 2621320 [56300.210343]   963  1893 D ThermaPlan->Batch: {"func":"Batch->add()","batch":{"what":"BATCH","start":231548284,"end":239324426,"flags":0,"flagsBinary":"0","oldStart":231188198,"oldEnd":239324426}}
43424168-e44e-473a-bf12-dba8a4a4453a 2016-12-13 11:24:51.626390636 2621321 [56300.211346]   963  1893 D ThermaPlan->Batch: {"func":"Batch->add()","batch":{"what":"BATCH","start":248330836,"end":285305189,"flags":8,"flagsBinary":"1000","oldStart":240305189,"oldEnd":285305189}}
43424168-e44e-473a-bf12-dba8a4a4453a 2016-12-13 11:24:51.626390636 2621322 [56300.211525]   963  1893 D ThermaPlan->Batch: {"func":"Batch->add()","batch":{"what":"BATCH","start":249541608,"end":282059671,"flags":8,"flagsBinary":"1000","oldStart":248330836,"oldEnd":285305189}}
43424168-e44e-473a-bf12-dba8a4a4453a 2016-12-13 11:24:51.626390636 2621323 [56300.211709]   963  1893 D ThermaPlan->Batch: {"func":"Batch->add()","batch":{"what":"BATCH","start":249641515,"end":280795765,"flags":8,"flagsBinary":"1000","oldStart":249541608,"oldEnd":282059671}}
43424168-e44e-473a-bf12-dba8a4a4453a 2016-12-13 11:24:51.626390636 2621324 [56300.211897]   963  1893 D ThermaPlan->Batch: {"func":"Batch->add()","batch":{"what":"BATCH","start":258890727,"end":280795765,"flags":8,"flagsBinary":"1000","oldStart":249641515,"oldEnd":280795765}}
43424168-e44e-473a-bf12-dba8a4a4453a 2016-12-13 11:24:51.626390636 2621325 [56300.212105]   963  1893 D ThermaPlan->Batch: {"func":"Batch->add()","batch":{"what":"BATCH","start":259200000,"end":280795765,"flags":8,"flagsBinary":"1000","oldStart":258890727,"oldEnd":280795765}}
43424168-e44e-473a-bf12-dba8a4a4453a 2016-12-13 11:24:51.626390636 2621326 [56300.212296]   963  1893 D ThermaPlan->Batch: {"func":"Batch->add()","batch":{"what":"BATCH","start":259252542,"end":280795765,"flags":8,"flagsBinary":"1000","oldStart":259200000,"oldEnd":280795765}}
43424168-e44e-473a-bf12-dba8a4a4453a 2016-12-13 11:24:51.626390636 2621327 [56300.212469]   963  1893 D ThermaPlan->Batch: {"func":"Batch->add()","batch":{"what":"BATCH","start":259281310,"end":280795765,"flags":8,"flagsBinary":"1000","oldStart":259252542,"oldEnd":280795765}}
43424168-e44e-473a-bf12-dba8a4a4453a 2016-12-13 11:24:51.626390636 2621328 [56300.212671]   963  1893 D ThermaPlan->Batch: {"func":"Batch->add()","batch":{"what":"BATCH","start":259345161,"end":280795765,"flags":8,"flagsBinary":"1000","oldStart":259281310,"oldEnd":280795765}}
43424168-e44e-473a-bf12-dba8a4a4453a 2016-12-13 11:24:51.626390636 2621329 [56300.212869]   963  1893 D ThermaPlan->Batch: {"func":"Batch->add()","batch":{"what":"BATCH","start":259786617,"end":280795765,"flags":8,"flagsBinary":"1000","oldStart":259345161,"oldEnd":280795765}}
43424168-e44e-473a-bf12-dba8a4a4453a 2016-12-13 11:24:51.626390636 2621330 [56300.213063]   963  1893 D ThermaPlan->Batch: {"func":"Batch->add()","batch":{"what":"BATCH","start":261333689,"end":280795765,"flags":8,"flagsBinary":"1000","oldStart":259786617,"oldEnd":280795765}}
43424168-e44e-473a-bf12-dba8a4a4453a 2016-12-13 11:24:51.626390636 2621331 [56300.213248]   963  1893 D ThermaPlan->Batch: {"func":"Batch->add()","batch":{"what":"BATCH","start":270989138,"end":280795765,"flags":8,"flagsBinary":"1000","oldStart":261333689,"oldEnd":280795765}}
43424168-e44e-473a-bf12-dba8a4a4453a 2016-12-13 11:24:51.626390636 2621332 [56300.215543]   963  1893 D ThermaPlan->Batch: {"func":"Batch->add()","batch":{"what":"BATCH","start":292490680,"end":331748773,"flags":0,"flagsBinary":"0","oldStart":280825099,"oldEnd":331748773}}
43424168-e44e-473a-bf12-dba8a4a4453a 2016-12-13 11:24:51.626390636 2621333 [56300.215741]   963  1893 D ThermaPlan->Batch: {"func":"Batch->add()","batch":{"what":"BATCH","start":296563796,"end":331748773,"flags":0,"flagsBinary":"0","oldStart":292490680,"oldEnd":331748773}}
43424168-e44e-473a-bf12-dba8a4a4453a 2016-12-13 11:24:51.626390636 2621334 [56300.215920]   963  1893 D ThermaPlan->Batch: {"func":"Batch->add()","batch":{"what":"BATCH","start":299982241,"end":331748773,"flags":8,"flagsBinary":"1000","oldStart":296563796,"oldEnd":331748773}}
43424168-e44e-473a-bf12-dba8a4a4453a 2016-12-13 11:24:51.626390636 2621335 [56300.216253]   963  1893 D ThermaPlan->Batch: {"func":"Batch->add()","batch":{"what":"BATCH","start":605813325,"end":1058493260,"flags":0,"flagsBinary":"0","oldStart":604893262,"oldEnd":1058493260}}
43424168-e44e-473a-bf12-dba8a4a4453a 2016-12-13 11:24:51.626390636 2621336 [56300.216471]   963  1893 D ThermaPlan->Batch: {"func":"Batch->add()","batch":{"what":"BATCH","start":624143935,"end":992076404,"flags":0,"flagsBinary":"0","oldStart":605813325,"oldEnd":1058493260}}
43424168-e44e-473a-bf12-dba8a4a4453a 2016-12-13 11:24:51.626390636 2621337 [56300.216669]   963  1893 D ThermaPlan->Batch: {"func":"Batch->add()","batch":{"what":"BATCH","start":694490727,"end":992076404,"flags":0,"flagsBinary":"0","oldStart":624143935,"oldEnd":992076404}}
43424168-e44e-473a-bf12-dba8a4a4453a 2016-12-13 11:24:51.626390636 2621338 [56300.216982]   963  1893 D ThermaPlan->Batch: {"func":"Batch->add()","batch":{"what":"BATCH","start":701674709,"end":992076404,"flags":0,"flagsBinary":"0","oldStart":694490727,"oldEnd":992076404}}
43424168-e44e-473a-bf12-dba8a4a4453a 2016-12-13 11:24:51.626390636 2621339 [56300.217411]   963  1893 D ThermaPlan->Batch: {"func":"Batch->add()","batch":{"what":"BATCH","start":315360057206,"end":551880056972,"flags":0,"flagsBinary":"0","oldStart":315360056973,"oldEnd":551880056972}}
43424168-e44e-473a-bf12-dba8a4a4453a 2016-12-13 11:24:51.626390636 2621340 [56300.217607]   963  1893 D ThermaPlan->Batch: {"func":"Batch->add()","batch":{"what":"BATCH","start":315360057236,"end":551880056972,"flags":0,"flagsBinary":"0","oldStart":315360057206,"oldEnd":551880056972}}
43424168-e44e-473a-bf12-dba8a4a4453a 2016-12-13 11:24:51.626390636 2621341 [56300.217804]   963  1893 D ThermaPlan->Batch: {"func":"Batch->add()","batch":{"what":"BATCH","start":315360057240,"end":551880056972,"flags":0,"flagsBinary":"0","oldStart":315360057236,"oldEnd":551880056972}}
43424168-e44e-473a-bf12-dba8a4a4453a 2016-12-13 11:24:51.626390636 2621342 [56300.217990]   963  1893 D ThermaPlan->Batch: {"func":"Batch->add()","batch":{"what":"BATCH","start":315360057254,"end":551880056972,"flags":0,"flagsBinary":"0","oldStart":315360057240,"oldEnd":551880056972}}
43424168-e44e-473a-bf12-dba8a4a4453a 2016-12-13 11:24:51.626390636 2621343 [56300.218191]   963  1893 D ThermaPlan->Batch: {"func":"Batch->add()","batch":{"what":"BATCH","start":315360057257,"end":551880056972,"flags":0,"flagsBinary":"0","oldStart":315360057254,"oldEnd":551880056972}}
43424168-e44e-473a-bf12-dba8a4a4453a 2016-12-13 11:24:51.626390636 2621344 [56300.218388]   963  1893 D ThermaPlan->Batch: {"func":"Batch->add()","batch":{"what":"BATCH","start":315360057259,"end":551880056972,"flags":0,"flagsBinary":"0","oldStart":315360057257,"oldEnd":551880056972}}
43424168-e44e-473a-bf12-dba8a4a4453a 2016-12-13 11:24:51.626390636 2621345 [56300.218580]   963  1893 D ThermaPlan->Batch: {"func":"Batch->add()","batch":{"what":"BATCH","start":315360094195,"end":551880056972,"flags":0,"flagsBinary":"0","oldStart":315360057259,"oldEnd":551880056972}}
43424168-e44e-473a-bf12-dba8a4a4453a 2016-12-13 11:24:51.626390636 2621346 [56300.218780]   963  1893 D ThermaPlan->Batch: {"func":"Batch->add()","batch":{"what":"BATCH","start":315360113203,"end":551880056972,"flags":0,"flagsBinary":"0","oldStart":315360094195,"oldEnd":551880056972}}
43424168-e44e-473a-bf12-dba8a4a4453a 2016-12-13 11:24:51.626390636 2621347 [56300.218968]   963  1893 D ThermaPlan->Batch: {"func":"Batch->add()","batch":{"what":"BATCH","start":315399259724,"end":551880056972,"flags":0,"flagsBinary":"0","oldStart":315360113203,"oldEnd":551880056972}}
43424168-e44e-473a-bf12-dba8a4a4453a 2016-12-13 11:24:51.626390636 2621348 [56300.219167]   963  1893 D ThermaPlan->Batch: {"func":"Batch->add()","batch":{"what":"BATCH","start":315399259747,"end":551880056972,"flags":0,"flagsBinary":"0","oldStart":315399259724,"oldEnd":551880056972}}
43424168-e44e-473a-bf12-dba8a4a4453a 2016-12-13 11:24:51.636390636 2621349 [56300.223125]   963  1893 D ThermaPlan->Batch: {"func":"Batch->add()","batch":{"what":"BATCH","start":315572926898,"end":551880056972,"flags":0,"flagsBinary":"0","oldStart":315399259747,"oldEnd":551880056972}}
43424168-e44e-473a-bf12-dba8a4a4453a 2016-12-13 11:24:51.646390636 2621350 [56300.230439]   963   975 D ThermaPlan->AlarmManagerService: {"func":"AlarmManagerService->mService->set","pid":2875,"uid":10098,"flagsBinary":"1","flags":1,"type":2,"triggerAtTime":244039864,"nowELAPSED":213582377,"rtc":1481646291650,"windowLength":0,"interval":0,"creatorPkg":"com.facebook.orca","targetPkg":"com.facebook.orca"}
43424168-e44e-473a-bf12-dba8a4a4453a 2016-12-13 11:24:51.676390636 2621351 [56300.263099] 27410 29855 W fb4a.0Rv: Called user scoped provider with no viewer. ViewerContextManager was created with no ViewerContext. Using EmptyViewerContextManager to return fake logged in instance.
43424168-e44e-473a-bf12-dba8a4a4453a 2016-12-13 11:24:51.676390636 2621352 [56300.263700] 27410 29855 W fb4a.0Rv: Called user scoped provider with no viewer. ViewerContextManager was created with no ViewerContext. Using EmptyViewerContextManager to return fake logged in instance.
43424168-e44e-473a-bf12-dba8a4a4453a 2016-12-13 11:24:51.686390636 2621353 [56300.276440]   963   975 D ThermaPlan->Batch: {"func":"Batch->add()","batch":{"what":"BATCH","start":213650727,"end":213684887,"flags":0,"flagsBinary":"0","oldStart":213639889,"oldEnd":213684887}}
43424168-e44e-473a-bf12-dba8a4a4453a 2016-12-13 11:24:51.686390636 2621354 [56300.277056]   963   975 D ThermaPlan->Batch: {"func":"Batch->add()","batch":{"what":"BATCH","start":213711754,"end":213730771,"flags":8,"flagsBinary":"1000","oldStart":213700771,"oldEnd":213730771}}
43424168-e44e-473a-bf12-dba8a4a4453a 2016-12-13 11:24:51.686390636 2621355 [56300.277514]   963   975 D ThermaPlan->Batch: {"func":"Batch->add()","batch":{"what":"BATCH","start":213831840,"end":213863004,"flags":0,"flagsBinary":"0","oldStart":213741687,"oldEnd":213863004}}
43424168-e44e-473a-bf12-dba8a4a4453a 2016-12-13 11:24:51.686390636 2621356 [56300.278751]   963   975 D ThermaPlan->Batch: {"func":"Batch->add()","batch":{"what":"BATCH","start":214276095,"end":214951095,"flags":8,"flagsBinary":"1000","oldStart":214251322,"oldEnd":215601322}}
43424168-e44e-473a-bf12-dba8a4a4453a 2016-12-13 11:24:51.686390636 2621357 [56300.279048]   963   975 D ThermaPlan->Batch: {"func":"Batch->add()","batch":{"what":"BATCH","start":214278171,"end":214951095,"flags":8,"flagsBinary":"1000","oldStart":214276095,"oldEnd":214951095}}
43424168-e44e-473a-bf12-dba8a4a4453a 2016-12-13 11:24:51.696390636 2621358 [56300.279394]   963   975 D ThermaPlan->Batch: {"func":"Batch->add()","batch":{"what":"BATCH","start":214278914,"end":214951095,"flags":8,"flagsBinary":"1000","oldStart":214278171,"oldEnd":214951095}}
43424168-e44e-473a-bf12-dba8a4a4453a 2016-12-13 11:24:51.696390636 2621359 [56300.279693]   963   975 D ThermaPlan->Batch: {"func":"Batch->add()","batch":{"what":"BATCH","start":214278988,"end":214951095,"flags":8,"flagsBinary":"1000","oldStart":214278914,"oldEnd":214951095}}
43424168-e44e-473a-bf12-dba8a4a4453a 2016-12-13 11:24:51.696390636 2621360 [56300.279982]   963   975 D ThermaPlan->Batch: {"func":"Batch->add()","batch":{"what":"BATCH","start":214281415,"end":214951095,"flags":8,"flagsBinary":"1000","oldStart":214278988,"oldEnd":214951095}}
43424168-e44e-473a-bf12-dba8a4a4453a 2016-12-13 11:24:51.696390636 2621361 [56300.280267]   963   975 D ThermaPlan->Batch: {"func":"Batch->add()","batch":{"what":"BATCH","start":214281680,"end":214951095,"flags":8,"flagsBinary":"1000","oldStart":214281415,"oldEnd":214951095}}
43424168-e44e-473a-bf12-dba8a4a4453a 2016-12-13 11:24:51.696390636 2621362 [56300.280542]   963   975 D ThermaPlan->Batch: {"func":"Batch->add()","batch":{"what":"BATCH","start":214282094,"end":214951095,"flags":8,"flagsBinary":"1000","oldStart":214281680,"oldEnd":214951095}}
43424168-e44e-473a-bf12-dba8a4a4453a 2016-12-13 11:24:51.696390636 2621363 [56300.280825]   963   975 D ThermaPlan->Batch: {"func":"Batch->add()","batch":{"what":"BATCH","start":214282211,"end":214951095,"flags":8,"flagsBinary":"1000","oldStart":214282094,"oldEnd":214951095}}
43424168-e44e-473a-bf12-dba8a4a4453a 2016-12-13 11:24:51.696390636 2621364 [56300.281113]   963   975 D ThermaPlan->Batch: {"func":"Batch->add()","batch":{"what":"BATCH","start":214282485,"end":214951095,"flags":8,"flagsBinary":"1000","oldStart":214282211,"oldEnd":214951095}}
43424168-e44e-473a-bf12-dba8a4a4453a 2016-12-13 11:24:51.696390636 2621365 [56300.281385]   963   975 D ThermaPlan->Batch: {"func":"Batch->add()","batch":{"what":"BATCH","start":214294563,"end":214951095,"flags":8,"flagsBinary":"1000","oldStart":214282485,"oldEnd":214951095}}
43424168-e44e-473a-bf12-dba8a4a4453a 2016-12-13 11:24:51.696390636 2621366 [56300.281698]   963   975 D ThermaPlan->Batch: {"func":"Batch->add()","batch":{"what":"BATCH","start":214733822,"end":214951095,"flags":8,"flagsBinary":"1000","oldStart":214294563,"oldEnd":214951095}}
43424168-e44e-473a-bf12-dba8a4a4453a 2016-12-13 11:24:51.696390636 2621367 [56300.282011]   963   975 D ThermaPlan->Batch: {"func":"Batch->add()","batch":{"what":"BATCH","start":214750705,"end":214951095,"flags":8,"flagsBinary":"1000","oldStart":214733822,"oldEnd":214951095}}
43424168-e44e-473a-bf12-dba8a4a4453a 2016-12-13 11:24:51.696390636 2621368 [56300.283859]   963   975 D ThermaPlan->Batch: {"func":"Batch->add()","batch":{"what":"BATCH","start":215759161,"end":219062073,"flags":8,"flagsBinary":"1000","oldStart":215226149,"oldEnd":219062073}}
43424168-e44e-473a-bf12-dba8a4a4453a 2016-12-13 11:24:51.696390636 2621369 [56300.284146]   963   975 D ThermaPlan->Batch: {"func":"Batch->add()","batch":{"what":"BATCH","start":216082518,"end":218782518,"flags":8,"flagsBinary":"1000","oldStart":215759161,"oldEnd":219062073}}
43424168-e44e-473a-bf12-dba8a4a4453a 2016-12-13 11:24:51.696390636 2621370 [56300.284438]   963   975 D ThermaPlan->Batch: {"func":"Batch->add()","batch":{"what":"BATCH","start":216144078,"end":218782518,"flags":8,"flagsBinary":"1000","oldStart":216082518,"oldEnd":218782518}}
43424168-e44e-473a-bf12-dba8a4a4453a 2016-12-13 11:24:51.696390636 2621371 [56300.284712]   963   975 D ThermaPlan->Batch: {"func":"Batch->add()","batch":{"what":"BATCH","start":216526830,"end":218782518,"flags":8,"flagsBinary":"1000","oldStart":216144078,"oldEnd":218782518}}
43424168-e44e-473a-bf12-dba8a4a4453a 2016-12-13 11:24:51.696390636 2621372 [56300.284997]   963   975 D ThermaPlan->Batch: {"func":"Batch->add()","batch":{"what":"BATCH","start":217737182,"end":218037182,"flags":8,"flagsBinary":"1000","oldStart":216526830,"oldEnd":218782518}}
43424168-e44e-473a-bf12-dba8a4a4453a 2016-12-13 11:24:51.696390636 2621373 [56300.285444]   963   975 D ThermaPlan->Batch: {"func":"Batch->add()","batch":{"what":"BATCH","start":220150599,"end":224060131,"flags":0,"flagsBinary":"0","oldStart":219290727,"oldEnd":224060131}}
43424168-e44e-473a-bf12-dba8a4a4453a 2016-12-13 11:24:51.696390636 2621374 [56300.285745]   963   975 D ThermaPlan->Batch: {"func":"Batch->add()","batch":{"what":"BATCH","start":220380550,"end":224060131,"flags":0,"flagsBinary":"0","oldStart":220150599,"oldEnd":224060131}}
43424168-e44e-473a-bf12-dba8a4a4453a 2016-12-13 11:24:51.696390636 2621375 [56300.286358]   963   975 D ThermaPlan->Batch: {"func":"Batch->add()","batch":{"what":"BATCH","start":228290727,"end":239324426,"flags":0,"flagsBinary":"0","oldStart":224222674,"oldEnd":240422669}}
43424168-e44e-473a-bf12-dba8a4a4453a 2016-12-13 11:24:51.696390636 2621376 [56300.286650]   963   975 D ThermaPlan->Batch: {"func":"Batch->add()","batch":{"what":"BATCH","start":230499939,"end":239324426,"flags":0,"flagsBinary":"0","oldStart":228290727,"oldEnd":239324426}}
43424168-e44e-473a-bf12-dba8a4a4453a 2016-12-13 11:24:51.696390636 2621377 [56300.286937]   963   975 D ThermaPlan->Batch: {"func":"Batch->add()","batch":{"what":"BATCH","start":231188198,"end":239324426,"flags":0,"flagsBinary":"0","oldStart":230499939,"oldEnd":239324426}}
43424168-e44e-473a-bf12-dba8a4a4453a 2016-12-13 11:24:51.696390636 2621378 [56300.287218]   963   975 D ThermaPlan->Batch: {"func":"Batch->add()","batch":{"what":"BATCH","start":231548284,"end":239324426,"flags":0,"flagsBinary":"0","oldStart":231188198,"oldEnd":239324426}}
43424168-e44e-473a-bf12-dba8a4a4453a 2016-12-13 11:24:51.696390636 2621379 [56300.288834]   963   975 D ThermaPlan->Batch: {"func":"Batch->add()","batch":{"what":"BATCH","start":248330836,"end":285305189,"flags":8,"flagsBinary":"1000","oldStart":240305189,"oldEnd":285305189}}
43424168-e44e-473a-bf12-dba8a4a4453a 2016-12-13 11:24:51.696390636 2621380 [56300.289142]   963   975 D ThermaPlan->Batch: {"func":"Batch->add()","batch":{"what":"BATCH","start":249541608,"end":282059671,"flags":8,"flagsBinary":"1000","oldStart":248330836,"oldEnd":285305189}}
43424168-e44e-473a-bf12-dba8a4a4453a 2016-12-13 11:24:51.706390636 2621381 [56300.289522]   963   975 D ThermaPlan->Batch: {"func":"Batch->add()","batch":{"what":"BATCH","start":249641516,"end":280795766,"flags":8,"flagsBinary":"1000","oldStart":249541608,"oldEnd":282059671}}
43424168-e44e-473a-bf12-dba8a4a4453a 2016-12-13 11:24:51.706390636 2621382 [56300.289827]   963   975 D ThermaPlan->Batch: {"func":"Batch->add()","batch":{"what":"BATCH","start":258890727,"end":280795766,"flags":8,"flagsBinary":"1000","oldStart":249641516,"oldEnd":280795766}}
43424168-e44e-473a-bf12-dba8a4a4453a 2016-12-13 11:24:51.706390636 2621383 [56300.290075]   388   388 D Kernel-Trace:      kworker/0:4-27226 [000] ...1 56300.199391: thermal_temp: sensor_id=5 temp=41
43424168-e44e-473a-bf12-dba8a4a4453a 2016-12-13 11:24:51.706390636 2621384 [56300.290104]   963   975 D ThermaPlan->Batch: {"func":"Batch->add()","batch":{"what":"BATCH","start":259200000,"end":280795766,"flags":8,"flagsBinary":"1000","oldStart":258890727,"oldEnd":280795766}}
43424168-e44e-473a-bf12-dba8a4a4453a 2016-12-13 11:24:51.706390636 2621385 [56300.290136]   388   388 D Kernel-Trace:     kworker/3:2H-12900 [003] ...1 56300.199525: cpu_frequency: state=300000 cpu_id=3
43424168-e44e-473a-bf12-dba8a4a4453a 2016-12-13 11:24:51.706390636 2621386 [56300.290160]   388   388 D Kernel-Trace:     kworker/2:2H-10277 [002] ...1 56300.259782: cpu_frequency: state=1497600 cpu_id=2
43424168-e44e-473a-bf12-dba8a4a4453a 2016-12-13 11:24:51.706390636 2621387 [56300.290383]   963   975 D ThermaPlan->Batch: {"func":"Batch->add()","batch":{"what":"BATCH","start":259252542,"end":280795766,"flags":8,"flagsBinary":"1000","oldStart":259200000,"oldEnd":280795766}}
43424168-e44e-473a-bf12-dba8a4a4453a 2016-12-13 11:24:51.706390636 2621388 [56300.290654]   963   975 D ThermaPlan->Batch: {"func":"Batch->add()","batch":{"what":"BATCH","start":259281310,"end":280795766,"flags":8,"flagsBinary":"1000","oldStart":259252542,"oldEnd":280795766}}
43424168-e44e-473a-bf12-dba8a4a4453a 2016-12-13 11:24:51.706390636 2621389 [56300.290941]   963   975 D ThermaPlan->Batch: {"func":"Batch->add()","batch":{"what":"BATCH","start":259345161,"end":280795766,"flags":8,"flagsBinary":"1000","oldStart":259281310,"oldEnd":280795766}}
43424168-e44e-473a-bf12-dba8a4a4453a 2016-12-13 11:24:51.706390636 2621390 [56300.291221]   963   975 D ThermaPlan->Batch: {"func":"Batch->add()","batch":{"what":"BATCH","start":259786617,"end":280795766,"flags":8,"flagsBinary":"1000","oldStart":259345161,"oldEnd":280795766}}
43424168-e44e-473a-bf12-dba8a4a4453a 2016-12-13 11:24:51.706390636 2621391 [56300.291496]   963   975 D ThermaPlan->Batch: {"func":"Batch->add()","batch":{"what":"BATCH","start":261333689,"end":280795766,"flags":8,"flagsBinary":"1000","oldStart":259786617,"oldEnd":280795766}}
43424168-e44e-473a-bf12-dba8a4a4453a 2016-12-13 11:24:51.706390636 2621392 [56300.291798]   963   975 D ThermaPlan->Batch: {"func":"Batch->add()","batch":{"what":"BATCH","start":270989138,"end":280795766,"flags":8,"flagsBinary":"1000","oldStart":261333689,"oldEnd":280795766}}
43424168-e44e-473a-bf12-dba8a4a4453a 2016-12-13 11:24:51.706390636 2621393 [56300.294935]   963   975 D ThermaPlan->Batch: {"func":"Batch->add()","batch":{"what":"BATCH","start":292490680,"end":331748773,"flags":0,"flagsBinary":"0","oldStart":280825099,"oldEnd":331748773}}
43424168-e44e-473a-bf12-dba8a4a4453a 2016-12-13 11:24:51.706390636 2621394 [56300.295225]   963   975 D ThermaPlan->Batch: {"func":"Batch->add()","batch":{"what":"BATCH","start":296563796,"end":331748773,"flags":0,"flagsBinary":"0","oldStart":292490680,"oldEnd":331748773}}
43424168-e44e-473a-bf12-dba8a4a4453a 2016-12-13 11:24:51.706390636 2621395 [56300.295533]   963   975 D ThermaPlan->Batch: {"func":"Batch->add()","batch":{"what":"BATCH","start":299982241,"end":331748773,"flags":8,"flagsBinary":"1000","oldStart":296563796,"oldEnd":331748773}}
43424168-e44e-473a-bf12-dba8a4a4453a 2016-12-13 11:24:51.706390636 2621396 [56300.295999]   963   975 D ThermaPlan->Batch: {"func":"Batch->add()","batch":{"what":"BATCH","start":605813325,"end":1058493260,"flags":0,"flagsBinary":"0","oldStart":604893262,"oldEnd":1058493260}}
43424168-e44e-473a-bf12-dba8a4a4453a 2016-12-13 11:24:51.706390636 2621397 [56300.296299]   963   975 D ThermaPlan->Batch: {"func":"Batch->add()","batch":{"what":"BATCH","start":624143935,"end":992076404,"flags":0,"flagsBinary":"0","oldStart":605813325,"oldEnd":1058493260}}
43424168-e44e-473a-bf12-dba8a4a4453a 2016-12-13 11:24:51.706390636 2621398 [56300.296587]   963   975 D ThermaPlan->Batch: {"func":"Batch->add()","batch":{"what":"BATCH","start":694490728,"end":992076404,"flags":0,"flagsBinary":"0","oldStart":624143935,"oldEnd":992076404}}
43424168-e44e-473a-bf12-dba8a4a4453a 2016-12-13 11:24:51.706390636 2621399 [56300.297064]   963   975 D ThermaPlan->Batch: {"func":"Batch->add()","batch":{"what":"BATCH","start":701674709,"end":992076404,"flags":0,"flagsBinary":"0","oldStart":694490728,"oldEnd":992076404}}
43424168-e44e-473a-bf12-dba8a4a4453a 2016-12-13 11:24:51.706390636 2621400 [56300.297688]   963   975 D ThermaPlan->Batch: {"func":"Batch->add()","batch":{"what":"BATCH","start":315360057206,"end":551880056972,"flags":0,"flagsBinary":"0","oldStart":315360056973,"oldEnd":551880056972}}
43424168-e44e-473a-bf12-dba8a4a4453a 2016-12-13 11:24:51.706390636 2621401 [56300.298009]   963   975 D ThermaPlan->Batch: {"func":"Batch->add()","batch":{"what":"BATCH","start":315360057236,"end":551880056972,"flags":0,"flagsBinary":"0","oldStart":315360057206,"oldEnd":551880056972}}
43424168-e44e-473a-bf12-dba8a4a4453a 2016-12-13 11:24:51.706390636 2621402 [56300.298294]   963   975 D ThermaPlan->Batch: {"func":"Batch->add()","batch":{"what":"BATCH","start":315360057240,"end":551880056972,"flags":0,"flagsBinary":"0","oldStart":315360057236,"oldEnd":551880056972}}
43424168-e44e-473a-bf12-dba8a4a4453a 2016-12-13 11:24:51.706390636 2621403 [56300.298598]   963   975 D ThermaPlan->Batch: {"func":"Batch->add()","batch":{"what":"BATCH","start":315360057254,"end":551880056972,"flags":0,"flagsBinary":"0","oldStart":315360057240,"oldEnd":551880056972}}
43424168-e44e-473a-bf12-dba8a4a4453a 2016-12-13 11:24:51.706390636 2621404 [56300.298883]   963   975 D ThermaPlan->Batch: {"func":"Batch->add()","batch":{"what":"BATCH","start":315360057257,"end":551880056972,"flags":0,"flagsBinary":"0","oldStart":315360057254,"oldEnd":551880056972}}
43424168-e44e-473a-bf12-dba8a4a4453a 2016-12-13 11:24:51.706390636 2621405 [56300.299191]   963   975 D ThermaPlan->Batch: {"func":"Batch->add()","batch":{"what":"BATCH","start":315360057259,"end":551880056972,"flags":0,"flagsBinary":"0","oldStart":315360057257,"oldEnd":551880056972}}
43424168-e44e-473a-bf12-dba8a4a4453a 2016-12-13 11:24:51.716390636 2621406 [56300.299796]   963   975 D ThermaPlan->Batch: {"func":"Batch->add()","batch":{"what":"BATCH","start":315360094195,"end":551880056972,"flags":0,"flagsBinary":"0","oldStart":315360057259,"oldEnd":551880056972}}
43424168-e44e-473a-bf12-dba8a4a4453a 2016-12-13 11:24:51.716390636 2621407 [56300.300152]   963   975 D ThermaPlan->Batch: {"func":"Batch->add()","batch":{"what":"BATCH","start":315360113203,"end":551880056972,"flags":0,"flagsBinary":"0","oldStart":315360094195,"oldEnd":551880056972}}
43424168-e44e-473a-bf12-dba8a4a4453a 2016-12-13 11:24:51.716390636 2621408 [56300.300435]   963   975 D ThermaPlan->Batch: {"func":"Batch->add()","batch":{"what":"BATCH","start":315399259724,"end":551880056972,"flags":0,"flagsBinary":"0","oldStart":315360113203,"oldEnd":551880056972}}
43424168-e44e-473a-bf12-dba8a4a4453a 2016-12-13 11:24:51.716390636 2621409 [56300.300747]   963   975 D ThermaPlan->Batch: {"func":"Batch->add()","batch":{"what":"BATCH","start":315399259747,"end":551880056972,"flags":0,"flagsBinary":"0","oldStart":315399259724,"oldEnd":551880056972}}
43424168-e44e-473a-bf12-dba8a4a4453a 2016-12-13 11:24:51.716390636 2621410 [56300.301037]   963   975 D ThermaPlan->Batch: {"func":"Batch->add()","batch":{"what":"BATCH","start":315572926898,"end":551880056972,"flags":0,"flagsBinary":"0","oldStart":315399259747,"oldEnd":551880056972}}
43424168-e44e-473a-bf12-dba8a4a4453a 2016-12-13 11:24:51.716390636 2621411 [56300.303634]   963  1477 D ThermaPlan->AlarmManagerService: {"func":"AlarmManagerService->mService->set","pid":27410,"uid":10097,"flagsBinary":"1","flags":1,"type":2,"triggerAtTime":216229036,"nowELAPSED":213582451,"rtc":1481646291723,"windowLength":0,"interval":0,"creatorPkg":"com.facebook.katana","targetPkg":"com.facebook.katana"}
43424168-e44e-473a-bf12-dba8a4a4453a 2016-12-13 11:24:51.816390636 2621412 [56300.400198]   388   388 D Kernel-Trace:     kworker/2:2H-10277 [002] ...1 56300.370513: cpu_frequency: state=300000 cpu_id=2
43424168-e44e-473a-bf12-dba8a4a4453a 2016-12-13 11:24:51.816390636 2621413 [56300.400290]   388   388 D Kernel-Trace:     kworker/0:0H-7043  [000] ...1 56300.381311: cpu_frequency: state=300000 cpu_id=0
43424168-e44e-473a-bf12-dba8a4a4453a 2016-12-13 11:24:51.846390636 2621414 [56300.436119]   963  1378 D WifiNetworkAgent: NetworkAgent: Received signal strength thresholds: []
43424168-e44e-473a-bf12-dba8a4a4453a 2016-12-13 11:24:51.846390636 2621415 [56300.436313]   963  1378 D WifiNative-HAL: stopRssiMonitoring, cmdId 0
43424168-e44e-473a-bf12-dba8a4a4453a 2016-12-13 11:24:51.916390636 2621416 [56300.500198]   388   388 D Kernel-Trace:     kworker/3:2H-12900 [003] ...1 56300.420905: cpu_frequency: state=1497600 cpu_id=3
43424168-e44e-473a-bf12-dba8a4a4453a 2016-12-13 11:24:51.916390636 2621417 [56300.500265]   388   388 D Kernel-Trace:      kworker/0:4-27226 [000] ...1 56300.449559: thermal_temp: sensor_id=5 temp=35
43424168-e44e-473a-bf12-dba8a4a4453a 2016-12-13 11:24:51.916390636 2621418 [56300.500293]   388   388 D Kernel-Trace:     kworker/3:2H-12900 [003] ...1 56300.467213: cpu_frequency: state=300000 cpu_id=3
43424168-e44e-473a-bf12-dba8a4a4453a 2016-12-13 11:24:51.916390636 2621419 [56300.500323]   388   388 D Kernel-Trace:     kworker/0:0H-7043  [000] ...1 56300.481648: cpu_frequency: state=1497600 cpu_id=0
43424168-e44e-473a-bf12-dba8a4a4453a 2016-12-13 11:24:51.936390636 2621420 [56300.522918]  4236  4236 D SprintDMReceiver: Received intent: android.net.conn.CONNECTIVITY_CHANGE
43424168-e44e-473a-bf12-dba8a4a4453a 2016-12-13 11:24:51.946390636 2621421 [56300.538244]  4236  4236 D SprintDMHelper: simOperator: 310120
43424168-e44e-473a-bf12-dba8a4a4453a 2016-12-13 11:24:51.946390636 2621422 [56300.538281]  4236  4236 D SprintDMHelper: isUICCSprint: We have a Sprint UICC
43424168-e44e-473a-bf12-dba8a4a4453a 2016-12-13 11:24:51.976390636 2621423 [56300.563843]   963  1378 D WIFI    : got request NetworkRequest [ id=256, legacyType=-1, [ Transports: WIFI Capabilities: NOT_METERED&INTERNET&NOT_RESTRICTED&NOT_VPN] ] with score 0
43424168-e44e-473a-bf12-dba8a4a4453a 2016-12-13 11:24:51.976390636 2621424 [56300.564253]   963  1378 D WIFI_UT : got request NetworkRequest [ id=256, legacyType=-1, [ Transports: WIFI Capabilities: NOT_METERED&INTERNET&NOT_RESTRICTED&NOT_VPN] ] with score 0
43424168-e44e-473a-bf12-dba8a4a4453a 2016-12-13 11:24:51.976390636 2621425 [56300.565728]   963  1412 D Ethernet: got request NetworkRequest [ id=256, legacyType=-1, [ Transports: WIFI Capabilities: NOT_METERED&INTERNET&NOT_RESTRICTED&NOT_VPN] ] with score 0
43424168-e44e-473a-bf12-dba8a4a4453a 2016-12-13 11:24:51.986390636 2621426 [56300.570287]  4236  4236 D SprintDMReceiver: startService SprintDMService: CONNECTIVITY_ACTION
43424168-e44e-473a-bf12-dba8a4a4453a 2016-12-13 11:24:51.986390636 2621427 [56300.570439]  4236  4236 D SprintDMReceiver: networkInfo extra is: [type: MOBILE[CDMA - eHRPD], state: DISCONNECTED/DISCONNECTED, reason: connected, extra: n.ispsn, roaming: false, failover: false, isAvailable: true]
43424168-e44e-473a-bf12-dba8a4a4453a 2016-12-13 11:24:51.986390636 2621428 [56300.570460]  4236  4236 D SprintDMReceiver: networkType extra is: 0
43424168-e44e-473a-bf12-dba8a4a4453a 2016-12-13 11:24:51.986390636 2621429 [56300.570478]  4236  4236 D SprintDMReceiver: isFailover extra is: false
43424168-e44e-473a-bf12-dba8a4a4453a 2016-12-13 11:24:51.986390636 2621430 [56300.570493]  4236  4236 D SprintDMReceiver: noConnectivity extra is: false
43424168-e44e-473a-bf12-dba8a4a4453a 2016-12-13 11:24:51.986390636 2621431 [56300.570509]  4236  4236 D SprintDMReceiver: otherNetworkInfo is: null
43424168-e44e-473a-bf12-dba8a4a4453a 2016-12-13 11:24:51.986390636 2621432 [56300.570526]  4236  4236 D SprintDMReceiver: reason extra is: connected
43424168-e44e-473a-bf12-dba8a4a4453a 2016-12-13 11:24:51.986390636 2621433 [56300.570542]  4236  4236 D SprintDMReceiver: extraInfo extra is: n.ispsn
43424168-e44e-473a-bf12-dba8a4a4453a 2016-12-13 11:24:51.986390636 2621434 [56300.570565]  4236  4236 D SprintDMReceiver: inetCondition extra is: 100
43424168-e44e-473a-bf12-dba8a4a4453a 2016-12-13 11:24:51.996390636 2621435 [56300.579526]  4236  4236 D SprintDMService: onStartCommand: intent="Intent { act=android.net.conn.CONNECTIVITY_CHANGE cmp=com.android.sdm.plugins.sprintdm/.SprintDMService (has extras) }" [tid=1]
43424168-e44e-473a-bf12-dba8a4a4453a 2016-12-13 11:24:51.996390636 2621436 [56300.579559]  4236  4236 D SprintDMService: onStartCommand: action="android.net.conn.CONNECTIVITY_CHANGE" flags=0 startId=620
43424168-e44e-473a-bf12-dba8a4a4453a 2016-12-13 11:24:51.996390636 2621437 [56300.579572]  4236  4236 D SprintDMService: got connectivity action
43424168-e44e-473a-bf12-dba8a4a4453a 2016-12-13 11:24:52.6390636 2621438 [56300.593141] 28584 28584 D WeatherUpdateService: onCreate
43424168-e44e-473a-bf12-dba8a4a4453a 2016-12-13 11:24:52.16390636 2621439 [56300.599753]   388   388 D Kernel-Trace:     kworker/1:2H-12491 [001] ...1 56300.519907: cpu_frequency: state=1497600 cpu_id=1
43424168-e44e-473a-bf12-dba8a4a4453a 2016-12-13 11:24:52.16390636 2621440 [56300.599823]   388   388 D Kernel-Trace:     kworker/0:0H-7043  [000] ...1 56300.540443: cpu_frequency: state=2265600 cpu_id=0
43424168-e44e-473a-bf12-dba8a4a4453a 2016-12-13 11:24:52.16390636 2621441 [56300.599848]   388   388 D Kernel-Trace:     kworker/0:0H-7043  [000] ...1 56300.559759: cpu_frequency: state=2649600 cpu_id=0
43424168-e44e-473a-bf12-dba8a4a4453a 2016-12-13 11:24:52.16390636 2621442 [56300.599869]   388   388 D Kernel-Trace:     kworker/1:2H-12491 [001] ...1 56300.560524: cpu_frequency: state=300000 cpu_id=1
43424168-e44e-473a-bf12-dba8a4a4453a 2016-12-13 11:24:52.16390636 2621443 [56300.599889]   388   388 D Kernel-Trace:     kworker/1:2H-12491 [001] ...1 56300.580038: cpu_frequency: state=1497600 cpu_id=1
43424168-e44e-473a-bf12-dba8a4a4453a 2016-12-13 11:24:52.46390636 2621444 [56300.630542] 28584 28584 D WeatherUpdateService: Service started, but shouldn't update ... stopping
43424168-e44e-473a-bf12-dba8a4a4453a 2016-12-13 11:24:52.46390636 2621445 [56300.631716]  4236  4236 D SprintDMHelper: simOperator: 310120
43424168-e44e-473a-bf12-dba8a4a4453a 2016-12-13 11:24:52.46390636 2621446 [56300.631733]  4236  4236 D SprintDMHelper: isUICCSprint: We have a Sprint UICC
43424168-e44e-473a-bf12-dba8a4a4453a 2016-12-13 11:24:52.46390636 2621447 [56300.631752]  4236  4236 D SprintDMService: mobile data is disconnected
43424168-e44e-473a-bf12-dba8a4a4453a 2016-12-13 11:24:52.46390636 2621448 [56300.632125]  4236  4302 D SprintDMStateMachine: IdleState: processMessage EVENT_MOBILE_DATA_DISCONNECTED
43424168-e44e-473a-bf12-dba8a4a4453a 2016-12-13 11:24:52.56390636 2621449 [56300.641305] 28584 28584 D WeatherUpdateService: onDestroy
43424168-e44e-473a-bf12-dba8a4a4453a 2016-12-13 11:24:52.86390636 2621450 [56300.678346]  4236  4236 D SprintDMReceiver: Received intent: android.net.conn.CONNECTIVITY_CHANGE
43424168-e44e-473a-bf12-dba8a4a4453a 2016-12-13 11:24:52.96390636 2621451 [56300.683895]  4236  4236 D SprintDMHelper: simOperator: 310120
43424168-e44e-473a-bf12-dba8a4a4453a 2016-12-13 11:24:52.96390636 2621452 [56300.683921]  4236  4236 D SprintDMHelper: isUICCSprint: We have a Sprint UICC
43424168-e44e-473a-bf12-dba8a4a4453a 2016-12-13 11:24:52.106390636 2621453 [56300.690776]  4236  4236 D SprintDMReceiver: startService SprintDMService: CONNECTIVITY_ACTION
43424168-e44e-473a-bf12-dba8a4a4453a 2016-12-13 11:24:52.106390636 2621454 [56300.690902]  4236  4236 D SprintDMReceiver: networkInfo extra is: [type: WIFI[], state: CONNECTED/CONNECTED, reason: (unspecified), extra: "AP4-5", roaming: false, failover: false, isAvailable: true]
43424168-e44e-473a-bf12-dba8a4a4453a 2016-12-13 11:24:52.106390636 2621455 [56300.690920]  4236  4236 D SprintDMReceiver: networkType extra is: 1
43424168-e44e-473a-bf12-dba8a4a4453a 2016-12-13 11:24:52.106390636 2621456 [56300.690937]  4236  4236 D SprintDMReceiver: isFailover extra is: false
43424168-e44e-473a-bf12-dba8a4a4453a 2016-12-13 11:24:52.106390636 2621457 [56300.690951]  4236  4236 D SprintDMReceiver: noConnectivity extra is: false
43424168-e44e-473a-bf12-dba8a4a4453a 2016-12-13 11:24:52.106390636 2621458 [56300.690978]  4236  4236 D SprintDMReceiver: otherNetworkInfo is: null
43424168-e44e-473a-bf12-dba8a4a4453a 2016-12-13 11:24:52.106390636 2621459 [56300.690994]  4236  4236 D SprintDMReceiver: reason extra is: null
43424168-e44e-473a-bf12-dba8a4a4453a 2016-12-13 11:24:52.106390636 2621460 [56300.691018]  4236  4236 D SprintDMReceiver: extraInfo extra is: "AP4-5"
43424168-e44e-473a-bf12-dba8a4a4453a 2016-12-13 11:24:52.106390636 2621461 [56300.691038]  4236  4236 D SprintDMReceiver: inetCondition extra is: 100
43424168-e44e-473a-bf12-dba8a4a4453a 2016-12-13 11:24:52.106390636 2621462 [56300.696790] 28584 28584 D WeatherUpdateService: onCreate
43424168-e44e-473a-bf12-dba8a4a4453a 2016-12-13 11:24:52.106390636 2621463 [56300.697140]  4236  4236 D SprintDMService: onStartCommand: intent="Intent { act=android.net.conn.CONNECTIVITY_CHANGE cmp=com.android.sdm.plugins.sprintdm/.SprintDMService (has extras) }" [tid=1]
43424168-e44e-473a-bf12-dba8a4a4453a 2016-12-13 11:24:52.106390636 2621464 [56300.697163]  4236  4236 D SprintDMService: onStartCommand: action="android.net.conn.CONNECTIVITY_CHANGE" flags=0 startId=621
43424168-e44e-473a-bf12-dba8a4a4453a 2016-12-13 11:24:52.106390636 2621465 [56300.697173]  4236  4236 D SprintDMService: got connectivity action
43424168-e44e-473a-bf12-dba8a4a4453a 2016-12-13 11:24:52.116390636 2621466 [56300.699570]   388   388 D Kernel-Trace:     kworker/1:2H-12491 [001] ...1 56300.620002: cpu_frequency: state=300000 cpu_id=1
43424168-e44e-473a-bf12-dba8a4a4453a 2016-12-13 11:24:52.116390636 2621467 [56300.699597]   388   388 D Kernel-Trace:     kworker/2:2H-10277 [002] ...1 56300.629927: cpu_frequency: state=1497600 cpu_id=2
43424168-e44e-473a-bf12-dba8a4a4453a 2016-12-13 11:24:52.116390636 2621468 [56300.699609]   388   388 D Kernel-Trace:     kworker/1:2H-12491 [001] ...1 56300.659887: cpu_frequency: state=1497600 cpu_id=1
43424168-e44e-473a-bf12-dba8a4a4453a 2016-12-13 11:24:52.116390636 2621469 [56300.699622]   388   388 D Kernel-Trace:     kworker/2:2H-10277 [002] ...1 56300.681410: cpu_frequency: state=652800 cpu_id=2
43424168-e44e-473a-bf12-dba8a4a4453a 2016-12-13 11:24:52.116390636 2621470 [56300.699634]   388   388 D Kernel-Trace:      kworker/0:4-27226 [000] ...1 56300.699378: thermal_temp: sensor_id=5 temp=39
43424168-e44e-473a-bf12-dba8a4a4453a 2016-12-13 11:24:52.116390636 2621471 [56300.700495] 28584 28584 D WeatherUpdateService: Service started, but shouldn't update ... stopping
43424168-e44e-473a-bf12-dba8a4a4453a 2016-12-13 11:24:52.116390636 2621472 [56300.702453] 28584 28584 D WeatherUpdateService: onDestroy
43424168-e44e-473a-bf12-dba8a4a4453a 2016-12-13 11:24:52.116390636 2621473 [56300.707243]  4236  4236 D SprintDMHelper: simOperator: 310120
43424168-e44e-473a-bf12-dba8a4a4453a 2016-12-13 11:24:52.116390636 2621474 [56300.707255]  4236  4236 D SprintDMHelper: isUICCSprint: We have a Sprint UICC
43424168-e44e-473a-bf12-dba8a4a4453a 2016-12-13 11:24:52.116390636 2621475 [56300.707269]  4236  4236 D SprintDMService: WiFi is connected
43424168-e44e-473a-bf12-dba8a4a4453a 2016-12-13 11:24:52.116390636 2621476 [56300.707422]  4236  4302 D SprintDMStateMachine: IdleState: processMessage EVENT_WIFI_CONNECTED
43424168-e44e-473a-bf12-dba8a4a4453a 2016-12-13 11:24:52.116390636 2621477 [56300.707457]  4236  4302 D SprintDMStateMachine: BaseState: ignoring EVENT_WIFI_CONNECTED
43424168-e44e-473a-bf12-dba8a4a4453a 2016-12-13 11:24:52.136390636 2621478 [56300.723752]   963   975 D ThermaPlan->Batch: {"func":"Batch->add()","batch":{"what":"BATCH","start":213650727,"end":213684887,"flags":0,"flagsBinary":"0","oldStart":213639889,"oldEnd":213684887}}
43424168-e44e-473a-bf12-dba8a4a4453a 2016-12-13 11:24:52.136390636 2621479 [56300.726058]   963   975 D ThermaPlan->Batch: {"func":"Batch->add()","batch":{"what":"BATCH","start":213711754,"end":213730771,"flags":8,"flagsBinary":"1000","oldStart":213700771,"oldEnd":213730771}}
43424168-e44e-473a-bf12-dba8a4a4453a 2016-12-13 11:24:52.136390636 2621480 [56300.727642]   963   975 D ThermaPlan->Batch: {"func":"Batch->add()","batch":{"what":"BATCH","start":213831840,"end":213863004,"flags":0,"flagsBinary":"0","oldStart":213741687,"oldEnd":213863004}}
43424168-e44e-473a-bf12-dba8a4a4453a 2016-12-13 11:24:52.146390636 2621481 [56300.732640]   963   975 D ThermaPlan->Batch: {"func":"Batch->add()","batch":{"what":"BATCH","start":214276095,"end":214951095,"flags":8,"flagsBinary":"1000","oldStart":214251322,"oldEnd":215601322}}
43424168-e44e-473a-bf12-dba8a4a4453a 2016-12-13 11:24:52.146390636 2621482 [56300.733693]   963   975 D ThermaPlan->Batch: {"func":"Batch->add()","batch":{"what":"BATCH","start":214278171,"end":214951095,"flags":8,"flagsBinary":"1000","oldStart":214276095,"oldEnd":214951095}}
43424168-e44e-473a-bf12-dba8a4a4453a 2016-12-13 11:24:52.146390636 2621483 [56300.734759]   963   975 D ThermaPlan->Batch: {"func":"Batch->add()","batch":{"what":"BATCH","start":214278914,"end":214951095,"flags":8,"flagsBinary":"1000","oldStart":214278171,"oldEnd":214951095}}
43424168-e44e-473a-bf12-dba8a4a4453a 2016-12-13 11:24:52.146390636 2621484 [56300.735965]   963   975 D ThermaPlan->Batch: {"func":"Batch->add()","batch":{"what":"BATCH","start":214278988,"end":214951095,"flags":8,"flagsBinary":"1000","oldStart":214278914,"oldEnd":214951095}}
43424168-e44e-473a-bf12-dba8a4a4453a 2016-12-13 11:24:52.146390636 2621485 [56300.737067]   963   975 D ThermaPlan->Batch: {"func":"Batch->add()","batch":{"what":"BATCH","start":214281415,"end":214951095,"flags":8,"flagsBinary":"1000","oldStart":214278988,"oldEnd":214951095}}
43424168-e44e-473a-bf12-dba8a4a4453a 2016-12-13 11:24:52.146390636 2621486 [56300.738145]   963   975 D ThermaPlan->Batch: {"func":"Batch->add()","batch":{"what":"BATCH","start":214281680,"end":214951095,"flags":8,"flagsBinary":"1000","oldStart":214281415,"oldEnd":214951095}}
43424168-e44e-473a-bf12-dba8a4a4453a 2016-12-13 11:24:52.146390636 2621487 [56300.739264]   963   975 D ThermaPlan->Batch: {"func":"Batch->add()","batch":{"what":"BATCH","start":214282094,"end":214951095,"flags":8,"flagsBinary":"1000","oldStart":214281680,"oldEnd":214951095}}
43424168-e44e-473a-bf12-dba8a4a4453a 2016-12-13 11:24:52.156390636 2621488 [56300.740453]   963   975 D ThermaPlan->Batch: {"func":"Batch->add()","batch":{"what":"BATCH","start":214282211,"end":214951095,"flags":8,"flagsBinary":"1000","oldStart":214282094,"oldEnd":214951095}}
43424168-e44e-473a-bf12-dba8a4a4453a 2016-12-13 11:24:52.156390636 2621489 [56300.741702]   963   975 D ThermaPlan->Batch: {"func":"Batch->add()","batch":{"what":"BATCH","start":214282485,"end":214951095,"flags":8,"flagsBinary":"1000","oldStart":214282211,"oldEnd":214951095}}
43424168-e44e-473a-bf12-dba8a4a4453a 2016-12-13 11:24:52.156390636 2621490 [56300.742810]   963   975 D ThermaPlan->Batch: {"func":"Batch->add()","batch":{"what":"BATCH","start":214294563,"end":214951095,"flags":8,"flagsBinary":"1000","oldStart":214282485,"oldEnd":214951095}}
43424168-e44e-473a-bf12-dba8a4a4453a 2016-12-13 11:24:52.156390636 2621491 [56300.743950]   963   975 D ThermaPlan->Batch: {"func":"Batch->add()","batch":{"what":"BATCH","start":214733823,"end":214951095,"flags":8,"flagsBinary":"1000","oldStart":214294563,"oldEnd":214951095}}
43424168-e44e-473a-bf12-dba8a4a4453a 2016-12-13 11:24:52.156390636 2621492 [56300.745149]   963   975 D ThermaPlan->Batch: {"func":"Batch->add()","batch":{"what":"BATCH","start":214750705,"end":214951095,"flags":8,"flagsBinary":"1000","oldStart":214733823,"oldEnd":214951095}}
43424168-e44e-473a-bf12-dba8a4a4453a 2016-12-13 11:24:52.166390636 2621493 [56300.750826]   963   975 D ThermaPlan->Batch: {"func":"Batch->add()","batch":{"what":"BATCH","start":215759161,"end":219062073,"flags":8,"flagsBinary":"1000","oldStart":215226149,"oldEnd":219062073}}
43424168-e44e-473a-bf12-dba8a4a4453a 2016-12-13 11:24:52.166390636 2621494 [56300.751134]   963   975 D ThermaPlan->Batch: {"func":"Batch->add()","batch":{"what":"BATCH","start":216082518,"end":218782518,"flags":8,"flagsBinary":"1000","oldStart":215759161,"oldEnd":219062073}}
43424168-e44e-473a-bf12-dba8a4a4453a 2016-12-13 11:24:52.166390636 2621495 [56300.751426]   963   975 D ThermaPlan->Batch: {"func":"Batch->add()","batch":{"what":"BATCH","start":216144078,"end":218782518,"flags":8,"flagsBinary":"1000","oldStart":216082518,"oldEnd":218782518}}
43424168-e44e-473a-bf12-dba8a4a4453a 2016-12-13 11:24:52.166390636 2621496 [56300.751668]   963   975 D ThermaPlan->Batch: {"func":"Batch->add()","batch":{"what":"BATCH","start":216526830,"end":218782518,"flags":8,"flagsBinary":"1000","oldStart":216144078,"oldEnd":218782518}}
43424168-e44e-473a-bf12-dba8a4a4453a 2016-12-13 11:24:52.166390636 2621497 [56300.751942]   963   975 D ThermaPlan->Batch: {"func":"Batch->add()","batch":{"what":"BATCH","start":217737182,"end":218037182,"flags":8,"flagsBinary":"1000","oldStart":216526830,"oldEnd":218782518}}
43424168-e44e-473a-bf12-dba8a4a4453a 2016-12-13 11:24:52.166390636 2621498 [56300.752409]   963   975 D ThermaPlan->Batch: {"func":"Batch->add()","batch":{"what":"BATCH","start":220150599,"end":224060131,"flags":0,"flagsBinary":"0","oldStart":219290727,"oldEnd":224060131}}
43424168-e44e-473a-bf12-dba8a4a4453a 2016-12-13 11:24:52.166390636 2621499 [56300.752678]   963   975 D ThermaPlan->Batch: {"func":"Batch->add()","batch":{"what":"BATCH","start":220380550,"end":224060131,"flags":0,"flagsBinary":"0","oldStart":220150599,"oldEnd":224060131}}
43424168-e44e-473a-bf12-dba8a4a4453a 2016-12-13 11:24:52.166390636 2621500 [56300.753289]   963   975 D ThermaPlan->Batch: {"func":"Batch->add()","batch":{"what":"BATCH","start":228290727,"end":239324426,"flags":0,"flagsBinary":"0","oldStart":224222674,"oldEnd":240422669}}
43424168-e44e-473a-bf12-dba8a4a4453a 2016-12-13 11:24:52.166390636 2621501 [56300.753584]   963   975 D ThermaPlan->Batch: {"func":"Batch->add()","batch":{"what":"BATCH","start":230499939,"end":239324426,"flags":0,"flagsBinary":"0","oldStart":228290727,"oldEnd":239324426}}
43424168-e44e-473a-bf12-dba8a4a4453a 2016-12-13 11:24:52.166390636 2621502 [56300.753858]   963   975 D ThermaPlan->Batch: {"func":"Batch->add()","batch":{"what":"BATCH","start":231188198,"end":239324426,"flags":0,"flagsBinary":"0","oldStart":230499939,"oldEnd":239324426}}
43424168-e44e-473a-bf12-dba8a4a4453a 2016-12-13 11:24:52.166390636 2621503 [56300.754134]   963   975 D ThermaPlan->Batch: {"func":"Batch->add()","batch":{"what":"BATCH","start":231548284,"end":239324426,"flags":0,"flagsBinary":"0","oldStart":231188198,"oldEnd":239324426}}
43424168-e44e-473a-bf12-dba8a4a4453a 2016-12-13 11:24:52.166390636 2621504 [56300.757251]   963   975 D ThermaPlan->Batch: {"func":"Batch->add()","batch":{"what":"BATCH","start":248330836,"end":285305189,"flags":8,"flagsBinary":"1000","oldStart":240305189,"oldEnd":285305189}}
43424168-e44e-473a-bf12-dba8a4a4453a 2016-12-13 11:24:52.166390636 2621505 [56300.757513]   963   975 D ThermaPlan->Batch: {"func":"Batch->add()","batch":{"what":"BATCH","start":249541608,"end":282059671,"flags":8,"flagsBinary":"1000","oldStart":248330836,"oldEnd":285305189}}
43424168-e44e-473a-bf12-dba8a4a4453a 2016-12-13 11:24:52.166390636 2621506 [56300.757785]   963   975 D ThermaPlan->Batch: {"func":"Batch->add()","batch":{"what":"BATCH","start":249641515,"end":280795765,"flags":8,"flagsBinary":"1000","oldStart":249541608,"oldEnd":282059671}}
43424168-e44e-473a-bf12-dba8a4a4453a 2016-12-13 11:24:52.166390636 2621507 [56300.758081]   963   975 D ThermaPlan->Batch: {"func":"Batch->add()","batch":{"what":"BATCH","start":258890727,"end":280795765,"flags":8,"flagsBinary":"1000","oldStart":249641515,"oldEnd":280795765}}
43424168-e44e-473a-bf12-dba8a4a4453a 2016-12-13 11:24:52.166390636 2621508 [56300.758355]   963   975 D ThermaPlan->Batch: {"func":"Batch->add()","batch":{"what":"BATCH","start":259200000,"end":280795765,"flags":8,"flagsBinary":"1000","oldStart":258890727,"oldEnd":280795765}}
43424168-e44e-473a-bf12-dba8a4a4453a 2016-12-13 11:24:52.166390636 2621509 [56300.758621]   963   975 D ThermaPlan->Batch: {"func":"Batch->add()","batch":{"what":"BATCH","start":259252542,"end":280795765,"flags":8,"flagsBinary":"1000","oldStart":259200000,"oldEnd":280795765}}
43424168-e44e-473a-bf12-dba8a4a4453a 2016-12-13 11:24:52.166390636 2621510 [56300.758879]   963   975 D ThermaPlan->Batch: {"func":"Batch->add()","batch":{"what":"BATCH","start":259281310,"end":280795765,"flags":8,"flagsBinary":"1000","oldStart":259252542,"oldEnd":280795765}}
43424168-e44e-473a-bf12-dba8a4a4453a 2016-12-13 11:24:52.166390636 2621511 [56300.759155]   963   975 D ThermaPlan->Batch: {"func":"Batch->add()","batch":{"what":"BATCH","start":259345161,"end":280795765,"flags":8,"flagsBinary":"1000","oldStart":259281310,"oldEnd":280795765}}
43424168-e44e-473a-bf12-dba8a4a4453a 2016-12-13 11:24:52.176390636 2621512 [56300.759504]   963   975 D ThermaPlan->Batch: {"func":"Batch->add()","batch":{"what":"BATCH","start":259786617,"end":280795765,"flags":8,"flagsBinary":"1000","oldStart":259345161,"oldEnd":280795765}}
43424168-e44e-473a-bf12-dba8a4a4453a 2016-12-13 11:24:52.176390636 2621513 [56300.759783]   963   975 D ThermaPlan->Batch: {"func":"Batch->add()","batch":{"what":"BATCH","start":261333689,"end":280795765,"flags":8,"flagsBinary":"1000","oldStart":259786617,"oldEnd":280795765}}
43424168-e44e-473a-bf12-dba8a4a4453a 2016-12-13 11:24:52.176390636 2621514 [56300.760049]   963   975 D ThermaPlan->Batch: {"func":"Batch->add()","batch":{"what":"BATCH","start":270989138,"end":280795765,"flags":8,"flagsBinary":"1000","oldStart":261333689,"oldEnd":280795765}}
43424168-e44e-473a-bf12-dba8a4a4453a 2016-12-13 11:24:52.176390636 2621515 [56300.762832]   963   975 D ThermaPlan->Batch: {"func":"Batch->add()","batch":{"what":"BATCH","start":292490680,"end":331748773,"flags":0,"flagsBinary":"0","oldStart":280825099,"oldEnd":331748773}}
43424168-e44e-473a-bf12-dba8a4a4453a 2016-12-13 11:24:52.176390636 2621516 [56300.763150]   963   975 D ThermaPlan->Batch: {"func":"Batch->add()","batch":{"what":"BATCH","start":296563796,"end":331748773,"flags":0,"flagsBinary":"0","oldStart":292490680,"oldEnd":331748773}}
43424168-e44e-473a-bf12-dba8a4a4453a 2016-12-13 11:24:52.176390636 2621517 [56300.763446]   963   975 D ThermaPlan->Batch: {"func":"Batch->add()","batch":{"what":"BATCH","start":299982241,"end":331748773,"flags":8,"flagsBinary":"1000","oldStart":296563796,"oldEnd":331748773}}
43424168-e44e-473a-bf12-dba8a4a4453a 2016-12-13 11:24:52.176390636 2621518 [56300.763905]   963   975 D ThermaPlan->Batch: {"func":"Batch->add()","batch":{"what":"BATCH","start":605813325,"end":1058493260,"flags":0,"flagsBinary":"0","oldStart":604893262,"oldEnd":1058493260}}
43424168-e44e-473a-bf12-dba8a4a4453a 2016-12-13 11:24:52.176390636 2621519 [56300.764171]   963   975 D ThermaPlan->Batch: {"func":"Batch->add()","batch":{"what":"BATCH","start":624143935,"end":992076404,"flags":0,"flagsBinary":"0","oldStart":605813325,"oldEnd":1058493260}}
43424168-e44e-473a-bf12-dba8a4a4453a 2016-12-13 11:24:52.176390636 2621520 [56300.764429]   963   975 D ThermaPlan->Batch: {"func":"Batch->add()","batch":{"what":"BATCH","start":694490727,"end":992076404,"flags":0,"flagsBinary":"0","oldStart":624143935,"oldEnd":992076404}}
43424168-e44e-473a-bf12-dba8a4a4453a 2016-12-13 11:24:52.176390636 2621521 [56300.765302]   963   975 D ThermaPlan->Batch: {"func":"Batch->add()","batch":{"what":"BATCH","start":701674709,"end":992076404,"flags":0,"flagsBinary":"0","oldStart":694490727,"oldEnd":992076404}}
43424168-e44e-473a-bf12-dba8a4a4453a 2016-12-13 11:24:52.176390636 2621522 [56300.765961]   963   975 D ThermaPlan->Batch: {"func":"Batch->add()","batch":{"what":"BATCH","start":315360057206,"end":551880056972,"flags":0,"flagsBinary":"0","oldStart":315360056973,"oldEnd":551880056972}}
43424168-e44e-473a-bf12-dba8a4a4453a 2016-12-13 11:24:52.176390636 2621523 [56300.766233]   963   975 D ThermaPlan->Batch: {"func":"Batch->add()","batch":{"what":"BATCH","start":315360057236,"end":551880056972,"flags":0,"flagsBinary":"0","oldStart":315360057206,"oldEnd":551880056972}}
43424168-e44e-473a-bf12-dba8a4a4453a 2016-12-13 11:24:52.176390636 2621524 [56300.766502]   963   975 D ThermaPlan->Batch: {"func":"Batch->add()","batch":{"what":"BATCH","start":315360057240,"end":551880056972,"flags":0,"flagsBinary":"0","oldStart":315360057236,"oldEnd":551880056972}}
43424168-e44e-473a-bf12-dba8a4a4453a 2016-12-13 11:24:52.176390636 2621525 [56300.766779]   963   975 D ThermaPlan->Batch: {"func":"Batch->add()","batch":{"what":"BATCH","start":315360057254,"end":551880056972,"flags":0,"flagsBinary":"0","oldStart":315360057240,"oldEnd":551880056972}}
43424168-e44e-473a-bf12-dba8a4a4453a 2016-12-13 11:24:52.176390636 2621526 [56300.767067]   963   975 D ThermaPlan->Batch: {"func":"Batch->add()","batch":{"what":"BATCH","start":315360057257,"end":551880056972,"flags":0,"flagsBinary":"0","oldStart":315360057254,"oldEnd":551880056972}}
43424168-e44e-473a-bf12-dba8a4a4453a 2016-12-13 11:24:52.176390636 2621527 [56300.767355]   963   975 D ThermaPlan->Batch: {"func":"Batch->add()","batch":{"what":"BATCH","start":315360057259,"end":551880056972,"flags":0,"flagsBinary":"0","oldStart":315360057257,"oldEnd":551880056972}}
43424168-e44e-473a-bf12-dba8a4a4453a 2016-12-13 11:24:52.176390636 2621528 [56300.767624]   963   975 D ThermaPlan->Batch: {"func":"Batch->add()","batch":{"what":"BATCH","start":315360094195,"end":551880056972,"flags":0,"flagsBinary":"0","oldStart":315360057259,"oldEnd":551880056972}}
43424168-e44e-473a-bf12-dba8a4a4453a 2016-12-13 11:24:52.176390636 2621529 [56300.767921]   963   975 D ThermaPlan->Batch: {"func":"Batch->add()","batch":{"what":"BATCH","start":315360113203,"end":551880056972,"flags":0,"flagsBinary":"0","oldStart":315360094195,"oldEnd":551880056972}}
43424168-e44e-473a-bf12-dba8a4a4453a 2016-12-13 11:24:52.176390636 2621530 [56300.768197]   963   975 D ThermaPlan->Batch: {"func":"Batch->add()","batch":{"what":"BATCH","start":315399259724,"end":551880056972,"flags":0,"flagsBinary":"0","oldStart":315360113203,"oldEnd":551880056972}}
43424168-e44e-473a-bf12-dba8a4a4453a 2016-12-13 11:24:52.176390636 2621531 [56300.768471]   963   975 D ThermaPlan->Batch: {"func":"Batch->add()","batch":{"what":"BATCH","start":315399259747,"end":551880056972,"flags":0,"flagsBinary":"0","oldStart":315399259724,"oldEnd":551880056972}}
43424168-e44e-473a-bf12-dba8a4a4453a 2016-12-13 11:24:52.176390636 2621532 [56300.768755]   963   975 D ThermaPlan->Batch: {"func":"Batch->add()","batch":{"what":"BATCH","start":315572926898,"end":551880056972,"flags":0,"flagsBinary":"0","oldStart":315399259747,"oldEnd":551880056972}}
43424168-e44e-473a-bf12-dba8a4a4453a 2016-12-13 11:24:52.186390636 2621533 [56300.769426]   387   387 D KernelPrintk: 6,349733,56300764997,-;CFG80211-ERROR) wl_cfg80211_sched_scan_stop : >>> SCHED SCAN STOP
43424168-e44e-473a-bf12-dba8a4a4453a 2016-12-13 11:24:52.186390636 2621534 [56300.769455]   387   387 D KernelPrintk: 4,349734,56300765019,-;dhd_pno_stop_for_ssid : LEGACY PNO MODE is not enabled
43424168-e44e-473a-bf12-dba8a4a4453a 2016-12-13 11:24:52.196390636 2621535 [56300.782641]   963  1958 D ThermaPlan->Batch: {"func":"Batch->add()","batch":{"what":"BATCH","start":213650728,"end":213684887,"flags":0,"flagsBinary":"0","oldStart":213639889,"oldEnd":213684887}}
43424168-e44e-473a-bf12-dba8a4a4453a 2016-12-13 11:24:52.196390636 2621536 [56300.783270]   963  1958 D ThermaPlan->Batch: {"func":"Batch->add()","batch":{"what":"BATCH","start":213711754,"end":213730771,"flags":8,"flagsBinary":"1000","oldStart":213700771,"oldEnd":213730771}}
43424168-e44e-473a-bf12-dba8a4a4453a 2016-12-13 11:24:52.196390636 2621537 [56300.784725]   963  1958 D ThermaPlan->Batch: {"func":"Batch->add()","batch":{"what":"BATCH","start":214276095,"end":214951095,"flags":8,"flagsBinary":"1000","oldStart":214251322,"oldEnd":215601322}}
43424168-e44e-473a-bf12-dba8a4a4453a 2016-12-13 11:24:52.196390636 2621538 [56300.785006]   963  1958 D ThermaPlan->Batch: {"func":"Batch->add()","batch":{"what":"BATCH","start":214278171,"end":214951095,"flags":8,"flagsBinary":"1000","oldStart":214276095,"oldEnd":214951095}}
43424168-e44e-473a-bf12-dba8a4a4453a 2016-12-13 11:24:52.196390636 2621539 [56300.785296]   963  1958 D ThermaPlan->Batch: {"func":"Batch->add()","batch":{"what":"BATCH","start":214278914,"end":214951095,"flags":8,"flagsBinary":"1000","oldStart":214278171,"oldEnd":214951095}}
43424168-e44e-473a-bf12-dba8a4a4453a 2016-12-13 11:24:52.196390636 2621540 [56300.785579]   963  1958 D ThermaPlan->Batch: {"func":"Batch->add()","batch":{"what":"BATCH","start":214278988,"end":214951095,"flags":8,"flagsBinary":"1000","oldStart":214278914,"oldEnd":214951095}}
43424168-e44e-473a-bf12-dba8a4a4453a 2016-12-13 11:24:52.196390636 2621541 [56300.785853]   963  1958 D ThermaPlan->Batch: {"func":"Batch->add()","batch":{"what":"BATCH","start":214281415,"end":214951095,"flags":8,"flagsBinary":"1000","oldStart":214278988,"oldEnd":214951095}}
43424168-e44e-473a-bf12-dba8a4a4453a 2016-12-13 11:24:52.196390636 2621542 [56300.786158]   963  1958 D ThermaPlan->Batch: {"func":"Batch->add()","batch":{"what":"BATCH","start":214281680,"end":214951095,"flags":8,"flagsBinary":"1000","oldStart":214281415,"oldEnd":214951095}}
43424168-e44e-473a-bf12-dba8a4a4453a 2016-12-13 11:24:52.196390636 2621543 [56300.786480]   963  1958 D ThermaPlan->Batch: {"func":"Batch->add()","batch":{"what":"BATCH","start":214282094,"end":214951095,"flags":8,"flagsBinary":"1000","oldStart":214281680,"oldEnd":214951095}}
43424168-e44e-473a-bf12-dba8a4a4453a 2016-12-13 11:24:52.196390636 2621544 [56300.786781]   963  1958 D ThermaPlan->Batch: {"func":"Batch->add()","batch":{"what":"BATCH","start":214282211,"end":214951095,"flags":8,"flagsBinary":"1000","oldStart":214282094,"oldEnd":214951095}}
43424168-e44e-473a-bf12-dba8a4a4453a 2016-12-13 11:24:52.196390636 2621545 [56300.787076]   963  1958 D ThermaPlan->Batch: {"func":"Batch->add()","batch":{"what":"BATCH","start":214282485,"end":214951095,"flags":8,"flagsBinary":"1000","oldStart":214282211,"oldEnd":214951095}}
43424168-e44e-473a-bf12-dba8a4a4453a 2016-12-13 11:24:52.196390636 2621546 [56300.787372]   963  1958 D ThermaPlan->Batch: {"func":"Batch->add()","batch":{"what":"BATCH","start":214294563,"end":214951095,"flags":8,"flagsBinary":"1000","oldStart":214282485,"oldEnd":214951095}}
43424168-e44e-473a-bf12-dba8a4a4453a 2016-12-13 11:24:52.196390636 2621547 [56300.787683]   963  1958 D ThermaPlan->Batch: {"func":"Batch->add()","batch":{"what":"BATCH","start":214733823,"end":214951095,"flags":8,"flagsBinary":"1000","oldStart":214294563,"oldEnd":214951095}}
43424168-e44e-473a-bf12-dba8a4a4453a 2016-12-13 11:24:52.196390636 2621548 [56300.787977]   963  1958 D ThermaPlan->Batch: {"func":"Batch->add()","batch":{"what":"BATCH","start":214750705,"end":214951095,"flags":8,"flagsBinary":"1000","oldStart":214733823,"oldEnd":214951095}}
43424168-e44e-473a-bf12-dba8a4a4453a 2016-12-13 11:24:52.206390636 2621549 [56300.791535]   963  1958 D ThermaPlan->Batch: {"func":"Batch->add()","batch":{"what":"BATCH","start":215759162,"end":219062073,"flags":8,"flagsBinary":"1000","oldStart":215226149,"oldEnd":219062073}}
43424168-e44e-473a-bf12-dba8a4a4453a 2016-12-13 11:24:52.206390636 2621550 [56300.791856]   963  1958 D ThermaPlan->Batch: {"func":"Batch->add()","batch":{"what":"BATCH","start":216082518,"end":218782518,"flags":8,"flagsBinary":"1000","oldStart":215759162,"oldEnd":219062073}}
43424168-e44e-473a-bf12-dba8a4a4453a 2016-12-13 11:24:52.206390636 2621551 [56300.792751]   963  1958 D ThermaPlan->Batch: {"func":"Batch->add()","batch":{"what":"BATCH","start":216144078,"end":218782518,"flags":8,"flagsBinary":"1000","oldStart":216082518,"oldEnd":218782518}}
43424168-e44e-473a-bf12-dba8a4a4453a 2016-12-13 11:24:52.206390636 2621552 [56300.793410]   963  1958 D ThermaPlan->Batch: {"func":"Batch->add()","batch":{"what":"BATCH","start":216526830,"end":218782518,"flags":8,"flagsBinary":"1000","oldStart":216144078,"oldEnd":218782518}}
43424168-e44e-473a-bf12-dba8a4a4453a 2016-12-13 11:24:52.206390636 2621553 [56300.793677]   963  1958 D ThermaPlan->Batch: {"func":"Batch->add()","batch":{"what":"BATCH","start":217737182,"end":218037182,"flags":8,"flagsBinary":"1000","oldStart":216526830,"oldEnd":218782518}}
43424168-e44e-473a-bf12-dba8a4a4453a 2016-12-13 11:24:52.206390636 2621554 [56300.794123]   963  1958 D ThermaPlan->Batch: {"func":"Batch->add()","batch":{"what":"BATCH","start":220150599,"end":224060131,"flags":0,"flagsBinary":"0","oldStart":219290727,"oldEnd":224060131}}
43424168-e44e-473a-bf12-dba8a4a4453a 2016-12-13 11:24:52.206390636 2621555 [56300.794400]   963  1958 D ThermaPlan->Batch: {"func":"Batch->add()","batch":{"what":"BATCH","start":220380550,"end":224060131,"flags":0,"flagsBinary":"0","oldStart":220150599,"oldEnd":224060131}}
43424168-e44e-473a-bf12-dba8a4a4453a 2016-12-13 11:24:52.206390636 2621556 [56300.795034]   963  1958 D ThermaPlan->Batch: {"func":"Batch->add()","batch":{"what":"BATCH","start":228290727,"end":239324426,"flags":0,"flagsBinary":"0","oldStart":224222674,"oldEnd":240422669}}
43424168-e44e-473a-bf12-dba8a4a4453a 2016-12-13 11:24:52.206390636 2621557 [56300.795924]   963  1958 D ThermaPlan->Batch: {"func":"Batch->add()","batch":{"what":"BATCH","start":230499939,"end":239324426,"flags":0,"flagsBinary":"0","oldStart":228290727,"oldEnd":239324426}}
43424168-e44e-473a-bf12-dba8a4a4453a 2016-12-13 11:24:52.206390636 2621558 [56300.796192]   963  1958 D ThermaPlan->Batch: {"func":"Batch->add()","batch":{"what":"BATCH","start":231188198,"end":239324426,"flags":0,"flagsBinary":"0","oldStart":230499939,"oldEnd":239324426}}
43424168-e44e-473a-bf12-dba8a4a4453a 2016-12-13 11:24:52.206390636 2621559 [56300.796487]   963  1958 D ThermaPlan->Batch: {"func":"Batch->add()","batch":{"what":"BATCH","start":231548284,"end":239324426,"flags":0,"flagsBinary":"0","oldStart":231188198,"oldEnd":239324426}}
43424168-e44e-473a-bf12-dba8a4a4453a 2016-12-13 11:24:52.206390636 2621560 [56300.798089]   963  1958 D ThermaPlan->Batch: {"func":"Batch->add()","batch":{"what":"BATCH","start":248330836,"end":285305189,"flags":8,"flagsBinary":"1000","oldStart":240305189,"oldEnd":285305189}}
43424168-e44e-473a-bf12-dba8a4a4453a 2016-12-13 11:24:52.206390636 2621561 [56300.798372]   963  1958 D ThermaPlan->Batch: {"func":"Batch->add()","batch":{"what":"BATCH","start":249541608,"end":282059671,"flags":8,"flagsBinary":"1000","oldStart":248330836,"oldEnd":285305189}}
43424168-e44e-473a-bf12-dba8a4a4453a 2016-12-13 11:24:52.206390636 2621562 [56300.798635]   963  1958 D ThermaPlan->Batch: {"func":"Batch->add()","batch":{"what":"BATCH","start":249641516,"end":280795766,"flags":8,"flagsBinary":"1000","oldStart":249541608,"oldEnd":282059671}}
43424168-e44e-473a-bf12-dba8a4a4453a 2016-12-13 11:24:52.206390636 2621563 [56300.798938]   963  1958 D ThermaPlan->Batch: {"func":"Batch->add()","batch":{"what":"BATCH","start":258890727,"end":280795766,"flags":8,"flagsBinary":"1000","oldStart":249641516,"oldEnd":280795766}}
43424168-e44e-473a-bf12-dba8a4a4453a 2016-12-13 11:24:52.206390636 2621564 [56300.799205]   963  1958 D ThermaPlan->Batch: {"func":"Batch->add()","batch":{"what":"BATCH","start":259200000,"end":280795766,"flags":8,"flagsBinary":"1000","oldStart":258890727,"oldEnd":280795766}}
43424168-e44e-473a-bf12-dba8a4a4453a 2016-12-13 11:24:52.216390636 2621565 [56300.799534]   963  1958 D ThermaPlan->Batch: {"func":"Batch->add()","batch":{"what":"BATCH","start":259252542,"end":280795766,"flags":8,"flagsBinary":"1000","oldStart":259200000,"oldEnd":280795766}}
43424168-e44e-473a-bf12-dba8a4a4453a 2016-12-13 11:24:52.216390636 2621566 [56300.799709]   388   388 D Kernel-Trace:     kworker/1:2H-12491 [001] ...1 56300.699666: cpu_frequency: state=300000 cpu_id=1
43424168-e44e-473a-bf12-dba8a4a4453a 2016-12-13 11:24:52.216390636 2621567 [56300.799738]   388   388 D Kernel-Trace:     kworker/2:2H-10277 [002] ...1 56300.724162: cpu_frequency: state=300000 cpu_id=2
43424168-e44e-473a-bf12-dba8a4a4453a 2016-12-13 11:24:52.216390636 2621568 [56300.799761]   388   388 D Kernel-Trace:     kworker/3:2H-12900 [003] ...1 56300.749957: cpu_frequency: state=1497600 cpu_id=3
43424168-e44e-473a-bf12-dba8a4a4453a 2016-12-13 11:24:52.216390636 2621569 [56300.799796]   963  1958 D ThermaPlan->Batch: {"func":"Batch->add()","batch":{"what":"BATCH","start":259281310,"end":280795766,"flags":8,"flagsBinary":"1000","oldStart":259252542,"oldEnd":280795766}}
43424168-e44e-473a-bf12-dba8a4a4453a 2016-12-13 11:24:52.216390636 2621570 [56300.800088]   963  1958 D ThermaPlan->Batch: {"func":"Batch->add()","batch":{"what":"BATCH","start":259345161,"end":280795766,"flags":8,"flagsBinary":"1000","oldStart":259281310,"oldEnd":280795766}}
43424168-e44e-473a-bf12-dba8a4a4453a 2016-12-13 11:24:52.216390636 2621571 [56300.800365]   963  1958 D ThermaPlan->Batch: {"func":"Batch->add()","batch":{"what":"BATCH","start":259786617,"end":280795766,"flags":8,"flagsBinary":"1000","oldStart":259345161,"oldEnd":280795766}}
43424168-e44e-473a-bf12-dba8a4a4453a 2016-12-13 11:24:52.216390636 2621572 [56300.800703]   963  1958 D ThermaPlan->Batch: {"func":"Batch->add()","batch":{"what":"BATCH","start":261333689,"end":280795766,"flags":8,"flagsBinary":"1000","oldStart":259786617,"oldEnd":280795766}}
43424168-e44e-473a-bf12-dba8a4a4453a 2016-12-13 11:24:52.216390636 2621573 [56300.801042]   963  1958 D ThermaPlan->Batch: {"func":"Batch->add()","batch":{"what":"BATCH","start":270989138,"end":280795766,"flags":8,"flagsBinary":"1000","oldStart":261333689,"oldEnd":280795766}}
43424168-e44e-473a-bf12-dba8a4a4453a 2016-12-13 11:24:52.216390636 2621574 [56300.804557]   963  1958 D ThermaPlan->Batch: {"func":"Batch->add()","batch":{"what":"BATCH","start":292490680,"end":331748773,"flags":0,"flagsBinary":"0","oldStart":280825099,"oldEnd":331748773}}
43424168-e44e-473a-bf12-dba8a4a4453a 2016-12-13 11:24:52.216390636 2621575 [56300.804880]   963  1958 D ThermaPlan->Batch: {"func":"Batch->add()","batch":{"what":"BATCH","start":296563796,"end":331748773,"flags":0,"flagsBinary":"0","oldStart":292490680,"oldEnd":331748773}}
43424168-e44e-473a-bf12-dba8a4a4453a 2016-12-13 11:24:52.216390636 2621576 [56300.805220]   963  1958 D ThermaPlan->Batch: {"func":"Batch->add()","batch":{"what":"BATCH","start":299982241,"end":331748773,"flags":8,"flagsBinary":"1000","oldStart":296563796,"oldEnd":331748773}}
43424168-e44e-473a-bf12-dba8a4a4453a 2016-12-13 11:24:52.216390636 2621577 [56300.805799]   963  1958 D ThermaPlan->Batch: {"func":"Batch->add()","batch":{"what":"BATCH","start":605813325,"end":1058493261,"flags":0,"flagsBinary":"0","oldStart":604893263,"oldEnd":1058493261}}
43424168-e44e-473a-bf12-dba8a4a4453a 2016-12-13 11:24:52.216390636 2621578 [56300.806152]   963  1958 D ThermaPlan->Batch: {"func":"Batch->add()","batch":{"what":"BATCH","start":624143935,"end":992076404,"flags":0,"flagsBinary":"0","oldStart":605813325,"oldEnd":1058493261}}
43424168-e44e-473a-bf12-dba8a4a4453a 2016-12-13 11:24:52.216390636 2621579 [56300.806492]   963  1958 D ThermaPlan->Batch: {"func":"Batch->add()","batch":{"what":"BATCH","start":694490727,"end":992076404,"flags":0,"flagsBinary":"0","oldStart":624143935,"oldEnd":992076404}}
43424168-e44e-473a-bf12-dba8a4a4453a 2016-12-13 11:24:52.216390636 2621580 [56300.807018]   963  1958 D ThermaPlan->Batch: {"func":"Batch->add()","batch":{"what":"BATCH","start":701674709,"end":992076404,"flags":0,"flagsBinary":"0","oldStart":694490727,"oldEnd":992076404}}
43424168-e44e-473a-bf12-dba8a4a4453a 2016-12-13 11:24:52.216390636 2621581 [56300.807800]   963  1958 D ThermaPlan->Batch: {"func":"Batch->add()","batch":{"what":"BATCH","start":315360057206,"end":551880056972,"flags":0,"flagsBinary":"0","oldStart":315360056973,"oldEnd":551880056972}}
43424168-e44e-473a-bf12-dba8a4a4453a 2016-12-13 11:24:52.216390636 2621582 [56300.808160]   963  1958 D ThermaPlan->Batch: {"func":"Batch->add()","batch":{"what":"BATCH","start":315360057236,"end":551880056972,"flags":0,"flagsBinary":"0","oldStart":315360057206,"oldEnd":551880056972}}
43424168-e44e-473a-bf12-dba8a4a4453a 2016-12-13 11:24:52.216390636 2621583 [56300.808483]   963  1958 D ThermaPlan->Batch: {"func":"Batch->add()","batch":{"what":"BATCH","start":315360057240,"end":551880056972,"flags":0,"flagsBinary":"0","oldStart":315360057236,"oldEnd":551880056972}}
43424168-e44e-473a-bf12-dba8a4a4453a 2016-12-13 11:24:52.216390636 2621584 [56300.808765]   963  1958 D ThermaPlan->Batch: {"func":"Batch->add()","batch":{"what":"BATCH","start":315360057254,"end":551880056972,"flags":0,"flagsBinary":"0","oldStart":315360057240,"oldEnd":551880056972}}
43424168-e44e-473a-bf12-dba8a4a4453a 2016-12-13 11:24:52.216390636 2621585 [56300.809074]   963  1958 D ThermaPlan->Batch: {"func":"Batch->add()","batch":{"what":"BATCH","start":315360057257,"end":551880056972,"flags":0,"flagsBinary":"0","oldStart":315360057254,"oldEnd":551880056972}}
43424168-e44e-473a-bf12-dba8a4a4453a 2016-12-13 11:24:52.226390636 2621586 [56300.809499]   963  1958 D ThermaPlan->Batch: {"func":"Batch->add()","batch":{"what":"BATCH","start":315360057259,"end":551880056972,"flags":0,"flagsBinary":"0","oldStart":315360057257,"oldEnd":551880056972}}
43424168-e44e-473a-bf12-dba8a4a4453a 2016-12-13 11:24:52.226390636 2621587 [56300.809854]   963  1958 D ThermaPlan->Batch: {"func":"Batch->add()","batch":{"what":"BATCH","start":315360094195,"end":551880056972,"flags":0,"flagsBinary":"0","oldStart":315360057259,"oldEnd":551880056972}}
43424168-e44e-473a-bf12-dba8a4a4453a 2016-12-13 11:24:52.226390636 2621588 [56300.810159]   963  1958 D ThermaPlan->Batch: {"func":"Batch->add()","batch":{"what":"BATCH","start":315360113203,"end":551880056972,"flags":0,"flagsBinary":"0","oldStart":315360094195,"oldEnd":551880056972}}
43424168-e44e-473a-bf12-dba8a4a4453a 2016-12-13 11:24:52.226390636 2621589 [56300.810501]   963  1958 D ThermaPlan->Batch: {"func":"Batch->add()","batch":{"what":"BATCH","start":315399259724,"end":551880056972,"flags":0,"flagsBinary":"0","oldStart":315360113203,"oldEnd":551880056972}}
43424168-e44e-473a-bf12-dba8a4a4453a 2016-12-13 11:24:52.226390636 2621590 [56300.810832]   963  1958 D ThermaPlan->Batch: {"func":"Batch->add()","batch":{"what":"BATCH","start":315399259747,"end":551880056972,"flags":0,"flagsBinary":"0","oldStart":315399259724,"oldEnd":551880056972}}
43424168-e44e-473a-bf12-dba8a4a4453a 2016-12-13 11:24:52.226390636 2621591 [56300.811156]   963  1958 D ThermaPlan->Batch: {"func":"Batch->add()","batch":{"what":"BATCH","start":315572926898,"end":551880056972,"flags":0,"flagsBinary":"0","oldStart":315399259747,"oldEnd":551880056972}}
43424168-e44e-473a-bf12-dba8a4a4453a 2016-12-13 11:24:52.276390636 2621592 [56300.866631]   963  1477 D ThermaPlan->AlarmManagerService: {"func":"AlarmManagerService->mService->set","pid":1821,"uid":10014,"flagsBinary":"101","flags":5,"type":2,"triggerAtTime":214133013,"nowELAPSED":213583014,"rtc":1481646292286,"windowLength":0,"interval":0,"creatorPkg":"com.google.android.gms","targetPkg":"com.google.android.gms"}
43424168-e44e-473a-bf12-dba8a4a4453a 2016-12-13 11:24:52.316390636 2621593 [56300.899848]   388   388 D Kernel-Trace:     kworker/3:2H-12900 [003] ...1 56300.849857: cpu_frequency: state=300000 cpu_id=3
43424168-e44e-473a-bf12-dba8a4a4453a 2016-12-13 11:24:52.316390636 2621594 [56300.899870]   388   388 D Kernel-Trace:     kworker/1:2H-12491 [001] ...1 56300.859902: cpu_frequency: state=1497600 cpu_id=1
43424168-e44e-473a-bf12-dba8a4a4453a 2016-12-13 11:24:52.316390636 2621595 [56300.899876]   388   388 D Kernel-Trace:     kworker/2:2H-10277 [002] ...1 56300.899732: cpu_frequency: state=1497600 cpu_id=2
43424168-e44e-473a-bf12-dba8a4a4453a 2016-12-13 11:24:52.316390636 2621596 [56300.901876]   963  1958 D ThermaPlan->Batch: {"func":"Batch->add()","batch":{"what":"BATCH","start":213650727,"end":213684887,"flags":0,"flagsBinary":"0","oldStart":213639889,"oldEnd":213684887}}
43424168-e44e-473a-bf12-dba8a4a4453a 2016-12-13 11:24:52.316390636 2621597 [56300.902274]   963  1958 D ThermaPlan->Batch: {"func":"Batch->add()","batch":{"what":"BATCH","start":213711754,"end":213730771,"flags":8,"flagsBinary":"1000","oldStart":213700771,"oldEnd":213730771}}
43424168-e44e-473a-bf12-dba8a4a4453a 2016-12-13 11:24:52.316390636 2621598 [56300.903215]   963  1958 D ThermaPlan->Batch: {"func":"Batch->add()","batch":{"what":"BATCH","start":214276095,"end":214951095,"flags":8,"flagsBinary":"1000","oldStart":214251322,"oldEnd":215601322}}
43424168-e44e-473a-bf12-dba8a4a4453a 2016-12-13 11:24:52.316390636 2621599 [56300.903399]   963  1958 D ThermaPlan->Batch: {"func":"Batch->add()","batch":{"what":"BATCH","start":214278171,"end":214951095,"flags":8,"flagsBinary":"1000","oldStart":214276095,"oldEnd":214951095}}
43424168-e44e-473a-bf12-dba8a4a4453a 2016-12-13 11:24:52.316390636 2621600 [56300.903567]   963  1958 D ThermaPlan->Batch: {"func":"Batch->add()","batch":{"what":"BATCH","start":214278914,"end":214951095,"flags":8,"flagsBinary":"1000","oldStart":214278171,"oldEnd":214951095}}
43424168-e44e-473a-bf12-dba8a4a4453a 2016-12-13 11:24:52.316390636 2621601 [56300.903743]   963  1958 D ThermaPlan->Batch: {"func":"Batch->add()","batch":{"what":"BATCH","start":214278988,"end":214951095,"flags":8,"flagsBinary":"1000","oldStart":214278914,"oldEnd":214951095}}
43424168-e44e-473a-bf12-dba8a4a4453a 2016-12-13 11:24:52.316390636 2621602 [56300.903917]   963  1958 D ThermaPlan->Batch: {"func":"Batch->add()","batch":{"what":"BATCH","start":214281415,"end":214951095,"flags":8,"flagsBinary":"1000","oldStart":214278988,"oldEnd":214951095}}
43424168-e44e-473a-bf12-dba8a4a4453a 2016-12-13 11:24:52.316390636 2621603 [56300.904101]   963  1958 D ThermaPlan->Batch: {"func":"Batch->add()","batch":{"what":"BATCH","start":214281680,"end":214951095,"flags":8,"flagsBinary":"1000","oldStart":214281415,"oldEnd":214951095}}
43424168-e44e-473a-bf12-dba8a4a4453a 2016-12-13 11:24:52.316390636 2621604 [56300.904275]   963  1958 D ThermaPlan->Batch: {"func":"Batch->add()","batch":{"what":"BATCH","start":214282094,"end":214951095,"flags":8,"flagsBinary":"1000","oldStart":214281680,"oldEnd":214951095}}
43424168-e44e-473a-bf12-dba8a4a4453a 2016-12-13 11:24:52.316390636 2621605 [56300.904457]   963  1958 D ThermaPlan->Batch: {"func":"Batch->add()","batch":{"what":"BATCH","start":214282211,"end":214951095,"flags":8,"flagsBinary":"1000","oldStart":214282094,"oldEnd":214951095}}
43424168-e44e-473a-bf12-dba8a4a4453a 2016-12-13 11:24:52.316390636 2621606 [56300.908616]   963  1958 D ThermaPlan->Batch: {"func":"Batch->add()","batch":{"what":"BATCH","start":214282485,"end":214951095,"flags":8,"flagsBinary":"1000","oldStart":214282211,"oldEnd":214951095}}
43424168-e44e-473a-bf12-dba8a4a4453a 2016-12-13 11:24:52.316390636 2621607 [56300.908810]   963  1958 D ThermaPlan->Batch: {"func":"Batch->add()","batch":{"what":"BATCH","start":214294563,"end":214951095,"flags":8,"flagsBinary":"1000","oldStart":214282485,"oldEnd":214951095}}
43424168-e44e-473a-bf12-dba8a4a4453a 2016-12-13 11:24:52.316390636 2621608 [56300.909009]   963  1958 D ThermaPlan->Batch: {"func":"Batch->add()","batch":{"what":"BATCH","start":214733822,"end":214951095,"flags":8,"flagsBinary":"1000","oldStart":214294563,"oldEnd":214951095}}
43424168-e44e-473a-bf12-dba8a4a4453a 2016-12-13 11:24:52.316390636 2621609 [56300.909198]   963  1958 D ThermaPlan->Batch: {"func":"Batch->add()","batch":{"what":"BATCH","start":214750705,"end":214951095,"flags":8,"flagsBinary":"1000","oldStart":214733822,"oldEnd":214951095}}
43424168-e44e-473a-bf12-dba8a4a4453a 2016-12-13 11:24:52.326390636 2621610 [56300.910610]   963  1958 D ThermaPlan->Batch: {"func":"Batch->add()","batch":{"what":"BATCH","start":215759162,"end":219062073,"flags":8,"flagsBinary":"1000","oldStart":215226149,"oldEnd":219062073}}
43424168-e44e-473a-bf12-dba8a4a4453a 2016-12-13 11:24:52.326390636 2621611 [56300.910787]   963  1958 D ThermaPlan->Batch: {"func":"Batch->add()","batch":{"what":"BATCH","start":216082518,"end":218782518,"flags":8,"flagsBinary":"1000","oldStart":215759162,"oldEnd":219062073}}
43424168-e44e-473a-bf12-dba8a4a4453a 2016-12-13 11:24:52.326390636 2621612 [56300.910966]   963  1958 D ThermaPlan->Batch: {"func":"Batch->add()","batch":{"what":"BATCH","start":216144078,"end":218782518,"flags":8,"flagsBinary":"1000","oldStart":216082518,"oldEnd":218782518}}
43424168-e44e-473a-bf12-dba8a4a4453a 2016-12-13 11:24:52.326390636 2621613 [56300.911140]   963  1958 D ThermaPlan->Batch: {"func":"Batch->add()","batch":{"what":"BATCH","start":216526830,"end":218782518,"flags":8,"flagsBinary":"1000","oldStart":216144078,"oldEnd":218782518}}
43424168-e44e-473a-bf12-dba8a4a4453a 2016-12-13 11:24:52.326390636 2621614 [56300.911315]   963  1958 D ThermaPlan->Batch: {"func":"Batch->add()","batch":{"what":"BATCH","start":217737182,"end":218037182,"flags":8,"flagsBinary":"1000","oldStart":216526830,"oldEnd":218782518}}
43424168-e44e-473a-bf12-dba8a4a4453a 2016-12-13 11:24:52.326390636 2621615 [56300.911631]   963  1958 D ThermaPlan->Batch: {"func":"Batch->add()","batch":{"what":"BATCH","start":220150600,"end":224060132,"flags":0,"flagsBinary":"0","oldStart":219290728,"oldEnd":224060132}}
43424168-e44e-473a-bf12-dba8a4a4453a 2016-12-13 11:24:52.326390636 2621616 [56300.911826]   963  1958 D ThermaPlan->Batch: {"func":"Batch->add()","batch":{"what":"BATCH","start":220380550,"end":224060132,"flags":0,"flagsBinary":"0","oldStart":220150600,"oldEnd":224060132}}
43424168-e44e-473a-bf12-dba8a4a4453a 2016-12-13 11:24:52.326390636 2621617 [56300.912240]   963  1958 D ThermaPlan->Batch: {"func":"Batch->add()","batch":{"what":"BATCH","start":228290727,"end":239324426,"flags":0,"flagsBinary":"0","oldStart":224222674,"oldEnd":240422669}}
43424168-e44e-473a-bf12-dba8a4a4453a 2016-12-13 11:24:52.326390636 2621618 [56300.912416]   963  1958 D ThermaPlan->Batch: {"func":"Batch->add()","batch":{"what":"BATCH","start":230499939,"end":239324426,"flags":0,"flagsBinary":"0","oldStart":228290727,"oldEnd":239324426}}
43424168-e44e-473a-bf12-dba8a4a4453a 2016-12-13 11:24:52.326390636 2621619 [56300.912731]   963  1958 D ThermaPlan->Batch: {"func":"Batch->add()","batch":{"what":"BATCH","start":231188198,"end":239324426,"flags":0,"flagsBinary":"0","oldStart":230499939,"oldEnd":239324426}}
43424168-e44e-473a-bf12-dba8a4a4453a 2016-12-13 11:24:52.326390636 2621620 [56300.912920]   963  1958 D ThermaPlan->Batch: {"func":"Batch->add()","batch":{"what":"BATCH","start":231548284,"end":239324426,"flags":0,"flagsBinary":"0","oldStart":231188198,"oldEnd":239324426}}
43424168-e44e-473a-bf12-dba8a4a4453a 2016-12-13 11:24:52.326390636 2621621 [56300.913341]   963  3599 D ThermaPlan->AlarmManagerService: {"func":"AlarmManagerService->mService->set","pid":1821,"uid":10014,"flagsBinary":"0","flags":0,"type":2,"triggerAtTime":213741687,"nowELAPSED":213583060,"rtc":1481646292333,"windowLength":-1,"interval":0,"creatorPkg":"com.google.android.gms","targetPkg":"com.google.android.gms"}
43424168-e44e-473a-bf12-dba8a4a4453a 2016-12-13 11:24:52.326390636 2621622 [56300.913990]   963  1958 D ThermaPlan->Batch: {"func":"Batch->add()","batch":{"what":"BATCH","start":248330836,"end":285305189,"flags":8,"flagsBinary":"1000","oldStart":240305189,"oldEnd":285305189}}
43424168-e44e-473a-bf12-dba8a4a4453a 2016-12-13 11:24:52.326390636 2621623 [56300.914170]   963  1958 D ThermaPlan->Batch: {"func":"Batch->add()","batch":{"what":"BATCH","start":249541608,"end":282059671,"flags":8,"flagsBinary":"1000","oldStart":248330836,"oldEnd":285305189}}
43424168-e44e-473a-bf12-dba8a4a4453a 2016-12-13 11:24:52.326390636 2621624 [56300.914348]   963  1958 D ThermaPlan->Batch: {"func":"Batch->add()","batch":{"what":"BATCH","start":249641515,"end":280795765,"flags":8,"flagsBinary":"1000","oldStart":249541608,"oldEnd":282059671}}
43424168-e44e-473a-bf12-dba8a4a4453a 2016-12-13 11:24:52.326390636 2621625 [56300.914535]   963  1958 D ThermaPlan->Batch: {"func":"Batch->add()","batch":{"what":"BATCH","start":258890728,"end":280795765,"flags":8,"flagsBinary":"1000","oldStart":249641515,"oldEnd":280795765}}
43424168-e44e-473a-bf12-dba8a4a4453a 2016-12-13 11:24:52.326390636 2621626 [56300.914717]   963  1958 D ThermaPlan->Batch: {"func":"Batch->add()","batch":{"what":"BATCH","start":259200000,"end":280795765,"flags":8,"flagsBinary":"1000","oldStart":258890728,"oldEnd":280795765}}
43424168-e44e-473a-bf12-dba8a4a4453a 2016-12-13 11:24:52.326390636 2621627 [56300.914910]   963  1958 D ThermaPlan->Batch: {"func":"Batch->add()","batch":{"what":"BATCH","start":259252542,"end":280795765,"flags":8,"flagsBinary":"1000","oldStart":259200000,"oldEnd":280795765}}
43424168-e44e-473a-bf12-dba8a4a4453a 2016-12-13 11:24:52.326390636 2621628 [56300.915085]   963  1958 D ThermaPlan->Batch: {"func":"Batch->add()","batch":{"what":"BATCH","start":259281310,"end":280795765,"flags":8,"flagsBinary":"1000","oldStart":259252542,"oldEnd":280795765}}
43424168-e44e-473a-bf12-dba8a4a4453a 2016-12-13 11:24:52.326390636 2621629 [56300.915265]   963  1958 D ThermaPlan->Batch: {"func":"Batch->add()","batch":{"what":"BATCH","start":259345161,"end":280795765,"flags":8,"flagsBinary":"1000","oldStart":259281310,"oldEnd":280795765}}
43424168-e44e-473a-bf12-dba8a4a4453a 2016-12-13 11:24:52.326390636 2621630 [56300.915457]   963  1958 D ThermaPlan->Batch: {"func":"Batch->add()","batch":{"what":"BATCH","start":259786617,"end":280795765,"flags":8,"flagsBinary":"1000","oldStart":259345161,"oldEnd":280795765}}
43424168-e44e-473a-bf12-dba8a4a4453a 2016-12-13 11:24:52.326390636 2621631 [56300.918360]   963  1958 D ThermaPlan->Batch: {"func":"Batch->add()","batch":{"what":"BATCH","start":261333689,"end":280795765,"flags":8,"flagsBinary":"1000","oldStart":259786617,"oldEnd":280795765}}
43424168-e44e-473a-bf12-dba8a4a4453a 2016-12-13 11:24:52.326390636 2621632 [56300.918629]   963  1958 D ThermaPlan->Batch: {"func":"Batch->add()","batch":{"what":"BATCH","start":270989139,"end":280795765,"flags":8,"flagsBinary":"1000","oldStart":261333689,"oldEnd":280795765}}
43424168-e44e-473a-bf12-dba8a4a4453a 2016-12-13 11:24:52.336390636 2621633 [56300.920776]   963  1958 D ThermaPlan->Batch: {"func":"Batch->add()","batch":{"what":"BATCH","start":292490680,"end":331748773,"flags":0,"flagsBinary":"0","oldStart":280825099,"oldEnd":331748773}}
43424168-e44e-473a-bf12-dba8a4a4453a 2016-12-13 11:24:52.336390636 2621634 [56300.920959]   963  1958 D ThermaPlan->Batch: {"func":"Batch->add()","batch":{"what":"BATCH","start":296563796,"end":331748773,"flags":0,"flagsBinary":"0","oldStart":292490680,"oldEnd":331748773}}
43424168-e44e-473a-bf12-dba8a4a4453a 2016-12-13 11:24:52.336390636 2621635 [56300.921131]   963  1958 D ThermaPlan->Batch: {"func":"Batch->add()","batch":{"what":"BATCH","start":299982241,"end":331748773,"flags":8,"flagsBinary":"1000","oldStart":296563796,"oldEnd":331748773}}
43424168-e44e-473a-bf12-dba8a4a4453a 2016-12-13 11:24:52.336390636 2621636 [56300.921499]   963  1958 D ThermaPlan->Batch: {"func":"Batch->add()","batch":{"what":"BATCH","start":605813326,"end":1058493260,"flags":0,"flagsBinary":"0","oldStart":604893262,"oldEnd":1058493260}}
43424168-e44e-473a-bf12-dba8a4a4453a 2016-12-13 11:24:52.336390636 2621637 [56300.921776]   963  1958 D ThermaPlan->Batch: {"func":"Batch->add()","batch":{"what":"BATCH","start":624143935,"end":992076404,"flags":0,"flagsBinary":"0","oldStart":605813326,"oldEnd":1058493260}}
43424168-e44e-473a-bf12-dba8a4a4453a 2016-12-13 11:24:52.336390636 2621638 [56300.921980]   963  1958 D ThermaPlan->Batch: {"func":"Batch->add()","batch":{"what":"BATCH","start":694490727,"end":992076404,"flags":0,"flagsBinary":"0","oldStart":624143935,"oldEnd":992076404}}
43424168-e44e-473a-bf12-dba8a4a4453a 2016-12-13 11:24:52.336390636 2621639 [56300.922297]   963  1958 D ThermaPlan->Batch: {"func":"Batch->add()","batch":{"what":"BATCH","start":701674709,"end":992076404,"flags":0,"flagsBinary":"0","oldStart":694490727,"oldEnd":992076404}}
43424168-e44e-473a-bf12-dba8a4a4453a 2016-12-13 11:24:52.336390636 2621640 [56300.922721]   963  1958 D ThermaPlan->Batch: {"func":"Batch->add()","batch":{"what":"BATCH","start":315360057206,"end":551880056972,"flags":0,"flagsBinary":"0","oldStart":315360056973,"oldEnd":551880056972}}
43424168-e44e-473a-bf12-dba8a4a4453a 2016-12-13 11:24:52.336390636 2621641 [56300.922907]   963  1958 D ThermaPlan->Batch: {"func":"Batch->add()","batch":{"what":"BATCH","start":315360057236,"end":551880056972,"flags":0,"flagsBinary":"0","oldStart":315360057206,"oldEnd":551880056972}}
43424168-e44e-473a-bf12-dba8a4a4453a 2016-12-13 11:24:52.336390636 2621642 [56300.923096]   963  1958 D ThermaPlan->Batch: {"func":"Batch->add()","batch":{"what":"BATCH","start":315360057240,"end":551880056972,"flags":0,"flagsBinary":"0","oldStart":315360057236,"oldEnd":551880056972}}
43424168-e44e-473a-bf12-dba8a4a4453a 2016-12-13 11:24:52.336390636 2621643 [56300.923272]   963  1958 D ThermaPlan->Batch: {"func":"Batch->add()","batch":{"what":"BATCH","start":315360057254,"end":551880056972,"flags":0,"flagsBinary":"0","oldStart":315360057240,"oldEnd":551880056972}}
43424168-e44e-473a-bf12-dba8a4a4453a 2016-12-13 11:24:52.336390636 2621644 [56300.923460]   963  1958 D ThermaPlan->Batch: {"func":"Batch->add()","batch":{"what":"BATCH","start":315360057257,"end":551880056972,"flags":0,"flagsBinary":"0","oldStart":315360057254,"oldEnd":551880056972}}
43424168-e44e-473a-bf12-dba8a4a4453a 2016-12-13 11:24:52.336390636 2621645 [56300.923664]   963  1958 D ThermaPlan->Batch: {"func":"Batch->add()","batch":{"what":"BATCH","start":315360057259,"end":551880056972,"flags":0,"flagsBinary":"0","oldStart":315360057257,"oldEnd":551880056972}}
43424168-e44e-473a-bf12-dba8a4a4453a 2016-12-13 11:24:52.336390636 2621646 [56300.923848]   963  1958 D ThermaPlan->Batch: {"func":"Batch->add()","batch":{"what":"BATCH","start":315360094195,"end":551880056972,"flags":0,"flagsBinary":"0","oldStart":315360057259,"oldEnd":551880056972}}
43424168-e44e-473a-bf12-dba8a4a4453a 2016-12-13 11:24:52.336390636 2621647 [56300.924037]   963  1958 D ThermaPlan->Batch: {"func":"Batch->add()","batch":{"what":"BATCH","start":315360113203,"end":551880056972,"flags":0,"flagsBinary":"0","oldStart":315360094195,"oldEnd":551880056972}}
43424168-e44e-473a-bf12-dba8a4a4453a 2016-12-13 11:24:52.336390636 2621648 [56300.924215]   963  1958 D ThermaPlan->Batch: {"func":"Batch->add()","batch":{"what":"BATCH","start":315399259724,"end":551880056972,"flags":0,"flagsBinary":"0","oldStart":315360113203,"oldEnd":551880056972}}
43424168-e44e-473a-bf12-dba8a4a4453a 2016-12-13 11:24:52.336390636 2621649 [56300.924410]   963  1958 D ThermaPlan->Batch: {"func":"Batch->add()","batch":{"what":"BATCH","start":315399259747,"end":551880056972,"flags":0,"flagsBinary":"0","oldStart":315399259724,"oldEnd":551880056972}}
43424168-e44e-473a-bf12-dba8a4a4453a 2016-12-13 11:24:52.336390636 2621650 [56300.924672]   963  1958 D ThermaPlan->Batch: {"func":"Batch->add()","batch":{"what":"BATCH","start":315572926898,"end":551880056972,"flags":0,"flagsBinary":"0","oldStart":315399259747,"oldEnd":551880056972}}
43424168-e44e-473a-bf12-dba8a4a4453a 2016-12-13 11:24:52.336390636 2621651 [56300.926280]   963  1523 D ThermaPlan->AlarmManagerService: {"func":"AlarmManagerService->mService->set","pid":1821,"uid":10014,"flagsBinary":"101","flags":5,"type":2,"triggerAtTime":214133073,"nowELAPSED":213583073,"rtc":1481646292346,"windowLength":0,"interval":0,"creatorPkg":"com.google.android.gms","targetPkg":"com.google.android.gms"}
43424168-e44e-473a-bf12-dba8a4a4453a 2016-12-13 11:24:52.336390636 2621652 [56300.926602]   963  3599 D ThermaPlan->Batch: {"func":"Batch->add()","batch":{"what":"BATCH","start":213831840,"end":213860657,"flags":0,"flagsBinary":"0","oldStart":213831840,"oldEnd":213869340}}
43424168-e44e-473a-bf12-dba8a4a4453a 2016-12-13 11:24:52.416390636 2621653 [56300.999842]   388   388 D Kernel-Trace:     kworker/3:2H-12900 [003] ...1 56300.900111: cpu_frequency: state=1497600 cpu_id=3
43424168-e44e-473a-bf12-dba8a4a4453a 2016-12-13 11:24:52.416390636 2621654 [56300.999861]   388   388 D Kernel-Trace:     kworker/1:2H-12491 [001] ...1 56300.900417: cpu_frequency: state=300000 cpu_id=1
43424168-e44e-473a-bf12-dba8a4a4453a 2016-12-13 11:24:52.416390636 2621655 [56300.999866]   388   388 D Kernel-Trace:     kworker/1:2H-12491 [001] ...1 56300.939683: cpu_frequency: state=1497600 cpu_id=1
43424168-e44e-473a-bf12-dba8a4a4453a 2016-12-13 11:24:52.416390636 2621656 [56300.999870]   388   388 D Kernel-Trace:     kworker/3:2H-12900 [003] ...1 56300.943866: cpu_frequency: state=300000 cpu_id=3
43424168-e44e-473a-bf12-dba8a4a4453a 2016-12-13 11:24:52.416390636 2621657 [56300.999875]   388   388 D Kernel-Trace:      kworker/0:1-18635 [000] ...1 56300.949429: thermal_temp: sensor_id=5 temp=42
43424168-e44e-473a-bf12-dba8a4a4453a 2016-12-13 11:24:52.416390636 2621658 [56300.999878]   388   388 D Kernel-Trace:     kworker/2:2H-10277 [002] ...1 56300.970206: cpu_frequency: state=300000 cpu_id=2
43424168-e44e-473a-bf12-dba8a4a4453a 2016-12-13 11:24:52.416390636 2621659 [56300.999883]   388   388 D Kernel-Trace:     kworker/1:2H-12491 [001] ...1 56300.979870: cpu_frequency: state=2265600 cpu_id=1
43424168-e44e-473a-bf12-dba8a4a4453a 2016-12-13 11:24:52.416390636 2621660 [56300.999887]   388   388 D Kernel-Trace:     kworker/1:2H-12491 [001] ...1 56300.999590: cpu_frequency: state=2649600 cpu_id=1
43424168-e44e-473a-bf12-dba8a4a4453a 2016-12-13 11:24:52.516390636 2621661 [56301.099927]   388   388 D Kernel-Trace:     kworker/2:2H-10277 [002] ...1 56301.009678: cpu_frequency: state=1497600 cpu_id=2
43424168-e44e-473a-bf12-dba8a4a4453a 2016-12-13 11:24:52.516390636 2621662 [56301.099950]   388   388 D Kernel-Trace:     kworker/3:2H-12900 [003] ...1 56301.009901: cpu_frequency: state=1497600 cpu_id=3
43424168-e44e-473a-bf12-dba8a4a4453a 2016-12-13 11:24:52.516390636 2621663 [56301.099956]   388   388 D Kernel-Trace:     kworker/2:2H-10277 [002] ...1 56301.050059: cpu_frequency: state=300000 cpu_id=2
43424168-e44e-473a-bf12-dba8a4a4453a 2016-12-13 11:24:52.516390636 2621664 [56301.099961]   388   388 D Kernel-Trace:     kworker/3:2H-12900 [003] ...1 56301.050747: cpu_frequency: state=300000 cpu_id=3
43424168-e44e-473a-bf12-dba8a4a4453a 2016-12-13 11:24:52.616390636 2621665 [56301.200087]   388   388 D Kernel-Trace:     kworker/0:0H-7043  [000] ...1 56301.109990: cpu_frequency: state=300000 cpu_id=0
43424168-e44e-473a-bf12-dba8a4a4453a 2016-12-13 11:24:52.616390636 2621666 [56301.200190]   388   388 D Kernel-Trace:     kworker/1:2H-12491 [001] ...1 56301.111475: cpu_frequency: state=300000 cpu_id=1
43424168-e44e-473a-bf12-dba8a4a4453a 2016-12-13 11:24:52.616390636 2621667 [56301.200308]   388   388 D Kernel-Trace:      kworker/0:4-27226 [000] ...1 56301.200027: thermal_temp: sensor_id=5 temp=35
43424168-e44e-473a-bf12-dba8a4a4453a 2016-12-13 11:24:52.796390636 2621668 [56301.381418]   963  2381 I Network-Telephony-PhoneLab: {"Action":"android.intent.action.SIG_STR","SignalStrength":{"Type":"CDMA","Level":1,"Strength":-98,"Asu":1},"timestamp":1481646292800,"uptimeNanos":213583527812661,"LogFormat":"1.1"}
43424168-e44e-473a-bf12-dba8a4a4453a 2016-12-13 11:24:52.916390636 2621669 [56301.499939]   388   388 D Kernel-Trace:      kworker/0:4-27226 [000] ...1 56301.450912: thermal_temp: sensor_id=5 temp=34
43424168-e44e-473a-bf12-dba8a4a4453a 2016-12-13 11:24:53.116390636 2621670 [56301.701970]   388   388 D Kernel-Trace:      kworker/0:4-27226 [000] ...1 56301.701555: thermal_temp: sensor_id=5 temp=34
43424168-e44e-473a-bf12-dba8a4a4453a 2016-12-13 11:24:53.416390636 2621671 [56302.001349]   388   388 D Kernel-Trace:      kworker/0:4-27226 [000] ...1 56301.951268: thermal_temp: sensor_id=5 temp=33
43424168-e44e-473a-bf12-dba8a4a4453a 2016-12-13 11:24:53.516390636 2621672 [56302.107531]   963  1597 I Network-Telephony-PhoneLab: {"Action":"android.intent.action.SIG_STR","SignalStrength":{"Type":"CDMA","Level":1,"Strength":-97,"Asu":1},"timestamp":1481646293527,"uptimeNanos":213584254678442,"LogFormat":"1.1"}
43424168-e44e-473a-bf12-dba8a4a4453a 2016-12-13 11:24:53.616390636 2621673 [56302.199895]   388   388 D Kernel-Trace:      kworker/0:4-27226 [000] ...1 56302.199645: thermal_temp: sensor_id=5 temp=33
43424168-e44e-473a-bf12-dba8a4a4453a 2016-12-13 11:24:53.886390636 2621674 [56302.477705]   963   975 I Network-Telephony-PhoneLab: {"Action":"android.intent.action.SIG_STR","SignalStrength":{"Type":"CDMA","Level":1,"Strength":-97,"Asu":1},"timestamp":1481646293897,"uptimeNanos":213584624817660,"LogFormat":"1.1"}
43424168-e44e-473a-bf12-dba8a4a4453a 2016-12-13 11:24:53.926390636 2621675 [56302.509948]   388   388 D Kernel-Trace:      kworker/0:4-27226 [000] ...1 56302.450079: thermal_temp: sensor_id=5 temp=33
43424168-e44e-473a-bf12-dba8a4a4453a 2016-12-13 11:24:54.126390635 2621676 [56302.709951]   388   388 D Kernel-Trace:      kworker/0:1-18635 [000] ...1 56302.699840: thermal_temp: sensor_id=5 temp=33
43424168-e44e-473a-bf12-dba8a4a4453a 2016-12-13 11:24:54.426390635 2621677 [56303.011536]   388   388 D Kernel-Trace:      kworker/0:4-27226 [000] ...1 56302.951041: thermal_temp: sensor_id=5 temp=33
43424168-e44e-473a-bf12-dba8a4a4453a 2016-12-13 11:24:54.626390635 2621678 [56303.209930]   388   388 D Kernel-Trace:      kworker/0:4-27226 [000] ...1 56303.202030: thermal_temp: sensor_id=5 temp=33
43424168-e44e-473a-bf12-dba8a4a4453a 2016-12-13 11:24:54.876390635 2621679 [56303.467434]   963  1892 I Network-Telephony-PhoneLab: {"Action":"android.intent.action.SIG_STR","SignalStrength":{"Type":"CDMA","Level":1,"Strength":-97,"Asu":1},"timestamp":1481646294887,"uptimeNanos":213585614504431,"LogFormat":"1.1"}
43424168-e44e-473a-bf12-dba8a4a4453a 2016-12-13 11:24:54.926390635 2621680 [56303.511247]   388   388 D Kernel-Trace:      kworker/0:4-27226 [000] ...1 56303.449543: thermal_temp: sensor_id=5 temp=33
43424168-e44e-473a-bf12-dba8a4a4453a 2016-12-13 11:24:55.126390635 2621681 [56303.709911]   388   388 D Kernel-Trace:      kworker/0:1-18635 [000] ...1 56303.699562: thermal_temp: sensor_id=5 temp=33
43424168-e44e-473a-bf12-dba8a4a4453a 2016-12-13 11:24:55.426390635 2621682 [56304.011606]   388   388 D Kernel-Trace:      kworker/0:4-27226 [000] ...1 56303.949830: thermal_temp: sensor_id=5 temp=33
43424168-e44e-473a-bf12-dba8a4a4453a 2016-12-13 11:24:55.446390635 2621683 [56304.039137]   963   974 I Power-Battery-PhoneLab: {"Action":"android.intent.action.BATTERY_CHANGED","Scale":100,"BatteryProperties":{"chargerAcOnline":false,"chargerUsbOnline":true,"chargerWirelessOnline":false,"Status":2,"Health":2,"Present":true,"Level":30,"Voltage":3799,"Temperature":254,"Technology":"Li-ion"},"timestamp":1481646295458,"uptimeNanos":213586186102035,"LogFormat":"1.1"}
43424168-e44e-473a-bf12-dba8a4a4453a 2016-12-13 11:24:55.466390635 2621684 [56304.054664]  3212  3212 D PhoneLabServices-PlatformUpdateTask: Intent fired, action is android.intent.action.BATTERY_CHANGED
43424168-e44e-473a-bf12-dba8a4a4453a 2016-12-13 11:24:55.476390635 2621685 [56304.060513]  3212  3212 I PhoneLabServices-PlatformUpdateTask-Battery: {"status":2,"level":30,"voltage":3799,"temperature":254,"plugged":2,"present":true,"health":2,"technology":"Li-ion"}
43424168-e44e-473a-bf12-dba8a4a4453a 2016-12-13 11:24:55.526390635 2621686 [56304.110139]   388   388 D Kernel-Trace:     kworker/1:2H-12491 [001] ...1 56304.061489: cpu_frequency: state=1497600 cpu_id=1
43424168-e44e-473a-bf12-dba8a4a4453a 2016-12-13 11:24:55.626390635 2621687 [56304.209986]   388   388 D Kernel-Trace:     kworker/1:2H-12491 [001] ...1 56304.111404: cpu_frequency: state=300000 cpu_id=1
43424168-e44e-473a-bf12-dba8a4a4453a 2016-12-13 11:24:55.626390635 2621688 [56304.210073]   388   388 D Kernel-Trace:      kworker/0:4-27226 [000] ...1 56304.200673: thermal_temp: sensor_id=5 temp=32
43424168-e44e-473a-bf12-dba8a4a4453a 2016-12-13 11:24:55.926390635 2621689 [56304.510735]   388   388 D Kernel-Trace:      kworker/0:4-27226 [000] ...1 56304.450821: thermal_temp: sensor_id=5 temp=32
43424168-e44e-473a-bf12-dba8a4a4453a 2016-12-13 11:24:56.126390635 2621690 [56304.709748]   388   388 D Kernel-Trace:      kworker/0:4-27226 [000] ...1 56304.699853: thermal_temp: sensor_id=5 temp=32
43424168-e44e-473a-bf12-dba8a4a4453a 2016-12-13 11:24:56.126390635 2621691 [56304.709815]   388   388 D Kernel-Trace:     kworker/2:2H-10277 [002] ...1 56304.701405: cpu_frequency: state=1497600 cpu_id=2
43424168-e44e-473a-bf12-dba8a4a4453a 2016-12-13 11:24:56.206390635 2621692 [56304.792562]   963  2381 I Network-Telephony-PhoneLab: {"Action":"android.telephony.CELL_LOCATION_CHANGED","CellLocation":{"BaseStationId":50707,"BaseStationLatitude":619120,"BaseStationLongitude":-1133964,"SystemId":4107,"NetworkId":201},"timestamp":1481646296212,"uptimeNanos":213586939710732,"LogFormat":"1.1"}
43424168-e44e-473a-bf12-dba8a4a4453a 2016-12-13 11:24:56.226390635 2621693 [56304.810393]   388   388 D Kernel-Trace:     kworker/0:0H-7043  [000] ...1 56304.750592: cpu_frequency: state=1497600 cpu_id=0
43424168-e44e-473a-bf12-dba8a4a4453a 2016-12-13 11:24:56.226390635 2621694 [56304.810471]   388   388 D Kernel-Trace:     kworker/2:2H-10277 [002] ...1 56304.757929: cpu_frequency: state=300000 cpu_id=2
43424168-e44e-473a-bf12-dba8a4a4453a 2016-12-13 11:24:56.226390635 2621695 [56304.810503]   388   388 D Kernel-Trace:     kworker/0:0H-7043  [000] ...1 56304.794272: cpu_frequency: state=300000 cpu_id=0
43424168-e44e-473a-bf12-dba8a4a4453a 2016-12-13 11:24:56.436390635 2621696 [56305.020080]   388   388 D Kernel-Trace:      kworker/0:4-27226 [000] ...1 56304.950806: thermal_temp: sensor_id=5 temp=33
43424168-e44e-473a-bf12-dba8a4a4453a 2016-12-13 11:24:56.646390635 2621697 [56305.229953]   388   388 D Kernel-Trace:      kworker/0:4-27226 [000] ...1 56305.199957: thermal_temp: sensor_id=5 temp=32
43424168-e44e-473a-bf12-dba8a4a4453a 2016-12-13 11:24:56.876390634 2621698 [56305.467242]   963  3256 I Network-Telephony-PhoneLab: {"Action":"android.intent.action.SIG_STR","SignalStrength":{"Type":"CDMA","Level":1,"Strength":-97,"Asu":1},"timestamp":1481646296887,"uptimeNanos":213587614353388,"LogFormat":"1.1"}
43424168-e44e-473a-bf12-dba8a4a4453a 2016-12-13 11:24:56.896390634 2621699 [56305.481403]   963  1626 I Network-Telephony-PhoneLab: {"Action":"android.intent.action.SIG_STR","SignalStrength":{"Type":"CDMA","Level":1,"Strength":-97,"Asu":1},"timestamp":1481646296901,"uptimeNanos":213587628607555,"LogFormat":"1.1"}
43424168-e44e-473a-bf12-dba8a4a4453a 2016-12-13 11:24:56.946390634 2621700 [56305.530164]   388   388 D Kernel-Trace:      kworker/0:4-27226 [000] ...1 56305.449515: thermal_temp: sensor_id=5 temp=33
43424168-e44e-473a-bf12-dba8a4a4453a 2016-12-13 11:24:56.946390634 2621701 [56305.530191]   388   388 D Kernel-Trace:     kworker/0:0H-7043  [000] ...1 56305.480929: cpu_frequency: state=1497600 cpu_id=0
43424168-e44e-473a-bf12-dba8a4a4453a 2016-12-13 11:24:56.946390634 2621702 [56305.530199]   388   388 D Kernel-Trace:     kworker/1:2H-12491 [001] ...1 56305.481296: cpu_frequency: state=422400 cpu_id=1
43424168-e44e-473a-bf12-dba8a4a4453a 2016-12-13 11:24:57.46390634 2621703 [56305.631672]   388   388 D Kernel-Trace:     kworker/0:0H-7043  [000] ...1 56305.531864: cpu_frequency: state=300000 cpu_id=0
43424168-e44e-473a-bf12-dba8a4a4453a 2016-12-13 11:24:57.46390634 2621704 [56305.631763]   388   388 D Kernel-Trace:     kworker/1:2H-12491 [001] ...1 56305.532471: cpu_frequency: state=300000 cpu_id=1
43424168-e44e-473a-bf12-dba8a4a4453a 2016-12-13 11:24:57.146390634 2621705 [56305.729882]   388   388 D Kernel-Trace:      kworker/0:1-18635 [000] ...1 56305.699639: thermal_temp: sensor_id=5 temp=32
43424168-e44e-473a-bf12-dba8a4a4453a 2016-12-13 11:24:57.446390634 2621706 [56306.029919]   388   388 D Kernel-Trace:      kworker/0:4-27226 [000] ...1 56305.950677: thermal_temp: sensor_id=5 temp=32
43424168-e44e-473a-bf12-dba8a4a4453a 2016-12-13 11:24:57.646390634 2621707 [56306.229944]   388   388 D Kernel-Trace:      kworker/0:4-27226 [000] ...1 56306.200865: thermal_temp: sensor_id=5 temp=33
43424168-e44e-473a-bf12-dba8a4a4453a 2016-12-13 11:24:57.946390634 2621708 [56306.529982]   388   388 D Kernel-Trace:      kworker/0:4-27226 [000] ...1 56306.451051: thermal_temp: sensor_id=5 temp=32
43424168-e44e-473a-bf12-dba8a4a4453a 2016-12-13 11:24:57.996390634 2621709 [56306.586376]   963  1893 I Network-Telephony-PhoneLab: {"Action":"android.intent.action.SIG_STR","SignalStrength":{"Type":"CDMA","Level":1,"Strength":-97,"Asu":1},"timestamp":1481646298006,"uptimeNanos":213588733460315,"LogFormat":"1.1"}
43424168-e44e-473a-bf12-dba8a4a4453a 2016-12-13 11:24:58.146390634 2621710 [56306.730223]   388   388 D Kernel-Trace:      kworker/0:4-27226 [000] ...1 56306.699627: thermal_temp: sensor_id=5 temp=32
43424168-e44e-473a-bf12-dba8a4a4453a 2016-12-13 11:24:58.446390634 2621711 [56307.031966]   388   388 D Kernel-Trace:      kworker/0:4-27226 [000] ...1 56306.950730: thermal_temp: sensor_id=5 temp=32
43424168-e44e-473a-bf12-dba8a4a4453a 2016-12-13 11:24:58.646390634 2621712 [56307.229694]   388   388 D Kernel-Trace:      kworker/0:4-27226 [000] ...1 56307.201009: thermal_temp: sensor_id=5 temp=32
43424168-e44e-473a-bf12-dba8a4a4453a 2016-12-13 11:24:58.826390634 2621713 [56307.415603]  2875  2875 W msgr.b  : The sessioned store is not available. Are you fetching sessioned quick experiment data while the user is logged out?
43424168-e44e-473a-bf12-dba8a4a4453a 2016-12-13 11:24:58.946390634 2621714 [56307.530928]   388   388 D Kernel-Trace:      kworker/0:4-27226 [000] ...1 56307.450015: thermal_temp: sensor_id=5 temp=32
43424168-e44e-473a-bf12-dba8a4a4453a 2016-12-13 11:24:59.146390634 2621715 [56307.731033]   388   388 D Kernel-Trace:      kworker/0:4-27226 [000] ...1 56307.701697: thermal_temp: sensor_id=5 temp=32
43424168-e44e-473a-bf12-dba8a4a4453a 2016-12-13 11:24:59.446390633 2621716 [56308.031972]   388   388 D Kernel-Trace:      kworker/0:4-27226 [000] ...1 56307.950733: thermal_temp: sensor_id=5 temp=32
43424168-e44e-473a-bf12-dba8a4a4453a 2016-12-13 11:24:59.646390633 2621717 [56308.231034]   388   388 D Kernel-Trace:      kworker/0:4-27226 [000] ...1 56308.200931: thermal_temp: sensor_id=5 temp=32
43424168-e44e-473a-bf12-dba8a4a4453a 2016-12-13 11:24:59.926390633 2621718 [56308.510204]   963  2381 I Network-Telephony-PhoneLab: {"Action":"android.intent.action.SIG_STR","SignalStrength":{"Type":"CDMA","Level":1,"Strength":-97,"Asu":1},"timestamp":1481646299930,"uptimeNanos":213590657322710,"LogFormat":"1.1"}
43424168-e44e-473a-bf12-dba8a4a4453a 2016-12-13 11:24:59.946390633 2621719 [56308.529953]   388   388 D Kernel-Trace:      kworker/0:1-18635 [000] ...1 56308.449793: thermal_temp: sensor_id=5 temp=32
43424168-e44e-473a-bf12-dba8a4a4453a 2016-12-13 11:25:00.146390633 2621720 [56308.729740]   388   388 D Kernel-Trace:      kworker/0:1-18635 [000] ...1 56308.699523: thermal_temp: sensor_id=5 temp=32
43424168-e44e-473a-bf12-dba8a4a4453a 2016-12-13 11:25:00.286390633 2621721 [56308.878719]   963  3256 I Network-Telephony-PhoneLab: {"Action":"android.intent.action.SIG_STR","SignalStrength":{"Type":"CDMA","Level":1,"Strength":-98,"Asu":1},"timestamp":1481646300298,"uptimeNanos":213591025803387,"LogFormat":"1.1"}
43424168-e44e-473a-bf12-dba8a4a4453a 2016-12-13 11:25:00.306390633 2621722 [56308.891701]   963  1626 I Network-Telephony-PhoneLab: {"Action":"android.intent.action.SIG_STR","SignalStrength":{"Type":"CDMA","Level":1,"Strength":-98,"Asu":1},"timestamp":1481646300311,"uptimeNanos":213591038817971,"LogFormat":"1.1"}
43424168-e44e-473a-bf12-dba8a4a4453a 2016-12-13 11:25:00.446390633 2621723 [56309.031039]   388   388 D Kernel-Trace:      kworker/0:4-27226 [000] ...1 56308.950692: thermal_temp: sensor_id=5 temp=32
43424168-e44e-473a-bf12-dba8a4a4453a 2016-12-13 11:25:00.646390633 2621724 [56309.231005]   388   388 D Kernel-Trace:      kworker/0:4-27226 [000] ...1 56309.201557: thermal_temp: sensor_id=5 temp=32
43424168-e44e-473a-bf12-dba8a4a4453a 2016-12-13 11:25:00.846390633 2621725 [56309.429651]   388   388 D Kernel-Trace:     kworker/0:0H-7043  [000] ...1 56309.421248: cpu_frequency: state=1497600 cpu_id=0
43424168-e44e-473a-bf12-dba8a4a4453a 2016-12-13 11:25:00.946390633 2621726 [56309.530258]   388   388 D Kernel-Trace:      kworker/0:4-27226 [000] ...1 56309.449653: thermal_temp: sensor_id=5 temp=32
43424168-e44e-473a-bf12-dba8a4a4453a 2016-12-13 11:25:00.946390633 2621727 [56309.530346]   388   388 D Kernel-Trace:     kworker/0:0H-7043  [000] ...1 56309.470881: cpu_frequency: state=300000 cpu_id=0
43424168-e44e-473a-bf12-dba8a4a4453a 2016-12-13 11:25:01.146390633 2621728 [56309.730952]   388   388 D Kernel-Trace:      kworker/0:4-27226 [000] ...1 56309.701859: thermal_temp: sensor_id=5 temp=32
43424168-e44e-473a-bf12-dba8a4a4453a 2016-12-13 11:25:01.176390633 2621729 [56309.762062]   963 29761 D NetlinkSocketObserver: NeighborEvent{elapsedMs=213591908, 192.168.1.1, [10FEEDE58C95], RTM_NEWNEIGH, NUD_STALE}
43424168-e44e-473a-bf12-dba8a4a4453a 2016-12-13 11:25:01.446390633 2621730 [56310.031950]   388   388 D Kernel-Trace:      kworker/0:4-27226 [000] ...1 56309.949818: thermal_temp: sensor_id=5 temp=32
43424168-e44e-473a-bf12-dba8a4a4453a 2016-12-13 11:25:01.646390633 2621731 [56310.230896]   388   388 D Kernel-Trace:      kworker/0:4-27226 [000] ...1 56310.199862: thermal_temp: sensor_id=5 temp=32
43424168-e44e-473a-bf12-dba8a4a4453a 2016-12-13 11:25:01.946390632 2621732 [56310.531873]   388   388 D Kernel-Trace:      kworker/0:4-27226 [000] ...1 56310.450807: thermal_temp: sensor_id=5 temp=32
43424168-e44e-473a-bf12-dba8a4a4453a 2016-12-13 11:25:02.146390632 2621733 [56310.730924]   388   388 D Kernel-Trace:      kworker/0:4-27226 [000] ...1 56310.701561: thermal_temp: sensor_id=5 temp=32
43424168-e44e-473a-bf12-dba8a4a4453a 2016-12-13 11:25:02.446390632 2621734 [56311.031943]   388   388 D Kernel-Trace:      kworker/0:4-27226 [000] ...1 56310.950673: thermal_temp: sensor_id=5 temp=32
43424168-e44e-473a-bf12-dba8a4a4453a 2016-12-13 11:25:02.646390632 2621735 [56311.231027]   388   388 D Kernel-Trace:      kworker/0:4-27226 [000] ...1 56311.200945: thermal_temp: sensor_id=5 temp=32
43424168-e44e-473a-bf12-dba8a4a4453a 2016-12-13 11:25:02.946390632 2621736 [56311.531933]   388   388 D Kernel-Trace:      kworker/0:4-27226 [000] ...1 56311.450984: thermal_temp: sensor_id=5 temp=32
43424168-e44e-473a-bf12-dba8a4a4453a 2016-12-13 11:25:03.146390632 2621737 [56311.730981]   388   388 D Kernel-Trace:      kworker/0:4-27226 [000] ...1 56311.699836: thermal_temp: sensor_id=5 temp=32
43424168-e44e-473a-bf12-dba8a4a4453a 2016-12-13 11:25:03.446390632 2621738 [56312.031499]   388   388 D Kernel-Trace:      kworker/0:4-27226 [000] ...1 56311.950687: thermal_temp: sensor_id=5 temp=32
43424168-e44e-473a-bf12-dba8a4a4453a 2016-12-13 11:25:03.646390632 2621739 [56312.230003]   388   388 D Kernel-Trace:      kworker/0:4-27226 [000] ...1 56312.200884: thermal_temp: sensor_id=5 temp=32
43424168-e44e-473a-bf12-dba8a4a4453a 2016-12-13 11:25:03.946390632 2621740 [56312.531956]   388   388 D Kernel-Trace:      kworker/0:4-27226 [000] ...1 56312.450780: thermal_temp: sensor_id=5 temp=32
43424168-e44e-473a-bf12-dba8a4a4453a 2016-12-13 11:25:04.146390632 2621741 [56312.730917]   388   388 D Kernel-Trace:      kworker/0:4-27226 [000] ...1 56312.701555: thermal_temp: sensor_id=5 temp=32
43424168-e44e-473a-bf12-dba8a4a4453a 2016-12-13 11:25:04.446390632 2621742 [56313.032023]   388   388 D Kernel-Trace:      kworker/0:4-27226 [000] ...1 56312.949596: thermal_temp: sensor_id=5 temp=32
43424168-e44e-473a-bf12-dba8a4a4453a 2016-12-13 11:25:04.646390631 2621743 [56313.231034]   388   388 D Kernel-Trace:      kworker/0:4-27226 [000] ...1 56313.200855: thermal_temp: sensor_id=5 temp=32
43424168-e44e-473a-bf12-dba8a4a4453a 2016-12-13 11:25:04.946390631 2621744 [56313.531229]   388   388 D Kernel-Trace:      kworker/0:4-27226 [000] ...1 56313.450629: thermal_temp: sensor_id=5 temp=32
43424168-e44e-473a-bf12-dba8a4a4453a 2016-12-13 11:25:05.146390631 2621745 [56313.730906]   388   388 D Kernel-Trace:      kworker/0:4-27226 [000] ...1 56313.701547: thermal_temp: sensor_id=5 temp=32
43424168-e44e-473a-bf12-dba8a4a4453a 2016-12-13 11:25:05.446390631 2621746 [56314.030007]   388   388 D Kernel-Trace:      kworker/0:4-27226 [000] ...1 56313.950282: thermal_temp: sensor_id=5 temp=32
43424168-e44e-473a-bf12-dba8a4a4453a 2016-12-13 11:25:05.646390631 2621747 [56314.230966]   388   388 D Kernel-Trace:      kworker/0:4-27226 [000] ...1 56314.200947: thermal_temp: sensor_id=5 temp=32
43424168-e44e-473a-bf12-dba8a4a4453a 2016-12-13 11:25:05.946390631 2621748 [56314.529931]   388   388 D Kernel-Trace:      kworker/0:4-27226 [000] ...1 56314.450648: thermal_temp: sensor_id=5 temp=32
43424168-e44e-473a-bf12-dba8a4a4453a 2016-12-13 11:25:05.946390631 2621749 [56314.530003]   388   388 D Kernel-Trace:     kworker/1:2H-12491 [001] ...1 56314.511780: cpu_frequency: state=1497600 cpu_id=1
43424168-e44e-473a-bf12-dba8a4a4453a 2016-12-13 11:25:05.996390631 2621750 [56314.580065]   387   387 D KernelPrintk: 6,349735,56314572620,-;store_sar_wifi: set wifi tx power limit = 76
43424168-e44e-473a-bf12-dba8a4a4453a 2016-12-13 11:25:06.46390631 2621751 [56314.630190]   388   388 D Kernel-Trace:     kworker/1:2H-12491 [001] ...1 56314.551088: cpu_frequency: state=300000 cpu_id=1
43424168-e44e-473a-bf12-dba8a4a4453a 2016-12-13 11:25:06.146390631 2621752 [56314.729989]   388   388 D Kernel-Trace:      kworker/0:4-27226 [000] ...1 56314.700898: thermal_temp: sensor_id=5 temp=32
43424168-e44e-473a-bf12-dba8a4a4453a 2016-12-13 11:25:06.406390631 2621753 [56314.989135]   963  1357 D ThermaPlan->AlarmManagerService: {"func":"AlarmManagerService->deliverAlarmsLocked()","nowELAPSED":213597135,"rtc":1481646306408,"alarm":"{\"what\":\"ALARM\",\"type\":3,\"origWhen\":213590727,\"wakeup\":false,\"tag\":\"*alarm*:android.intent.action.TIME_TICK\",\"flags\":1,\"uid\":1000,\"count\":1,\"when\":213590727,\"windowLength\":0,\"whenElapsed\":213590727,\"maxWhenElapsed\":213590727,\"repeatInterval\":0,\"pid\":963,\"operation\":\"PendingIntent{5ef3981: PendingIntentRecord{526fa26 android broadcastIntent}}\",\"creatorPkg\":\"android\",\"targetPkg\":\"android\"}"}
43424168-e44e-473a-bf12-dba8a4a4453a 2016-12-13 11:25:06.406390631 2621754 [56314.992970]   963  1357 D ThermaPlan->AlarmManagerService: {"func":"AlarmManagerService->deliverAlarmsLocked()","nowELAPSED":213597139,"rtc":1481646306412,"alarm":"{\"what\":\"ALARM\",\"type\":2,\"origWhen\":213597133,\"wakeup\":true,\"tag\":\"*walarm*:com.facebook.common.executors.ei.ACTION_ALARM.com.facebook.orca.Mqtt_Wakeup\",\"flags\":1,\"uid\":10098,\"count\":1,\"when\":213597133,\"windowLength\":0,\"whenElapsed\":213597133,\"maxWhenElapsed\":213597133,\"repeatInterval\":0,\"pid\":2875,\"operation\":\"PendingIntent{dbc2fbd: PendingIntentRecord{36686f4 com.facebook.orca broadcastIntent}}\",\"creatorPkg\":\"com.facebook.orca\",\"targetPkg\":\"com.facebook.orca\"}"}
43424168-e44e-473a-bf12-dba8a4a4453a 2016-12-13 11:25:06.416390631 2621755 [56315.005356]   963  1883 D ThermaPlan->AlarmManagerService: {"func":"AlarmManagerService->mService->set","pid":2875,"uid":10098,"flagsBinary":"1","flags":1,"type":2,"triggerAtTime":213940486,"nowELAPSED":213597152,"rtc":1481646306425,"windowLength":0,"interval":0,"creatorPkg":"com.facebook.orca","targetPkg":"com.facebook.orca"}
43424168-e44e-473a-bf12-dba8a4a4453a 2016-12-13 11:25:06.426390631 2621756 [56315.012684]  2875  2969 W msgr.b  : The sessioned store is not available. Are you fetching sessioned quick experiment data while the user is logged out?
43424168-e44e-473a-bf12-dba8a4a4453a 2016-12-13 11:25:06.426390631 2621757 [56315.014722]   963  1357 D ThermaPlan->AlarmManagerService: {"func":"AlarmManagerService->deliverAlarmsLocked()","nowELAPSED":213597161,"rtc":1481646306433,"alarm":"{\"what\":\"ALARM\",\"type\":2,\"origWhen\":213597160,\"wakeup\":true,\"tag\":\"*walarm*:X.24C.ACTION_ALARM.com.facebook.katana.Mqtt_Wakeup\",\"flags\":1,\"uid\":10097,\"count\":1,\"when\":213597160,\"windowLength\":0,\"whenElapsed\":213597160,\"maxWhenElapsed\":213597160,\"repeatInterval\":0,\"pid\":27410,\"operation\":\"PendingIntent{8da19b2: PendingIntentRecord{f918e98 com.facebook.katana broadcastIntent}}\",\"creatorPkg\":\"com.facebook.katana\",\"targetPkg\":\"com.facebook.katana\"}"}
43424168-e44e-473a-bf12-dba8a4a4453a 2016-12-13 11:25:06.446390631 2621758 [56315.029841]   388   388 D Kernel-Trace:      kworker/0:4-27226 [000] ...1 56314.950810: thermal_temp: sensor_id=5 temp=32
43424168-e44e-473a-bf12-dba8a4a4453a 2016-12-13 11:25:06.456390631 2621759 [56315.042213]   963  1523 D ThermaPlan->AlarmManagerService: {"func":"AlarmManagerService->mService->set","pid":27410,"uid":10097,"flagsBinary":"1","flags":1,"type":2,"triggerAtTime":213940528,"nowELAPSED":213597189,"rtc":1481646306462,"windowLength":0,"interval":0,"creatorPkg":"com.facebook.katana","targetPkg":"com.facebook.katana"}
43424168-e44e-473a-bf12-dba8a4a4453a 2016-12-13 11:25:06.456390631 2621760 [56315.048413] 27410 27467 W fb4a.0Z8: The sessioned store is not available. Are you fetching sessioned quick experiment data while the user is logged out?
43424168-e44e-473a-bf12-dba8a4a4453a 2016-12-13 11:25:06.546390631 2621761 [56315.130119]   388   388 D Kernel-Trace:     kworker/0:0H-7043  [000] ...1 56315.030172: cpu_frequency: state=422400 cpu_id=0
43424168-e44e-473a-bf12-dba8a4a4453a 2016-12-13 11:25:06.546390631 2621762 [56315.130206]   388   388 D Kernel-Trace:     kworker/2:2H-10277 [002] ...1 56315.031855: cpu_frequency: state=1497600 cpu_id=2
43424168-e44e-473a-bf12-dba8a4a4453a 2016-12-13 11:25:06.546390631 2621763 [56315.130237]   388   388 D Kernel-Trace:     kworker/0:0H-7043  [000] ...1 56315.049946: cpu_frequency: state=652800 cpu_id=0
43424168-e44e-473a-bf12-dba8a4a4453a 2016-12-13 11:25:06.546390631 2621764 [56315.130266]   388   388 D Kernel-Trace:     kworker/2:2H-10277 [002] ...1 56315.101368: cpu_frequency: state=300000 cpu_id=2
43424168-e44e-473a-bf12-dba8a4a4453a 2016-12-13 11:25:06.546390631 2621765 [56315.130294]   388   388 D Kernel-Trace:     kworker/0:0H-7043  [000] ...1 56315.119975: cpu_frequency: state=300000 cpu_id=0
43424168-e44e-473a-bf12-dba8a4a4453a 2016-12-13 11:25:06.646390631 2621766 [56315.229951]   388   388 D Kernel-Trace:      kworker/0:4-27226 [000] ...1 56315.199982: thermal_temp: sensor_id=5 temp=32
43424168-e44e-473a-bf12-dba8a4a4453a 2016-12-13 11:25:06.646390631 2621767 [56315.230028]   388   388 D Kernel-Trace:     kworker/1:2H-12491 [001] ...1 56315.201769: cpu_frequency: state=1497600 cpu_id=1
43424168-e44e-473a-bf12-dba8a4a4453a 2016-12-13 11:25:06.746390631 2621768 [56315.331096]   388   388 D Kernel-Trace:     kworker/1:2H-12491 [001] ...1 56315.243558: cpu_frequency: state=300000 cpu_id=1
43424168-e44e-473a-bf12-dba8a4a4453a 2016-12-13 11:25:06.946390631 2621769 [56315.532031]   388   388 D Kernel-Trace:      kworker/0:4-27226 [000] ...1 56315.449757: thermal_temp: sensor_id=5 temp=32
43424168-e44e-473a-bf12-dba8a4a4453a 2016-12-13 11:25:07.146390630 2621770 [56315.730006]   388   388 D Kernel-Trace:      kworker/0:4-27226 [000] ...1 56315.699764: thermal_temp: sensor_id=5 temp=32
43424168-e44e-473a-bf12-dba8a4a4453a 2016-12-13 11:25:07.446390630 2621771 [56316.032045]   388   388 D Kernel-Trace:      kworker/0:4-27226 [000] ...1 56315.950276: thermal_temp: sensor_id=5 temp=32
43424168-e44e-473a-bf12-dba8a4a4453a 2016-12-13 11:25:07.646390630 2621772 [56316.230934]   388   388 D Kernel-Trace:      kworker/0:4-27226 [000] ...1 56316.201648: thermal_temp: sensor_id=5 temp=32
43424168-e44e-473a-bf12-dba8a4a4453a 2016-12-13 11:25:07.946390630 2621773 [56316.531962]   388   388 D Kernel-Trace:      kworker/0:4-27226 [000] ...1 56316.451009: thermal_temp: sensor_id=5 temp=32
43424168-e44e-473a-bf12-dba8a4a4453a 2016-12-13 11:25:08.56390630 2621774 [56316.649074]   993   993 I kickstart: STATUS: SAHARA_HELLO: hw_info = 0x01030610, pwrup_reason = 0x00004000
43424168-e44e-473a-bf12-dba8a4a4453a 2016-12-13 11:25:08.66390630 2621775 [56316.649949]   993   993 I kickstart: STATUS: Wrote to /sys/power/wake_lock
43424168-e44e-473a-bf12-dba8a4a4453a 2016-12-13 11:25:08.86390630 2621776 [56316.673790]   993   993 E kickstart: ERROR: function: open_file:195 filename = /dev/block/platform/msm_sdcc.1/by-name/mdm1m9kefs1
43424168-e44e-473a-bf12-dba8a4a4453a 2016-12-13 11:25:08.86390630 2621777 [56316.673914]   993   993 I kickstart: STATUS: Opening file '/dev/block/platform/msm_sdcc.1/by-name/mdm1m9kefs1' for writing
43424168-e44e-473a-bf12-dba8a4a4453a 2016-12-13 11:25:08.146390630 2621778 [56316.730019]   388   388 D Kernel-Trace:      kworker/0:4-27226 [000] ...1 56316.700674: thermal_temp: sensor_id=5 temp=32
43424168-e44e-473a-bf12-dba8a4a4453a 2016-12-13 11:25:08.446390630 2621779 [56317.030080]   388   388 D Kernel-Trace:      kworker/0:4-27226 [000] ...1 56316.950040: thermal_temp: sensor_id=5 temp=32
43424168-e44e-473a-bf12-dba8a4a4453a 2016-12-13 11:25:08.646390630 2621780 [56317.229989]   388   388 D Kernel-Trace:      kworker/0:4-27226 [000] ...1 56317.199874: thermal_temp: sensor_id=5 temp=32
43424168-e44e-473a-bf12-dba8a4a4453a 2016-12-13 11:25:08.946390630 2621781 [56317.530108]   388   388 D Kernel-Trace:      kworker/0:4-27226 [000] ...1 56317.449811: thermal_temp: sensor_id=5 temp=32
43424168-e44e-473a-bf12-dba8a4a4453a 2016-12-13 11:25:09.66390630 2621782 [56317.652290]   993   993 I kickstart: STATUS: Received file 'm9kefs1'
43424168-e44e-473a-bf12-dba8a4a4453a 2016-12-13 11:25:09.66390630 2621783 [56317.652465]   993   993 I kickstart: STATUS: 950272 bytes transferred in 0.978072 seconds
43424168-e44e-473a-bf12-dba8a4a4453a 2016-12-13 11:25:09.66390630 2621784 [56317.652486]   993   993 I kickstart: STATUS: Successfully downloaded files from target 
43424168-e44e-473a-bf12-dba8a4a4453a 2016-12-13 11:25:09.66390630 2621785 [56317.652626]   993   993 I kickstart: STATUS: Wrote to /sys/power/wake_unlock
43424168-e44e-473a-bf12-dba8a4a4453a 2016-12-13 11:25:09.66390630 2621786 [56317.656304]   993   993 I kickstart: STATUS: Sahara protocol completed
43424168-e44e-473a-bf12-dba8a4a4453a 2016-12-13 11:25:09.146390630 2621787 [56317.730154]   388   388 D Kernel-Trace:     kworker/0:0H-7043  [000] ...1 56317.630108: cpu_frequency: state=422400 cpu_id=0
43424168-e44e-473a-bf12-dba8a4a4453a 2016-12-13 11:25:09.146390630 2621788 [56317.730232]   388   388 D Kernel-Trace:     kworker/0:0H-7043  [000] ...1 56317.651925: cpu_frequency: state=1497600 cpu_id=0
43424168-e44e-473a-bf12-dba8a4a4453a 2016-12-13 11:25:09.146390630 2621789 [56317.730259]   388   388 D Kernel-Trace:      kworker/0:4-27226 [000] ...1 56317.699432: thermal_temp: sensor_id=5 temp=33
43424168-e44e-473a-bf12-dba8a4a4453a 2016-12-13 11:25:09.246390630 2621790 [56317.830999]   388   388 D Kernel-Trace:     kworker/0:0H-7043  [000] ...1 56317.732020: cpu_frequency: state=300000 cpu_id=0
43424168-e44e-473a-bf12-dba8a4a4453a 2016-12-13 11:25:09.446390630 2621791 [56318.031890]   388   388 D Kernel-Trace:      kworker/0:4-27226 [000] ...1 56317.950531: thermal_temp: sensor_id=5 temp=32
43424168-e44e-473a-bf12-dba8a4a4453a 2016-12-13 11:25:09.646390630 2621792 [56318.230989]   388   388 D Kernel-Trace:      kworker/0:4-27226 [000] ...1 56318.200853: thermal_temp: sensor_id=5 temp=32
43424168-e44e-473a-bf12-dba8a4a4453a 2016-12-13 11:25:09.946390629 2621793 [56318.531960]   388   388 D Kernel-Trace:      kworker/0:4-27226 [000] ...1 56318.449893: thermal_temp: sensor_id=5 temp=32
43424168-e44e-473a-bf12-dba8a4a4453a 2016-12-13 11:25:10.146390629 2621794 [56318.730940]   388   388 D Kernel-Trace:      kworker/0:4-27226 [000] ...1 56318.701019: thermal_temp: sensor_id=5 temp=32
43424168-e44e-473a-bf12-dba8a4a4453a 2016-12-13 11:25:10.446390629 2621795 [56319.031580]   388   388 D Kernel-Trace:      kworker/0:4-27226 [000] ...1 56318.949834: thermal_temp: sensor_id=5 temp=32
43424168-e44e-473a-bf12-dba8a4a4453a 2016-12-13 11:25:10.646390629 2621796 [56319.231018]   388   388 D Kernel-Trace:      kworker/0:4-27226 [000] ...1 56319.200864: thermal_temp: sensor_id=5 temp=32
43424168-e44e-473a-bf12-dba8a4a4453a 2016-12-13 11:25:10.946390629 2621797 [56319.531937]   388   388 D Kernel-Trace:      kworker/0:4-27226 [000] ...1 56319.450795: thermal_temp: sensor_id=5 temp=32
43424168-e44e-473a-bf12-dba8a4a4453a 2016-12-13 11:25:11.146390629 2621798 [56319.729937]   388   388 D Kernel-Trace:      kworker/0:4-27226 [000] ...1 56319.701639: thermal_temp: sensor_id=5 temp=32
43424168-e44e-473a-bf12-dba8a4a4453a 2016-12-13 11:25:11.346390629 2621799 [56319.929911]   388   388 D Kernel-Trace:     kworker/0:0H-7043  [000] ...1 56319.911379: cpu_frequency: state=1497600 cpu_id=0
43424168-e44e-473a-bf12-dba8a4a4453a 2016-12-13 11:25:11.446390629 2621800 [56320.030984]   388   388 D Kernel-Trace:      kworker/0:4-27226 [000] ...1 56319.950505: thermal_temp: sensor_id=5 temp=32
43424168-e44e-473a-bf12-dba8a4a4453a 2016-12-13 11:25:11.446390629 2621801 [56320.031075]   388   388 D Kernel-Trace:     kworker/0:0H-7043  [000] ...1 56319.951035: cpu_frequency: state=652800 cpu_id=0
43424168-e44e-473a-bf12-dba8a4a4453a 2016-12-13 11:25:11.546390629 2621802 [56320.130612]   388   388 D Kernel-Trace:     kworker/0:0H-7043  [000] ...1 56320.031735: cpu_frequency: state=300000 cpu_id=0
43424168-e44e-473a-bf12-dba8a4a4453a 2016-12-13 11:25:11.646390629 2621803 [56320.229885]   388   388 D Kernel-Trace:      kworker/0:4-27226 [000] ...1 56320.199744: thermal_temp: sensor_id=5 temp=32
43424168-e44e-473a-bf12-dba8a4a4453a 2016-12-13 11:25:11.946390629 2621804 [56320.531850]   388   388 D Kernel-Trace:      kworker/0:4-27226 [000] ...1 56320.450727: thermal_temp: sensor_id=5 temp=32
43424168-e44e-473a-bf12-dba8a4a4453a 2016-12-13 11:25:12.146390629 2621805 [56320.729892]   388   388 D Kernel-Trace:      kworker/0:4-27226 [000] ...1 56320.699757: thermal_temp: sensor_id=5 temp=32
43424168-e44e-473a-bf12-dba8a4a4453a 2016-12-13 11:25:12.146390629 2621806 [56320.738147]   963  2298 I Network-Telephony-PhoneLab: {"Action":"android.intent.action.SIG_STR","SignalStrength":{"Type":"CDMA","Level":1,"Strength":-98,"Asu":1},"timestamp":1481646312158,"uptimeNanos":213602885209841,"LogFormat":"1.1"}
43424168-e44e-473a-bf12-dba8a4a4453a 2016-12-13 11:25:12.236390629 2621807 [56320.824956]   963  1896 I Network-Telephony-PhoneLab: {"Action":"android.intent.action.SIG_STR","SignalStrength":{"Type":"CDMA","Level":1,"Strength":-98,"Asu":1},"timestamp":1481646312244,"uptimeNanos":213602972161560,"LogFormat":"1.1"}
43424168-e44e-473a-bf12-dba8a4a4453a 2016-12-13 11:25:12.246390629 2621808 [56320.829520]   388   388 D Kernel-Trace:     kworker/1:2H-12491 [001] ...1 56320.751584: cpu_frequency: state=1497600 cpu_id=1
43424168-e44e-473a-bf12-dba8a4a4453a 2016-12-13 11:25:12.246390629 2621809 [56320.829563]   388   388 D Kernel-Trace:     kworker/2:2H-10277 [002] ...1 56320.790229: cpu_frequency: state=1497600 cpu_id=2
43424168-e44e-473a-bf12-dba8a4a4453a 2016-12-13 11:25:12.246390629 2621810 [56320.829571]   388   388 D Kernel-Trace:     kworker/1:2H-12491 [001] ...1 56320.810317: cpu_frequency: state=300000 cpu_id=1
43424168-e44e-473a-bf12-dba8a4a4453a 2016-12-13 11:25:12.246390629 2621811 [56320.837886]   963  1597 I Network-Telephony-PhoneLab: {"Action":"android.intent.action.SIG_STR","SignalStrength":{"Type":"CDMA","Level":1,"Strength":-98,"Asu":1},"timestamp":1481646312257,"uptimeNanos":213602985099268,"LogFormat":"1.1"}
43424168-e44e-473a-bf12-dba8a4a4453a 2016-12-13 11:25:12.346390629 2621812 [56320.929420]   388   388 D Kernel-Trace:     kworker/2:2H-10277 [002] ...1 56320.830460: cpu_frequency: state=2265600 cpu_id=2
43424168-e44e-473a-bf12-dba8a4a4453a 2016-12-13 11:25:12.346390629 2621813 [56320.929441]   388   388 D Kernel-Trace:     kworker/2:2H-10277 [002] ...1 56320.849608: cpu_frequency: state=2649600 cpu_id=2
43424168-e44e-473a-bf12-dba8a4a4453a 2016-12-13 11:25:12.346390629 2621814 [56320.929446]   388   388 D Kernel-Trace:     kworker/3:2H-12900 [003] ...1 56320.850011: cpu_frequency: state=1497600 cpu_id=3
43424168-e44e-473a-bf12-dba8a4a4453a 2016-12-13 11:25:12.346390629 2621815 [56320.929450]   388   388 D Kernel-Trace:     kworker/0:0H-7043  [000] ...1 56320.859857: cpu_frequency: state=1497600 cpu_id=0
43424168-e44e-473a-bf12-dba8a4a4453a 2016-12-13 11:25:12.346390629 2621816 [56320.929454]   388   388 D Kernel-Trace:     kworker/3:2H-12900 [003] ...1 56320.900253: cpu_frequency: state=300000 cpu_id=3
43424168-e44e-473a-bf12-dba8a4a4453a 2016-12-13 11:25:12.346390629 2621817 [56320.929458]   388   388 D Kernel-Trace:     kworker/0:0H-7043  [000] ...1 56320.910006: cpu_frequency: state=300000 cpu_id=0
43424168-e44e-473a-bf12-dba8a4a4453a 2016-12-13 11:25:12.446390628 2621818 [56321.029360]   388   388 D Kernel-Trace:      kworker/0:4-27226 [000] ...1 56320.949682: thermal_temp: sensor_id=5 temp=33
43424168-e44e-473a-bf12-dba8a4a4453a 2016-12-13 11:25:12.646390628 2621819 [56321.229367]   388   388 D Kernel-Trace:      kworker/0:4-27226 [000] ...1 56321.199685: thermal_temp: sensor_id=5 temp=34
43424168-e44e-473a-bf12-dba8a4a4453a 2016-12-13 11:25:12.786390628 2621820 [56321.370498]   963 29761 D NetlinkSocketObserver: NeighborEvent{elapsedMs=213603517, fde5:bdee:339a::1, [10FEEDE58C95], RTM_NEWNEIGH, NUD_STALE}
43424168-e44e-473a-bf12-dba8a4a4453a 2016-12-13 11:25:12.946390628 2621821 [56321.529372]   388   388 D Kernel-Trace:      kworker/0:4-27226 [000] ...1 56321.449733: thermal_temp: sensor_id=5 temp=34
43424168-e44e-473a-bf12-dba8a4a4453a 2016-12-13 11:25:13.146390628 2621822 [56321.729369]   388   388 D Kernel-Trace:      kworker/0:4-27226 [000] ...1 56321.699638: thermal_temp: sensor_id=5 temp=34
43424168-e44e-473a-bf12-dba8a4a4453a 2016-12-13 11:25:13.446390628 2621823 [56322.029384]   388   388 D Kernel-Trace:      kworker/0:4-27226 [000] ...1 56321.949696: thermal_temp: sensor_id=5 temp=35
43424168-e44e-473a-bf12-dba8a4a4453a 2016-12-13 11:25:13.646390628 2621824 [56322.229379]   388   388 D Kernel-Trace:      kworker/0:4-27226 [000] ...1 56322.199706: thermal_temp: sensor_id=5 temp=35
43424168-e44e-473a-bf12-dba8a4a4453a 2016-12-13 11:25:13.946390628 2621825 [56322.529378]   388   388 D Kernel-Trace:      kworker/0:4-27226 [000] ...1 56322.449708: thermal_temp: sensor_id=5 temp=35
43424168-e44e-473a-bf12-dba8a4a4453a 2016-12-13 11:25:14.146390628 2621826 [56322.729372]   388   388 D Kernel-Trace:      kworker/0:4-27226 [000] ...1 56322.699696: thermal_temp: sensor_id=5 temp=35
43424168-e44e-473a-bf12-dba8a4a4453a 2016-12-13 11:25:14.446390628 2621827 [56323.029383]   388   388 D Kernel-Trace:      kworker/0:4-27226 [000] ...1 56322.949709: thermal_temp: sensor_id=5 temp=35
43424168-e44e-473a-bf12-dba8a4a4453a 2016-12-13 11:25:14.646390628 2621828 [56323.229366]   388   388 D Kernel-Trace:      kworker/0:4-27226 [000] ...1 56323.199717: thermal_temp: sensor_id=5 temp=35
43424168-e44e-473a-bf12-dba8a4a4453a 2016-12-13 11:25:14.946390628 2621829 [56323.529388]   388   388 D Kernel-Trace:      kworker/0:4-27226 [000] ...1 56323.449695: thermal_temp: sensor_id=5 temp=35
43424168-e44e-473a-bf12-dba8a4a4453a 2016-12-13 11:25:15.146390627 2621830 [56323.729370]   388   388 D Kernel-Trace:      kworker/0:4-27226 [000] ...1 56323.699637: thermal_temp: sensor_id=5 temp=35
43424168-e44e-473a-bf12-dba8a4a4453a 2016-12-13 11:25:15.276390627 2621831 [56323.862422]   963  1883 I Network-Telephony-PhoneLab: {"Action":"android.intent.action.SIG_STR","SignalStrength":{"Type":"CDMA","Level":1,"Strength":-98,"Asu":1},"timestamp":1481646315282,"uptimeNanos":213606009605569,"LogFormat":"1.1"}
43424168-e44e-473a-bf12-dba8a4a4453a 2016-12-13 11:25:15.276390627 2621832 [56323.867614]   380   624 D QC-time-services: Lib:time_genoff_operation: pargs->base = 12
43424168-e44e-473a-bf12-dba8a4a4453a 2016-12-13 11:25:15.276390627 2621833 [56323.867663]   380   624 D QC-time-services: Lib:time_genoff_operation: pargs->operation = 0
43424168-e44e-473a-bf12-dba8a4a4453a 2016-12-13 11:25:15.276390627 2621834 [56323.867735]   380   624 D QC-time-services: Lib:time_genoff_operation: pargs->ts_val = 1481646316000
43424168-e44e-473a-bf12-dba8a4a4453a 2016-12-13 11:25:15.276390627 2621835 [56323.868316]   403   999 D QC-time-services: Daemon: Connection accepted:time_genoff
43424168-e44e-473a-bf12-dba8a4a4453a 2016-12-13 11:25:15.276390627 2621836 [56323.868723]   380   624 D QC-time-services: Lib:time_genoff_operation: Send to server  passed!!
43424168-e44e-473a-bf12-dba8a4a4453a 2016-12-13 11:25:15.276390627 2621837 [56323.869143]   403 29879 D QC-time-services: Daemon:Received base = 12, unit = 1, operation = 0,value = 1481646316000
43424168-e44e-473a-bf12-dba8a4a4453a 2016-12-13 11:25:15.276390627 2621838 [56323.869233]   403 29879 D QC-time-services: Daemon:genoff_opr: Base = 12, val = 1481646316000, operation = 0
43424168-e44e-473a-bf12-dba8a4a4453a 2016-12-13 11:25:15.286390627 2621839 [56323.869677]   403 29879 D QC-time-services: Daemon:rtc_get: Time read from RTC -- MM/DD/YY HH:MM:SS0/25/70 23:54:14
43424168-e44e-473a-bf12-dba8a4a4453a 2016-12-13 11:25:15.286390627 2621840 [56323.869889]   403 29879 D QC-time-services: Daemon:Value read from RTC seconds = 2159654000
43424168-e44e-473a-bf12-dba8a4a4453a 2016-12-13 11:25:15.286390627 2621841 [56323.869982]   403 29879 D QC-time-services: Daemon:new time 1481646316000 
43424168-e44e-473a-bf12-dba8a4a4453a 2016-12-13 11:25:15.286390627 2621842 [56323.870072]   403 29879 D QC-time-services: Daemon: delta 1479486662000 genoff 1479486662000 
43424168-e44e-473a-bf12-dba8a4a4453a 2016-12-13 11:25:15.286390627 2621843 [56323.870412]   403 29879 D QC-time-services: Daemon:genoff_persistent_update: Writing genoff = 1479486662000 to memory
43424168-e44e-473a-bf12-dba8a4a4453a 2016-12-13 11:25:15.286390627 2621844 [56323.870466]   403 29879 D QC-time-services: Daemon:Opening File: /data/time/ats_12
43424168-e44e-473a-bf12-dba8a4a4453a 2016-12-13 11:25:15.286390627 2621845 [56323.870509]   403 29879 D QC-time-services: Daemon:time_persistent_memory_opr:Genoff write operation 
43424168-e44e-473a-bf12-dba8a4a4453a 2016-12-13 11:25:15.286390627 2621846 [56323.870570]   963  3599 I Network-Telephony-PhoneLab: {"Action":"android.intent.action.SIG_STR","SignalStrength":{"Type":"CDMA","Level":1,"Strength":-98,"Asu":1},"timestamp":1481646315290,"uptimeNanos":213606018050829,"LogFormat":"1.1"}
43424168-e44e-473a-bf12-dba8a4a4453a 2016-12-13 11:25:15.296390627 2621847 [56323.881270]   380   624 E QC-time-services: Receive Passed == base = 12, unit = 1, operation = 0, result = 0
43424168-e44e-473a-bf12-dba8a4a4453a 2016-12-13 11:25:15.296390627 2621848 [56323.881458]   380   624 D QC-time-services: Lib:time_genoff_operation: pargs->base = 13
43424168-e44e-473a-bf12-dba8a4a4453a 2016-12-13 11:25:15.296390627 2621849 [56323.881510]   380   624 D QC-time-services: Lib:time_genoff_operation: pargs->operation = 0
43424168-e44e-473a-bf12-dba8a4a4453a 2016-12-13 11:25:15.296390627 2621850 [56323.881713]   380   624 D QC-time-services: Lib:time_genoff_operation: pargs->ts_val = 1481646316000
43424168-e44e-473a-bf12-dba8a4a4453a 2016-12-13 11:25:15.296390627 2621851 [56323.881947]   380   624 D QC-time-services: Lib:time_genoff_operation: Send to server  passed!!
43424168-e44e-473a-bf12-dba8a4a4453a 2016-12-13 11:25:15.296390627 2621852 [56323.882917]   403   999 E QC-time-services: Daemon: Time-services: Waiting to acceptconnection
43424168-e44e-473a-bf12-dba8a4a4453a 2016-12-13 11:25:15.296390627 2621853 [56323.882965]   403   999 D QC-time-services: Daemon: Connection accepted:time_genoff
43424168-e44e-473a-bf12-dba8a4a4453a 2016-12-13 11:25:15.296390627 2621854 [56323.883580]   403 29880 D QC-time-services: Daemon:Received base = 13, unit = 1, operation = 0,value = 1481646316000
43424168-e44e-473a-bf12-dba8a4a4453a 2016-12-13 11:25:15.296390627 2621855 [56323.883706]   403 29880 D QC-time-services: Daemon:genoff_opr: Base = 13, val = 1481646316000, operation = 0
43424168-e44e-473a-bf12-dba8a4a4453a 2016-12-13 11:25:15.296390627 2621856 [56323.883912]   403 29880 D QC-time-services: Daemon:rtc_get: Time read from RTC -- MM/DD/YY HH:MM:SS0/25/70 23:54:14
43424168-e44e-473a-bf12-dba8a4a4453a 2016-12-13 11:25:15.296390627 2621857 [56323.884129]   403 29880 D QC-time-services: Daemon:Value read from RTC seconds = 2159654000
43424168-e44e-473a-bf12-dba8a4a4453a 2016-12-13 11:25:15.296390627 2621858 [56323.884252]   403 29880 D QC-time-services: Daemon:new time 1481646316000 
43424168-e44e-473a-bf12-dba8a4a4453a 2016-12-13 11:25:15.296390627 2621859 [56323.884343]   403 29880 D QC-time-services: Daemon: delta 1479486662000 genoff 1479486662000 
43424168-e44e-473a-bf12-dba8a4a4453a 2016-12-13 11:25:15.296390627 2621860 [56323.884421]   403 29880 D QC-time-services: Daemon:genoff_persistent_update: Writing genoff = 1479486662000 to memory
43424168-e44e-473a-bf12-dba8a4a4453a 2016-12-13 11:25:15.296390627 2621861 [56323.884477]   403 29880 D QC-time-services: Daemon:Opening File: /data/time/ats_13
43424168-e44e-473a-bf12-dba8a4a4453a 2016-12-13 11:25:15.296390627 2621862 [56323.884522]   403 29880 D QC-time-services: Daemon:time_persistent_memory_opr:Genoff write operation 
43424168-e44e-473a-bf12-dba8a4a4453a 2016-12-13 11:25:15.306390627 2621863 [56323.889884]   380   624 E QC-time-services: Receive Passed == base = 13, unit = 1, operation = 0, result = 0
43424168-e44e-473a-bf12-dba8a4a4453a 2016-12-13 11:25:15.306390627 2621864 [56323.892333]   963  1892 D AlarmManagerService: Kernel timezone updated to 300 minutes west of GMT
43424168-e44e-473a-bf12-dba8a4a4453a 2016-12-13 11:25:15.306390627 2621865 [56323.893910]   403   999 E QC-time-services: Daemon: Time-services: Waiting to acceptconnection
43424168-e44e-473a-bf12-dba8a4a4453a 2016-12-13 11:25:15.306390627 2621866 [56323.897075]   963  1523 I Network-Telephony-PhoneLab: {"Action":"android.intent.action.SIG_STR","SignalStrength":{"Type":"CDMA","Level":1,"Strength":-98,"Asu":1},"timestamp":1481646315317,"uptimeNanos":213606044552965,"LogFormat":"1.1"}
43424168-e44e-473a-bf12-dba8a4a4453a 2016-12-13 11:25:15.346390627 2621867 [56323.929390]   388   388 D Kernel-Trace:     kworker/3:2H-12900 [003] ...1 56323.869788: cpu_frequency: state=1497600 cpu_id=3
43424168-e44e-473a-bf12-dba8a4a4453a 2016-12-13 11:25:15.346390627 2621868 [56323.929410]   388   388 D Kernel-Trace:     kworker/0:0H-7043  [000] ...1 56323.879942: cpu_frequency: state=1497600 cpu_id=0
43424168-e44e-473a-bf12-dba8a4a4453a 2016-12-13 11:25:15.346390627 2621869 [56323.929415]   388   388 D Kernel-Trace:     kworker/0:0H-7043  [000] ...1 56323.919846: cpu_frequency: state=300000 cpu_id=0
43424168-e44e-473a-bf12-dba8a4a4453a 2016-12-13 11:25:15.446390627 2621870 [56324.029369]   388   388 D Kernel-Trace:      kworker/0:4-27226 [000] ...1 56323.949653: thermal_temp: sensor_id=5 temp=36
43424168-e44e-473a-bf12-dba8a4a4453a 2016-12-13 11:25:15.446390627 2621871 [56324.029385]   388   388 D Kernel-Trace:     kworker/3:2H-12900 [003] ...1 56323.970250: cpu_frequency: state=300000 cpu_id=3
43424168-e44e-473a-bf12-dba8a4a4453a 2016-12-13 11:25:15.646390627 2621872 [56324.229374]   388   388 D Kernel-Trace:      kworker/0:4-27226 [000] ...1 56324.199703: thermal_temp: sensor_id=5 temp=35
43424168-e44e-473a-bf12-dba8a4a4453a 2016-12-13 11:25:15.946390627 2621873 [56324.529382]   388   388 D Kernel-Trace:      kworker/0:4-27226 [000] ...1 56324.449522: thermal_temp: sensor_id=5 temp=35
43424168-e44e-473a-bf12-dba8a4a4453a 2016-12-13 11:25:16.146390627 2621874 [56324.729375]   388   388 D Kernel-Trace:      kworker/0:4-27226 [000] ...1 56324.699524: thermal_temp: sensor_id=5 temp=36
43424168-e44e-473a-bf12-dba8a4a4453a 2016-12-13 11:25:16.446390627 2621875 [56325.029381]   388   388 D Kernel-Trace:      kworker/0:4-27226 [000] ...1 56324.949510: thermal_temp: sensor_id=5 temp=36
43424168-e44e-473a-bf12-dba8a4a4453a 2016-12-13 11:25:16.626390627 2621876 [56325.211570]   963   974 I Network-Telephony-PhoneLab: {"Action":"android.intent.action.SIG_STR","SignalStrength":{"Type":"CDMA","Level":1,"Strength":-99,"Asu":1},"timestamp":1481646316631,"uptimeNanos":213607358701975,"LogFormat":"1.1"}
43424168-e44e-473a-bf12-dba8a4a4453a 2016-12-13 11:25:16.646390627 2621877 [56325.229397]   388   388 D Kernel-Trace:      kworker/0:4-27226 [000] ...1 56325.199480: thermal_temp: sensor_id=5 temp=36
43424168-e44e-473a-bf12-dba8a4a4453a 2016-12-13 11:25:16.946390627 2621878 [56325.529385]   388   388 D Kernel-Trace:      kworker/0:1-18635 [000] ...1 56325.449490: thermal_temp: sensor_id=5 temp=36
43424168-e44e-473a-bf12-dba8a4a4453a 2016-12-13 11:25:17.146390627 2621879 [56325.729369]   388   388 D Kernel-Trace:      kworker/0:4-27226 [000] ...1 56325.699495: thermal_temp: sensor_id=5 temp=36
43424168-e44e-473a-bf12-dba8a4a4453a 2016-12-13 11:25:17.446390627 2621880 [56326.029386]   388   388 D Kernel-Trace:      kworker/0:4-27226 [000] ...1 56325.949533: thermal_temp: sensor_id=5 temp=36
43424168-e44e-473a-bf12-dba8a4a4453a 2016-12-13 11:25:17.646390626 2621881 [56326.229372]   388   388 D Kernel-Trace:      kworker/0:4-27226 [000] ...1 56326.199534: thermal_temp: sensor_id=5 temp=36
43424168-e44e-473a-bf12-dba8a4a4453a 2016-12-13 11:25:17.836390626 2621882 [56326.422104]   963  2381 I Network-Telephony-PhoneLab: {"Action":"android.intent.action.SIG_STR","SignalStrength":{"Type":"CDMA","Level":1,"Strength":-99,"Asu":1},"timestamp":1481646317842,"uptimeNanos":213608569338641,"LogFormat":"1.1"}
43424168-e44e-473a-bf12-dba8a4a4453a 2016-12-13 11:25:17.946390626 2621883 [56326.529384]   388   388 D Kernel-Trace:      kworker/0:4-27226 [000] ...1 56326.449572: thermal_temp: sensor_id=5 temp=37
43424168-e44e-473a-bf12-dba8a4a4453a 2016-12-13 11:25:18.146390626 2621884 [56326.729378]   388   388 D Kernel-Trace:      kworker/0:4-27226 [000] ...1 56326.699489: thermal_temp: sensor_id=5 temp=37
43424168-e44e-473a-bf12-dba8a4a4453a 2016-12-13 11:25:18.446390626 2621885 [56327.029390]   388   388 D Kernel-Trace:      kworker/0:4-27226 [000] ...1 56326.949491: thermal_temp: sensor_id=5 temp=37
43424168-e44e-473a-bf12-dba8a4a4453a 2016-12-13 11:25:18.646390626 2621886 [56327.229373]   388   388 D Kernel-Trace:      kworker/0:4-27226 [000] ...1 56327.199479: thermal_temp: sensor_id=5 temp=37
43424168-e44e-473a-bf12-dba8a4a4453a 2016-12-13 11:25:18.946390626 2621887 [56327.529385]   388   388 D Kernel-Trace:      kworker/0:4-27226 [000] ...1 56327.449465: thermal_temp: sensor_id=5 temp=37
43424168-e44e-473a-bf12-dba8a4a4453a 2016-12-13 11:25:19.146390626 2621888 [56327.729380]   388   388 D Kernel-Trace:      kworker/0:4-27226 [000] ...1 56327.699480: thermal_temp: sensor_id=5 temp=37
43424168-e44e-473a-bf12-dba8a4a4453a 2016-12-13 11:25:19.446390626 2621889 [56328.029389]   388   388 D Kernel-Trace:      kworker/0:4-27226 [000] ...1 56327.949473: thermal_temp: sensor_id=5 temp=37
43424168-e44e-473a-bf12-dba8a4a4453a 2016-12-13 11:25:19.646390626 2621890 [56328.229375]   388   388 D Kernel-Trace:      kworker/0:4-27226 [000] ...1 56328.199473: thermal_temp: sensor_id=5 temp=37
43424168-e44e-473a-bf12-dba8a4a4453a 2016-12-13 11:25:19.946390626 2621891 [56328.529384]   388   388 D Kernel-Trace:      kworker/0:4-27226 [000] ...1 56328.449500: thermal_temp: sensor_id=5 temp=37
43424168-e44e-473a-bf12-dba8a4a4453a 2016-12-13 11:25:20.146390626 2621892 [56328.729377]   388   388 D Kernel-Trace:      kworker/0:4-27226 [000] ...1 56328.699455: thermal_temp: sensor_id=5 temp=37
43424168-e44e-473a-bf12-dba8a4a4453a 2016-12-13 11:25:20.396390625 2621893 [56328.981643]   963  1597 I Network-Telephony-PhoneLab: {"Action":"android.intent.action.SIG_STR","SignalStrength":{"Type":"CDMA","Level":1,"Strength":-99,"Asu":1},"timestamp":1481646320401,"uptimeNanos":213611128831973,"LogFormat":"1.1"}
43424168-e44e-473a-bf12-dba8a4a4453a 2016-12-13 11:25:20.446390625 2621894 [56329.029386]   388   388 D Kernel-Trace:      kworker/0:4-27226 [000] ...1 56328.949463: thermal_temp: sensor_id=5 temp=37
43424168-e44e-473a-bf12-dba8a4a4453a 2016-12-13 11:25:20.646390625 2621895 [56329.229375]   388   388 D Kernel-Trace:      kworker/0:1-18635 [000] ...1 56329.199535: thermal_temp: sensor_id=5 temp=37
43424168-e44e-473a-bf12-dba8a4a4453a 2016-12-13 11:25:20.906390625 2621896 [56329.493552]   963  1357 D ThermaPlan->AlarmManagerService: {"func":"AlarmManagerService->deliverAlarmsLocked()","nowELAPSED":213611640,"rtc":1481646320912,"alarm":"{\"what\":\"ALARM\",\"type\":2,\"origWhen\":213611639,\"wakeup\":true,\"tag\":\"*walarm*:android.net.netmon.lingerExpired_395_467508650\",\"flags\":8,\"uid\":1000,\"count\":1,\"when\":213611639,\"windowLength\":5000,\"whenElapsed\":213611639,\"maxWhenElapsed\":213616639,\"repeatInterval\":0,\"pid\":963,\"operation\":\"PendingIntent{acebd9a: PendingIntentRecord{6e7d6cb android broadcastIntent}}\",\"creatorPkg\":\"android\",\"targetPkg\":\"android\"}"}
43424168-e44e-473a-bf12-dba8a4a4453a 2016-12-13 11:25:20.906390625 2621897 [56329.496778]  1877  2495 D DcNetworkAgent: NetworkAgent: NetworkAgent channel lost
43424168-e44e-473a-bf12-dba8a4a4453a 2016-12-13 11:25:20.906390625 2621898 [56329.497355]  1877  2495 D DcNetworkAgent: NetworkAgent: DcNetworkAgent: [unwanted]: disconnect apnContext={mApnType=default mState=CONNECTED mWaitingApns={[[ApnSettingV3] internet, 2849, 310120, n.ispsn, , , , , , 0, default | supl | mms | ims | cbs | ia, IP, IP, true, 0, 12288, 0, false, 0, 0, 0, 0, , ]} mWaitingApnsPermanentFailureCountDown=1 mApnSetting={[ApnSettingV3] internet, 2849, 310120, n.ispsn, , , , , , 0, default | supl | mms | ims | cbs | ia, IP, IP, true, 0, 12288, 0, false, 0, 0, 0, 0, , } mReason=dataDisabled mDataEnabled=false mDependencyMet=true}
43424168-e44e-473a-bf12-dba8a4a4453a 2016-12-13 11:25:20.946390625 2621899 [56329.529485]   388   388 D Kernel-Trace:      kworker/0:4-27226 [000] ...1 56329.449695: thermal_temp: sensor_id=5 temp=37
43424168-e44e-473a-bf12-dba8a4a4453a 2016-12-13 11:25:20.946390625 2621900 [56329.529507]   388   388 D Kernel-Trace:     kworker/1:2H-12491 [001] ...1 56329.509684: cpu_frequency: state=422400 cpu_id=1
43424168-e44e-473a-bf12-dba8a4a4453a 2016-12-13 11:25:20.946390625 2621901 [56329.529512]   388   388 D Kernel-Trace:     kworker/0:0H-7043  [000] ...1 56329.519731: cpu_frequency: state=422400 cpu_id=0
43424168-e44e-473a-bf12-dba8a4a4453a 2016-12-13 11:25:21.6390625 2621902 [56329.591096]   378   961 E Netd    : netlink response contains error (No such file or directory)
43424168-e44e-473a-bf12-dba8a4a4453a 2016-12-13 11:25:21.46390625 2621903 [56329.629548]   388   388 D Kernel-Trace:     kworker/1:2H-12491 [001] ...1 56329.529703: cpu_frequency: state=1497600 cpu_id=1
43424168-e44e-473a-bf12-dba8a4a4453a 2016-12-13 11:25:21.46390625 2621904 [56329.629566]   388   388 D Kernel-Trace:     kworker/3:2H-12900 [003] ...1 56329.529998: cpu_frequency: state=1497600 cpu_id=3
43424168-e44e-473a-bf12-dba8a4a4453a 2016-12-13 11:25:21.46390625 2621905 [56329.629572]   388   388 D Kernel-Trace:     kworker/0:0H-7043  [000] ...1 56329.539596: cpu_frequency: state=1497600 cpu_id=0
43424168-e44e-473a-bf12-dba8a4a4453a 2016-12-13 11:25:21.46390625 2621906 [56329.629576]   388   388 D Kernel-Trace:     kworker/1:2H-12491 [001] ...1 56329.569462: cpu_frequency: state=2265600 cpu_id=1
43424168-e44e-473a-bf12-dba8a4a4453a 2016-12-13 11:25:21.46390625 2621907 [56329.629580]   388   388 D Kernel-Trace:     kworker/1:2H-12491 [001] ...1 56329.589490: cpu_frequency: state=2649600 cpu_id=1
43424168-e44e-473a-bf12-dba8a4a4453a 2016-12-13 11:25:21.46390625 2621908 [56329.629584]   388   388 D Kernel-Trace:     kworker/3:2H-12900 [003] ...1 56329.590843: cpu_frequency: state=300000 cpu_id=3
43424168-e44e-473a-bf12-dba8a4a4453a 2016-12-13 11:25:21.146390625 2621909 [56329.729948]   388   388 D Kernel-Trace:     kworker/0:0H-7043  [000] ...1 56329.630168: cpu_frequency: state=422400 cpu_id=0
43424168-e44e-473a-bf12-dba8a4a4453a 2016-12-13 11:25:21.146390625 2621910 [56329.730012]   388   388 D Kernel-Trace:     kworker/0:0H-7043  [000] ...1 56329.650137: cpu_frequency: state=1497600 cpu_id=0
43424168-e44e-473a-bf12-dba8a4a4453a 2016-12-13 11:25:21.146390625 2621911 [56329.730039]   388   388 D Kernel-Trace:     kworker/2:2H-10277 [002] ...1 56329.669930: cpu_frequency: state=300000 cpu_id=2
43424168-e44e-473a-bf12-dba8a4a4453a 2016-12-13 11:25:21.146390625 2621912 [56329.730068]   388   388 D Kernel-Trace:     kworker/0:0H-7043  [000] ...1 56329.690352: cpu_frequency: state=300000 cpu_id=0
43424168-e44e-473a-bf12-dba8a4a4453a 2016-12-13 11:25:21.146390625 2621913 [56329.730096]   388   388 D Kernel-Trace:      kworker/0:4-27226 [000] ...1 56329.699640: thermal_temp: sensor_id=5 temp=38
43424168-e44e-473a-bf12-dba8a4a4453a 2016-12-13 11:25:21.446390625 2621914 [56330.029417]   380   624 D QC-time-services: Lib:time_genoff_operation: pargs->base = 12
43424168-e44e-473a-bf12-dba8a4a4453a 2016-12-13 11:25:21.446390625 2621915 [56330.029505]   380   624 D QC-time-services: Lib:time_genoff_operation: pargs->operation = 0
43424168-e44e-473a-bf12-dba8a4a4453a 2016-12-13 11:25:21.446390625 2621916 [56330.029577]   380   624 D QC-time-services: Lib:time_genoff_operation: pargs->ts_val = 1481646322000
43424168-e44e-473a-bf12-dba8a4a4453a 2016-12-13 11:25:21.446390625 2621917 [56330.030116]   380   624 D QC-time-services: Lib:time_genoff_operation: Send to server  passed!!
43424168-e44e-473a-bf12-dba8a4a4453a 2016-12-13 11:25:21.446390625 2621918 [56330.030355]   403   999 D QC-time-services: Daemon: Connection accepted:time_genoff
43424168-e44e-473a-bf12-dba8a4a4453a 2016-12-13 11:25:21.446390625 2621919 [56330.030999]   403 29886 D QC-time-services: Daemon:Received base = 12, unit = 1, operation = 0,value = 1481646322000
43424168-e44e-473a-bf12-dba8a4a4453a 2016-12-13 11:25:21.446390625 2621920 [56330.031085]   403 29886 D QC-time-services: Daemon:genoff_opr: Base = 12, val = 1481646322000, operation = 0
43424168-e44e-473a-bf12-dba8a4a4453a 2016-12-13 11:25:21.446390625 2621921 [56330.031283]   403 29886 D QC-time-services: Daemon:rtc_get: Time read from RTC -- MM/DD/YY HH:MM:SS0/25/70 23:54:20
43424168-e44e-473a-bf12-dba8a4a4453a 2016-12-13 11:25:21.446390625 2621922 [56330.031493]   388   388 D Kernel-Trace:      kworker/0:1-18635 [000] ...1 56329.949669: thermal_temp: sensor_id=5 temp=38
43424168-e44e-473a-bf12-dba8a4a4453a 2016-12-13 11:25:21.446390625 2621923 [56330.031507]   403 29886 D QC-time-services: Daemon:Value read from RTC seconds = 2159660000
43424168-e44e-473a-bf12-dba8a4a4453a 2016-12-13 11:25:21.446390625 2621924 [56330.031604]   403 29886 D QC-time-services: Daemon:new time 1481646322000 
43424168-e44e-473a-bf12-dba8a4a4453a 2016-12-13 11:25:21.446390625 2621925 [56330.031691]   403 29886 D QC-time-services: Daemon: delta 1479486662000 genoff 1479486662000 
43424168-e44e-473a-bf12-dba8a4a4453a 2016-12-13 11:25:21.446390625 2621926 [56330.031769]   403 29886 D QC-time-services: Daemon:genoff_persistent_update: Writing genoff = 1479486662000 to memory
43424168-e44e-473a-bf12-dba8a4a4453a 2016-12-13 11:25:21.446390625 2621927 [56330.031818]   403 29886 D QC-time-services: Daemon:Opening File: /data/time/ats_12
43424168-e44e-473a-bf12-dba8a4a4453a 2016-12-13 11:25:21.446390625 2621928 [56330.031860]   403 29886 D QC-time-services: Daemon:time_persistent_memory_opr:Genoff write operation 
43424168-e44e-473a-bf12-dba8a4a4453a 2016-12-13 11:25:21.466390625 2621929 [56330.050539]   380   624 E QC-time-services: Receive Passed == base = 12, unit = 1, operation = 0, result = 0
43424168-e44e-473a-bf12-dba8a4a4453a 2016-12-13 11:25:21.466390625 2621930 [56330.050616]   380   624 D QC-time-services: Lib:time_genoff_operation: pargs->base = 13
43424168-e44e-473a-bf12-dba8a4a4453a 2016-12-13 11:25:21.466390625 2621931 [56330.050629]   380   624 D QC-time-services: Lib:time_genoff_operation: pargs->operation = 0
43424168-e44e-473a-bf12-dba8a4a4453a 2016-12-13 11:25:21.466390625 2621932 [56330.050646]   380   624 D QC-time-services: Lib:time_genoff_operation: pargs->ts_val = 1481646322000
43424168-e44e-473a-bf12-dba8a4a4453a 2016-12-13 11:25:21.466390625 2621933 [56330.050751]   380   624 D QC-time-services: Lib:time_genoff_operation: Send to server  passed!!
43424168-e44e-473a-bf12-dba8a4a4453a 2016-12-13 11:25:21.466390625 2621934 [56330.050829]   403   999 E QC-time-services: Daemon: Time-services: Waiting to acceptconnection
43424168-e44e-473a-bf12-dba8a4a4453a 2016-12-13 11:25:21.466390625 2621935 [56330.050871]   403   999 D QC-time-services: Daemon: Connection accepted:time_genoff
43424168-e44e-473a-bf12-dba8a4a4453a 2016-12-13 11:25:21.466390625 2621936 [56330.051498]   403 29890 D QC-time-services: Daemon:Received base = 13, unit = 1, operation = 0,value = 1481646322000
43424168-e44e-473a-bf12-dba8a4a4453a 2016-12-13 11:25:21.466390625 2621937 [56330.051626]   403 29890 D QC-time-services: Daemon:genoff_opr: Base = 13, val = 1481646322000, operation = 0
43424168-e44e-473a-bf12-dba8a4a4453a 2016-12-13 11:25:21.466390625 2621938 [56330.051831]   403 29890 D QC-time-services: Daemon:rtc_get: Time read from RTC -- MM/DD/YY HH:MM:SS0/25/70 23:54:20
43424168-e44e-473a-bf12-dba8a4a4453a 2016-12-13 11:25:21.466390625 2621939 [56330.052053]   403 29890 D QC-time-services: Daemon:Value read from RTC seconds = 2159660000
43424168-e44e-473a-bf12-dba8a4a4453a 2016-12-13 11:25:21.466390625 2621940 [56330.052175]   403 29890 D QC-time-services: Daemon:new time 1481646322000 
43424168-e44e-473a-bf12-dba8a4a4453a 2016-12-13 11:25:21.466390625 2621941 [56330.052269]   403 29890 D QC-time-services: Daemon: delta 1479486662000 genoff 1479486662000 
43424168-e44e-473a-bf12-dba8a4a4453a 2016-12-13 11:25:21.466390625 2621942 [56330.052350]   403 29890 D QC-time-services: Daemon:genoff_persistent_update: Writing genoff = 1479486662000 to memory
43424168-e44e-473a-bf12-dba8a4a4453a 2016-12-13 11:25:21.466390625 2621943 [56330.052624]   403 29890 D QC-time-services: Daemon:Opening File: /data/time/ats_13
43424168-e44e-473a-bf12-dba8a4a4453a 2016-12-13 11:25:21.466390625 2621944 [56330.052697]   403 29890 D QC-time-services: Daemon:time_persistent_memory_opr:Genoff write operation 
43424168-e44e-473a-bf12-dba8a4a4453a 2016-12-13 11:25:21.466390625 2621945 [56330.057707]   380   624 E QC-time-services: Receive Passed == base = 13, unit = 1, operation = 0, result = 0
43424168-e44e-473a-bf12-dba8a4a4453a 2016-12-13 11:25:21.476390625 2621946 [56330.060509]   403   999 E QC-time-services: Daemon: Time-services: Waiting to acceptconnection
43424168-e44e-473a-bf12-dba8a4a4453a 2016-12-13 11:25:21.476390625 2621947 [56330.062053]   963  1626 D AlarmManagerService: Kernel timezone updated to 300 minutes west of GMT
43424168-e44e-473a-bf12-dba8a4a4453a 2016-12-13 11:25:21.546390625 2621948 [56330.129660]   388   388 D Kernel-Trace:     kworker/3:2H-12900 [003] ...1 56330.041836: cpu_frequency: state=1497600 cpu_id=3
43424168-e44e-473a-bf12-dba8a4a4453a 2016-12-13 11:25:21.546390625 2621949 [56330.129684]   388   388 D Kernel-Trace:     kworker/0:0H-7043  [000] ...1 56330.049817: cpu_frequency: state=1497600 cpu_id=0
43424168-e44e-473a-bf12-dba8a4a4453a 2016-12-13 11:25:21.546390625 2621950 [56330.129691]   388   388 D Kernel-Trace:     kworker/0:0H-7043  [000] ...1 56330.091792: cpu_frequency: state=300000 cpu_id=0
43424168-e44e-473a-bf12-dba8a4a4453a 2016-12-13 11:25:21.546390625 2621951 [56330.129698]   388   388 D Kernel-Trace:     kworker/3:2H-12900 [003] ...1 56330.099797: cpu_frequency: state=422400 cpu_id=3
43424168-e44e-473a-bf12-dba8a4a4453a 2016-12-13 11:25:21.546390625 2621952 [56330.129703]   388   388 D Kernel-Trace:     kworker/0:0H-7043  [000] ...1 56330.110061: cpu_frequency: state=1497600 cpu_id=0
43424168-e44e-473a-bf12-dba8a4a4453a 2016-12-13 11:25:21.546390625 2621953 [56330.129709]   388   388 D Kernel-Trace:     kworker/2:2H-10277 [002] ...1 56330.110320: cpu_frequency: state=1497600 cpu_id=2
43424168-e44e-473a-bf12-dba8a4a4453a 2016-12-13 11:25:21.546390625 2621954 [56330.129716]   388   388 D Kernel-Trace:     kworker/3:2H-12900 [003] ...1 56330.119697: cpu_frequency: state=1497600 cpu_id=3
43424168-e44e-473a-bf12-dba8a4a4453a 2016-12-13 11:25:21.586390625 2621955 [56330.173402]   963  1523 I Network-Telephony-PhoneLab: {"Action":"android.intent.action.ANY_DATA_STATE","State":"DISCONNECTED","IsDataConnectivityPossible":true,"Reason":"dataDisabled","APN":"n.ispsn","APNType":"default","IsRoaming":false,"timestamp":1481646321593,"uptimeNanos":213612320815150,"LogFormat":"1.1"}
43424168-e44e-473a-bf12-dba8a4a4453a 2016-12-13 11:25:21.586390625 2621956 [56330.178558]  4236  4236 D SprintDMService: Listener.onDataConnectionStateChanged(0, 14)
43424168-e44e-473a-bf12-dba8a4a4453a 2016-12-13 11:25:21.586390625 2621957 [56330.178585]  4236  4236 D SprintDMService: mobile data disconnected (FOTA APN may be available)
43424168-e44e-473a-bf12-dba8a4a4453a 2016-12-13 11:25:21.596390625 2621958 [56330.179436]  1877  4502 D PhoneInterfaceManager: [PhoneIntfMgr] getDataEnabled: subId=1 phoneId=0
43424168-e44e-473a-bf12-dba8a4a4453a 2016-12-13 11:25:21.596390625 2621959 [56330.179675]  1877  4502 D PhoneInterfaceManager: [PhoneIntfMgr] getDataEnabled: subId=1 retVal=true
43424168-e44e-473a-bf12-dba8a4a4453a 2016-12-13 11:25:21.596390625 2621960 [56330.179874] 28055 28055 D TelephonyManager: getDataEnabled: retVal=true
43424168-e44e-473a-bf12-dba8a4a4453a 2016-12-13 11:25:21.646390625 2621961 [56330.229539]   388   388 D Kernel-Trace:     kworker/0:0H-7043  [000] ...1 56330.149644: cpu_frequency: state=883200 cpu_id=0
43424168-e44e-473a-bf12-dba8a4a4453a 2016-12-13 11:25:21.646390625 2621962 [56330.229574]   388   388 D Kernel-Trace:     kworker/2:2H-10277 [002] ...1 56330.150108: cpu_frequency: state=883200 cpu_id=2
43424168-e44e-473a-bf12-dba8a4a4453a 2016-12-13 11:25:21.646390625 2621963 [56330.229588]   388   388 D Kernel-Trace:     kworker/3:2H-12900 [003] ...1 56330.179533: cpu_frequency: state=883200 cpu_id=3
43424168-e44e-473a-bf12-dba8a4a4453a 2016-12-13 11:25:21.646390625 2621964 [56330.229599]   388   388 D Kernel-Trace:      kworker/0:4-27226 [000] ...1 56330.206330: thermal_temp: sensor_id=5 temp=39
43424168-e44e-473a-bf12-dba8a4a4453a 2016-12-13 11:25:21.646390625 2621965 [56330.229610]   388   388 D Kernel-Trace:     kworker/2:2H-10277 [002] ...1 56330.209908: cpu_frequency: state=652800 cpu_id=2
43424168-e44e-473a-bf12-dba8a4a4453a 2016-12-13 11:25:21.646390625 2621966 [56330.229621]   388   388 D Kernel-Trace:     kworker/3:2H-12900 [003] ...1 56330.220283: cpu_frequency: state=300000 cpu_id=3
43424168-e44e-473a-bf12-dba8a4a4453a 2016-12-13 11:25:21.746390625 2621967 [56330.329863]   388   388 D Kernel-Trace:     kworker/0:0H-7043  [000] ...1 56330.250267: cpu_frequency: state=422400 cpu_id=0
43424168-e44e-473a-bf12-dba8a4a4453a 2016-12-13 11:25:21.746390625 2621968 [56330.329937]   388   388 D Kernel-Trace:     kworker/2:2H-10277 [002] ...1 56330.250563: cpu_frequency: state=422400 cpu_id=2
43424168-e44e-473a-bf12-dba8a4a4453a 2016-12-13 11:25:21.746390625 2621969 [56330.329961]   388   388 D Kernel-Trace:     kworker/0:0H-7043  [000] ...1 56330.300015: cpu_frequency: state=300000 cpu_id=0
43424168-e44e-473a-bf12-dba8a4a4453a 2016-12-13 11:25:21.746390625 2621970 [56330.329989]   388   388 D Kernel-Trace:     kworker/2:2H-10277 [002] ...1 56330.300543: cpu_frequency: state=300000 cpu_id=2
43424168-e44e-473a-bf12-dba8a4a4453a 2016-12-13 11:25:21.946390625 2621971 [56330.529817]   388   388 D Kernel-Trace:      kworker/0:1-18635 [000] ...1 56330.449692: thermal_temp: sensor_id=5 temp=38
43424168-e44e-473a-bf12-dba8a4a4453a 2016-12-13 11:25:22.146390625 2621972 [56330.729816]   388   388 D Kernel-Trace:      kworker/0:4-27226 [000] ...1 56330.699720: thermal_temp: sensor_id=5 temp=38
43424168-e44e-473a-bf12-dba8a4a4453a 2016-12-13 11:25:22.246390625 2621973 [56330.829789]   388   388 D Kernel-Trace:     kworker/0:0H-7043  [000] ...1 56330.749973: cpu_frequency: state=1497600 cpu_id=0
43424168-e44e-473a-bf12-dba8a4a4453a 2016-12-13 11:25:22.246390625 2621974 [56330.829856]   388   388 D Kernel-Trace:     kworker/0:0H-7043  [000] ...1 56330.795953: cpu_frequency: state=300000 cpu_id=0
43424168-e44e-473a-bf12-dba8a4a4453a 2016-12-13 11:25:22.446390625 2621975 [56331.029777]   388   388 D Kernel-Trace:      kworker/0:4-27226 [000] ...1 56330.949688: thermal_temp: sensor_id=5 temp=38
43424168-e44e-473a-bf12-dba8a4a4453a 2016-12-13 11:25:22.646390625 2621976 [56331.229775]   388   388 D Kernel-Trace:      kworker/0:4-27226 [000] ...1 56331.199700: thermal_temp: sensor_id=5 temp=38
43424168-e44e-473a-bf12-dba8a4a4453a 2016-12-13 11:25:22.946390624 2621977 [56331.529733]   388   388 D Kernel-Trace:      kworker/0:1-18635 [000] ...1 56331.449527: thermal_temp: sensor_id=5 temp=38
43424168-e44e-473a-bf12-dba8a4a4453a 2016-12-13 11:25:22.956390624 2621978 [56331.542558]   963  3599 I Network-Telephony-PhoneLab: {"Action":"android.intent.action.SIG_STR","SignalStrength":{"Type":"CDMA","Level":1,"Strength":-99,"Asu":1},"timestamp":1481646322962,"uptimeNanos":213613689759264,"LogFormat":"1.1"}
43424168-e44e-473a-bf12-dba8a4a4453a 2016-12-13 11:25:22.966390624 2621979 [56331.551409]   963  1893 I Network-Telephony-PhoneLab: {"Action":"android.intent.action.SIG_STR","SignalStrength":{"Type":"CDMA","Level":1,"Strength":-98,"Asu":1},"timestamp":1481646322971,"uptimeNanos":213613698623483,"LogFormat":"1.1"}
43424168-e44e-473a-bf12-dba8a4a4453a 2016-12-13 11:25:22.976390624 2621980 [56331.559905]   963  1477 I Network-Telephony-PhoneLab: {"Action":"android.intent.action.SIG_STR","SignalStrength":{"Type":"CDMA","Level":1,"Strength":-98,"Asu":1},"timestamp":1481646322979,"uptimeNanos":213613707156139,"LogFormat":"1.1"}
43424168-e44e-473a-bf12-dba8a4a4453a 2016-12-13 11:25:23.146390624 2621981 [56331.729954]   388   388 D Kernel-Trace:      kworker/0:4-27226 [000] ...1 56331.699642: thermal_temp: sensor_id=5 temp=38
43424168-e44e-473a-bf12-dba8a4a4453a 2016-12-13 11:25:23.446390624 2621982 [56332.029777]   388   388 D Kernel-Trace:      kworker/0:4-27226 [000] ...1 56331.949685: thermal_temp: sensor_id=5 temp=38
43424168-e44e-473a-bf12-dba8a4a4453a 2016-12-13 11:25:23.646390624 2621983 [56332.229781]   388   388 D Kernel-Trace:      kworker/0:4-27226 [000] ...1 56332.199728: thermal_temp: sensor_id=5 temp=38
43424168-e44e-473a-bf12-dba8a4a4453a 2016-12-13 11:25:23.946390624 2621984 [56332.529794]   388   388 D Kernel-Trace:      kworker/0:4-27226 [000] ...1 56332.449681: thermal_temp: sensor_id=5 temp=38
43424168-e44e-473a-bf12-dba8a4a4453a 2016-12-13 11:25:24.146390624 2621985 [56332.729766]   388   388 D Kernel-Trace:      kworker/0:4-27226 [000] ...1 56332.699686: thermal_temp: sensor_id=5 temp=38
43424168-e44e-473a-bf12-dba8a4a4453a 2016-12-13 11:25:24.446390624 2621986 [56333.029781]   388   388 D Kernel-Trace:      kworker/0:4-27226 [000] ...1 56332.949689: thermal_temp: sensor_id=5 temp=38
43424168-e44e-473a-bf12-dba8a4a4453a 2016-12-13 11:25:24.646390624 2621987 [56333.229786]   388   388 D Kernel-Trace:      kworker/0:4-27226 [000] ...1 56333.199785: thermal_temp: sensor_id=5 temp=38
43424168-e44e-473a-bf12-dba8a4a4453a 2016-12-13 11:25:24.946390624 2621988 [56333.529777]   388   388 D Kernel-Trace:      kworker/0:4-27226 [000] ...1 56333.449713: thermal_temp: sensor_id=5 temp=38
43424168-e44e-473a-bf12-dba8a4a4453a 2016-12-13 11:25:25.146390624 2621989 [56333.729770]   388   388 D Kernel-Trace:      kworker/0:4-27226 [000] ...1 56333.699692: thermal_temp: sensor_id=5 temp=38
43424168-e44e-473a-bf12-dba8a4a4453a 2016-12-13 11:25:25.446390624 2621990 [56334.029775]   388   388 D Kernel-Trace:      kworker/0:4-27226 [000] ...1 56333.949692: thermal_temp: sensor_id=5 temp=38
43424168-e44e-473a-bf12-dba8a4a4453a 2016-12-13 11:25:25.516390623 2621991 [56334.102483]   963  2298 I Network-Telephony-PhoneLab: {"Action":"android.intent.action.SIG_STR","SignalStrength":{"Type":"CDMA","Level":1,"Strength":-98,"Asu":1},"timestamp":1481646325522,"uptimeNanos":213616249691190,"LogFormat":"1.1"}
43424168-e44e-473a-bf12-dba8a4a4453a 2016-12-13 11:25:25.546390623 2621992 [56334.130743]   963  3256 I Network-Telephony-PhoneLab: {"Action":"android.intent.action.SIG_STR","SignalStrength":{"Type":"CDMA","Level":1,"Strength":-99,"Asu":1},"timestamp":1481646325550,"uptimeNanos":213616277949575,"LogFormat":"1.1"}
43424168-e44e-473a-bf12-dba8a4a4453a 2016-12-13 11:25:25.646390623 2621993 [56334.229730]   388   388 D Kernel-Trace:      kworker/0:4-27226 [000] ...1 56334.199730: thermal_temp: sensor_id=5 temp=38
43424168-e44e-473a-bf12-dba8a4a4453a 2016-12-13 11:25:25.946390623 2621994 [56334.529777]   388   388 D Kernel-Trace:      kworker/0:4-27226 [000] ...1 56334.449710: thermal_temp: sensor_id=5 temp=38
43424168-e44e-473a-bf12-dba8a4a4453a 2016-12-13 11:25:26.146390623 2621995 [56334.729775]   388   388 D Kernel-Trace:      kworker/0:4-27226 [000] ...1 56334.699640: thermal_temp: sensor_id=5 temp=38
43424168-e44e-473a-bf12-dba8a4a4453a 2016-12-13 11:25:26.446390623 2621996 [56335.029812]   388   388 D Kernel-Trace:      kworker/0:4-27226 [000] ...1 56334.949535: thermal_temp: sensor_id=5 temp=38
43424168-e44e-473a-bf12-dba8a4a4453a 2016-12-13 11:25:26.646390623 2621997 [56335.229792]   388   388 D Kernel-Trace:      kworker/0:4-27226 [000] ...1 56335.199640: thermal_temp: sensor_id=5 temp=38
43424168-e44e-473a-bf12-dba8a4a4453a 2016-12-13 11:25:26.946390623 2621998 [56335.529784]   388   388 D Kernel-Trace:      kworker/0:4-27226 [000] ...1 56335.449715: thermal_temp: sensor_id=5 temp=38
43424168-e44e-473a-bf12-dba8a4a4453a 2016-12-13 11:25:27.146390623 2621999 [56335.729769]   388   388 D Kernel-Trace:      kworker/0:4-27226 [000] ...1 56335.699692: thermal_temp: sensor_id=5 temp=38
43424168-e44e-473a-bf12-dba8a4a4453a 2016-12-13 11:25:27.446390623 2622000 [56336.029783]   388   388 D Kernel-Trace:      kworker/0:4-27226 [000] ...1 56335.949641: thermal_temp: sensor_id=5 temp=38
43424168-e44e-473a-bf12-dba8a4a4453a 2016-12-13 11:25:27.646390623 2622001 [56336.229774]   388   388 D Kernel-Trace:      kworker/0:4-27226 [000] ...1 56336.199685: thermal_temp: sensor_id=5 temp=38
43424168-e44e-473a-bf12-dba8a4a4453a 2016-12-13 11:25:27.946390623 2622002 [56336.529789]   388   388 D Kernel-Trace:      kworker/0:4-27226 [000] ...1 56336.449756: thermal_temp: sensor_id=5 temp=38
43424168-e44e-473a-bf12-dba8a4a4453a 2016-12-13 11:25:28.146390622 2622003 [56336.729771]   388   388 D Kernel-Trace:      kworker/0:4-27226 [000] ...1 56336.699639: thermal_temp: sensor_id=5 temp=38
43424168-e44e-473a-bf12-dba8a4a4453a 2016-12-13 11:25:28.446390622 2622004 [56337.029784]   388   388 D Kernel-Trace:      kworker/0:4-27226 [000] ...1 56336.949696: thermal_temp: sensor_id=5 temp=38
43424168-e44e-473a-bf12-dba8a4a4453a 2016-12-13 11:25:28.546390622 2622005 [56337.129801]   388   388 D Kernel-Trace:     kworker/0:0H-7043  [000] ...1 56337.050121: cpu_frequency: state=1497600 cpu_id=0
43424168-e44e-473a-bf12-dba8a4a4453a 2016-12-13 11:25:28.546390622 2622006 [56337.129865]   388   388 D Kernel-Trace:     kworker/0:0H-7043  [000] ...1 56337.100014: cpu_frequency: state=300000 cpu_id=0
43424168-e44e-473a-bf12-dba8a4a4453a 2016-12-13 11:25:28.646390622 2622007 [56337.229780]   388   388 D Kernel-Trace:      kworker/0:4-27226 [000] ...1 56337.199825: thermal_temp: sensor_id=5 temp=38
43424168-e44e-473a-bf12-dba8a4a4453a 2016-12-13 11:25:28.946390622 2622008 [56337.529792]   388   388 D Kernel-Trace:      kworker/0:4-27226 [000] ...1 56337.449706: thermal_temp: sensor_id=5 temp=38
43424168-e44e-473a-bf12-dba8a4a4453a 2016-12-13 11:25:29.146390622 2622009 [56337.729776]   388   388 D Kernel-Trace:      kworker/0:4-27226 [000] ...1 56337.699662: thermal_temp: sensor_id=5 temp=38
43424168-e44e-473a-bf12-dba8a4a4453a 2016-12-13 11:25:29.446390622 2622010 [56338.029781]   388   388 D Kernel-Trace:      kworker/0:4-27226 [000] ...1 56337.949686: thermal_temp: sensor_id=5 temp=38
43424168-e44e-473a-bf12-dba8a4a4453a 2016-12-13 11:25:29.656390622 2622011 [56338.239773]   388   388 D Kernel-Trace:      kworker/0:4-27226 [000] ...1 56338.199703: thermal_temp: sensor_id=5 temp=38
43424168-e44e-473a-bf12-dba8a4a4453a 2016-12-13 11:25:29.956390622 2622012 [56338.539785]   388   388 D Kernel-Trace:      kworker/0:4-27226 [000] ...1 56338.449918: thermal_temp: sensor_id=5 temp=38
43424168-e44e-473a-bf12-dba8a4a4453a 2016-12-13 11:25:30.156390622 2622013 [56338.739797]   388   388 D Kernel-Trace:      kworker/0:4-27226 [000] ...1 56338.699640: thermal_temp: sensor_id=5 temp=38
43424168-e44e-473a-bf12-dba8a4a4453a 2016-12-13 11:25:30.406390622 2622014 [56338.990352]   963 29761 D NetlinkSocketObserver: NeighborEvent{elapsedMs=213621137, 192.168.1.1, [10FEEDE58C95], RTM_NEWNEIGH, NUD_PROBE}
43424168-e44e-473a-bf12-dba8a4a4453a 2016-12-13 11:25:30.456390622 2622015 [56339.039797]   388   388 D Kernel-Trace:      kworker/0:4-27226 [000] ...1 56338.949690: thermal_temp: sensor_id=5 temp=38
43424168-e44e-473a-bf12-dba8a4a4453a 2016-12-13 11:25:30.636390622 2622016 [56339.222052]   963  1896 I Network-Telephony-PhoneLab: {"Action":"android.intent.action.SIG_STR","SignalStrength":{"Type":"CDMA","Level":1,"Strength":-100,"Asu":1},"timestamp":1481646330642,"uptimeNanos":213621369254105,"LogFormat":"1.1"}
43424168-e44e-473a-bf12-dba8a4a4453a 2016-12-13 11:25:30.656390622 2622017 [56339.239835]   388   388 D Kernel-Trace:      kworker/0:4-27226 [000] ...1 56339.199973: thermal_temp: sensor_id=5 temp=38
43424168-e44e-473a-bf12-dba8a4a4453a 2016-12-13 11:25:30.956390621 2622018 [56339.539779]   388   388 D Kernel-Trace:      kworker/0:4-27226 [000] ...1 56339.449711: thermal_temp: sensor_id=5 temp=38
43424168-e44e-473a-bf12-dba8a4a4453a 2016-12-13 11:25:31.56390621 2622019 [56339.639446]   388   388 D Kernel-Trace:     kworker/3:2H-12900 [003] ...1 56339.590034: cpu_frequency: state=422400 cpu_id=3
43424168-e44e-473a-bf12-dba8a4a4453a 2016-12-13 11:25:31.56390621 2622020 [56339.639472]   388   388 D Kernel-Trace:     kworker/2:2H-10277 [002] ...1 56339.630222: cpu_frequency: state=1497600 cpu_id=2
43424168-e44e-473a-bf12-dba8a4a4453a 2016-12-13 11:25:31.156390621 2622021 [56339.739598]   388   388 D Kernel-Trace:     kworker/3:2H-12900 [003] ...1 56339.650227: cpu_frequency: state=300000 cpu_id=3
43424168-e44e-473a-bf12-dba8a4a4453a 2016-12-13 11:25:31.156390621 2622022 [56339.739620]   388   388 D Kernel-Trace:     kworker/2:2H-10277 [002] ...1 56339.669964: cpu_frequency: state=2265600 cpu_id=2
43424168-e44e-473a-bf12-dba8a4a4453a 2016-12-13 11:25:31.156390621 2622023 [56339.739625]   388   388 D Kernel-Trace:     kworker/2:2H-10277 [002] ...1 56339.689979: cpu_frequency: state=2649600 cpu_id=2
43424168-e44e-473a-bf12-dba8a4a4453a 2016-12-13 11:25:31.156390621 2622024 [56339.739630]   388   388 D Kernel-Trace:      kworker/0:4-27226 [000] ...1 56339.699758: thermal_temp: sensor_id=5 temp=38
43424168-e44e-473a-bf12-dba8a4a4453a 2016-12-13 11:25:31.356390621 2622025 [56339.939747]   388   388 D Kernel-Trace:     kworker/2:2H-10277 [002] ...1 56339.840459: cpu_frequency: state=300000 cpu_id=2
43424168-e44e-473a-bf12-dba8a4a4453a 2016-12-13 11:25:31.456390621 2622026 [56340.039775]   388   388 D Kernel-Trace:      kworker/0:4-27226 [000] ...1 56339.950090: thermal_temp: sensor_id=5 temp=38
43424168-e44e-473a-bf12-dba8a4a4453a 2016-12-13 11:25:31.656390621 2622027 [56340.239786]   388   388 D Kernel-Trace:      kworker/0:4-27226 [000] ...1 56340.199731: thermal_temp: sensor_id=5 temp=38
43424168-e44e-473a-bf12-dba8a4a4453a 2016-12-13 11:25:31.956390621 2622028 [56340.539807]   388   388 D Kernel-Trace:      kworker/0:4-27226 [000] ...1 56340.449717: thermal_temp: sensor_id=5 temp=38
43424168-e44e-473a-bf12-dba8a4a4453a 2016-12-13 11:25:32.156390621 2622029 [56340.739775]   388   388 D Kernel-Trace:      kworker/0:4-27226 [000] ...1 56340.699662: thermal_temp: sensor_id=5 temp=38
43424168-e44e-473a-bf12-dba8a4a4453a 2016-12-13 11:25:32.456390621 2622030 [56341.039780]   388   388 D Kernel-Trace:      kworker/0:4-27226 [000] ...1 56340.949690: thermal_temp: sensor_id=5 temp=38
43424168-e44e-473a-bf12-dba8a4a4453a 2016-12-13 11:25:32.656390621 2622031 [56341.239774]   388   388 D Kernel-Trace:      kworker/0:4-27226 [000] ...1 56341.199692: thermal_temp: sensor_id=5 temp=38
43424168-e44e-473a-bf12-dba8a4a4453a 2016-12-13 11:25:32.956390621 2622032 [56341.539765]   388   388 D Kernel-Trace:      kworker/0:4-27226 [000] ...1 56341.449677: thermal_temp: sensor_id=5 temp=38
43424168-e44e-473a-bf12-dba8a4a4453a 2016-12-13 11:25:33.156390621 2622033 [56341.739771]   388   388 D Kernel-Trace:      kworker/0:1-18635 [000] ...1 56341.699637: thermal_temp: sensor_id=5 temp=38
43424168-e44e-473a-bf12-dba8a4a4453a 2016-12-13 11:25:33.196390621 2622034 [56341.787527]   963   975 I Network-Telephony-PhoneLab: {"Action":"android.intent.action.SIG_STR","SignalStrength":{"Type":"CDMA","Level":1,"Strength":-100,"Asu":1},"timestamp":1481646333207,"uptimeNanos":213623934737229,"LogFormat":"1.1"}
43424168-e44e-473a-bf12-dba8a4a4453a 2016-12-13 11:25:33.206390621 2622035 [56341.797745]   963  1892 I Network-Telephony-PhoneLab: {"Action":"android.intent.action.SIG_STR","SignalStrength":{"Type":"CDMA","Level":1,"Strength":-100,"Asu":1},"timestamp":1481646333217,"uptimeNanos":213623944975666,"LogFormat":"1.1"}
43424168-e44e-473a-bf12-dba8a4a4453a 2016-12-13 11:25:33.216390621 2622036 [56341.807811]   963  1958 I Network-Telephony-PhoneLab: {"Action":"android.intent.action.SIG_STR","SignalStrength":{"Type":"CDMA","Level":1,"Strength":-100,"Asu":1},"timestamp":1481646333227,"uptimeNanos":213623954935979,"LogFormat":"1.1"}
43424168-e44e-473a-bf12-dba8a4a4453a 2016-12-13 11:25:33.456390620 2622037 [56342.040112]   388   388 D Kernel-Trace:      kworker/0:4-27226 [000] ...1 56341.949774: thermal_temp: sensor_id=5 temp=37
43424168-e44e-473a-bf12-dba8a4a4453a 2016-12-13 11:25:33.456390620 2622038 [56342.040203]   388   388 D Kernel-Trace:     kworker/1:2H-12491 [001] ...1 56341.971369: cpu_frequency: state=300000 cpu_id=1
43424168-e44e-473a-bf12-dba8a4a4453a 2016-12-13 11:25:33.656390620 2622039 [56342.241196]   388   388 D Kernel-Trace:      kworker/0:4-27226 [000] ...1 56342.200852: thermal_temp: sensor_id=5 temp=36
43424168-e44e-473a-bf12-dba8a4a4453a 2016-12-13 11:25:33.956390620 2622040 [56342.541954]   388   388 D Kernel-Trace:      kworker/0:4-27226 [000] ...1 56342.449881: thermal_temp: sensor_id=5 temp=35
43424168-e44e-473a-bf12-dba8a4a4453a 2016-12-13 11:25:34.156390620 2622041 [56342.741122]   388   388 D Kernel-Trace:      kworker/0:4-27226 [000] ...1 56342.701345: thermal_temp: sensor_id=5 temp=35
43424168-e44e-473a-bf12-dba8a4a4453a 2016-12-13 11:25:34.456390620 2622042 [56343.042198]   388   388 D Kernel-Trace:      kworker/0:4-27226 [000] ...1 56342.949813: thermal_temp: sensor_id=5 temp=35
43424168-e44e-473a-bf12-dba8a4a4453a 2016-12-13 11:25:34.646390620 2622043 [56343.229977]   963  1914 I Network-Telephony-PhoneLab: {"Action":"android.intent.action.SIG_STR","SignalStrength":{"Type":"CDMA","Level":1,"Strength":-100,"Asu":1},"timestamp":1481646334649,"uptimeNanos":213625376997645,"LogFormat":"1.1"}
43424168-e44e-473a-bf12-dba8a4a4453a 2016-12-13 11:25:34.656390620 2622044 [56343.239798]   388   388 D Kernel-Trace:      kworker/0:4-27226 [000] ...1 56343.201182: thermal_temp: sensor_id=5 temp=34
43424168-e44e-473a-bf12-dba8a4a4453a 2016-12-13 11:25:34.656390620 2622045 [56343.243194]   963  1523 I Network-Telephony-PhoneLab: {"Action":"android.intent.action.SIG_STR","SignalStrength":{"Type":"CDMA","Level":1,"Strength":-102,"Asu":1},"timestamp":1481646334663,"uptimeNanos":213625390319572,"LogFormat":"1.1"}
43424168-e44e-473a-bf12-dba8a4a4453a 2016-12-13 11:25:34.666390620 2622046 [56343.257536]   963   974 I Network-Telephony-PhoneLab: {"Action":"android.intent.action.SIG_STR","SignalStrength":{"Type":"CDMA","Level":1,"Strength":-102,"Asu":1},"timestamp":1481646334677,"uptimeNanos":213625404655614,"LogFormat":"1.1"}
43424168-e44e-473a-bf12-dba8a4a4453a 2016-12-13 11:25:34.956390620 2622047 [56343.540028]   388   388 D Kernel-Trace:      kworker/0:4-27226 [000] ...1 56343.449789: thermal_temp: sensor_id=5 temp=34
43424168-e44e-473a-bf12-dba8a4a4453a 2016-12-13 11:25:35.156390620 2622048 [56343.741276]   388   388 D Kernel-Trace:      kworker/0:4-27226 [000] ...1 56343.699766: thermal_temp: sensor_id=5 temp=34
43424168-e44e-473a-bf12-dba8a4a4453a 2016-12-13 11:25:35.456390620 2622049 [56344.040916]   388   388 D Kernel-Trace:      kworker/0:4-27226 [000] ...1 56343.949857: thermal_temp: sensor_id=5 temp=34
43424168-e44e-473a-bf12-dba8a4a4453a 2016-12-13 11:25:35.656390620 2622050 [56344.241185]   388   388 D Kernel-Trace:      kworker/0:4-27226 [000] ...1 56344.200883: thermal_temp: sensor_id=5 temp=34
43424168-e44e-473a-bf12-dba8a4a4453a 2016-12-13 11:25:35.956390620 2622051 [56344.542204]   388   388 D Kernel-Trace:      kworker/0:4-27226 [000] ...1 56344.449855: thermal_temp: sensor_id=5 temp=34
43424168-e44e-473a-bf12-dba8a4a4453a 2016-12-13 11:25:36.156390619 2622052 [56344.741337]   388   388 D Kernel-Trace:      kworker/0:4-27226 [000] ...1 56344.699768: thermal_temp: sensor_id=5 temp=34
43424168-e44e-473a-bf12-dba8a4a4453a 2016-12-13 11:25:36.456390619 2622053 [56345.042192]   388   388 D Kernel-Trace:      kworker/0:4-27226 [000] ...1 56344.949861: thermal_temp: sensor_id=5 temp=34
43424168-e44e-473a-bf12-dba8a4a4453a 2016-12-13 11:25:36.656390619 2622054 [56345.239988]   388   388 D Kernel-Trace:      kworker/0:4-27226 [000] ...1 56345.201266: thermal_temp: sensor_id=5 temp=33
43424168-e44e-473a-bf12-dba8a4a4453a 2016-12-13 11:25:36.756390619 2622055 [56345.346789]   963  2381 I Network-Telephony-PhoneLab: {"Action":"android.intent.action.SIG_STR","SignalStrength":{"Type":"CDMA","Level":1,"Strength":-102,"Asu":1},"timestamp":1481646336766,"uptimeNanos":213627493873582,"LogFormat":"1.1"}
43424168-e44e-473a-bf12-dba8a4a4453a 2016-12-13 11:25:36.776390619 2622056 [56345.361198]   963  1597 I Network-Telephony-PhoneLab: {"Action":"android.intent.action.SIG_STR","SignalStrength":{"Type":"CDMA","Level":1,"Strength":-103,"Asu":1},"timestamp":1481646336781,"uptimeNanos":213627508365092,"LogFormat":"1.1"}
43424168-e44e-473a-bf12-dba8a4a4453a 2016-12-13 11:25:36.956390619 2622057 [56345.539890]   388   388 D Kernel-Trace:      kworker/0:4-27226 [000] ...1 56345.450031: thermal_temp: sensor_id=5 temp=33
43424168-e44e-473a-bf12-dba8a4a4453a 2016-12-13 11:25:37.156390619 2622058 [56345.740866]   388   388 D Kernel-Trace:      kworker/0:4-27226 [000] ...1 56345.699906: thermal_temp: sensor_id=5 temp=33
43424168-e44e-473a-bf12-dba8a4a4453a 2016-12-13 11:25:37.456390619 2622059 [56346.042320]   388   388 D Kernel-Trace:      kworker/0:4-27226 [000] ...1 56345.949809: thermal_temp: sensor_id=5 temp=33
43424168-e44e-473a-bf12-dba8a4a4453a 2016-12-13 11:25:37.656390619 2622060 [56346.241160]   388   388 D Kernel-Trace:      kworker/0:4-27226 [000] ...1 56346.201528: thermal_temp: sensor_id=5 temp=33
43424168-e44e-473a-bf12-dba8a4a4453a 2016-12-13 11:25:37.956390619 2622061 [56346.542205]   388   388 D Kernel-Trace:      kworker/0:4-27226 [000] ...1 56346.449858: thermal_temp: sensor_id=5 temp=33
43424168-e44e-473a-bf12-dba8a4a4453a 2016-12-13 11:25:38.156390619 2622062 [56346.740113]   388   388 D Kernel-Trace:      kworker/0:4-27226 [000] ...1 56346.699946: thermal_temp: sensor_id=5 temp=33
43424168-e44e-473a-bf12-dba8a4a4453a 2016-12-13 11:25:38.456390619 2622063 [56347.042103]   388   388 D Kernel-Trace:      kworker/0:4-27226 [000] ...1 56346.949811: thermal_temp: sensor_id=5 temp=33
43424168-e44e-473a-bf12-dba8a4a4453a 2016-12-13 11:25:38.656390618 2622064 [56347.239653]   388   388 D Kernel-Trace:      kworker/0:4-27226 [000] ...1 56347.201475: thermal_temp: sensor_id=5 temp=33
43424168-e44e-473a-bf12-dba8a4a4453a 2016-12-13 11:25:38.746390618 2622065 [56347.336130]   963   975 I Network-Telephony-PhoneLab: {"Action":"android.intent.action.SIG_STR","SignalStrength":{"Type":"CDMA","Level":1,"Strength":-103,"Asu":1},"timestamp":1481646338756,"uptimeNanos":213629483263529,"LogFormat":"1.1"}
43424168-e44e-473a-bf12-dba8a4a4453a 2016-12-13 11:25:38.756390618 2622066 [56347.349208]   963  1892 I Network-Telephony-PhoneLab: {"Action":"android.intent.action.SIG_STR","SignalStrength":{"Type":"CDMA","Level":1,"Strength":-102,"Asu":1},"timestamp":1481646338769,"uptimeNanos":213629496271862,"LogFormat":"1.1"}
43424168-e44e-473a-bf12-dba8a4a4453a 2016-12-13 11:25:38.776390618 2622067 [56347.362795]   963  1958 I Network-Telephony-PhoneLab: {"Action":"android.intent.action.SIG_STR","SignalStrength":{"Type":"CDMA","Level":1,"Strength":-102,"Asu":1},"timestamp":1481646338782,"uptimeNanos":213629509914154,"LogFormat":"1.1"}
43424168-e44e-473a-bf12-dba8a4a4453a 2016-12-13 11:25:38.826390618 2622068 [56347.411479]   963 29761 D NetlinkSocketObserver: NeighborEvent{elapsedMs=213629558, 192.168.1.1, [10FEEDE58C95], RTM_NEWNEIGH, NUD_STALE}
43424168-e44e-473a-bf12-dba8a4a4453a 2016-12-13 11:25:38.956390618 2622069 [56347.539661]   388   388 D Kernel-Trace:      kworker/0:4-27226 [000] ...1 56347.450089: thermal_temp: sensor_id=5 temp=33
43424168-e44e-473a-bf12-dba8a4a4453a 2016-12-13 11:25:38.956390618 2622070 [56347.539736]   388   388 D Kernel-Trace:     kworker/1:2H-12491 [001] ...1 56347.530829: cpu_frequency: state=1497600 cpu_id=1
43424168-e44e-473a-bf12-dba8a4a4453a 2016-12-13 11:25:39.56390618 2622071 [56347.639706]   388   388 D Kernel-Trace:     kworker/2:2H-10277 [002] ...1 56347.559791: cpu_frequency: state=1497600 cpu_id=2
43424168-e44e-473a-bf12-dba8a4a4453a 2016-12-13 11:25:39.56390618 2622072 [56347.639773]   388   388 D Kernel-Trace:     kworker/2:2H-10277 [002] ...1 56347.600477: cpu_frequency: state=2265600 cpu_id=2
43424168-e44e-473a-bf12-dba8a4a4453a 2016-12-13 11:25:39.56390618 2622073 [56347.639800]   388   388 D Kernel-Trace:     kworker/1:2H-12491 [001] ...1 56347.600832: cpu_frequency: state=300000 cpu_id=1
43424168-e44e-473a-bf12-dba8a4a4453a 2016-12-13 11:25:39.56390618 2622074 [56347.639824]   388   388 D Kernel-Trace:     kworker/2:2H-10277 [002] ...1 56347.619623: cpu_frequency: state=2649600 cpu_id=2
43424168-e44e-473a-bf12-dba8a4a4453a 2016-12-13 11:25:39.156390618 2622075 [56347.739562]   388   388 D Kernel-Trace:      kworker/0:4-27226 [000] ...1 56347.699498: thermal_temp: sensor_id=5 temp=34
43424168-e44e-473a-bf12-dba8a4a4453a 2016-12-13 11:25:39.456390618 2622076 [56348.039561]   388   388 D Kernel-Trace:      kworker/0:4-27226 [000] ...1 56347.949478: thermal_temp: sensor_id=5 temp=35
43424168-e44e-473a-bf12-dba8a4a4453a 2016-12-13 11:25:39.656390618 2622077 [56348.239561]   388   388 D Kernel-Trace:      kworker/0:4-27226 [000] ...1 56348.199500: thermal_temp: sensor_id=5 temp=35
43424168-e44e-473a-bf12-dba8a4a4453a 2016-12-13 11:25:39.956390618 2622078 [56348.539589]   388   388 D Kernel-Trace:      kworker/0:4-27226 [000] ...1 56348.449507: thermal_temp: sensor_id=5 temp=35
43424168-e44e-473a-bf12-dba8a4a4453a 2016-12-13 11:25:40.156390618 2622079 [56348.739576]   388   388 D Kernel-Trace:      kworker/0:4-27226 [000] ...1 56348.699587: thermal_temp: sensor_id=5 temp=36
43424168-e44e-473a-bf12-dba8a4a4453a 2016-12-13 11:25:40.456390618 2622080 [56349.039563]   388   388 D Kernel-Trace:      kworker/0:4-27226 [000] ...1 56348.949477: thermal_temp: sensor_id=5 temp=36
43424168-e44e-473a-bf12-dba8a4a4453a 2016-12-13 11:25:40.656390618 2622081 [56349.239565]   388   388 D Kernel-Trace:      kworker/0:4-27226 [000] ...1 56349.199503: thermal_temp: sensor_id=5 temp=36
43424168-e44e-473a-bf12-dba8a4a4453a 2016-12-13 11:25:40.956390618 2622082 [56349.539559]   388   388 D Kernel-Trace:      kworker/0:4-27226 [000] ...1 56349.449511: thermal_temp: sensor_id=5 temp=36
43424168-e44e-473a-bf12-dba8a4a4453a 2016-12-13 11:25:41.156390618 2622083 [56349.739527]   388   388 D Kernel-Trace:      kworker/0:4-27226 [000] ...1 56349.699432: thermal_temp: sensor_id=5 temp=36
43424168-e44e-473a-bf12-dba8a4a4453a 2016-12-13 11:25:41.296390617 2622084 [56349.880863]   963  1914 I Network-Telephony-PhoneLab: {"Action":"android.intent.action.SIG_STR","SignalStrength":{"Type":"CDMA","Level":1,"Strength":-102,"Asu":1},"timestamp":1481646341300,"uptimeNanos":213632028093788,"LogFormat":"1.1"}
43424168-e44e-473a-bf12-dba8a4a4453a 2016-12-13 11:25:41.456390617 2622085 [56350.039584]   388   388 D Kernel-Trace:      kworker/0:4-27226 [000] ...1 56349.949493: thermal_temp: sensor_id=5 temp=36
43424168-e44e-473a-bf12-dba8a4a4453a 2016-12-13 11:25:41.656390617 2622086 [56350.239563]   388   388 D Kernel-Trace:      kworker/0:4-27226 [000] ...1 56350.199499: thermal_temp: sensor_id=5 temp=37
43424168-e44e-473a-bf12-dba8a4a4453a 2016-12-13 11:25:41.956390617 2622087 [56350.539529]   388   388 D Kernel-Trace:      kworker/0:4-27226 [000] ...1 56350.449504: thermal_temp: sensor_id=5 temp=37
43424168-e44e-473a-bf12-dba8a4a4453a 2016-12-13 11:25:42.156390617 2622088 [56350.739587]   388   388 D Kernel-Trace:      kworker/0:4-27226 [000] ...1 56350.699496: thermal_temp: sensor_id=5 temp=37
43424168-e44e-473a-bf12-dba8a4a4453a 2016-12-13 11:25:42.306390617 2622089 [56350.891498]   963  2298 I Network-Telephony-PhoneLab: {"Action":"android.intent.action.SIG_STR","SignalStrength":{"Type":"CDMA","Level":1,"Strength":-102,"Asu":1},"timestamp":1481646342311,"uptimeNanos":213633038720454,"LogFormat":"1.1"}
43424168-e44e-473a-bf12-dba8a4a4453a 2016-12-13 11:25:42.316390617 2622090 [56350.900331]   963  3256 I Network-Telephony-PhoneLab: {"Action":"android.intent.action.SIG_STR","SignalStrength":{"Type":"CDMA","Level":1,"Strength":-102,"Asu":1},"timestamp":1481646342320,"uptimeNanos":213633047553319,"LogFormat":"1.1"}
43424168-e44e-473a-bf12-dba8a4a4453a 2016-12-13 11:25:42.456390617 2622091 [56351.039589]   388   388 D Kernel-Trace:      kworker/0:4-27226 [000] ...1 56350.949480: thermal_temp: sensor_id=5 temp=37
43424168-e44e-473a-bf12-dba8a4a4453a 2016-12-13 11:25:42.576390617 2622092 [56351.164055]   963  1597 I Power-Battery-PhoneLab: {"Action":"android.intent.action.BATTERY_CHANGED","Scale":100,"BatteryProperties":{"chargerAcOnline":false,"chargerUsbOnline":true,"chargerWirelessOnline":false,"Status":2,"Health":2,"Present":true,"Level":30,"Voltage":3759,"Temperature":257,"Technology":"Li-ion"},"timestamp":1481646342583,"uptimeNanos":213633311097954,"LogFormat":"1.1"}
43424168-e44e-473a-bf12-dba8a4a4453a 2016-12-13 11:25:42.616390617 2622093 [56351.200937]  3212  3212 D PhoneLabServices-PlatformUpdateTask: Intent fired, action is android.intent.action.BATTERY_CHANGED
43424168-e44e-473a-bf12-dba8a4a4453a 2016-12-13 11:25:42.616390617 2622094 [56351.207444]  3212  3212 I PhoneLabServices-PlatformUpdateTask-Battery: {"status":2,"level":30,"voltage":3759,"temperature":257,"plugged":2,"present":true,"health":2,"technology":"Li-ion"}
43424168-e44e-473a-bf12-dba8a4a4453a 2016-12-13 11:25:42.656390617 2622095 [56351.239745]   388   388 D Kernel-Trace:     kworker/0:0H-7043  [000] ...1 56351.179877: cpu_frequency: state=1497600 cpu_id=0
43424168-e44e-473a-bf12-dba8a4a4453a 2016-12-13 11:25:42.656390617 2622096 [56351.239814]   388   388 D Kernel-Trace:     kworker/1:2H-12491 [001] ...1 56351.180173: cpu_frequency: state=1497600 cpu_id=1
43424168-e44e-473a-bf12-dba8a4a4453a 2016-12-13 11:25:42.656390617 2622097 [56351.239840]   388   388 D Kernel-Trace:      kworker/0:4-27226 [000] ...1 56351.199387: thermal_temp: sensor_id=5 temp=37
43424168-e44e-473a-bf12-dba8a4a4453a 2016-12-13 11:25:42.656390617 2622098 [56351.239863]   388   388 D Kernel-Trace:     kworker/0:0H-7043  [000] ...1 56351.219582: cpu_frequency: state=729600 cpu_id=0
43424168-e44e-473a-bf12-dba8a4a4453a 2016-12-13 11:25:42.656390617 2622099 [56351.239885]   388   388 D Kernel-Trace:     kworker/1:2H-12491 [001] ...1 56351.219823: cpu_frequency: state=300000 cpu_id=1
43424168-e44e-473a-bf12-dba8a4a4453a 2016-12-13 11:25:42.756390617 2622100 [56351.339508]   388   388 D Kernel-Trace:     kworker/0:0H-7043  [000] ...1 56351.286212: cpu_frequency: state=300000 cpu_id=0
43424168-e44e-473a-bf12-dba8a4a4453a 2016-12-13 11:25:42.956390617 2622101 [56351.539562]   388   388 D Kernel-Trace:      kworker/0:4-27226 [000] ...1 56351.449494: thermal_temp: sensor_id=5 temp=37
43424168-e44e-473a-bf12-dba8a4a4453a 2016-12-13 11:25:43.156390617 2622102 [56351.739556]   388   388 D Kernel-Trace:      kworker/0:4-27226 [000] ...1 56351.699495: thermal_temp: sensor_id=5 temp=37
43424168-e44e-473a-bf12-dba8a4a4453a 2016-12-13 11:25:43.456390617 2622103 [56352.039548]   388   388 D Kernel-Trace:      kworker/0:4-27226 [000] ...1 56351.949483: thermal_temp: sensor_id=5 temp=37
43424168-e44e-473a-bf12-dba8a4a4453a 2016-12-13 11:25:43.656390617 2622104 [56352.239565]   388   388 D Kernel-Trace:      kworker/0:4-27226 [000] ...1 56352.199500: thermal_temp: sensor_id=5 temp=37
43424168-e44e-473a-bf12-dba8a4a4453a 2016-12-13 11:25:43.956390616 2622105 [56352.539785]   388   388 D Kernel-Trace:      kworker/0:4-27226 [000] ...1 56352.449428: thermal_temp: sensor_id=5 temp=37
43424168-e44e-473a-bf12-dba8a4a4453a 2016-12-13 11:25:44.126390616 2622106 [56352.709876]   387   387 D KernelPrintk: 4,349736,56352706591,-;wl_bss_connect_done succeeded with 10:fe:ed:e5:8c:97
43424168-e44e-473a-bf12-dba8a4a4453a 2016-12-13 11:25:44.156390616 2622107 [56352.739864]   388   388 D Kernel-Trace:      kworker/0:4-27226 [000] ...1 56352.699702: thermal_temp: sensor_id=5 temp=37
43424168-e44e-473a-bf12-dba8a4a4453a 2016-12-13 11:25:44.456390616 2622108 [56353.039793]   388   388 D Kernel-Trace:      kworker/0:4-27226 [000] ...1 56352.949636: thermal_temp: sensor_id=5 temp=37
43424168-e44e-473a-bf12-dba8a4a4453a 2016-12-13 11:25:44.656390616 2622109 [56353.239782]   388   388 D Kernel-Trace:      kworker/0:4-27226 [000] ...1 56353.199720: thermal_temp: sensor_id=5 temp=37
43424168-e44e-473a-bf12-dba8a4a4453a 2016-12-13 11:25:44.956390616 2622110 [56353.539759]   388   388 D Kernel-Trace:      kworker/0:4-27226 [000] ...1 56353.449633: thermal_temp: sensor_id=5 temp=37
43424168-e44e-473a-bf12-dba8a4a4453a 2016-12-13 11:25:45.156390616 2622111 [56353.739761]   388   388 D Kernel-Trace:      kworker/0:4-27226 [000] ...1 56353.699672: thermal_temp: sensor_id=5 temp=37
43424168-e44e-473a-bf12-dba8a4a4453a 2016-12-13 11:25:45.366390616 2622112 [56353.949902]   388   388 D Kernel-Trace:      kworker/0:4-27226 [000] ...1 56353.949720: thermal_temp: sensor_id=5 temp=37
43424168-e44e-473a-bf12-dba8a4a4453a 2016-12-13 11:25:45.666390616 2622113 [56354.249825]   388   388 D Kernel-Trace:      kworker/0:4-27226 [000] ...1 56354.199693: thermal_temp: sensor_id=5 temp=37
43424168-e44e-473a-bf12-dba8a4a4453a 2016-12-13 11:25:45.866390616 2622114 [56354.449916]   388   388 D Kernel-Trace:      kworker/0:4-27226 [000] ...1 56354.449736: thermal_temp: sensor_id=5 temp=37
43424168-e44e-473a-bf12-dba8a4a4453a 2016-12-13 11:25:45.996390616 2622115 [56354.584363]   963  3599 I Network-Telephony-PhoneLab: {"Action":"android.intent.action.SIG_STR","SignalStrength":{"Type":"CDMA","Level":1,"Strength":-102,"Asu":1},"timestamp":1481646346004,"uptimeNanos":213636731575766,"LogFormat":"1.1"}
43424168-e44e-473a-bf12-dba8a4a4453a 2016-12-13 11:25:46.16390616 2622116 [56354.608503]   963  1893 I Network-Telephony-PhoneLab: {"Action":"android.intent.action.SIG_STR","SignalStrength":{"Type":"CDMA","Level":1,"Strength":-102,"Asu":1},"timestamp":1481646346028,"uptimeNanos":213636755718734,"LogFormat":"1.1"}
43424168-e44e-473a-bf12-dba8a4a4453a 2016-12-13 11:25:46.166390616 2622117 [56354.749800]   388   388 D Kernel-Trace:      kworker/0:4-27226 [000] ...1 56354.699664: thermal_temp: sensor_id=5 temp=37
43424168-e44e-473a-bf12-dba8a4a4453a 2016-12-13 11:25:46.366390616 2622118 [56354.949912]   388   388 D Kernel-Trace:      kworker/0:4-27226 [000] ...1 56354.949727: thermal_temp: sensor_id=5 temp=37
43424168-e44e-473a-bf12-dba8a4a4453a 2016-12-13 11:25:46.666390615 2622119 [56355.249801]   388   388 D Kernel-Trace:      kworker/0:4-27226 [000] ...1 56355.199638: thermal_temp: sensor_id=5 temp=37
43424168-e44e-473a-bf12-dba8a4a4453a 2016-12-13 11:25:46.966390615 2622120 [56355.549803]   388   388 D Kernel-Trace:      kworker/0:4-27226 [000] ...1 56355.449791: thermal_temp: sensor_id=5 temp=37
43424168-e44e-473a-bf12-dba8a4a4453a 2016-12-13 11:25:47.166390615 2622121 [56355.749795]   388   388 D Kernel-Trace:      kworker/0:4-27226 [000] ...1 56355.699637: thermal_temp: sensor_id=5 temp=37
43424168-e44e-473a-bf12-dba8a4a4453a 2016-12-13 11:25:47.366390615 2622122 [56355.949852]   388   388 D Kernel-Trace:      kworker/0:4-27226 [000] ...1 56355.949669: thermal_temp: sensor_id=5 temp=37
43424168-e44e-473a-bf12-dba8a4a4453a 2016-12-13 11:25:47.666390615 2622123 [56356.249794]   388   388 D Kernel-Trace:      kworker/0:4-27226 [000] ...1 56356.199516: thermal_temp: sensor_id=5 temp=37
43424168-e44e-473a-bf12-dba8a4a4453a 2016-12-13 11:25:47.966390615 2622124 [56356.549800]   388   388 D Kernel-Trace:      kworker/0:4-27226 [000] ...1 56356.449775: thermal_temp: sensor_id=5 temp=37
43424168-e44e-473a-bf12-dba8a4a4453a 2016-12-13 11:25:48.166390615 2622125 [56356.749790]   388   388 D Kernel-Trace:      kworker/0:4-27226 [000] ...1 56356.699633: thermal_temp: sensor_id=5 temp=37
43424168-e44e-473a-bf12-dba8a4a4453a 2016-12-13 11:25:48.356390615 2622126 [56356.940658]   963  1914 I Network-Telephony-PhoneLab: {"Action":"android.intent.action.SIG_STR","SignalStrength":{"Type":"CDMA","Level":1,"Strength":-102,"Asu":1},"timestamp":1481646348360,"uptimeNanos":213639088097588,"LogFormat":"1.1"}
43424168-e44e-473a-bf12-dba8a4a4453a 2016-12-13 11:25:48.366390615 2622127 [56356.949989]   388   388 D Kernel-Trace:     kworker/3:2H-12900 [003] ...1 56356.940051: cpu_frequency: state=1497600 cpu_id=3
43424168-e44e-473a-bf12-dba8a4a4453a 2016-12-13 11:25:48.366390615 2622128 [56356.950052]   388   388 D Kernel-Trace:      kworker/0:4-27226 [000] ...1 56356.949741: thermal_temp: sensor_id=5 temp=37
43424168-e44e-473a-bf12-dba8a4a4453a 2016-12-13 11:25:48.466390615 2622129 [56357.049740]   388   388 D Kernel-Trace:     kworker/3:2H-12900 [003] ...1 56357.000374: cpu_frequency: state=300000 cpu_id=3
43424168-e44e-473a-bf12-dba8a4a4453a 2016-12-13 11:25:48.666390615 2622130 [56357.249818]   388   388 D Kernel-Trace:      kworker/0:4-27226 [000] ...1 56357.199635: thermal_temp: sensor_id=5 temp=37
43424168-e44e-473a-bf12-dba8a4a4453a 2016-12-13 11:25:48.866390615 2622131 [56357.449911]   388   388 D Kernel-Trace:      kworker/0:4-27226 [000] ...1 56357.449730: thermal_temp: sensor_id=5 temp=37
43424168-e44e-473a-bf12-dba8a4a4453a 2016-12-13 11:25:49.166390614 2622132 [56357.749755]   388   388 D Kernel-Trace:      kworker/0:4-27226 [000] ...1 56357.699657: thermal_temp: sensor_id=5 temp=37
43424168-e44e-473a-bf12-dba8a4a4453a 2016-12-13 11:25:49.356390614 2622133 [56357.942939]   963  2298 I Network-Telephony-PhoneLab: {"Action":"android.intent.action.SIG_STR","SignalStrength":{"Type":"CDMA","Level":1,"Strength":-102,"Asu":1},"timestamp":1481646349362,"uptimeNanos":213640090140660,"LogFormat":"1.1"}
43424168-e44e-473a-bf12-dba8a4a4453a 2016-12-13 11:25:49.366390614 2622134 [56357.949835]   388   388 D Kernel-Trace:      kworker/0:4-27226 [000] ...1 56357.949659: thermal_temp: sensor_id=5 temp=37
43424168-e44e-473a-bf12-dba8a4a4453a 2016-12-13 11:25:49.666390614 2622135 [56358.249755]   388   388 D Kernel-Trace:      kworker/0:4-27226 [000] ...1 56358.199476: thermal_temp: sensor_id=5 temp=37
43424168-e44e-473a-bf12-dba8a4a4453a 2016-12-13 11:25:49.866390614 2622136 [56358.449866]   388   388 D Kernel-Trace:      kworker/0:4-27226 [000] ...1 56358.449699: thermal_temp: sensor_id=5 temp=37
43424168-e44e-473a-bf12-dba8a4a4453a 2016-12-13 11:25:49.886390614 2622137 [56358.470168]   388   388 D Kernel-Trace:     kworker/0:0H-7043  [000] ...1 56358.470068: cpu_frequency: state=1497600 cpu_id=0
43424168-e44e-473a-bf12-dba8a4a4453a 2016-12-13 11:25:49.986390614 2622138 [56358.569838]   388   388 D Kernel-Trace:     kworker/0:0H-7043  [000] ...1 56358.519824: cpu_frequency: state=300000 cpu_id=0
43424168-e44e-473a-bf12-dba8a4a4453a 2016-12-13 11:25:50.186390614 2622139 [56358.769798]   388   388 D Kernel-Trace:      kworker/0:4-27226 [000] ...1 56358.699693: thermal_temp: sensor_id=5 temp=37
43424168-e44e-473a-bf12-dba8a4a4453a 2016-12-13 11:25:50.386390614 2622140 [56358.969790]   388   388 D Kernel-Trace:      kworker/0:4-27226 [000] ...1 56358.949692: thermal_temp: sensor_id=5 temp=37
43424168-e44e-473a-bf12-dba8a4a4453a 2016-12-13 11:25:50.696390614 2622141 [56359.279748]   388   388 D Kernel-Trace:      kworker/0:4-27226 [000] ...1 56359.199695: thermal_temp: sensor_id=5 temp=37
43424168-e44e-473a-bf12-dba8a4a4453a 2016-12-13 11:25:50.896390614 2622142 [56359.479742]   388   388 D Kernel-Trace:      kworker/0:4-27226 [000] ...1 56359.449647: thermal_temp: sensor_id=5 temp=37
43424168-e44e-473a-bf12-dba8a4a4453a 2016-12-13 11:25:51.196390614 2622143 [56359.779747]   388   388 D Kernel-Trace:      kworker/0:4-27226 [000] ...1 56359.699691: thermal_temp: sensor_id=5 temp=37
43424168-e44e-473a-bf12-dba8a4a4453a 2016-12-13 11:25:51.396390614 2622144 [56359.979739]   388   388 D Kernel-Trace:      kworker/0:4-27226 [000] ...1 56359.949690: thermal_temp: sensor_id=5 temp=37
43424168-e44e-473a-bf12-dba8a4a4453a 2016-12-13 11:25:51.656390614 2622145 [56360.239731]   387   387 D KernelPrintk: 4,349737,56360237841,-;dhd_prot_flow_ring_delete sending FLOW RING Delete req msglen 40 
43424168-e44e-473a-bf12-dba8a4a4453a 2016-12-13 11:25:51.656390614 2622146 [56360.239843]   387   387 D KernelPrintk: 4,349738,56360237893,-;dhd_prot_flow_ring_delete sending FLOW RING Delete req msglen 40 
43424168-e44e-473a-bf12-dba8a4a4453a 2016-12-13 11:25:51.656390614 2622147 [56360.239906]   387   387 D KernelPrintk: 6,349739,56360238275,-;CFG80211-ERROR) wl_is_linkdown : Link down Reason : WLC_E_LINK
43424168-e44e-473a-bf12-dba8a4a4453a 2016-12-13 11:25:51.656390614 2622148 [56360.239970]   387   387 D KernelPrintk: 6,349740,56360238324,-;CFG80211-ERROR) wl_notify_connect_status : link down if wlan0 may call cfg80211_disconnected. event : 16, reason=1 from 10:fe:ed:e5:8c:97
43424168-e44e-473a-bf12-dba8a4a4453a 2016-12-13 11:25:51.656390614 2622149 [56360.240030]   387   387 D KernelPrintk: 4,349741,56360238423,-;dhd_bus_flow_ring_delete_response :Flow Delete Response 40 
43424168-e44e-473a-bf12-dba8a4a4453a 2016-12-13 11:25:51.656390614 2622150 [56360.240090]   387   387 D KernelPrintk: 4,349742,56360238762,-;dhd_bus_flow_ring_delete_response :Flow Delete Response 41 
43424168-e44e-473a-bf12-dba8a4a4453a 2016-12-13 11:25:51.656390614 2622151 [56360.243727]  1417  1417 I wpa_supplicant: wlan0: CTRL-EVENT-DISCONNECTED bssid=10:fe:ed:e5:8c:97 reason=0
43424168-e44e-473a-bf12-dba8a4a4453a 2016-12-13 11:25:51.676390614 2622152 [56360.259474]   387   387 D KernelPrintk: 6,349743,56360242703,-;CFG80211-ERROR) wl_is_linkdown : Link down Reason : WLC_E_LINK
43424168-e44e-473a-bf12-dba8a4a4453a 2016-12-13 11:25:51.676390614 2622153 [56360.264121]   963  1378 D WifiNative-HAL: stopRssiMonitoring, cmdId 0
43424168-e44e-473a-bf12-dba8a4a4453a 2016-12-13 11:25:51.676390614 2622154 [56360.264230]   963  1378 E WifiConfigStore: saveWifiConfigBSSID Setting BSSID for "AP4-5"-WPA_PSK to any
43424168-e44e-473a-bf12-dba8a4a4453a 2016-12-13 11:25:51.676390614 2622155 [56360.264332]   963  1378 D wifi_gbk2utf: ssid_utf8 = 睏湡, length=6, value =, length=0
43424168-e44e-473a-bf12-dba8a4a4453a 2016-12-13 11:25:51.676390614 2622156 [56360.264350]   963  1378 D wifi_gbk2utf: ssid_utf8 = 睏�, length=6, value =, length=0
43424168-e44e-473a-bf12-dba8a4a4453a 2016-12-13 11:25:51.686390614 2622157 [56360.269395]   387   387 D KernelPrintk: 6,349744,56360260260,-;cfg80211: Calling CRDA to update world regulatory domain
43424168-e44e-473a-bf12-dba8a4a4453a 2016-12-13 11:25:51.686390614 2622158 [56360.274902]   963  1378 E native  : do suspend true
43424168-e44e-473a-bf12-dba8a4a4453a 2016-12-13 11:25:51.696390614 2622159 [56360.279581]   388   388 D Kernel-Trace:      kworker/0:4-27226 [000] ...1 56360.199730: thermal_temp: sensor_id=5 temp=37
43424168-e44e-473a-bf12-dba8a4a4453a 2016-12-13 11:25:51.696390614 2622160 [56360.279599]   388   388 D Kernel-Trace:     kworker/0:0H-7043  [000] ...1 56360.260065: cpu_frequency: state=1497600 cpu_id=0
43424168-e44e-473a-bf12-dba8a4a4453a 2016-12-13 11:25:51.696390614 2622161 [56360.279606]   388   388 D Kernel-Trace:     kworker/3:2H-12900 [003] ...1 56360.261459: cpu_frequency: state=1497600 cpu_id=3
43424168-e44e-473a-bf12-dba8a4a4453a 2016-12-13 11:25:51.696390614 2622162 [56360.279940]   387   387 D KernelPrintk: 4,349745,56360275090,-;dhd_set_suspend: force extra Suspend setting 
43424168-e44e-473a-bf12-dba8a4a4453a 2016-12-13 11:25:51.696390614 2622163 [56360.286600]   963  2916 D DhcpClient: Clearing IP address
43424168-e44e-473a-bf12-dba8a4a4453a 2016-12-13 11:25:51.696390614 2622164 [56360.286619]   378   961 D CommandListener: Clearing all IP addresses on wlan0
43424168-e44e-473a-bf12-dba8a4a4453a 2016-12-13 11:25:51.696390614 2622165 [56360.288012]   963 29761 D NetlinkSocketObserver: NeighborEvent{elapsedMs=213642435, 192.168.1.1, [10FEEDE58C95], RTM_DELNEIGH, NUD_STALE}
43424168-e44e-473a-bf12-dba8a4a4453a 2016-12-13 11:25:51.706390613 2622166 [56360.290483]  1821 29865 V NativeCrypto: Read error: ssl=0x94292b00: I/O error during system call, Connection timed out
43424168-e44e-473a-bf12-dba8a4a4453a 2016-12-13 11:25:51.706390613 2622167 [56360.293660]   378   961 D CommandListener: Setting iface cfg
43424168-e44e-473a-bf12-dba8a4a4453a 2016-12-13 11:25:51.706390613 2622168 [56360.293973]  1821 29865 V NativeCrypto: SSL shutdown failed: ssl=0x94292b00: I/O error during system call, Broken pipe
43424168-e44e-473a-bf12-dba8a4a4453a 2016-12-13 11:25:51.706390613 2622169 [56360.294468]   963 29761 D NetlinkSocketObserver: NeighborEvent{elapsedMs=213642441, fde5:bdee:339a::1, [10FEEDE58C95], RTM_DELNEIGH, NUD_STALE}
43424168-e44e-473a-bf12-dba8a4a4453a 2016-12-13 11:25:51.706390613 2622170 [56360.295694]   963 29764 D DhcpClient: Receive thread stopped
43424168-e44e-473a-bf12-dba8a4a4453a 2016-12-13 11:25:51.706390613 2622171 [56360.298284]   963  1378 D IpReachabilityMonitor: clear: iface{wlan0/5}, v{8}, ntable=[]
43424168-e44e-473a-bf12-dba8a4a4453a 2016-12-13 11:25:51.706390613 2622172 [56360.298739]   963  1378 D WifiStateMachine: WifiStateMachine: Leaving Connected state
43424168-e44e-473a-bf12-dba8a4a4453a 2016-12-13 11:25:51.706390613 2622173 [56360.298782]   963  1378 D IpReachabilityMonitor: clear: iface{wlan0/5}, v{9}, ntable=[]
43424168-e44e-473a-bf12-dba8a4a4453a 2016-12-13 11:25:51.716390613 2622174 [56360.299406]   387   387 D KernelPrintk: 6,349746,56360299175,-;CFG80211-ERROR) wl_cfg80211_sched_scan_start : >>> SCHED SCAN START
43424168-e44e-473a-bf12-dba8a4a4453a 2016-12-13 11:25:51.716390613 2622175 [56360.302023]  3212  3212 D PhoneLabServices-AgreementTask: Intent fired, action = android.net.wifi.STATE_CHANGE
43424168-e44e-473a-bf12-dba8a4a4453a 2016-12-13 11:25:51.716390613 2622176 [56360.304973]  3212  3212 D PhoneLabServices-AgreementTask: Not connected to UB_Secure
43424168-e44e-473a-bf12-dba8a4a4453a 2016-12-13 11:25:51.716390613 2622177 [56360.306656]  3212  3212 D PhoneLabServices-AgreementTask: Intent fired, action = android.net.wifi.STATE_CHANGE
43424168-e44e-473a-bf12-dba8a4a4453a 2016-12-13 11:25:51.716390613 2622178 [56360.307180]  3212  3212 D PhoneLabServices-AgreementTask: Wifi not connected.
43424168-e44e-473a-bf12-dba8a4a4453a 2016-12-13 11:25:51.716390613 2622179 [56360.307220]  3212  3212 D PhoneLabServices-AgreementTask: Intent fired, action = android.net.wifi.STATE_CHANGE
43424168-e44e-473a-bf12-dba8a4a4453a 2016-12-13 11:25:51.716390613 2622180 [56360.307308]  3212  3212 D PhoneLabServices-AgreementTask: Wifi not connected.
43424168-e44e-473a-bf12-dba8a4a4453a 2016-12-13 11:25:51.726390613 2622181 [56360.309681]   387   387 D KernelPrintk: 4,349747,56360300190,-;Setting rand mac oui to FW - 92:68:c3
43424168-e44e-473a-bf12-dba8a4a4453a 2016-12-13 11:25:51.726390613 2622182 [56360.311169]   406   406 E Parcel  : Reading a NULL string not supported here.
43424168-e44e-473a-bf12-dba8a4a4453a 2016-12-13 11:25:51.726390613 2622183 [56360.312212]   963   975 D ThermaPlan->Batch: {"func":"Batch->add()","batch":{"what":"BATCH","start":213650727,"end":213684887,"flags":0,"flagsBinary":"0","oldStart":213639889,"oldEnd":213684887}}
43424168-e44e-473a-bf12-dba8a4a4453a 2016-12-13 11:25:51.726390613 2622184 [56360.312855]   963   975 D ThermaPlan->Batch: {"func":"Batch->add()","batch":{"what":"BATCH","start":213711754,"end":213730771,"flags":8,"flagsBinary":"1000","oldStart":213700771,"oldEnd":213730771}}
43424168-e44e-473a-bf12-dba8a4a4453a 2016-12-13 11:25:51.726390613 2622185 [56360.313310]   963   975 D ThermaPlan->Batch: {"func":"Batch->add()","batch":{"what":"BATCH","start":213831840,"end":213860657,"flags":0,"flagsBinary":"0","oldStart":213741687,"oldEnd":213860657}}
43424168-e44e-473a-bf12-dba8a4a4453a 2016-12-13 11:25:51.726390613 2622186 [56360.314898]   963   975 D ThermaPlan->Batch: {"func":"Batch->add()","batch":{"what":"BATCH","start":214276095,"end":214951095,"flags":8,"flagsBinary":"1000","oldStart":214251322,"oldEnd":215601322}}
43424168-e44e-473a-bf12-dba8a4a4453a 2016-12-13 11:25:51.726390613 2622187 [56360.315173]   963   975 D ThermaPlan->Batch: {"func":"Batch->add()","batch":{"what":"BATCH","start":214278171,"end":214951095,"flags":8,"flagsBinary":"1000","oldStart":214276095,"oldEnd":214951095}}
43424168-e44e-473a-bf12-dba8a4a4453a 2016-12-13 11:25:51.726390613 2622188 [56360.315446]   963   975 D ThermaPlan->Batch: {"func":"Batch->add()","batch":{"what":"BATCH","start":214278914,"end":214951095,"flags":8,"flagsBinary":"1000","oldStart":214278171,"oldEnd":214951095}}
43424168-e44e-473a-bf12-dba8a4a4453a 2016-12-13 11:25:51.726390613 2622189 [56360.315762]   963   975 D ThermaPlan->Batch: {"func":"Batch->add()","batch":{"what":"BATCH","start":214278988,"end":214951095,"flags":8,"flagsBinary":"1000","oldStart":214278914,"oldEnd":214951095}}
43424168-e44e-473a-bf12-dba8a4a4453a 2016-12-13 11:25:51.726390613 2622190 [56360.316083]   963   975 D ThermaPlan->Batch: {"func":"Batch->add()","batch":{"what":"BATCH","start":214281415,"end":214951095,"flags":8,"flagsBinary":"1000","oldStart":214278988,"oldEnd":214951095}}
43424168-e44e-473a-bf12-dba8a4a4453a 2016-12-13 11:25:51.726390613 2622191 [56360.316385]   963   975 D ThermaPlan->Batch: {"func":"Batch->add()","batch":{"what":"BATCH","start":214281680,"end":214951095,"flags":8,"flagsBinary":"1000","oldStart":214281415,"oldEnd":214951095}}
43424168-e44e-473a-bf12-dba8a4a4453a 2016-12-13 11:25:51.726390613 2622192 [56360.316674]   963   975 D ThermaPlan->Batch: {"func":"Batch->add()","batch":{"what":"BATCH","start":214282094,"end":214951095,"flags":8,"flagsBinary":"1000","oldStart":214281680,"oldEnd":214951095}}
43424168-e44e-473a-bf12-dba8a4a4453a 2016-12-13 11:25:51.726390613 2622193 [56360.316966]   963   975 D ThermaPlan->Batch: {"func":"Batch->add()","batch":{"what":"BATCH","start":214282211,"end":214951095,"flags":8,"flagsBinary":"1000","oldStart":214282094,"oldEnd":214951095}}
43424168-e44e-473a-bf12-dba8a4a4453a 2016-12-13 11:25:51.726390613 2622194 [56360.317270]   963   975 D ThermaPlan->Batch: {"func":"Batch->add()","batch":{"what":"BATCH","start":214282485,"end":214951095,"flags":8,"flagsBinary":"1000","oldStart":214282211,"oldEnd":214951095}}
43424168-e44e-473a-bf12-dba8a4a4453a 2016-12-13 11:25:51.726390613 2622195 [56360.317581]   963   975 D ThermaPlan->Batch: {"func":"Batch->add()","batch":{"what":"BATCH","start":214294563,"end":214951095,"flags":8,"flagsBinary":"1000","oldStart":214282485,"oldEnd":214951095}}
43424168-e44e-473a-bf12-dba8a4a4453a 2016-12-13 11:25:51.726390613 2622196 [56360.317918]   963   975 D ThermaPlan->Batch: {"func":"Batch->add()","batch":{"what":"BATCH","start":214733822,"end":214951095,"flags":8,"flagsBinary":"1000","oldStart":214294563,"oldEnd":214951095}}
43424168-e44e-473a-bf12-dba8a4a4453a 2016-12-13 11:25:51.726390613 2622197 [56360.318277]   963   975 D ThermaPlan->Batch: {"func":"Batch->add()","batch":{"what":"BATCH","start":214750705,"end":214951095,"flags":8,"flagsBinary":"1000","oldStart":214733822,"oldEnd":214951095}}
43424168-e44e-473a-bf12-dba8a4a4453a 2016-12-13 11:25:51.736390613 2622198 [56360.320443]   963   975 D ThermaPlan->Batch: {"func":"Batch->add()","batch":{"what":"BATCH","start":215759161,"end":219062073,"flags":8,"flagsBinary":"1000","oldStart":215226149,"oldEnd":219062073}}
43424168-e44e-473a-bf12-dba8a4a4453a 2016-12-13 11:25:51.736390613 2622199 [56360.320737]   963   975 D ThermaPlan->Batch: {"func":"Batch->add()","batch":{"what":"BATCH","start":216082518,"end":218782518,"flags":8,"flagsBinary":"1000","oldStart":215759161,"oldEnd":219062073}}
43424168-e44e-473a-bf12-dba8a4a4453a 2016-12-13 11:25:51.736390613 2622200 [56360.321064]   963   975 D ThermaPlan->Batch: {"func":"Batch->add()","batch":{"what":"BATCH","start":216144078,"end":218782518,"flags":8,"flagsBinary":"1000","oldStart":216082518,"oldEnd":218782518}}
43424168-e44e-473a-bf12-dba8a4a4453a 2016-12-13 11:25:51.736390613 2622201 [56360.321363]   963   975 D ThermaPlan->Batch: {"func":"Batch->add()","batch":{"what":"BATCH","start":216526830,"end":218782518,"flags":8,"flagsBinary":"1000","oldStart":216144078,"oldEnd":218782518}}
43424168-e44e-473a-bf12-dba8a4a4453a 2016-12-13 11:25:51.736390613 2622202 [56360.321655]   963   975 D ThermaPlan->Batch: {"func":"Batch->add()","batch":{"what":"BATCH","start":217737182,"end":218037182,"flags":8,"flagsBinary":"1000","oldStart":216526830,"oldEnd":218782518}}
43424168-e44e-473a-bf12-dba8a4a4453a 2016-12-13 11:25:51.736390613 2622203 [56360.322139]   963   975 D ThermaPlan->Batch: {"func":"Batch->add()","batch":{"what":"BATCH","start":220150599,"end":224060131,"flags":0,"flagsBinary":"0","oldStart":219290727,"oldEnd":224060131}}
43424168-e44e-473a-bf12-dba8a4a4453a 2016-12-13 11:25:51.736390613 2622204 [56360.322445]   963   975 D ThermaPlan->Batch: {"func":"Batch->add()","batch":{"what":"BATCH","start":220380550,"end":224060131,"flags":0,"flagsBinary":"0","oldStart":220150599,"oldEnd":224060131}}
43424168-e44e-473a-bf12-dba8a4a4453a 2016-12-13 11:25:51.736390613 2622205 [56360.323132]   963   975 D ThermaPlan->Batch: {"func":"Batch->add()","batch":{"what":"BATCH","start":228290727,"end":239324426,"flags":0,"flagsBinary":"0","oldStart":224222674,"oldEnd":240422669}}
43424168-e44e-473a-bf12-dba8a4a4453a 2016-12-13 11:25:51.736390613 2622206 [56360.323444]   963   975 D ThermaPlan->Batch: {"func":"Batch->add()","batch":{"what":"BATCH","start":230499939,"end":239324426,"flags":0,"flagsBinary":"0","oldStart":228290727,"oldEnd":239324426}}
43424168-e44e-473a-bf12-dba8a4a4453a 2016-12-13 11:25:51.736390613 2622207 [56360.323744]   963   975 D ThermaPlan->Batch: {"func":"Batch->add()","batch":{"what":"BATCH","start":231188198,"end":239324426,"flags":0,"flagsBinary":"0","oldStart":230499939,"oldEnd":239324426}}
43424168-e44e-473a-bf12-dba8a4a4453a 2016-12-13 11:25:51.736390613 2622208 [56360.324057]   963   975 D ThermaPlan->Batch: {"func":"Batch->add()","batch":{"what":"BATCH","start":231548284,"end":239324426,"flags":0,"flagsBinary":"0","oldStart":231188198,"oldEnd":239324426}}
43424168-e44e-473a-bf12-dba8a4a4453a 2016-12-13 11:25:51.736390613 2622209 [56360.325773]   963   975 D ThermaPlan->Batch: {"func":"Batch->add()","batch":{"what":"BATCH","start":248330836,"end":285305189,"flags":8,"flagsBinary":"1000","oldStart":240305189,"oldEnd":285305189}}
43424168-e44e-473a-bf12-dba8a4a4453a 2016-12-13 11:25:51.736390613 2622210 [56360.326097]   963   975 D ThermaPlan->Batch: {"func":"Batch->add()","batch":{"what":"BATCH","start":249541608,"end":282059671,"flags":8,"flagsBinary":"1000","oldStart":248330836,"oldEnd":285305189}}
43424168-e44e-473a-bf12-dba8a4a4453a 2016-12-13 11:25:51.736390613 2622211 [56360.326400]   963   975 D ThermaPlan->Batch: {"func":"Batch->add()","batch":{"what":"BATCH","start":249641515,"end":280795765,"flags":8,"flagsBinary":"1000","oldStart":249541608,"oldEnd":282059671}}
43424168-e44e-473a-bf12-dba8a4a4453a 2016-12-13 11:25:51.736390613 2622212 [56360.326711]   963   975 D ThermaPlan->Batch: {"func":"Batch->add()","batch":{"what":"BATCH","start":258890727,"end":280795765,"flags":8,"flagsBinary":"1000","oldStart":249641515,"oldEnd":280795765}}
43424168-e44e-473a-bf12-dba8a4a4453a 2016-12-13 11:25:51.736390613 2622213 [56360.326830]   963  1378 D WifiNetworkAgent: NetworkAgent: NetworkAgent channel lost
43424168-e44e-473a-bf12-dba8a4a4453a 2016-12-13 11:25:51.736390613 2622214 [56360.327184]   963   975 D ThermaPlan->Batch: {"func":"Batch->add()","batch":{"what":"BATCH","start":259200000,"end":280795765,"flags":8,"flagsBinary":"1000","oldStart":258890727,"oldEnd":280795765}}
43424168-e44e-473a-bf12-dba8a4a4453a 2016-12-13 11:25:51.736390613 2622215 [56360.327458]   963   975 D ThermaPlan->Batch: {"func":"Batch->add()","batch":{"what":"BATCH","start":259252542,"end":280795765,"flags":8,"flagsBinary":"1000","oldStart":259200000,"oldEnd":280795765}}
43424168-e44e-473a-bf12-dba8a4a4453a 2016-12-13 11:25:51.736390613 2622216 [56360.327833]   963   975 D ThermaPlan->Batch: {"func":"Batch->add()","batch":{"what":"BATCH","start":259281310,"end":280795765,"flags":8,"flagsBinary":"1000","oldStart":259252542,"oldEnd":280795765}}
43424168-e44e-473a-bf12-dba8a4a4453a 2016-12-13 11:25:51.736390613 2622217 [56360.328151]   963   975 D ThermaPlan->Batch: {"func":"Batch->add()","batch":{"what":"BATCH","start":259345161,"end":280795765,"flags":8,"flagsBinary":"1000","oldStart":259281310,"oldEnd":280795765}}
43424168-e44e-473a-bf12-dba8a4a4453a 2016-12-13 11:25:51.736390613 2622218 [56360.328448]   963   975 D ThermaPlan->Batch: {"func":"Batch->add()","batch":{"what":"BATCH","start":259786617,"end":280795765,"flags":8,"flagsBinary":"1000","oldStart":259345161,"oldEnd":280795765}}
43424168-e44e-473a-bf12-dba8a4a4453a 2016-12-13 11:25:51.736390613 2622219 [56360.328928]   963   975 D ThermaPlan->Batch: {"func":"Batch->add()","batch":{"what":"BATCH","start":261333689,"end":280795765,"flags":8,"flagsBinary":"1000","oldStart":259786617,"oldEnd":280795765}}
43424168-e44e-473a-bf12-dba8a4a4453a 2016-12-13 11:25:51.746390613 2622220 [56360.329724]   963   975 D ThermaPlan->Batch: {"func":"Batch->add()","batch":{"what":"BATCH","start":270989139,"end":280795765,"flags":8,"flagsBinary":"1000","oldStart":261333689,"oldEnd":280795765}}
43424168-e44e-473a-bf12-dba8a4a4453a 2016-12-13 11:25:51.746390613 2622221 [56360.332691]   963   981 D Tethering: MasterInitialState.processMessage what=3
43424168-e44e-473a-bf12-dba8a4a4453a 2016-12-13 11:25:51.746390613 2622222 [56360.335044]   963   975 D ThermaPlan->Batch: {"func":"Batch->add()","batch":{"what":"BATCH","start":292490680,"end":331748773,"flags":0,"flagsBinary":"0","oldStart":280825099,"oldEnd":331748773}}
43424168-e44e-473a-bf12-dba8a4a4453a 2016-12-13 11:25:51.746390613 2622223 [56360.335352]   963   975 D ThermaPlan->Batch: {"func":"Batch->add()","batch":{"what":"BATCH","start":296563796,"end":331748773,"flags":0,"flagsBinary":"0","oldStart":292490680,"oldEnd":331748773}}
43424168-e44e-473a-bf12-dba8a4a4453a 2016-12-13 11:25:51.746390613 2622224 [56360.336801]   963   975 D ThermaPlan->Batch: {"func":"Batch->add()","batch":{"what":"BATCH","start":299982241,"end":331748773,"flags":8,"flagsBinary":"1000","oldStart":296563796,"oldEnd":331748773}}
43424168-e44e-473a-bf12-dba8a4a4453a 2016-12-13 11:25:51.746390613 2622225 [56360.337516]   963   975 D ThermaPlan->Batch: {"func":"Batch->add()","batch":{"what":"BATCH","start":605813325,"end":1058493260,"flags":0,"flagsBinary":"0","oldStart":604893262,"oldEnd":1058493260}}
43424168-e44e-473a-bf12-dba8a4a4453a 2016-12-13 11:25:51.746390613 2622226 [56360.338165]   963   975 D ThermaPlan->Batch: {"func":"Batch->add()","batch":{"what":"BATCH","start":624143935,"end":992076404,"flags":0,"flagsBinary":"0","oldStart":605813325,"oldEnd":1058493260}}
43424168-e44e-473a-bf12-dba8a4a4453a 2016-12-13 11:25:51.746390613 2622227 [56360.338458]   963   975 D ThermaPlan->Batch: {"func":"Batch->add()","batch":{"what":"BATCH","start":694490727,"end":992076404,"flags":0,"flagsBinary":"0","oldStart":624143935,"oldEnd":992076404}}
43424168-e44e-473a-bf12-dba8a4a4453a 2016-12-13 11:25:51.746390613 2622228 [56360.338984]   963   975 D ThermaPlan->Batch: {"func":"Batch->add()","batch":{"what":"BATCH","start":701674709,"end":992076404,"flags":0,"flagsBinary":"0","oldStart":694490727,"oldEnd":992076404}}
43424168-e44e-473a-bf12-dba8a4a4453a 2016-12-13 11:25:51.756390613 2622229 [56360.339691]   963   975 D ThermaPlan->Batch: {"func":"Batch->add()","batch":{"what":"BATCH","start":315360057206,"end":551880056972,"flags":0,"flagsBinary":"0","oldStart":315360056973,"oldEnd":551880056972}}
43424168-e44e-473a-bf12-dba8a4a4453a 2016-12-13 11:25:51.756390613 2622230 [56360.340009]   963   975 D ThermaPlan->Batch: {"func":"Batch->add()","batch":{"what":"BATCH","start":315360057236,"end":551880056972,"flags":0,"flagsBinary":"0","oldStart":315360057206,"oldEnd":551880056972}}
43424168-e44e-473a-bf12-dba8a4a4453a 2016-12-13 11:25:51.756390613 2622231 [56360.340351]   963   975 D ThermaPlan->Batch: {"func":"Batch->add()","batch":{"what":"BATCH","start":315360057240,"end":551880056972,"flags":0,"flagsBinary":"0","oldStart":315360057236,"oldEnd":551880056972}}
43424168-e44e-473a-bf12-dba8a4a4453a 2016-12-13 11:25:51.756390613 2622232 [56360.340701]   963   975 D ThermaPlan->Batch: {"func":"Batch->add()","batch":{"what":"BATCH","start":315360057254,"end":551880056972,"flags":0,"flagsBinary":"0","oldStart":315360057240,"oldEnd":551880056972}}
43424168-e44e-473a-bf12-dba8a4a4453a 2016-12-13 11:25:51.756390613 2622233 [56360.341316]   963   975 D ThermaPlan->Batch: {"func":"Batch->add()","batch":{"what":"BATCH","start":315360057257,"end":551880056972,"flags":0,"flagsBinary":"0","oldStart":315360057254,"oldEnd":551880056972}}
43424168-e44e-473a-bf12-dba8a4a4453a 2016-12-13 11:25:51.756390613 2622234 [56360.341601]   963   975 D ThermaPlan->Batch: {"func":"Batch->add()","batch":{"what":"BATCH","start":315360057259,"end":551880056972,"flags":0,"flagsBinary":"0","oldStart":315360057257,"oldEnd":551880056972}}
43424168-e44e-473a-bf12-dba8a4a4453a 2016-12-13 11:25:51.756390613 2622235 [56360.341885]   963   975 D ThermaPlan->Batch: {"func":"Batch->add()","batch":{"what":"BATCH","start":315360094195,"end":551880056972,"flags":0,"flagsBinary":"0","oldStart":315360057259,"oldEnd":551880056972}}
43424168-e44e-473a-bf12-dba8a4a4453a 2016-12-13 11:25:51.756390613 2622236 [56360.342403]   963   975 D ThermaPlan->Batch: {"func":"Batch->add()","batch":{"what":"BATCH","start":315360113203,"end":551880056972,"flags":0,"flagsBinary":"0","oldStart":315360094195,"oldEnd":551880056972}}
43424168-e44e-473a-bf12-dba8a4a4453a 2016-12-13 11:25:51.756390613 2622237 [56360.342710]   963   975 D ThermaPlan->Batch: {"func":"Batch->add()","batch":{"what":"BATCH","start":315399259724,"end":551880056972,"flags":0,"flagsBinary":"0","oldStart":315360113203,"oldEnd":551880056972}}
43424168-e44e-473a-bf12-dba8a4a4453a 2016-12-13 11:25:51.756390613 2622238 [56360.343021]   963   975 D ThermaPlan->Batch: {"func":"Batch->add()","batch":{"what":"BATCH","start":315399259747,"end":551880056972,"flags":0,"flagsBinary":"0","oldStart":315399259724,"oldEnd":551880056972}}
43424168-e44e-473a-bf12-dba8a4a4453a 2016-12-13 11:25:51.756390613 2622239 [56360.343328]   963   975 D ThermaPlan->Batch: {"func":"Batch->add()","batch":{"what":"BATCH","start":315572926898,"end":551880056972,"flags":0,"flagsBinary":"0","oldStart":315399259747,"oldEnd":551880056972}}
43424168-e44e-473a-bf12-dba8a4a4453a 2016-12-13 11:25:51.756390613 2622240 [56360.345605]   963   974 I Network-Telephony-PhoneLab: {"Action":"android.intent.action.ANY_DATA_STATE","State":"CONNECTING","IsDataConnectivityPossible":true,"Reason":"dataEnabled","APN":"n.ispsn","APNType":"default","IsRoaming":false,"timestamp":1481646351765,"uptimeNanos":213642493100711,"LogFormat":"1.1"}
43424168-e44e-473a-bf12-dba8a4a4453a 2016-12-13 11:25:51.756390613 2622241 [56360.345801]   963  1820 D ThermaPlan->Batch: {"func":"Batch->add()","batch":{"what":"BATCH","start":213650727,"end":213684887,"flags":0,"flagsBinary":"0","oldStart":213639889,"oldEnd":213684887}}
43424168-e44e-473a-bf12-dba8a4a4453a 2016-12-13 11:25:51.756390613 2622242 [56360.346602]   963  1820 D ThermaPlan->Batch: {"func":"Batch->add()","batch":{"what":"BATCH","start":213711754,"end":213730771,"flags":8,"flagsBinary":"1000","oldStart":213700771,"oldEnd":213730771}}
43424168-e44e-473a-bf12-dba8a4a4453a 2016-12-13 11:25:51.756390613 2622243 [56360.347038]   963  1820 D ThermaPlan->Batch: {"func":"Batch->add()","batch":{"what":"BATCH","start":213831840,"end":213860657,"flags":0,"flagsBinary":"0","oldStart":213741687,"oldEnd":213860657}}
43424168-e44e-473a-bf12-dba8a4a4453a 2016-12-13 11:25:51.756390613 2622244 [56360.348671]   963  1820 D ThermaPlan->Batch: {"func":"Batch->add()","batch":{"what":"BATCH","start":214276095,"end":214951095,"flags":8,"flagsBinary":"1000","oldStart":214251322,"oldEnd":215601322}}
43424168-e44e-473a-bf12-dba8a4a4453a 2016-12-13 11:25:51.756390613 2622245 [56360.348857]  1877  1891 D PhoneInterfaceManager: [PhoneIntfMgr] getDataEnabled: subId=1 phoneId=0
43424168-e44e-473a-bf12-dba8a4a4453a 2016-12-13 11:25:51.756390613 2622246 [56360.348953]  1877  1891 D PhoneInterfaceManager: [PhoneIntfMgr] getDataEnabled: subId=1 retVal=true
43424168-e44e-473a-bf12-dba8a4a4453a 2016-12-13 11:25:51.756390613 2622247 [56360.348959]   963  1820 D ThermaPlan->Batch: {"func":"Batch->add()","batch":{"what":"BATCH","start":214278171,"end":214951095,"flags":8,"flagsBinary":"1000","oldStart":214276095,"oldEnd":214951095}}
43424168-e44e-473a-bf12-dba8a4a4453a 2016-12-13 11:25:51.756390613 2622248 [56360.349036] 28055 28055 D TelephonyManager: getDataEnabled: retVal=true
43424168-e44e-473a-bf12-dba8a4a4453a 2016-12-13 11:25:51.756390613 2622249 [56360.349225]   963  1820 D ThermaPlan->Batch: {"func":"Batch->add()","batch":{"what":"BATCH","start":214278914,"end":214951095,"flags":8,"flagsBinary":"1000","oldStart":214278171,"oldEnd":214951095}}
43424168-e44e-473a-bf12-dba8a4a4453a 2016-12-13 11:25:51.766390613 2622250 [56360.350118]   963  1820 D ThermaPlan->Batch: {"func":"Batch->add()","batch":{"what":"BATCH","start":214278988,"end":214951095,"flags":8,"flagsBinary":"1000","oldStart":214278914,"oldEnd":214951095}}
43424168-e44e-473a-bf12-dba8a4a4453a 2016-12-13 11:25:51.766390613 2622251 [56360.350210]  1821 29865 E GCM     : Wifi connection closed with errorCode 20
43424168-e44e-473a-bf12-dba8a4a4453a 2016-12-13 11:25:51.766390613 2622252 [56360.350334]   963  1820 D ThermaPlan->Batch: {"func":"Batch->add()","batch":{"what":"BATCH","start":214281415,"end":214951095,"flags":8,"flagsBinary":"1000","oldStart":214278988,"oldEnd":214951095}}
43424168-e44e-473a-bf12-dba8a4a4453a 2016-12-13 11:25:51.766390613 2622253 [56360.350530]   963  1820 D ThermaPlan->Batch: {"func":"Batch->add()","batch":{"what":"BATCH","start":214281680,"end":214951095,"flags":8,"flagsBinary":"1000","oldStart":214281415,"oldEnd":214951095}}
43424168-e44e-473a-bf12-dba8a4a4453a 2016-12-13 11:25:51.766390613 2622254 [56360.350755]   963  1820 D ThermaPlan->Batch: {"func":"Batch->add()","batch":{"what":"BATCH","start":214282094,"end":214951095,"flags":8,"flagsBinary":"1000","oldStart":214281680,"oldEnd":214951095}}
43424168-e44e-473a-bf12-dba8a4a4453a 2016-12-13 11:25:51.766390613 2622255 [56360.350964]   963  1820 D ThermaPlan->Batch: {"func":"Batch->add()","batch":{"what":"BATCH","start":214282211,"end":214951095,"flags":8,"flagsBinary":"1000","oldStart":214282094,"oldEnd":214951095}}
43424168-e44e-473a-bf12-dba8a4a4453a 2016-12-13 11:25:51.766390613 2622256 [56360.351192]   963  1820 D ThermaPlan->Batch: {"func":"Batch->add()","batch":{"what":"BATCH","start":214282485,"end":214951095,"flags":8,"flagsBinary":"1000","oldStart":214282211,"oldEnd":214951095}}
43424168-e44e-473a-bf12-dba8a4a4453a 2016-12-13 11:25:51.766390613 2622257 [56360.351423]   963  1820 D ThermaPlan->Batch: {"func":"Batch->add()","batch":{"what":"BATCH","start":214294563,"end":214951095,"flags":8,"flagsBinary":"1000","oldStart":214282485,"oldEnd":214951095}}
43424168-e44e-473a-bf12-dba8a4a4453a 2016-12-13 11:25:51.766390613 2622258 [56360.351660]   963  1820 D ThermaPlan->Batch: {"func":"Batch->add()","batch":{"what":"BATCH","start":214733823,"end":214951095,"flags":8,"flagsBinary":"1000","oldStart":214294563,"oldEnd":214951095}}
43424168-e44e-473a-bf12-dba8a4a4453a 2016-12-13 11:25:51.766390613 2622259 [56360.351883]   963  1820 D ThermaPlan->Batch: {"func":"Batch->add()","batch":{"what":"BATCH","start":214750705,"end":214951095,"flags":8,"flagsBinary":"1000","oldStart":214733823,"oldEnd":214951095}}
43424168-e44e-473a-bf12-dba8a4a4453a 2016-12-13 11:25:51.766390613 2622260 [56360.353599]   963  1896 I Network-Telephony-PhoneLab: {"Action":"android.intent.action.ANY_DATA_STATE","State":"DISCONNECTED","IsDataConnectivityPossible":true,"Reason":"dataEnabled","APN":"<none>","APNType":"mms","IsRoaming":false,"timestamp":1481646351773,"uptimeNanos":213642501081701,"LogFormat":"1.1"}
43424168-e44e-473a-bf12-dba8a4a4453a 2016-12-13 11:25:51.766390613 2622261 [56360.355484]   963  1820 D ThermaPlan->Batch: {"func":"Batch->add()","batch":{"what":"BATCH","start":215759161,"end":219062073,"flags":8,"flagsBinary":"1000","oldStart":215226149,"oldEnd":219062073}}
43424168-e44e-473a-bf12-dba8a4a4453a 2016-12-13 11:25:51.766390613 2622262 [56360.355701]   963  1820 D ThermaPlan->Batch: {"func":"Batch->add()","batch":{"what":"BATCH","start":216082518,"end":218782518,"flags":8,"flagsBinary":"1000","oldStart":215759161,"oldEnd":219062073}}
43424168-e44e-473a-bf12-dba8a4a4453a 2016-12-13 11:25:51.766390613 2622263 [56360.355923]   963  1820 D ThermaPlan->Batch: {"func":"Batch->add()","batch":{"what":"BATCH","start":216144078,"end":218782518,"flags":8,"flagsBinary":"1000","oldStart":216082518,"oldEnd":218782518}}
43424168-e44e-473a-bf12-dba8a4a4453a 2016-12-13 11:25:51.766390613 2622264 [56360.356113]   963  1820 D ThermaPlan->Batch: {"func":"Batch->add()","batch":{"what":"BATCH","start":216526830,"end":218782518,"flags":8,"flagsBinary":"1000","oldStart":216144078,"oldEnd":218782518}}
43424168-e44e-473a-bf12-dba8a4a4453a 2016-12-13 11:25:51.766390613 2622265 [56360.356308]   963  1820 D ThermaPlan->Batch: {"func":"Batch->add()","batch":{"what":"BATCH","start":217737182,"end":218037182,"flags":8,"flagsBinary":"1000","oldStart":216526830,"oldEnd":218782518}}
43424168-e44e-473a-bf12-dba8a4a4453a 2016-12-13 11:25:51.766390613 2622266 [56360.356674]   963  1820 D ThermaPlan->Batch: {"func":"Batch->add()","batch":{"what":"BATCH","start":220150600,"end":224060132,"flags":0,"flagsBinary":"0","oldStart":219290728,"oldEnd":224060132}}
43424168-e44e-473a-bf12-dba8a4a4453a 2016-12-13 11:25:51.766390613 2622267 [56360.357096]  1877  2436 D PhoneInterfaceManager: [PhoneIntfMgr] getDataEnabled: subId=1 phoneId=0
43424168-e44e-473a-bf12-dba8a4a4453a 2016-12-13 11:25:51.766390613 2622268 [56360.357191]  1877  2436 D PhoneInterfaceManager: [PhoneIntfMgr] getDataEnabled: subId=1 retVal=true
43424168-e44e-473a-bf12-dba8a4a4453a 2016-12-13 11:25:51.766390613 2622269 [56360.357296] 28055 28055 D TelephonyManager: getDataEnabled: retVal=true
43424168-e44e-473a-bf12-dba8a4a4453a 2016-12-13 11:25:51.766390613 2622270 [56360.358015]   963  1820 D ThermaPlan->Batch: {"func":"Batch->add()","batch":{"what":"BATCH","start":220380550,"end":224060132,"flags":0,"flagsBinary":"0","oldStart":220150600,"oldEnd":224060132}}
43424168-e44e-473a-bf12-dba8a4a4453a 2016-12-13 11:25:51.766390613 2622271 [56360.358015]   963  1477 I Network-Telephony-PhoneLab: {"Action":"android.intent.action.ANY_DATA_STATE","State":"DISCONNECTED","IsDataConnectivityPossible":true,"Reason":"dataEnabled","APN":"<none>","APNType":"cbs","IsRoaming":false,"timestamp":1481646351778,"uptimeNanos":213642505520815,"LogFormat":"1.1"}
43424168-e44e-473a-bf12-dba8a4a4453a 2016-12-13 11:25:51.766390613 2622272 [56360.358501]   963  1820 D ThermaPlan->Batch: {"func":"Batch->add()","batch":{"what":"BATCH","start":228290727,"end":239324426,"flags":0,"flagsBinary":"0","oldStart":224222674,"oldEnd":240422669}}
43424168-e44e-473a-bf12-dba8a4a4453a 2016-12-13 11:25:51.766390613 2622273 [56360.359067]   963  1820 D ThermaPlan->Batch: {"func":"Batch->add()","batch":{"what":"BATCH","start":230499939,"end":239324426,"flags":0,"flagsBinary":"0","oldStart":228290727,"oldEnd":239324426}}
43424168-e44e-473a-bf12-dba8a4a4453a 2016-12-13 11:25:51.766390613 2622274 [56360.359287]   963  1820 D ThermaPlan->Batch: {"func":"Batch->add()","batch":{"what":"BATCH","start":231188198,"end":239324426,"flags":0,"flagsBinary":"0","oldStart":230499939,"oldEnd":239324426}}
43424168-e44e-473a-bf12-dba8a4a4453a 2016-12-13 11:25:51.776390613 2622275 [56360.359720]   963  1820 D ThermaPlan->Batch: {"func":"Batch->add()","batch":{"what":"BATCH","start":231548284,"end":239324426,"flags":0,"flagsBinary":"0","oldStart":231188198,"oldEnd":239324426}}
43424168-e44e-473a-bf12-dba8a4a4453a 2016-12-13 11:25:51.776390613 2622276 [56360.360618]  1877  4507 D PhoneInterfaceManager: [PhoneIntfMgr] getDataEnabled: subId=1 phoneId=0
43424168-e44e-473a-bf12-dba8a4a4453a 2016-12-13 11:25:51.776390613 2622277 [56360.360706]  1877  4507 D PhoneInterfaceManager: [PhoneIntfMgr] getDataEnabled: subId=1 retVal=true
43424168-e44e-473a-bf12-dba8a4a4453a 2016-12-13 11:25:51.776390613 2622278 [56360.360791] 28055 28055 D TelephonyManager: getDataEnabled: retVal=true
43424168-e44e-473a-bf12-dba8a4a4453a 2016-12-13 11:25:51.776390613 2622279 [56360.361853]   963  1820 D ThermaPlan->Batch: {"func":"Batch->add()","batch":{"what":"BATCH","start":248330836,"end":285305189,"flags":8,"flagsBinary":"1000","oldStart":240305189,"oldEnd":285305189}}
43424168-e44e-473a-bf12-dba8a4a4453a 2016-12-13 11:25:51.776390613 2622280 [56360.361879]   963  2298 I Network-Telephony-PhoneLab: {"Action":"android.intent.action.ANY_DATA_STATE","State":"DISCONNECTED","IsDataConnectivityPossible":true,"Reason":"dataEnabled","APN":"<none>","APNType":"fota","IsRoaming":false,"timestamp":1481646351782,"uptimeNanos":213642509366649,"LogFormat":"1.1"}
43424168-e44e-473a-bf12-dba8a4a4453a 2016-12-13 11:25:51.776390613 2622281 [56360.362068]   963  1820 D ThermaPlan->Batch: {"func":"Batch->add()","batch":{"what":"BATCH","start":249541608,"end":282059671,"flags":8,"flagsBinary":"1000","oldStart":248330836,"oldEnd":285305189}}
43424168-e44e-473a-bf12-dba8a4a4453a 2016-12-13 11:25:51.776390613 2622282 [56360.362275]   963  1820 D ThermaPlan->Batch: {"func":"Batch->add()","batch":{"what":"BATCH","start":249641515,"end":280795765,"flags":8,"flagsBinary":"1000","oldStart":249541608,"oldEnd":282059671}}
43424168-e44e-473a-bf12-dba8a4a4453a 2016-12-13 11:25:51.776390613 2622283 [56360.362778]   963  1820 D ThermaPlan->Batch: {"func":"Batch->add()","batch":{"what":"BATCH","start":258890727,"end":280795765,"flags":8,"flagsBinary":"1000","oldStart":249641515,"oldEnd":280795765}}
43424168-e44e-473a-bf12-dba8a4a4453a 2016-12-13 11:25:51.776390613 2622284 [56360.363030]   963  1820 D ThermaPlan->Batch: {"func":"Batch->add()","batch":{"what":"BATCH","start":259200000,"end":280795765,"flags":8,"flagsBinary":"1000","oldStart":258890727,"oldEnd":280795765}}
43424168-e44e-473a-bf12-dba8a4a4453a 2016-12-13 11:25:51.776390613 2622285 [56360.363234]   963  1820 D ThermaPlan->Batch: {"func":"Batch->add()","batch":{"what":"BATCH","start":259252542,"end":280795765,"flags":8,"flagsBinary":"1000","oldStart":259200000,"oldEnd":280795765}}
43424168-e44e-473a-bf12-dba8a4a4453a 2016-12-13 11:25:51.776390613 2622286 [56360.363456]   963  1820 D ThermaPlan->Batch: {"func":"Batch->add()","batch":{"what":"BATCH","start":259281310,"end":280795765,"flags":8,"flagsBinary":"1000","oldStart":259252542,"oldEnd":280795765}}
43424168-e44e-473a-bf12-dba8a4a4453a 2016-12-13 11:25:51.776390613 2622287 [56360.363711]   963  1820 D ThermaPlan->Batch: {"func":"Batch->add()","batch":{"what":"BATCH","start":259345161,"end":280795765,"flags":8,"flagsBinary":"1000","oldStart":259281310,"oldEnd":280795765}}
43424168-e44e-473a-bf12-dba8a4a4453a 2016-12-13 11:25:51.776390613 2622288 [56360.363953]   963  1820 D ThermaPlan->Batch: {"func":"Batch->add()","batch":{"what":"BATCH","start":259786617,"end":280795765,"flags":8,"flagsBinary":"1000","oldStart":259345161,"oldEnd":280795765}}
43424168-e44e-473a-bf12-dba8a4a4453a 2016-12-13 11:25:51.776390613 2622289 [56360.364308]   963  1820 D ThermaPlan->Batch: {"func":"Batch->add()","batch":{"what":"BATCH","start":261333689,"end":280795765,"flags":8,"flagsBinary":"1000","oldStart":259786617,"oldEnd":280795765}}
43424168-e44e-473a-bf12-dba8a4a4453a 2016-12-13 11:25:51.776390613 2622290 [56360.364335]  1877  1891 D PhoneInterfaceManager: [PhoneIntfMgr] getDataEnabled: subId=1 phoneId=0
43424168-e44e-473a-bf12-dba8a4a4453a 2016-12-13 11:25:51.776390613 2622291 [56360.364426]  1877  1891 D PhoneInterfaceManager: [PhoneIntfMgr] getDataEnabled: subId=1 retVal=true
43424168-e44e-473a-bf12-dba8a4a4453a 2016-12-13 11:25:51.776390613 2622292 [56360.364518]   963  1820 D ThermaPlan->Batch: {"func":"Batch->add()","batch":{"what":"BATCH","start":270989139,"end":280795765,"flags":8,"flagsBinary":"1000","oldStart":261333689,"oldEnd":280795765}}
43424168-e44e-473a-bf12-dba8a4a4453a 2016-12-13 11:25:51.776390613 2622293 [56360.364552] 28055 28055 D TelephonyManager: getDataEnabled: retVal=true
43424168-e44e-473a-bf12-dba8a4a4453a 2016-12-13 11:25:51.776390613 2622294 [56360.365025]   963  1896 I Network-Telephony-PhoneLab: {"Action":"android.intent.action.ANY_DATA_STATE","State":"DISCONNECTED","IsDataConnectivityPossible":true,"Reason":"dataEnabled","APN":"<none>","APNType":"supl","IsRoaming":false,"timestamp":1481646351785,"uptimeNanos":213642512523888,"LogFormat":"1.1"}
43424168-e44e-473a-bf12-dba8a4a4453a 2016-12-13 11:25:51.776390613 2622295 [56360.367781]  1877  4573 D PhoneInterfaceManager: [PhoneIntfMgr] getDataEnabled: subId=1 phoneId=0
43424168-e44e-473a-bf12-dba8a4a4453a 2016-12-13 11:25:51.776390613 2622296 [56360.367873]  1877  4573 D PhoneInterfaceManager: [PhoneIntfMgr] getDataEnabled: subId=1 retVal=true
43424168-e44e-473a-bf12-dba8a4a4453a 2016-12-13 11:25:51.776390613 2622297 [56360.367951] 28055 28055 D TelephonyManager: getDataEnabled: retVal=true
43424168-e44e-473a-bf12-dba8a4a4453a 2016-12-13 11:25:51.776390613 2622298 [56360.368672]   963  1477 I Network-Telephony-PhoneLab: {"Action":"android.intent.action.ANY_DATA_STATE","State":"DISCONNECTED","IsDataConnectivityPossible":true,"Reason":"dataEnabled","APN":"<none>","APNType":"ia","IsRoaming":false,"timestamp":1481646351788,"uptimeNanos":213642516158628,"LogFormat":"1.1"}
43424168-e44e-473a-bf12-dba8a4a4453a 2016-12-13 11:25:51.786390613 2622299 [56360.370086]   963  1820 D ThermaPlan->Batch: {"func":"Batch->add()","batch":{"what":"BATCH","start":292490680,"end":331748773,"flags":0,"flagsBinary":"0","oldStart":280825099,"oldEnd":331748773}}
43424168-e44e-473a-bf12-dba8a4a4453a 2016-12-13 11:25:51.786390613 2622300 [56360.370345]   963  1820 D ThermaPlan->Batch: {"func":"Batch->add()","batch":{"what":"BATCH","start":296563796,"end":331748773,"flags":0,"flagsBinary":"0","oldStart":292490680,"oldEnd":331748773}}
43424168-e44e-473a-bf12-dba8a4a4453a 2016-12-13 11:25:51.786390613 2622301 [56360.370748]   963  1820 D ThermaPlan->Batch: {"func":"Batch->add()","batch":{"what":"BATCH","start":605813325,"end":1058493261,"flags":0,"flagsBinary":"0","oldStart":604893263,"oldEnd":1058493261}}
43424168-e44e-473a-bf12-dba8a4a4453a 2016-12-13 11:25:51.786390613 2622302 [56360.370983]   963  1820 D ThermaPlan->Batch: {"func":"Batch->add()","batch":{"what":"BATCH","start":624143935,"end":992076404,"flags":0,"flagsBinary":"0","oldStart":605813325,"oldEnd":1058493261}}
43424168-e44e-473a-bf12-dba8a4a4453a 2016-12-13 11:25:51.786390613 2622303 [56360.371341]  1877  4505 D PhoneInterfaceManager: [PhoneIntfMgr] getDataEnabled: subId=1 phoneId=0
43424168-e44e-473a-bf12-dba8a4a4453a 2016-12-13 11:25:51.786390613 2622304 [56360.371451]  1877  4505 D PhoneInterfaceManager: [PhoneIntfMgr] getDataEnabled: subId=1 retVal=true
43424168-e44e-473a-bf12-dba8a4a4453a 2016-12-13 11:25:51.786390613 2622305 [56360.371526]   963  1820 D ThermaPlan->Batch: {"func":"Batch->add()","batch":{"what":"BATCH","start":694490727,"end":992076404,"flags":0,"flagsBinary":"0","oldStart":624143935,"oldEnd":992076404}}
43424168-e44e-473a-bf12-dba8a4a4453a 2016-12-13 11:25:51.786390613 2622306 [56360.371562] 28055 28055 D TelephonyManager: getDataEnabled: retVal=true
43424168-e44e-473a-bf12-dba8a4a4453a 2016-12-13 11:25:51.786390613 2622307 [56360.371891]   963  1820 D ThermaPlan->Batch: {"func":"Batch->add()","batch":{"what":"BATCH","start":701674709,"end":992076404,"flags":0,"flagsBinary":"0","oldStart":694490727,"oldEnd":992076404}}
43424168-e44e-473a-bf12-dba8a4a4453a 2016-12-13 11:25:51.786390613 2622308 [56360.372312]   963  1820 D ThermaPlan->Batch: {"func":"Batch->add()","batch":{"what":"BATCH","start":315360057206,"end":551880056972,"flags":0,"flagsBinary":"0","oldStart":315360056973,"oldEnd":551880056972}}
43424168-e44e-473a-bf12-dba8a4a4453a 2016-12-13 11:25:51.786390613 2622309 [56360.372517]   963  1820 D ThermaPlan->Batch: {"func":"Batch->add()","batch":{"what":"BATCH","start":315360057236,"end":551880056972,"flags":0,"flagsBinary":"0","oldStart":315360057206,"oldEnd":551880056972}}
43424168-e44e-473a-bf12-dba8a4a4453a 2016-12-13 11:25:51.786390613 2622310 [56360.372698]   963  1820 D ThermaPlan->Batch: {"func":"Batch->add()","batch":{"what":"BATCH","start":315360057240,"end":551880056972,"flags":0,"flagsBinary":"0","oldStart":315360057236,"oldEnd":551880056972}}
43424168-e44e-473a-bf12-dba8a4a4453a 2016-12-13 11:25:51.786390613 2622311 [56360.372880]   963  1820 D ThermaPlan->Batch: {"func":"Batch->add()","batch":{"what":"BATCH","start":315360057254,"end":551880056972,"flags":0,"flagsBinary":"0","oldStart":315360057240,"oldEnd":551880056972}}
43424168-e44e-473a-bf12-dba8a4a4453a 2016-12-13 11:25:51.786390613 2622312 [56360.373071]   963  1820 D ThermaPlan->Batch: {"func":"Batch->add()","batch":{"what":"BATCH","start":315360057257,"end":551880056972,"flags":0,"flagsBinary":"0","oldStart":315360057254,"oldEnd":551880056972}}
43424168-e44e-473a-bf12-dba8a4a4453a 2016-12-13 11:25:51.786390613 2622313 [56360.373249]   963  1820 D ThermaPlan->Batch: {"func":"Batch->add()","batch":{"what":"BATCH","start":315360057259,"end":551880056972,"flags":0,"flagsBinary":"0","oldStart":315360057257,"oldEnd":551880056972}}
43424168-e44e-473a-bf12-dba8a4a4453a 2016-12-13 11:25:51.786390613 2622314 [56360.373429]   963  1820 D ThermaPlan->Batch: {"func":"Batch->add()","batch":{"what":"BATCH","start":315360094195,"end":551880056972,"flags":0,"flagsBinary":"0","oldStart":315360057259,"oldEnd":551880056972}}
43424168-e44e-473a-bf12-dba8a4a4453a 2016-12-13 11:25:51.786390613 2622315 [56360.373618]   963  1820 D ThermaPlan->Batch: {"func":"Batch->add()","batch":{"what":"BATCH","start":315360113203,"end":551880056972,"flags":0,"flagsBinary":"0","oldStart":315360094195,"oldEnd":551880056972}}
43424168-e44e-473a-bf12-dba8a4a4453a 2016-12-13 11:25:51.786390613 2622316 [56360.373804]   963  1820 D ThermaPlan->Batch: {"func":"Batch->add()","batch":{"what":"BATCH","start":315399259724,"end":551880056972,"flags":0,"flagsBinary":"0","oldStart":315360113203,"oldEnd":551880056972}}
43424168-e44e-473a-bf12-dba8a4a4453a 2016-12-13 11:25:51.786390613 2622317 [56360.373997]   963  1820 D ThermaPlan->Batch: {"func":"Batch->add()","batch":{"what":"BATCH","start":315399259747,"end":551880056972,"flags":0,"flagsBinary":"0","oldStart":315399259724,"oldEnd":551880056972}}
43424168-e44e-473a-bf12-dba8a4a4453a 2016-12-13 11:25:51.786390613 2622318 [56360.374408]   963  1820 D ThermaPlan->Batch: {"func":"Batch->add()","batch":{"what":"BATCH","start":315572926898,"end":551880056972,"flags":0,"flagsBinary":"0","oldStart":315399259747,"oldEnd":551880056972}}
43424168-e44e-473a-bf12-dba8a4a4453a 2016-12-13 11:25:51.786390613 2622319 [56360.376175]   963  1820 D ThermaPlan->AlarmManagerService: {"func":"AlarmManagerService->mService->set","pid":963,"uid":1000,"flagsBinary":"1000","flags":8,"type":3,"triggerAtTime":300042523,"nowELAPSED":213642523,"rtc":1481646351796,"windowLength":-1,"interval":0,"creatorPkg":"android","targetPkg":"android"}
43424168-e44e-473a-bf12-dba8a4a4453a 2016-12-13 11:25:51.786390613 2622320 [56360.376318]   963  1820 D ThermaPlan->Batch: {"func":"Batch->add()","batch":{"what":"BATCH","start":300042523,"end":331748773,"flags":8,"flagsBinary":"1000","oldStart":296563796,"oldEnd":331748773}}
43424168-e44e-473a-bf12-dba8a4a4453a 2016-12-13 11:25:51.786390613 2622321 [56360.376352]   963   974 D ThermaPlan->AlarmManagerService: {"func":"AlarmManagerService->mService->set","pid":1821,"uid":10014,"flagsBinary":"101","flags":5,"type":2,"triggerAtTime":213642594,"nowELAPSED":213642523,"rtc":1481646351796,"windowLength":0,"interval":0,"creatorPkg":"com.google.android.gms","targetPkg":"com.google.android.gms"}
43424168-e44e-473a-bf12-dba8a4a4453a 2016-12-13 11:25:51.796390613 2622322 [56360.379402]   388   388 D Kernel-Trace:     kworker/1:2H-12491 [001] ...1 56360.310015: cpu_frequency: state=1497600 cpu_id=1
43424168-e44e-473a-bf12-dba8a4a4453a 2016-12-13 11:25:51.796390613 2622323 [56360.379410]   388   388 D Kernel-Trace:     kworker/0:0H-7043  [000] ...1 56360.339478: cpu_frequency: state=2265600 cpu_id=0
43424168-e44e-473a-bf12-dba8a4a4453a 2016-12-13 11:25:51.796390613 2622324 [56360.379414]   388   388 D Kernel-Trace:     kworker/3:2H-12900 [003] ...1 56360.339606: cpu_frequency: state=2265600 cpu_id=3
43424168-e44e-473a-bf12-dba8a4a4453a 2016-12-13 11:25:51.796390613 2622325 [56360.379418]   388   388 D Kernel-Trace:     kworker/1:2H-12491 [001] ...1 56360.349477: cpu_frequency: state=2265600 cpu_id=1
43424168-e44e-473a-bf12-dba8a4a4453a 2016-12-13 11:25:51.796390613 2622326 [56360.379422]   388   388 D Kernel-Trace:     kworker/0:0H-7043  [000] ...1 56360.359450: cpu_frequency: state=2649600 cpu_id=0
43424168-e44e-473a-bf12-dba8a4a4453a 2016-12-13 11:25:51.796390613 2622327 [56360.379426]   388   388 D Kernel-Trace:     kworker/3:2H-12900 [003] ...1 56360.359574: cpu_frequency: state=2649600 cpu_id=3
43424168-e44e-473a-bf12-dba8a4a4453a 2016-12-13 11:25:51.796390613 2622328 [56360.379429]   388   388 D Kernel-Trace:     kworker/1:2H-12491 [001] ...1 56360.369460: cpu_frequency: state=2649600 cpu_id=1
43424168-e44e-473a-bf12-dba8a4a4453a 2016-12-13 11:25:51.796390613 2622329 [56360.380449]   963  1523 I Network-Telephony-PhoneLab: {"Action":"android.intent.action.ANY_DATA_STATE","State":"DISCONNECTED","IsDataConnectivityPossible":true,"Reason":"dataEnabled","APN":"<none>","APNType":"emergency","IsRoaming":false,"timestamp":1481646351800,"uptimeNanos":213642527928680,"LogFormat":"1.1"}
43424168-e44e-473a-bf12-dba8a4a4453a 2016-12-13 11:25:51.796390613 2622330 [56360.380562]  2242  2242 I CastMediaRouteProvider: Network connectivity changed
43424168-e44e-473a-bf12-dba8a4a4453a 2016-12-13 11:25:51.796390613 2622331 [56360.383174]   963  1883 I Network-Telephony-PhoneLab: {"Action":"android.intent.action.ANY_DATA_STATE","State":"DISCONNECTED","IsDataConnectivityPossible":true,"Reason":"dataEnabled","APN":"<none>","APNType":"dun","IsRoaming":false,"timestamp":1481646351803,"uptimeNanos":213642530660503,"LogFormat":"1.1"}
43424168-e44e-473a-bf12-dba8a4a4453a 2016-12-13 11:25:51.796390613 2622332 [56360.386417]  3212  3212 D PhoneLabServices-UploaderTask: Alarm fired, action is android.net.conn.CONNECTIVITY_CHANGE
43424168-e44e-473a-bf12-dba8a4a4453a 2016-12-13 11:25:51.796390613 2622333 [56360.386611]  3212  3370 D PhoneLabServices-UploaderTask: Starting check task.
43424168-e44e-473a-bf12-dba8a4a4453a 2016-12-13 11:25:51.796390613 2622334 [56360.387204]  3212  3370 D PhoneLabServices-LogcatTask: Preparing files for upload.
43424168-e44e-473a-bf12-dba8a4a4453a 2016-12-13 11:25:51.796390613 2622335 [56360.387974]  1877  2436 D PhoneInterfaceManager: [PhoneIntfMgr] getDataEnabled: subId=1 phoneId=0
43424168-e44e-473a-bf12-dba8a4a4453a 2016-12-13 11:25:51.796390613 2622336 [56360.388083]  1877  2436 D PhoneInterfaceManager: [PhoneIntfMgr] getDataEnabled: subId=1 retVal=true
43424168-e44e-473a-bf12-dba8a4a4453a 2016-12-13 11:25:51.796390613 2622337 [56360.388193] 28055 28055 D TelephonyManager: getDataEnabled: retVal=true
43424168-e44e-473a-bf12-dba8a4a4453a 2016-12-13 11:25:51.806390613 2622338 [56360.389570]   963  1896 I Network-Telephony-PhoneLab: {"Action":"android.intent.action.ANY_DATA_STATE","State":"DISCONNECTED","IsDataConnectivityPossible":true,"Reason":"dataEnabled","APN":"<none>","APNType":"hipri","IsRoaming":false,"timestamp":1481646351809,"uptimeNanos":213642537059513,"LogFormat":"1.1"}
43424168-e44e-473a-bf12-dba8a4a4453a 2016-12-13 11:25:51.806390613 2622339 [56360.391615]  1877 25631 D PhoneInterfaceManager: [PhoneIntfMgr] getDataEnabled: subId=1 phoneId=0
43424168-e44e-473a-bf12-dba8a4a4453a 2016-12-13 11:25:51.806390613 2622340 [56360.391696]  1877 25631 D PhoneInterfaceManager: [PhoneIntfMgr] getDataEnabled: subId=1 retVal=true
43424168-e44e-473a-bf12-dba8a4a4453a 2016-12-13 11:25:51.806390613 2622341 [56360.391796] 28055 28055 D TelephonyManager: getDataEnabled: retVal=true
43424168-e44e-473a-bf12-dba8a4a4453a 2016-12-13 11:25:51.806390613 2622342 [56360.393484]   963  3256 I Network-Telephony-PhoneLab: {"Action":"android.intent.action.ANY_DATA_STATE","State":"DISCONNECTED","IsDataConnectivityPossible":true,"Reason":"dataEnabled","APN":"<none>","APNType":"ims","IsRoaming":false,"timestamp":1481646351813,"uptimeNanos":213642540972951,"LogFormat":"1.1"}
43424168-e44e-473a-bf12-dba8a4a4453a 2016-12-13 11:25:51.806390613 2622343 [56360.393492]  1877  4502 D PhoneInterfaceManager: [PhoneIntfMgr] getDataEnabled: subId=1 phoneId=0
43424168-e44e-473a-bf12-dba8a4a4453a 2016-12-13 11:25:51.806390613 2622344 [56360.393594]  1877  4502 D PhoneInterfaceManager: [PhoneIntfMgr] getDataEnabled: subId=1 retVal=true
43424168-e44e-473a-bf12-dba8a4a4453a 2016-12-13 11:25:51.806390613 2622345 [56360.393709] 28055 28055 D TelephonyManager: getDataEnabled: retVal=true
43424168-e44e-473a-bf12-dba8a4a4453a 2016-12-13 11:25:51.806390613 2622346 [56360.395919]  1877  4573 D PhoneInterfaceManager: [PhoneIntfMgr] getDataEnabled: subId=1 phoneId=0
43424168-e44e-473a-bf12-dba8a4a4453a 2016-12-13 11:25:51.806390613 2622347 [56360.396001]  1877  4573 D PhoneInterfaceManager: [PhoneIntfMgr] getDataEnabled: subId=1 retVal=true
43424168-e44e-473a-bf12-dba8a4a4453a 2016-12-13 11:25:51.806390613 2622348 [56360.396096] 28055 28055 D TelephonyManager: getDataEnabled: retVal=true
43424168-e44e-473a-bf12-dba8a4a4453a 2016-12-13 11:25:51.816390613 2622349 [56360.402829]   378   961 E Netd    : netlink response contains error (No such file or directory)
43424168-e44e-473a-bf12-dba8a4a4453a 2016-12-13 11:25:51.816390613 2622350 [56360.403978]  3870  3870 D NetworkChangeNotifierAutoDetect: Network connectivity changed, type is: 6
43424168-e44e-473a-bf12-dba8a4a4453a 2016-12-13 11:25:51.826390613 2622351 [56360.413043]  3212  3370 D PhoneLabServices-LogcatTask: Adding [/data/user/0/edu.buffalo.cse.phonelab.conductor/app_LogcatTask/1ltjjiv6ji1tnt6bh1te54oj40/log.out.0007, /data/user/0/edu.buffalo.cse.phonelab.conductor/app_LogcatTask/1ltjjiv6ji1tnt6bh1te54oj40/log.out.0006, /data/user/0/edu.buffalo.cse.phonelab.conductor/app_LogcatTask/1ltjjiv6ji1tnt6bh1te54oj40/log.out.0005, /data/user/0/edu.buffalo.cse.phonelab.conductor/app_LogcatTask/1ltjjiv6ji1tnt6bh1te54oj40/log.out.0004, /data/user/0/edu.buffalo.cse.phonelab.conductor/app_LogcatTask/1ltjjiv6ji1tnt6bh1te54oj40/log.out.0002, /data/user/0/edu.buffalo.cse.phonelab.conductor/app_LogcatTask/1ltjjiv6ji1tnt6bh1te54oj40/log.out.0003, /data/user/0/edu.buffalo.cse.phonelab.conductor/app_LogcatTask/1ltjjiv6ji1tnt6bh1te54oj40/log.out.0001]
43424168-e44e-473a-bf12-dba8a4a4453a 2016-12-13 11:25:51.836390613 2622352 [56360.422791]  3212  3370 D PhoneLabServices-UploaderTask: 7 files waiting, should not upload.
43424168-e44e-473a-bf12-dba8a4a4453a 2016-12-13 11:25:51.886390613 2622353 [56360.472770]  2875  2927 W msgr.b  : The sessioned store is not available. Are you fetching sessioned quick experiment data while the user is logged out?
43424168-e44e-473a-bf12-dba8a4a4453a 2016-12-13 11:25:51.886390613 2622354 [56360.477036]  3212  3370 D PhoneLabServices-UploaderTask: Sending broadcast of upload stats.
43424168-e44e-473a-bf12-dba8a4a4453a 2016-12-13 11:25:51.886390613 2622355 [56360.477625]  3212  3370 D PhoneLabServices-UploaderTask: Check task finished.
43424168-e44e-473a-bf12-dba8a4a4453a 2016-12-13 11:25:51.896390613 2622356 [56360.479569]   388   388 D Kernel-Trace:      kworker/0:1-18635 [000] ...1 56360.449363: thermal_temp: sensor_id=5 temp=46
43424168-e44e-473a-bf12-dba8a4a4453a 2016-12-13 11:25:51.896390613 2622357 [56360.479576]   388   388 D Kernel-Trace:     kworker/1:2H-12491 [001] ...1 56360.469568: cpu_frequency: state=2265600 cpu_id=1
43424168-e44e-473a-bf12-dba8a4a4453a 2016-12-13 11:25:51.906390613 2622358 [56360.497729]   963   978 W art     : Long monitor contention event with owner method=void com.android.server.net.NetworkPolicyManagerService$14.onReceive(android.content.Context, android.content.Intent) from NetworkPolicyManagerService.java:1133 waiters=0 for 157ms
43424168-e44e-473a-bf12-dba8a4a4453a 2016-12-13 11:25:51.906390613 2622359 [56360.499192]  4236  4236 D SprintDMReceiver: Received intent: android.net.conn.CONNECTIVITY_CHANGE
43424168-e44e-473a-bf12-dba8a4a4453a 2016-12-13 11:25:51.916390613 2622360 [56360.502404]  4236  4236 D SprintDMHelper: simOperator: 310120
43424168-e44e-473a-bf12-dba8a4a4453a 2016-12-13 11:25:51.916390613 2622361 [56360.502416]  4236  4236 D SprintDMHelper: isUICCSprint: We have a Sprint UICC
43424168-e44e-473a-bf12-dba8a4a4453a 2016-12-13 11:25:51.926390613 2622362 [56360.510233]  4236  4236 D SprintDMReceiver: startService SprintDMService: CONNECTIVITY_ACTION
43424168-e44e-473a-bf12-dba8a4a4453a 2016-12-13 11:25:51.926390613 2622363 [56360.510327]  4236  4236 D SprintDMReceiver: networkInfo extra is: [type: WIFI[], state: DISCONNECTED/DISCONNECTED, reason: (unspecified), extra: <unknown ssid>, roaming: false, failover: false, isAvailable: true]
43424168-e44e-473a-bf12-dba8a4a4453a 2016-12-13 11:25:51.926390613 2622364 [56360.510344]  4236  4236 D SprintDMReceiver: networkType extra is: 1
43424168-e44e-473a-bf12-dba8a4a4453a 2016-12-13 11:25:51.926390613 2622365 [56360.510359]  4236  4236 D SprintDMReceiver: isFailover extra is: false
43424168-e44e-473a-bf12-dba8a4a4453a 2016-12-13 11:25:51.926390613 2622366 [56360.510374]  4236  4236 D SprintDMReceiver: noConnectivity extra is: true
43424168-e44e-473a-bf12-dba8a4a4453a 2016-12-13 11:25:51.926390613 2622367 [56360.510388]  4236  4236 D SprintDMReceiver: otherNetworkInfo is: null
43424168-e44e-473a-bf12-dba8a4a4453a 2016-12-13 11:25:51.926390613 2622368 [56360.510402]  4236  4236 D SprintDMReceiver: reason extra is: null
43424168-e44e-473a-bf12-dba8a4a4453a 2016-12-13 11:25:51.926390613 2622369 [56360.510416]  4236  4236 D SprintDMReceiver: extraInfo extra is: <unknown ssid>
43424168-e44e-473a-bf12-dba8a4a4453a 2016-12-13 11:25:51.926390613 2622370 [56360.510446]  4236  4236 D SprintDMReceiver: inetCondition extra is: 0
43424168-e44e-473a-bf12-dba8a4a4453a 2016-12-13 11:25:51.926390613 2622371 [56360.516091]  4236  4236 D SprintDMService: onStartCommand: intent="Intent { act=android.net.conn.CONNECTIVITY_CHANGE cmp=com.android.sdm.plugins.sprintdm/.SprintDMService (has extras) }" [tid=1]
43424168-e44e-473a-bf12-dba8a4a4453a 2016-12-13 11:25:51.926390613 2622372 [56360.516114]  4236  4236 D SprintDMService: onStartCommand: action="android.net.conn.CONNECTIVITY_CHANGE" flags=0 startId=622
43424168-e44e-473a-bf12-dba8a4a4453a 2016-12-13 11:25:51.926390613 2622373 [56360.516123]  4236  4236 D SprintDMService: got connectivity action
43424168-e44e-473a-bf12-dba8a4a4453a 2016-12-13 11:25:51.936390613 2622374 [56360.528336]  4236  4236 D SprintDMHelper: simOperator: 310120
43424168-e44e-473a-bf12-dba8a4a4453a 2016-12-13 11:25:51.936390613 2622375 [56360.528347]  4236  4236 D SprintDMHelper: isUICCSprint: We have a Sprint UICC
43424168-e44e-473a-bf12-dba8a4a4453a 2016-12-13 11:25:51.936390613 2622376 [56360.528359]  4236  4236 D SprintDMService: WiFi is disconnected
43424168-e44e-473a-bf12-dba8a4a4453a 2016-12-13 11:25:51.936390613 2622377 [56360.528490]  4236  4302 D SprintDMStateMachine: IdleState: processMessage EVENT_WIFI_DISCONNECTED
43424168-e44e-473a-bf12-dba8a4a4453a 2016-12-13 11:25:51.956390613 2622378 [56360.541152]  4236  4302 D SprintDMStateMachine: Data network type is acceptable: 14
43424168-e44e-473a-bf12-dba8a4a4453a 2016-12-13 11:25:51.966390613 2622379 [56360.555510]   963  3256 D ThermaPlan->Batch: {"func":"Batch->add()","batch":{"what":"BATCH","start":213650728,"end":213684887,"flags":0,"flagsBinary":"0","oldStart":213639889,"oldEnd":213684887}}
43424168-e44e-473a-bf12-dba8a4a4453a 2016-12-13 11:25:51.966390613 2622380 [56360.555930]   963  3256 D ThermaPlan->Batch: {"func":"Batch->add()","batch":{"what":"BATCH","start":213711754,"end":213730771,"flags":8,"flagsBinary":"1000","oldStart":213700771,"oldEnd":213730771}}
43424168-e44e-473a-bf12-dba8a4a4453a 2016-12-13 11:25:51.966390613 2622381 [56360.557253]   963  3256 D ThermaPlan->Batch: {"func":"Batch->add()","batch":{"what":"BATCH","start":214276095,"end":214951095,"flags":8,"flagsBinary":"1000","oldStart":214251322,"oldEnd":215601322}}
43424168-e44e-473a-bf12-dba8a4a4453a 2016-12-13 11:25:51.966390613 2622382 [56360.557445]   963  3256 D ThermaPlan->Batch: {"func":"Batch->add()","batch":{"what":"BATCH","start":214278171,"end":214951095,"flags":8,"flagsBinary":"1000","oldStart":214276095,"oldEnd":214951095}}
43424168-e44e-473a-bf12-dba8a4a4453a 2016-12-13 11:25:51.966390613 2622383 [56360.557627]   963  3256 D ThermaPlan->Batch: {"func":"Batch->add()","batch":{"what":"BATCH","start":214278914,"end":214951095,"flags":8,"flagsBinary":"1000","oldStart":214278171,"oldEnd":214951095}}
43424168-e44e-473a-bf12-dba8a4a4453a 2016-12-13 11:25:51.966390613 2622384 [56360.557803]   963  3256 D ThermaPlan->Batch: {"func":"Batch->add()","batch":{"what":"BATCH","start":214278988,"end":214951095,"flags":8,"flagsBinary":"1000","oldStart":214278914,"oldEnd":214951095}}
43424168-e44e-473a-bf12-dba8a4a4453a 2016-12-13 11:25:51.966390613 2622385 [56360.557984]   963  3256 D ThermaPlan->Batch: {"func":"Batch->add()","batch":{"what":"BATCH","start":214281415,"end":214951095,"flags":8,"flagsBinary":"1000","oldStart":214278988,"oldEnd":214951095}}
43424168-e44e-473a-bf12-dba8a4a4453a 2016-12-13 11:25:51.966390613 2622386 [56360.558168]   963  3256 D ThermaPlan->Batch: {"func":"Batch->add()","batch":{"what":"BATCH","start":214281680,"end":214951095,"flags":8,"flagsBinary":"1000","oldStart":214281415,"oldEnd":214951095}}
43424168-e44e-473a-bf12-dba8a4a4453a 2016-12-13 11:25:51.966390613 2622387 [56360.558340]   963  3256 D ThermaPlan->Batch: {"func":"Batch->add()","batch":{"what":"BATCH","start":214282094,"end":214951095,"flags":8,"flagsBinary":"1000","oldStart":214281680,"oldEnd":214951095}}
43424168-e44e-473a-bf12-dba8a4a4453a 2016-12-13 11:25:51.966390613 2622388 [56360.558529]   963  3256 D ThermaPlan->Batch: {"func":"Batch->add()","batch":{"what":"BATCH","start":214282211,"end":214951095,"flags":8,"flagsBinary":"1000","oldStart":214282094,"oldEnd":214951095}}
43424168-e44e-473a-bf12-dba8a4a4453a 2016-12-13 11:25:51.966390613 2622389 [56360.558735]   963  3256 D ThermaPlan->Batch: {"func":"Batch->add()","batch":{"what":"BATCH","start":214282485,"end":214951095,"flags":8,"flagsBinary":"1000","oldStart":214282211,"oldEnd":214951095}}
43424168-e44e-473a-bf12-dba8a4a4453a 2016-12-13 11:25:51.966390613 2622390 [56360.558949]   963  3256 D ThermaPlan->Batch: {"func":"Batch->add()","batch":{"what":"BATCH","start":214294563,"end":214951095,"flags":8,"flagsBinary":"1000","oldStart":214282485,"oldEnd":214951095}}
43424168-e44e-473a-bf12-dba8a4a4453a 2016-12-13 11:25:51.966390613 2622391 [56360.559153]   963  3256 D ThermaPlan->Batch: {"func":"Batch->add()","batch":{"what":"BATCH","start":214733822,"end":214951095,"flags":8,"flagsBinary":"1000","oldStart":214294563,"oldEnd":214951095}}
43424168-e44e-473a-bf12-dba8a4a4453a 2016-12-13 11:25:51.976390613 2622392 [56360.559628]   963  3256 D ThermaPlan->Batch: {"func":"Batch->add()","batch":{"what":"BATCH","start":214750705,"end":214951095,"flags":8,"flagsBinary":"1000","oldStart":214733822,"oldEnd":214951095}}
43424168-e44e-473a-bf12-dba8a4a4453a 2016-12-13 11:25:51.976390613 2622393 [56360.560848]   963  3256 D ThermaPlan->Batch: {"func":"Batch->add()","batch":{"what":"BATCH","start":215759161,"end":219062073,"flags":8,"flagsBinary":"1000","oldStart":215226149,"oldEnd":219062073}}
43424168-e44e-473a-bf12-dba8a4a4453a 2016-12-13 11:25:51.976390613 2622394 [56360.561026]   963  3256 D ThermaPlan->Batch: {"func":"Batch->add()","batch":{"what":"BATCH","start":216082518,"end":218782518,"flags":8,"flagsBinary":"1000","oldStart":215759161,"oldEnd":219062073}}
43424168-e44e-473a-bf12-dba8a4a4453a 2016-12-13 11:25:51.976390613 2622395 [56360.561212]   963  3256 D ThermaPlan->Batch: {"func":"Batch->add()","batch":{"what":"BATCH","start":216144078,"end":218782518,"flags":8,"flagsBinary":"1000","oldStart":216082518,"oldEnd":218782518}}
43424168-e44e-473a-bf12-dba8a4a4453a 2016-12-13 11:25:51.976390613 2622396 [56360.561395]   963  3256 D ThermaPlan->Batch: {"func":"Batch->add()","batch":{"what":"BATCH","start":216526830,"end":218782518,"flags":8,"flagsBinary":"1000","oldStart":216144078,"oldEnd":218782518}}
43424168-e44e-473a-bf12-dba8a4a4453a 2016-12-13 11:25:51.976390613 2622397 [56360.561570]   963  3256 D ThermaPlan->Batch: {"func":"Batch->add()","batch":{"what":"BATCH","start":217737182,"end":218037182,"flags":8,"flagsBinary":"1000","oldStart":216526830,"oldEnd":218782518}}
43424168-e44e-473a-bf12-dba8a4a4453a 2016-12-13 11:25:51.976390613 2622398 [56360.561875]   963  3256 D ThermaPlan->Batch: {"func":"Batch->add()","batch":{"what":"BATCH","start":220150599,"end":224060131,"flags":0,"flagsBinary":"0","oldStart":219290727,"oldEnd":224060131}}
43424168-e44e-473a-bf12-dba8a4a4453a 2016-12-13 11:25:51.976390613 2622399 [56360.562047]   963  3256 D ThermaPlan->Batch: {"func":"Batch->add()","batch":{"what":"BATCH","start":220380550,"end":224060131,"flags":0,"flagsBinary":"0","oldStart":220150599,"oldEnd":224060131}}
43424168-e44e-473a-bf12-dba8a4a4453a 2016-12-13 11:25:51.976390613 2622400 [56360.562449]   963  3256 D ThermaPlan->Batch: {"func":"Batch->add()","batch":{"what":"BATCH","start":228290727,"end":239324426,"flags":0,"flagsBinary":"0","oldStart":224222674,"oldEnd":240422669}}
43424168-e44e-473a-bf12-dba8a4a4453a 2016-12-13 11:25:51.976390613 2622401 [56360.562624]   963  3256 D ThermaPlan->Batch: {"func":"Batch->add()","batch":{"what":"BATCH","start":230499939,"end":239324426,"flags":0,"flagsBinary":"0","oldStart":228290727,"oldEnd":239324426}}
43424168-e44e-473a-bf12-dba8a4a4453a 2016-12-13 11:25:51.976390613 2622402 [56360.562800]   963  3256 D ThermaPlan->Batch: {"func":"Batch->add()","batch":{"what":"BATCH","start":231188198,"end":239324426,"flags":0,"flagsBinary":"0","oldStart":230499939,"oldEnd":239324426}}
43424168-e44e-473a-bf12-dba8a4a4453a 2016-12-13 11:25:51.976390613 2622403 [56360.562983]   963  3256 D ThermaPlan->Batch: {"func":"Batch->add()","batch":{"what":"BATCH","start":231548284,"end":239324426,"flags":0,"flagsBinary":"0","oldStart":231188198,"oldEnd":239324426}}
43424168-e44e-473a-bf12-dba8a4a4453a 2016-12-13 11:25:51.976390613 2622404 [56360.564021]   963  3256 D ThermaPlan->Batch: {"func":"Batch->add()","batch":{"what":"BATCH","start":248330836,"end":285305189,"flags":8,"flagsBinary":"1000","oldStart":240305189,"oldEnd":285305189}}
43424168-e44e-473a-bf12-dba8a4a4453a 2016-12-13 11:25:51.976390613 2622405 [56360.564197]   963  3256 D ThermaPlan->Batch: {"func":"Batch->add()","batch":{"what":"BATCH","start":249541608,"end":282059671,"flags":8,"flagsBinary":"1000","oldStart":248330836,"oldEnd":285305189}}
43424168-e44e-473a-bf12-dba8a4a4453a 2016-12-13 11:25:51.976390613 2622406 [56360.564382]   963  3256 D ThermaPlan->Batch: {"func":"Batch->add()","batch":{"what":"BATCH","start":249641515,"end":280795765,"flags":8,"flagsBinary":"1000","oldStart":249541608,"oldEnd":282059671}}
43424168-e44e-473a-bf12-dba8a4a4453a 2016-12-13 11:25:51.976390613 2622407 [56360.564561]   963  3256 D ThermaPlan->Batch: {"func":"Batch->add()","batch":{"what":"BATCH","start":258890728,"end":280795765,"flags":8,"flagsBinary":"1000","oldStart":249641515,"oldEnd":280795765}}
43424168-e44e-473a-bf12-dba8a4a4453a 2016-12-13 11:25:51.976390613 2622408 [56360.564736]   963  3256 D ThermaPlan->Batch: {"func":"Batch->add()","batch":{"what":"BATCH","start":259200000,"end":280795765,"flags":8,"flagsBinary":"1000","oldStart":258890728,"oldEnd":280795765}}
43424168-e44e-473a-bf12-dba8a4a4453a 2016-12-13 11:25:51.976390613 2622409 [56360.564908]   963  3256 D ThermaPlan->Batch: {"func":"Batch->add()","batch":{"what":"BATCH","start":259252542,"end":280795765,"flags":8,"flagsBinary":"1000","oldStart":259200000,"oldEnd":280795765}}
43424168-e44e-473a-bf12-dba8a4a4453a 2016-12-13 11:25:51.976390613 2622410 [56360.565069]   963  3256 D ThermaPlan->Batch: {"func":"Batch->add()","batch":{"what":"BATCH","start":259281310,"end":280795765,"flags":8,"flagsBinary":"1000","oldStart":259252542,"oldEnd":280795765}}
43424168-e44e-473a-bf12-dba8a4a4453a 2016-12-13 11:25:51.976390613 2622411 [56360.565266]   963  3256 D ThermaPlan->Batch: {"func":"Batch->add()","batch":{"what":"BATCH","start":259345161,"end":280795765,"flags":8,"flagsBinary":"1000","oldStart":259281310,"oldEnd":280795765}}
43424168-e44e-473a-bf12-dba8a4a4453a 2016-12-13 11:25:51.976390613 2622412 [56360.565442]   963  3256 D ThermaPlan->Batch: {"func":"Batch->add()","batch":{"what":"BATCH","start":259786617,"end":280795765,"flags":8,"flagsBinary":"1000","oldStart":259345161,"oldEnd":280795765}}
43424168-e44e-473a-bf12-dba8a4a4453a 2016-12-13 11:25:51.976390613 2622413 [56360.565628]   963  3256 D ThermaPlan->Batch: {"func":"Batch->add()","batch":{"what":"BATCH","start":261333689,"end":280795765,"flags":8,"flagsBinary":"1000","oldStart":259786617,"oldEnd":280795765}}
43424168-e44e-473a-bf12-dba8a4a4453a 2016-12-13 11:25:51.976390613 2622414 [56360.565801]   963  3256 D ThermaPlan->Batch: {"func":"Batch->add()","batch":{"what":"BATCH","start":270989138,"end":280795765,"flags":8,"flagsBinary":"1000","oldStart":261333689,"oldEnd":280795765}}
43424168-e44e-473a-bf12-dba8a4a4453a 2016-12-13 11:25:51.976390613 2622415 [56360.567689]   963  3256 D ThermaPlan->Batch: {"func":"Batch->add()","batch":{"what":"BATCH","start":292490680,"end":331748773,"flags":0,"flagsBinary":"0","oldStart":280825099,"oldEnd":331748773}}
43424168-e44e-473a-bf12-dba8a4a4453a 2016-12-13 11:25:51.976390613 2622416 [56360.567873]   963  3256 D ThermaPlan->Batch: {"func":"Batch->add()","batch":{"what":"BATCH","start":296563796,"end":331748773,"flags":0,"flagsBinary":"0","oldStart":292490680,"oldEnd":331748773}}
43424168-e44e-473a-bf12-dba8a4a4453a 2016-12-13 11:25:51.976390613 2622417 [56360.568046]   963  3256 D ThermaPlan->Batch: {"func":"Batch->add()","batch":{"what":"BATCH","start":300042523,"end":331748773,"flags":8,"flagsBinary":"1000","oldStart":296563796,"oldEnd":331748773}}
43424168-e44e-473a-bf12-dba8a4a4453a 2016-12-13 11:25:51.976390613 2622418 [56360.568350]   963  3256 D ThermaPlan->Batch: {"func":"Batch->add()","batch":{"what":"BATCH","start":605813325,"end":1058493260,"flags":0,"flagsBinary":"0","oldStart":604893262,"oldEnd":1058493260}}
43424168-e44e-473a-bf12-dba8a4a4453a 2016-12-13 11:25:51.976390613 2622419 [56360.568531]   963  3256 D ThermaPlan->Batch: {"func":"Batch->add()","batch":{"what":"BATCH","start":624143935,"end":992076404,"flags":0,"flagsBinary":"0","oldStart":605813325,"oldEnd":1058493260}}
43424168-e44e-473a-bf12-dba8a4a4453a 2016-12-13 11:25:51.976390613 2622420 [56360.568704]   963  3256 D ThermaPlan->Batch: {"func":"Batch->add()","batch":{"what":"BATCH","start":694490727,"end":992076404,"flags":0,"flagsBinary":"0","oldStart":624143935,"oldEnd":992076404}}
43424168-e44e-473a-bf12-dba8a4a4453a 2016-12-13 11:25:51.976390613 2622421 [56360.569010]   963  3256 D ThermaPlan->Batch: {"func":"Batch->add()","batch":{"what":"BATCH","start":701674709,"end":992076404,"flags":0,"flagsBinary":"0","oldStart":694490727,"oldEnd":992076404}}
43424168-e44e-473a-bf12-dba8a4a4453a 2016-12-13 11:25:51.986390613 2622422 [56360.570657]   963  3256 D ThermaPlan->Batch: {"func":"Batch->add()","batch":{"what":"BATCH","start":315360057206,"end":551880056972,"flags":0,"flagsBinary":"0","oldStart":315360056973,"oldEnd":551880056972}}
43424168-e44e-473a-bf12-dba8a4a4453a 2016-12-13 11:25:51.986390613 2622423 [56360.570886]   963  3256 D ThermaPlan->Batch: {"func":"Batch->add()","batch":{"what":"BATCH","start":315360057236,"end":551880056972,"flags":0,"flagsBinary":"0","oldStart":315360057206,"oldEnd":551880056972}}
43424168-e44e-473a-bf12-dba8a4a4453a 2016-12-13 11:25:51.986390613 2622424 [56360.571073]   963  3256 D ThermaPlan->Batch: {"func":"Batch->add()","batch":{"what":"BATCH","start":315360057240,"end":551880056972,"flags":0,"flagsBinary":"0","oldStart":315360057236,"oldEnd":551880056972}}
43424168-e44e-473a-bf12-dba8a4a4453a 2016-12-13 11:25:51.986390613 2622425 [56360.571258]   963  3256 D ThermaPlan->Batch: {"func":"Batch->add()","batch":{"what":"BATCH","start":315360057254,"end":551880056972,"flags":0,"flagsBinary":"0","oldStart":315360057240,"oldEnd":551880056972}}
43424168-e44e-473a-bf12-dba8a4a4453a 2016-12-13 11:25:51.986390613 2622426 [56360.571431]   963  3256 D ThermaPlan->Batch: {"func":"Batch->add()","batch":{"what":"BATCH","start":315360057257,"end":551880056972,"flags":0,"flagsBinary":"0","oldStart":315360057254,"oldEnd":551880056972}}
43424168-e44e-473a-bf12-dba8a4a4453a 2016-12-13 11:25:51.986390613 2622427 [56360.571620]   963  3256 D ThermaPlan->Batch: {"func":"Batch->add()","batch":{"what":"BATCH","start":315360057259,"end":551880056972,"flags":0,"flagsBinary":"0","oldStart":315360057257,"oldEnd":551880056972}}
43424168-e44e-473a-bf12-dba8a4a4453a 2016-12-13 11:25:51.986390613 2622428 [56360.571794]   963  3256 D ThermaPlan->Batch: {"func":"Batch->add()","batch":{"what":"BATCH","start":315360094195,"end":551880056972,"flags":0,"flagsBinary":"0","oldStart":315360057259,"oldEnd":551880056972}}
43424168-e44e-473a-bf12-dba8a4a4453a 2016-12-13 11:25:51.986390613 2622429 [56360.571981]   963  3256 D ThermaPlan->Batch: {"func":"Batch->add()","batch":{"what":"BATCH","start":315360113203,"end":551880056972,"flags":0,"flagsBinary":"0","oldStart":315360094195,"oldEnd":551880056972}}
43424168-e44e-473a-bf12-dba8a4a4453a 2016-12-13 11:25:51.986390613 2622430 [56360.572163]   963  3256 D ThermaPlan->Batch: {"func":"Batch->add()","batch":{"what":"BATCH","start":315399259724,"end":551880056972,"flags":0,"flagsBinary":"0","oldStart":315360113203,"oldEnd":551880056972}}
43424168-e44e-473a-bf12-dba8a4a4453a 2016-12-13 11:25:51.986390613 2622431 [56360.572358]   963  3256 D ThermaPlan->Batch: {"func":"Batch->add()","batch":{"what":"BATCH","start":315399259747,"end":551880056972,"flags":0,"flagsBinary":"0","oldStart":315399259724,"oldEnd":551880056972}}
43424168-e44e-473a-bf12-dba8a4a4453a 2016-12-13 11:25:51.986390613 2622432 [56360.572547]   963  3256 D ThermaPlan->Batch: {"func":"Batch->add()","batch":{"what":"BATCH","start":315572926898,"end":551880056972,"flags":0,"flagsBinary":"0","oldStart":315399259747,"oldEnd":551880056972}}
43424168-e44e-473a-bf12-dba8a4a4453a 2016-12-13 11:25:51.986390613 2622433 [56360.574688]   963  1357 D ThermaPlan->AlarmManagerService: {"func":"AlarmManagerService->deliverAlarmsLocked()","nowELAPSED":213642721,"rtc":1481646351994,"alarm":"{\"what\":\"ALARM\",\"type\":2,\"origWhen\":213642594,\"wakeup\":true,\"tag\":\"*walarm*:com.google.android.intent.action.GCM_RECONNECT\",\"flags\":5,\"uid\":10014,\"count\":1,\"when\":213642594,\"windowLength\":0,\"whenElapsed\":213642594,\"maxWhenElapsed\":213642594,\"repeatInterval\":0,\"pid\":1821,\"operation\":\"PendingIntent{c4f3023: PendingIntentRecord{e20deca com.google.android.gms broadcastIntent}}\",\"creatorPkg\":\"com.google.android.gms\",\"targetPkg\":\"com.google.android.gms\"}"}
43424168-e44e-473a-bf12-dba8a4a4453a 2016-12-13 11:25:51.996390613 2622434 [56360.579386]   388   388 D Kernel-Trace:     kworker/1:2H-12491 [001] ...1 56360.529714: cpu_frequency: state=960000 cpu_id=1
43424168-e44e-473a-bf12-dba8a4a4453a 2016-12-13 11:25:51.996390613 2622435 [56360.579393]   388   388 D Kernel-Trace:     kworker/3:2H-12900 [003] ...1 56360.570655: cpu_frequency: state=652800 cpu_id=3
43424168-e44e-473a-bf12-dba8a4a4453a 2016-12-13 11:25:51.996390613 2622436 [56360.583852]   963  1597 D ThermaPlan->AlarmManagerService: {"func":"AlarmManagerService->mService->set","pid":1821,"uid":10014,"flagsBinary":"101","flags":5,"type":2,"triggerAtTime":213642872,"nowELAPSED":213642731,"rtc":1481646352004,"windowLength":0,"interval":0,"creatorPkg":"com.google.android.gms","targetPkg":"com.google.android.gms"}
43424168-e44e-473a-bf12-dba8a4a4453a 2016-12-13 11:25:52.6390613 2622437 [56360.597638]   963  1883 D ThermaPlan->AlarmManagerService: {"func":"AlarmManagerService->mService->set","pid":1821,"uid":10014,"flagsBinary":"0","flags":0,"type":2,"triggerAtTime":213741687,"nowELAPSED":213642745,"rtc":1481646352017,"windowLength":-1,"interval":0,"creatorPkg":"com.google.android.gms","targetPkg":"com.google.android.gms"}
43424168-e44e-473a-bf12-dba8a4a4453a 2016-12-13 11:25:52.46390613 2622438 [56360.638231]  2875 29951 W msgr.b  : Called user scoped provider with no viewer. ViewerContextManager was created with no ViewerContext. Using EmptyViewerContextManager to return fake logged in instance.
43424168-e44e-473a-bf12-dba8a4a4453a 2016-12-13 11:25:52.56390613 2622439 [56360.640260] 27410 27447 W fb4a.0Z8: The sessioned store is not available. Are you fetching sessioned quick experiment data while the user is logged out?
43424168-e44e-473a-bf12-dba8a4a4453a 2016-12-13 11:25:52.56390613 2622440 [56360.642435]   963  1914 D ThermaPlan->Batch: {"func":"Batch->add()","batch":{"what":"BATCH","start":213650727,"end":213684887,"flags":0,"flagsBinary":"0","oldStart":213639889,"oldEnd":213684887}}
43424168-e44e-473a-bf12-dba8a4a4453a 2016-12-13 11:25:52.56390613 2622441 [56360.642833]   963  1914 D ThermaPlan->Batch: {"func":"Batch->add()","batch":{"what":"BATCH","start":213711754,"end":213730771,"flags":8,"flagsBinary":"1000","oldStart":213700771,"oldEnd":213730771}}
43424168-e44e-473a-bf12-dba8a4a4453a 2016-12-13 11:25:52.56390613 2622442 [56360.644490]   963  1914 D ThermaPlan->Batch: {"func":"Batch->add()","batch":{"what":"BATCH","start":214276095,"end":214951095,"flags":8,"flagsBinary":"1000","oldStart":214251322,"oldEnd":215601322}}
43424168-e44e-473a-bf12-dba8a4a4453a 2016-12-13 11:25:52.56390613 2622443 [56360.644756]   963  1914 D ThermaPlan->Batch: {"func":"Batch->add()","batch":{"what":"BATCH","start":214278171,"end":214951095,"flags":8,"flagsBinary":"1000","oldStart":214276095,"oldEnd":214951095}}
43424168-e44e-473a-bf12-dba8a4a4453a 2016-12-13 11:25:52.56390613 2622444 [56360.644954]   963  1914 D ThermaPlan->Batch: {"func":"Batch->add()","batch":{"what":"BATCH","start":214278914,"end":214951095,"flags":8,"flagsBinary":"1000","oldStart":214278171,"oldEnd":214951095}}
43424168-e44e-473a-bf12-dba8a4a4453a 2016-12-13 11:25:52.56390613 2622445 [56360.645216]   963  1914 D ThermaPlan->Batch: {"func":"Batch->add()","batch":{"what":"BATCH","start":214278988,"end":214951095,"flags":8,"flagsBinary":"1000","oldStart":214278914,"oldEnd":214951095}}
43424168-e44e-473a-bf12-dba8a4a4453a 2016-12-13 11:25:52.56390613 2622446 [56360.645408]   963  1914 D ThermaPlan->Batch: {"func":"Batch->add()","batch":{"what":"BATCH","start":214281415,"end":214951095,"flags":8,"flagsBinary":"1000","oldStart":214278988,"oldEnd":214951095}}
43424168-e44e-473a-bf12-dba8a4a4453a 2016-12-13 11:25:52.56390613 2622447 [56360.645663]   963  1914 D ThermaPlan->Batch: {"func":"Batch->add()","batch":{"what":"BATCH","start":214281680,"end":214951095,"flags":8,"flagsBinary":"1000","oldStart":214281415,"oldEnd":214951095}}
43424168-e44e-473a-bf12-dba8a4a4453a 2016-12-13 11:25:52.56390613 2622448 [56360.645854]   963  1914 D ThermaPlan->Batch: {"func":"Batch->add()","batch":{"what":"BATCH","start":214282094,"end":214951095,"flags":8,"flagsBinary":"1000","oldStart":214281680,"oldEnd":214951095}}
43424168-e44e-473a-bf12-dba8a4a4453a 2016-12-13 11:25:52.56390613 2622449 [56360.646116]   963  1914 D ThermaPlan->Batch: {"func":"Batch->add()","batch":{"what":"BATCH","start":214282211,"end":214951095,"flags":8,"flagsBinary":"1000","oldStart":214282094,"oldEnd":214951095}}
43424168-e44e-473a-bf12-dba8a4a4453a 2016-12-13 11:25:52.56390613 2622450 [56360.646298]   963  1914 D ThermaPlan->Batch: {"func":"Batch->add()","batch":{"what":"BATCH","start":214282485,"end":214951095,"flags":8,"flagsBinary":"1000","oldStart":214282211,"oldEnd":214951095}}
43424168-e44e-473a-bf12-dba8a4a4453a 2016-12-13 11:25:52.56390613 2622451 [56360.646541]   963  1914 D ThermaPlan->Batch: {"func":"Batch->add()","batch":{"what":"BATCH","start":214294563,"end":214951095,"flags":8,"flagsBinary":"1000","oldStart":214282485,"oldEnd":214951095}}
43424168-e44e-473a-bf12-dba8a4a4453a 2016-12-13 11:25:52.56390613 2622452 [56360.646734]   963  1914 D ThermaPlan->Batch: {"func":"Batch->add()","batch":{"what":"BATCH","start":214733822,"end":214951095,"flags":8,"flagsBinary":"1000","oldStart":214294563,"oldEnd":214951095}}
43424168-e44e-473a-bf12-dba8a4a4453a 2016-12-13 11:25:52.56390613 2622453 [56360.647459]   963  1914 D ThermaPlan->Batch: {"func":"Batch->add()","batch":{"what":"BATCH","start":214750705,"end":214951095,"flags":8,"flagsBinary":"1000","oldStart":214733822,"oldEnd":214951095}}
43424168-e44e-473a-bf12-dba8a4a4453a 2016-12-13 11:25:52.66390613 2622454 [56360.650873]   963  1914 D ThermaPlan->Batch: {"func":"Batch->add()","batch":{"what":"BATCH","start":215759161,"end":219062073,"flags":8,"flagsBinary":"1000","oldStart":215226149,"oldEnd":219062073}}
43424168-e44e-473a-bf12-dba8a4a4453a 2016-12-13 11:25:52.66390613 2622455 [56360.651918]   963  1914 D ThermaPlan->Batch: {"func":"Batch->add()","batch":{"what":"BATCH","start":216082518,"end":218782518,"flags":8,"flagsBinary":"1000","oldStart":215759161,"oldEnd":219062073}}
43424168-e44e-473a-bf12-dba8a4a4453a 2016-12-13 11:25:52.66390613 2622456 [56360.652909]   963  1914 D ThermaPlan->Batch: {"func":"Batch->add()","batch":{"what":"BATCH","start":216144078,"end":218782518,"flags":8,"flagsBinary":"1000","oldStart":216082518,"oldEnd":218782518}}
43424168-e44e-473a-bf12-dba8a4a4453a 2016-12-13 11:25:52.66390613 2622457 [56360.653896]   963  1914 D ThermaPlan->Batch: {"func":"Batch->add()","batch":{"what":"BATCH","start":216526830,"end":218782518,"flags":8,"flagsBinary":"1000","oldStart":216144078,"oldEnd":218782518}}
43424168-e44e-473a-bf12-dba8a4a4453a 2016-12-13 11:25:52.66390613 2622458 [56360.654876]   963  1914 D ThermaPlan->Batch: {"func":"Batch->add()","batch":{"what":"BATCH","start":217737182,"end":218037182,"flags":8,"flagsBinary":"1000","oldStart":216526830,"oldEnd":218782518}}
43424168-e44e-473a-bf12-dba8a4a4453a 2016-12-13 11:25:52.66390613 2622459 [56360.656597]   963  1914 D ThermaPlan->Batch: {"func":"Batch->add()","batch":{"what":"BATCH","start":220150599,"end":224060132,"flags":0,"flagsBinary":"0","oldStart":219290728,"oldEnd":224060132}}
43424168-e44e-473a-bf12-dba8a4a4453a 2016-12-13 11:25:52.66390613 2622460 [56360.657594]   963  1914 D ThermaPlan->Batch: {"func":"Batch->add()","batch":{"what":"BATCH","start":220380550,"end":224060132,"flags":0,"flagsBinary":"0","oldStart":220150599,"oldEnd":224060132}}
43424168-e44e-473a-bf12-dba8a4a4453a 2016-12-13 11:25:52.76390613 2622461 [56360.660063]   963  1914 D ThermaPlan->Batch: {"func":"Batch->add()","batch":{"what":"BATCH","start":228290727,"end":239324426,"flags":0,"flagsBinary":"0","oldStart":224222674,"oldEnd":240422669}}
43424168-e44e-473a-bf12-dba8a4a4453a 2016-12-13 11:25:52.76390613 2622462 [56360.661115]   963  1914 D ThermaPlan->Batch: {"func":"Batch->add()","batch":{"what":"BATCH","start":230499939,"end":239324426,"flags":0,"flagsBinary":"0","oldStart":228290727,"oldEnd":239324426}}
43424168-e44e-473a-bf12-dba8a4a4453a 2016-12-13 11:25:52.76390613 2622463 [56360.663547]   963  1914 D ThermaPlan->Batch: {"func":"Batch->add()","batch":{"what":"BATCH","start":231188198,"end":239324426,"flags":0,"flagsBinary":"0","oldStart":230499939,"oldEnd":239324426}}
43424168-e44e-473a-bf12-dba8a4a4453a 2016-12-13 11:25:52.76390613 2622464 [56360.664625]   963  1914 D ThermaPlan->Batch: {"func":"Batch->add()","batch":{"what":"BATCH","start":231548284,"end":239324426,"flags":0,"flagsBinary":"0","oldStart":231188198,"oldEnd":239324426}}
43424168-e44e-473a-bf12-dba8a4a4453a 2016-12-13 11:25:52.86390613 2622465 [56360.670090]   963  1914 D ThermaPlan->Batch: {"func":"Batch->add()","batch":{"what":"BATCH","start":248330836,"end":285305189,"flags":8,"flagsBinary":"1000","oldStart":240305189,"oldEnd":285305189}}
43424168-e44e-473a-bf12-dba8a4a4453a 2016-12-13 11:25:52.86390613 2622466 [56360.670368]   963  1914 D ThermaPlan->Batch: {"func":"Batch->add()","batch":{"what":"BATCH","start":249541608,"end":282059671,"flags":8,"flagsBinary":"1000","oldStart":248330836,"oldEnd":285305189}}
43424168-e44e-473a-bf12-dba8a4a4453a 2016-12-13 11:25:52.86390613 2622467 [56360.670672]   963  1914 D ThermaPlan->Batch: {"func":"Batch->add()","batch":{"what":"BATCH","start":249641516,"end":280795766,"flags":8,"flagsBinary":"1000","oldStart":249541608,"oldEnd":282059671}}
43424168-e44e-473a-bf12-dba8a4a4453a 2016-12-13 11:25:52.86390613 2622468 [56360.670958]   963  1914 D ThermaPlan->Batch: {"func":"Batch->add()","batch":{"what":"BATCH","start":258890727,"end":280795766,"flags":8,"flagsBinary":"1000","oldStart":249641516,"oldEnd":280795766}}
43424168-e44e-473a-bf12-dba8a4a4453a 2016-12-13 11:25:52.86390613 2622469 [56360.671224]   963  1914 D ThermaPlan->Batch: {"func":"Batch->add()","batch":{"what":"BATCH","start":259200000,"end":280795766,"flags":8,"flagsBinary":"1000","oldStart":258890727,"oldEnd":280795766}}
43424168-e44e-473a-bf12-dba8a4a4453a 2016-12-13 11:25:52.86390613 2622470 [56360.671492]   963  1914 D ThermaPlan->Batch: {"func":"Batch->add()","batch":{"what":"BATCH","start":259252542,"end":280795766,"flags":8,"flagsBinary":"1000","oldStart":259200000,"oldEnd":280795766}}
43424168-e44e-473a-bf12-dba8a4a4453a 2016-12-13 11:25:52.86390613 2622471 [56360.671750]   963  1914 D ThermaPlan->Batch: {"func":"Batch->add()","batch":{"what":"BATCH","start":259281310,"end":280795766,"flags":8,"flagsBinary":"1000","oldStart":259252542,"oldEnd":280795766}}
43424168-e44e-473a-bf12-dba8a4a4453a 2016-12-13 11:25:52.86390613 2622472 [56360.672019]   963  1914 D ThermaPlan->Batch: {"func":"Batch->add()","batch":{"what":"BATCH","start":259345161,"end":280795766,"flags":8,"flagsBinary":"1000","oldStart":259281310,"oldEnd":280795766}}
43424168-e44e-473a-bf12-dba8a4a4453a 2016-12-13 11:25:52.86390613 2622473 [56360.672286]   963  1914 D ThermaPlan->Batch: {"func":"Batch->add()","batch":{"what":"BATCH","start":259786617,"end":280795766,"flags":8,"flagsBinary":"1000","oldStart":259345161,"oldEnd":280795766}}
43424168-e44e-473a-bf12-dba8a4a4453a 2016-12-13 11:25:52.86390613 2622474 [56360.672547]   963  1914 D ThermaPlan->Batch: {"func":"Batch->add()","batch":{"what":"BATCH","start":261333689,"end":280795766,"flags":8,"flagsBinary":"1000","oldStart":259786617,"oldEnd":280795766}}
43424168-e44e-473a-bf12-dba8a4a4453a 2016-12-13 11:25:52.86390613 2622475 [56360.672795]   963  1914 D ThermaPlan->Batch: {"func":"Batch->add()","batch":{"what":"BATCH","start":270989138,"end":280795766,"flags":8,"flagsBinary":"1000","oldStart":261333689,"oldEnd":280795766}}
43424168-e44e-473a-bf12-dba8a4a4453a 2016-12-13 11:25:52.86390613 2622476 [56360.675636]   963  1914 D ThermaPlan->Batch: {"func":"Batch->add()","batch":{"what":"BATCH","start":292490680,"end":331748773,"flags":0,"flagsBinary":"0","oldStart":280825099,"oldEnd":331748773}}
43424168-e44e-473a-bf12-dba8a4a4453a 2016-12-13 11:25:52.86390613 2622477 [56360.675892]   963  1914 D ThermaPlan->Batch: {"func":"Batch->add()","batch":{"what":"BATCH","start":296563796,"end":331748773,"flags":0,"flagsBinary":"0","oldStart":292490680,"oldEnd":331748773}}
43424168-e44e-473a-bf12-dba8a4a4453a 2016-12-13 11:25:52.86390613 2622478 [56360.676156]   963  1914 D ThermaPlan->Batch: {"func":"Batch->add()","batch":{"what":"BATCH","start":300042523,"end":331748773,"flags":8,"flagsBinary":"1000","oldStart":296563796,"oldEnd":331748773}}
43424168-e44e-473a-bf12-dba8a4a4453a 2016-12-13 11:25:52.86390613 2622479 [56360.676588]   963  1914 D ThermaPlan->Batch: {"func":"Batch->add()","batch":{"what":"BATCH","start":605813326,"end":1058493260,"flags":0,"flagsBinary":"0","oldStart":604893262,"oldEnd":1058493260}}
43424168-e44e-473a-bf12-dba8a4a4453a 2016-12-13 11:25:52.86390613 2622480 [56360.676857]   963  1914 D ThermaPlan->Batch: {"func":"Batch->add()","batch":{"what":"BATCH","start":624143935,"end":992076404,"flags":0,"flagsBinary":"0","oldStart":605813326,"oldEnd":1058493260}}
43424168-e44e-473a-bf12-dba8a4a4453a 2016-12-13 11:25:52.86390613 2622481 [56360.677130]   963  1914 D ThermaPlan->Batch: {"func":"Batch->add()","batch":{"what":"BATCH","start":694490727,"end":992076404,"flags":0,"flagsBinary":"0","oldStart":624143935,"oldEnd":992076404}}
43424168-e44e-473a-bf12-dba8a4a4453a 2016-12-13 11:25:52.86390613 2622482 [56360.677562]   963  1914 D ThermaPlan->Batch: {"func":"Batch->add()","batch":{"what":"BATCH","start":701674709,"end":992076404,"flags":0,"flagsBinary":"0","oldStart":694490727,"oldEnd":992076404}}
43424168-e44e-473a-bf12-dba8a4a4453a 2016-12-13 11:25:52.86390613 2622483 [56360.678159]   963  1914 D ThermaPlan->Batch: {"func":"Batch->add()","batch":{"what":"BATCH","start":315360057206,"end":551880056972,"flags":0,"flagsBinary":"0","oldStart":315360056973,"oldEnd":551880056972}}
43424168-e44e-473a-bf12-dba8a4a4453a 2016-12-13 11:25:52.86390613 2622484 [56360.678430]   963  1914 D ThermaPlan->Batch: {"func":"Batch->add()","batch":{"what":"BATCH","start":315360057236,"end":551880056972,"flags":0,"flagsBinary":"0","oldStart":315360057206,"oldEnd":551880056972}}
43424168-e44e-473a-bf12-dba8a4a4453a 2016-12-13 11:25:52.86390613 2622485 [56360.679012]   963  1914 D ThermaPlan->Batch: {"func":"Batch->add()","batch":{"what":"BATCH","start":315360057240,"end":551880056972,"flags":0,"flagsBinary":"0","oldStart":315360057236,"oldEnd":551880056972}}
43424168-e44e-473a-bf12-dba8a4a4453a 2016-12-13 11:25:52.96390613 2622486 [56360.679329]   963  1914 D ThermaPlan->Batch: {"func":"Batch->add()","batch":{"what":"BATCH","start":315360057254,"end":551880056972,"flags":0,"flagsBinary":"0","oldStart":315360057240,"oldEnd":551880056972}}
43424168-e44e-473a-bf12-dba8a4a4453a 2016-12-13 11:25:52.96390613 2622487 [56360.679630]   963  1914 D ThermaPlan->Batch: {"func":"Batch->add()","batch":{"what":"BATCH","start":315360057257,"end":551880056972,"flags":0,"flagsBinary":"0","oldStart":315360057254,"oldEnd":551880056972}}
43424168-e44e-473a-bf12-dba8a4a4453a 2016-12-13 11:25:52.96390613 2622488 [56360.679950]   963  1914 D ThermaPlan->Batch: {"func":"Batch->add()","batch":{"what":"BATCH","start":315360057259,"end":551880056972,"flags":0,"flagsBinary":"0","oldStart":315360057257,"oldEnd":551880056972}}
43424168-e44e-473a-bf12-dba8a4a4453a 2016-12-13 11:25:52.96390613 2622489 [56360.680051]   388   388 D Kernel-Trace:     kworker/1:2H-12491 [001] ...1 56360.589631: cpu_frequency: state=729600 cpu_id=1
43424168-e44e-473a-bf12-dba8a4a4453a 2016-12-13 11:25:52.96390613 2622490 [56360.680080]   388   388 D Kernel-Trace:     kworker/3:2H-12900 [003] ...1 56360.629688: cpu_frequency: state=300000 cpu_id=3
43424168-e44e-473a-bf12-dba8a4a4453a 2016-12-13 11:25:52.96390613 2622491 [56360.680230]   963  1914 D ThermaPlan->Batch: {"func":"Batch->add()","batch":{"what":"BATCH","start":315360094195,"end":551880056972,"flags":0,"flagsBinary":"0","oldStart":315360057259,"oldEnd":551880056972}}
43424168-e44e-473a-bf12-dba8a4a4453a 2016-12-13 11:25:52.96390613 2622492 [56360.680301]   388   388 D Kernel-Trace:     kworker/1:2H-12491 [001] ...1 56360.649681: cpu_frequency: state=300000 cpu_id=1
43424168-e44e-473a-bf12-dba8a4a4453a 2016-12-13 11:25:52.96390613 2622493 [56360.680325]   388   388 D Kernel-Trace:     kworker/1:2H-12491 [001] ...1 56360.669696: cpu_frequency: state=1497600 cpu_id=1
43424168-e44e-473a-bf12-dba8a4a4453a 2016-12-13 11:25:52.96390613 2622494 [56360.680525]   963  1914 D ThermaPlan->Batch: {"func":"Batch->add()","batch":{"what":"BATCH","start":315360113203,"end":551880056972,"flags":0,"flagsBinary":"0","oldStart":315360094195,"oldEnd":551880056972}}
43424168-e44e-473a-bf12-dba8a4a4453a 2016-12-13 11:25:52.96390613 2622495 [56360.680810]   963  1914 D ThermaPlan->Batch: {"func":"Batch->add()","batch":{"what":"BATCH","start":315399259724,"end":551880056972,"flags":0,"flagsBinary":"0","oldStart":315360113203,"oldEnd":551880056972}}
43424168-e44e-473a-bf12-dba8a4a4453a 2016-12-13 11:25:52.96390613 2622496 [56360.681097]   963  1914 D ThermaPlan->Batch: {"func":"Batch->add()","batch":{"what":"BATCH","start":315399259747,"end":551880056972,"flags":0,"flagsBinary":"0","oldStart":315399259724,"oldEnd":551880056972}}
43424168-e44e-473a-bf12-dba8a4a4453a 2016-12-13 11:25:52.96390613 2622497 [56360.681393]   963  1914 D ThermaPlan->Batch: {"func":"Batch->add()","batch":{"what":"BATCH","start":315572926898,"end":551880056972,"flags":0,"flagsBinary":"0","oldStart":315399259747,"oldEnd":551880056972}}
43424168-e44e-473a-bf12-dba8a4a4453a 2016-12-13 11:25:52.96390613 2622498 [56360.683927]   963  1597 D ThermaPlan->AlarmManagerService: {"func":"AlarmManagerService->mService->set","pid":2875,"uid":10098,"flagsBinary":"1","flags":1,"type":2,"triggerAtTime":244039879,"nowELAPSED":213642831,"rtc":1481646352104,"windowLength":0,"interval":0,"creatorPkg":"com.facebook.orca","targetPkg":"com.facebook.orca"}
43424168-e44e-473a-bf12-dba8a4a4453a 2016-12-13 11:25:52.106390613 2622499 [56360.698057] 27410 29952 W fb4a.0Rv: Called user scoped provider with no viewer. ViewerContextManager was created with no ViewerContext. Using EmptyViewerContextManager to return fake logged in instance.
43424168-e44e-473a-bf12-dba8a4a4453a 2016-12-13 11:25:52.106390613 2622500 [56360.698623] 27410 29952 W fb4a.0Rv: Called user scoped provider with no viewer. ViewerContextManager was created with no ViewerContext. Using EmptyViewerContextManager to return fake logged in instance.
43424168-e44e-473a-bf12-dba8a4a4453a 2016-12-13 11:25:52.126390613 2622501 [56360.709402]   963  1883 D ThermaPlan->Batch: {"func":"Batch->add()","batch":{"what":"BATCH","start":213650727,"end":213684887,"flags":0,"flagsBinary":"0","oldStart":213639889,"oldEnd":213684887}}
43424168-e44e-473a-bf12-dba8a4a4453a 2016-12-13 11:25:52.126390613 2622502 [56360.709893]   963  1883 D ThermaPlan->Batch: {"func":"Batch->add()","batch":{"what":"BATCH","start":213711754,"end":213730771,"flags":8,"flagsBinary":"1000","oldStart":213700771,"oldEnd":213730771}}
43424168-e44e-473a-bf12-dba8a4a4453a 2016-12-13 11:25:52.126390613 2622503 [56360.711092]   963  1883 D ThermaPlan->Batch: {"func":"Batch->add()","batch":{"what":"BATCH","start":214276095,"end":214951095,"flags":8,"flagsBinary":"1000","oldStart":214251322,"oldEnd":215601322}}
43424168-e44e-473a-bf12-dba8a4a4453a 2016-12-13 11:25:52.126390613 2622504 [56360.711263]   963  1883 D ThermaPlan->Batch: {"func":"Batch->add()","batch":{"what":"BATCH","start":214278171,"end":214951095,"flags":8,"flagsBinary":"1000","oldStart":214276095,"oldEnd":214951095}}
43424168-e44e-473a-bf12-dba8a4a4453a 2016-12-13 11:25:52.126390613 2622505 [56360.711439]   963  1883 D ThermaPlan->Batch: {"func":"Batch->add()","batch":{"what":"BATCH","start":214278914,"end":214951095,"flags":8,"flagsBinary":"1000","oldStart":214278171,"oldEnd":214951095}}
43424168-e44e-473a-bf12-dba8a4a4453a 2016-12-13 11:25:52.126390613 2622506 [56360.711620]   963  1883 D ThermaPlan->Batch: {"func":"Batch->add()","batch":{"what":"BATCH","start":214278988,"end":214951095,"flags":8,"flagsBinary":"1000","oldStart":214278914,"oldEnd":214951095}}
43424168-e44e-473a-bf12-dba8a4a4453a 2016-12-13 11:25:52.126390613 2622507 [56360.711795]   963  1883 D ThermaPlan->Batch: {"func":"Batch->add()","batch":{"what":"BATCH","start":214281415,"end":214951095,"flags":8,"flagsBinary":"1000","oldStart":214278988,"oldEnd":214951095}}
43424168-e44e-473a-bf12-dba8a4a4453a 2016-12-13 11:25:52.126390613 2622508 [56360.711997]   963  1883 D ThermaPlan->Batch: {"func":"Batch->add()","batch":{"what":"BATCH","start":214281680,"end":214951095,"flags":8,"flagsBinary":"1000","oldStart":214281415,"oldEnd":214951095}}
43424168-e44e-473a-bf12-dba8a4a4453a 2016-12-13 11:25:52.126390613 2622509 [56360.712173]   963  1883 D ThermaPlan->Batch: {"func":"Batch->add()","batch":{"what":"BATCH","start":214282094,"end":214951095,"flags":8,"flagsBinary":"1000","oldStart":214281680,"oldEnd":214951095}}
43424168-e44e-473a-bf12-dba8a4a4453a 2016-12-13 11:25:52.126390613 2622510 [56360.712344]   963  1883 D ThermaPlan->Batch: {"func":"Batch->add()","batch":{"what":"BATCH","start":214282211,"end":214951095,"flags":8,"flagsBinary":"1000","oldStart":214282094,"oldEnd":214951095}}
43424168-e44e-473a-bf12-dba8a4a4453a 2016-12-13 11:25:52.126390613 2622511 [56360.712516]   963  1883 D ThermaPlan->Batch: {"func":"Batch->add()","batch":{"what":"BATCH","start":214282485,"end":214951095,"flags":8,"flagsBinary":"1000","oldStart":214282211,"oldEnd":214951095}}
43424168-e44e-473a-bf12-dba8a4a4453a 2016-12-13 11:25:52.126390613 2622512 [56360.712696]   963  1883 D ThermaPlan->Batch: {"func":"Batch->add()","batch":{"what":"BATCH","start":214294563,"end":214951095,"flags":8,"flagsBinary":"1000","oldStart":214282485,"oldEnd":214951095}}
43424168-e44e-473a-bf12-dba8a4a4453a 2016-12-13 11:25:52.126390613 2622513 [56360.712892]   963  1883 D ThermaPlan->Batch: {"func":"Batch->add()","batch":{"what":"BATCH","start":214733822,"end":214951095,"flags":8,"flagsBinary":"1000","oldStart":214294563,"oldEnd":214951095}}
43424168-e44e-473a-bf12-dba8a4a4453a 2016-12-13 11:25:52.126390613 2622514 [56360.713081]   963  1883 D ThermaPlan->Batch: {"func":"Batch->add()","batch":{"what":"BATCH","start":214750705,"end":214951095,"flags":8,"flagsBinary":"1000","oldStart":214733822,"oldEnd":214951095}}
43424168-e44e-473a-bf12-dba8a4a4453a 2016-12-13 11:25:52.126390613 2622515 [56360.714189]   963  1883 D ThermaPlan->Batch: {"func":"Batch->add()","batch":{"what":"BATCH","start":215759161,"end":219062073,"flags":8,"flagsBinary":"1000","oldStart":215226149,"oldEnd":219062073}}
43424168-e44e-473a-bf12-dba8a4a4453a 2016-12-13 11:25:52.126390613 2622516 [56360.714370]   963  1883 D ThermaPlan->Batch: {"func":"Batch->add()","batch":{"what":"BATCH","start":216082518,"end":218782518,"flags":8,"flagsBinary":"1000","oldStart":215759161,"oldEnd":219062073}}
43424168-e44e-473a-bf12-dba8a4a4453a 2016-12-13 11:25:52.126390613 2622517 [56360.714550]   963  1883 D ThermaPlan->Batch: {"func":"Batch->add()","batch":{"what":"BATCH","start":216144078,"end":218782518,"flags":8,"flagsBinary":"1000","oldStart":216082518,"oldEnd":218782518}}
43424168-e44e-473a-bf12-dba8a4a4453a 2016-12-13 11:25:52.126390613 2622518 [56360.714717]   963  1883 D ThermaPlan->Batch: {"func":"Batch->add()","batch":{"what":"BATCH","start":216526830,"end":218782518,"flags":8,"flagsBinary":"1000","oldStart":216144078,"oldEnd":218782518}}
43424168-e44e-473a-bf12-dba8a4a4453a 2016-12-13 11:25:52.126390613 2622519 [56360.714899]   963  1883 D ThermaPlan->Batch: {"func":"Batch->add()","batch":{"what":"BATCH","start":217737182,"end":218037182,"flags":8,"flagsBinary":"1000","oldStart":216526830,"oldEnd":218782518}}
43424168-e44e-473a-bf12-dba8a4a4453a 2016-12-13 11:25:52.126390613 2622520 [56360.715188]   963  1883 D ThermaPlan->Batch: {"func":"Batch->add()","batch":{"what":"BATCH","start":220150599,"end":224060131,"flags":0,"flagsBinary":"0","oldStart":219290727,"oldEnd":224060131}}
43424168-e44e-473a-bf12-dba8a4a4453a 2016-12-13 11:25:52.126390613 2622521 [56360.715369]   963  1883 D ThermaPlan->Batch: {"func":"Batch->add()","batch":{"what":"BATCH","start":220380550,"end":224060131,"flags":0,"flagsBinary":"0","oldStart":220150599,"oldEnd":224060131}}
43424168-e44e-473a-bf12-dba8a4a4453a 2016-12-13 11:25:52.126390613 2622522 [56360.715776]   963  1883 D ThermaPlan->Batch: {"func":"Batch->add()","batch":{"what":"BATCH","start":228290727,"end":239324426,"flags":0,"flagsBinary":"0","oldStart":224222674,"oldEnd":240422669}}
43424168-e44e-473a-bf12-dba8a4a4453a 2016-12-13 11:25:52.126390613 2622523 [56360.715948]   963  1883 D ThermaPlan->Batch: {"func":"Batch->add()","batch":{"what":"BATCH","start":230499939,"end":239324426,"flags":0,"flagsBinary":"0","oldStart":228290727,"oldEnd":239324426}}
43424168-e44e-473a-bf12-dba8a4a4453a 2016-12-13 11:25:52.126390613 2622524 [56360.716122]   963  1883 D ThermaPlan->Batch: {"func":"Batch->add()","batch":{"what":"BATCH","start":231188198,"end":239324426,"flags":0,"flagsBinary":"0","oldStart":230499939,"oldEnd":239324426}}
43424168-e44e-473a-bf12-dba8a4a4453a 2016-12-13 11:25:52.126390613 2622525 [56360.716313]   963  1883 D ThermaPlan->Batch: {"func":"Batch->add()","batch":{"what":"BATCH","start":231548284,"end":239324426,"flags":0,"flagsBinary":"0","oldStart":231188198,"oldEnd":239324426}}
43424168-e44e-473a-bf12-dba8a4a4453a 2016-12-13 11:25:52.126390613 2622526 [56360.717379]   963  1883 D ThermaPlan->Batch: {"func":"Batch->add()","batch":{"what":"BATCH","start":248330836,"end":285305189,"flags":8,"flagsBinary":"1000","oldStart":240305189,"oldEnd":285305189}}
43424168-e44e-473a-bf12-dba8a4a4453a 2016-12-13 11:25:52.126390613 2622527 [56360.717549]   963  1883 D ThermaPlan->Batch: {"func":"Batch->add()","batch":{"what":"BATCH","start":249541608,"end":282059671,"flags":8,"flagsBinary":"1000","oldStart":248330836,"oldEnd":285305189}}
43424168-e44e-473a-bf12-dba8a4a4453a 2016-12-13 11:25:52.126390613 2622528 [56360.717749]   963  1883 D ThermaPlan->Batch: {"func":"Batch->add()","batch":{"what":"BATCH","start":249641515,"end":280795765,"flags":8,"flagsBinary":"1000","oldStart":249541608,"oldEnd":282059671}}
43424168-e44e-473a-bf12-dba8a4a4453a 2016-12-13 11:25:52.126390613 2622529 [56360.717937]   963  1883 D ThermaPlan->Batch: {"func":"Batch->add()","batch":{"what":"BATCH","start":258890727,"end":280795765,"flags":8,"flagsBinary":"1000","oldStart":249641515,"oldEnd":280795765}}
43424168-e44e-473a-bf12-dba8a4a4453a 2016-12-13 11:25:52.126390613 2622530 [56360.718124]   963  1883 D ThermaPlan->Batch: {"func":"Batch->add()","batch":{"what":"BATCH","start":259200000,"end":280795765,"flags":8,"flagsBinary":"1000","oldStart":258890727,"oldEnd":280795765}}
43424168-e44e-473a-bf12-dba8a4a4453a 2016-12-13 11:25:52.126390613 2622531 [56360.718306]   963  1883 D ThermaPlan->Batch: {"func":"Batch->add()","batch":{"what":"BATCH","start":259252542,"end":280795765,"flags":8,"flagsBinary":"1000","oldStart":259200000,"oldEnd":280795765}}
43424168-e44e-473a-bf12-dba8a4a4453a 2016-12-13 11:25:52.126390613 2622532 [56360.718488]   963  1883 D ThermaPlan->Batch: {"func":"Batch->add()","batch":{"what":"BATCH","start":259281310,"end":280795765,"flags":8,"flagsBinary":"1000","oldStart":259252542,"oldEnd":280795765}}
43424168-e44e-473a-bf12-dba8a4a4453a 2016-12-13 11:25:52.126390613 2622533 [56360.718676]   963  1883 D ThermaPlan->Batch: {"func":"Batch->add()","batch":{"what":"BATCH","start":259345161,"end":280795765,"flags":8,"flagsBinary":"1000","oldStart":259281310,"oldEnd":280795765}}
43424168-e44e-473a-bf12-dba8a4a4453a 2016-12-13 11:25:52.126390613 2622534 [56360.718852]   963  1883 D ThermaPlan->Batch: {"func":"Batch->add()","batch":{"what":"BATCH","start":259786617,"end":280795765,"flags":8,"flagsBinary":"1000","oldStart":259345161,"oldEnd":280795765}}
43424168-e44e-473a-bf12-dba8a4a4453a 2016-12-13 11:25:52.126390613 2622535 [56360.719026]   963  1883 D ThermaPlan->Batch: {"func":"Batch->add()","batch":{"what":"BATCH","start":261333689,"end":280795765,"flags":8,"flagsBinary":"1000","oldStart":259786617,"oldEnd":280795765}}
43424168-e44e-473a-bf12-dba8a4a4453a 2016-12-13 11:25:52.126390613 2622536 [56360.719211]   963  1883 D ThermaPlan->Batch: {"func":"Batch->add()","batch":{"what":"BATCH","start":270989138,"end":280795765,"flags":8,"flagsBinary":"1000","oldStart":261333689,"oldEnd":280795765}}
43424168-e44e-473a-bf12-dba8a4a4453a 2016-12-13 11:25:52.136390613 2622537 [56360.722668]   963  1883 D ThermaPlan->Batch: {"func":"Batch->add()","batch":{"what":"BATCH","start":292490680,"end":331748773,"flags":0,"flagsBinary":"0","oldStart":280825099,"oldEnd":331748773}}
43424168-e44e-473a-bf12-dba8a4a4453a 2016-12-13 11:25:52.136390613 2622538 [56360.722878]   963  1883 D ThermaPlan->Batch: {"func":"Batch->add()","batch":{"what":"BATCH","start":296563796,"end":331748773,"flags":0,"flagsBinary":"0","oldStart":292490680,"oldEnd":331748773}}
43424168-e44e-473a-bf12-dba8a4a4453a 2016-12-13 11:25:52.136390613 2622539 [56360.723060]   963  1883 D ThermaPlan->Batch: {"func":"Batch->add()","batch":{"what":"BATCH","start":300042523,"end":331748773,"flags":8,"flagsBinary":"1000","oldStart":296563796,"oldEnd":331748773}}
43424168-e44e-473a-bf12-dba8a4a4453a 2016-12-13 11:25:52.136390613 2622540 [56360.723377]   963  1883 D ThermaPlan->Batch: {"func":"Batch->add()","batch":{"what":"BATCH","start":605813325,"end":1058493260,"flags":0,"flagsBinary":"0","oldStart":604893262,"oldEnd":1058493260}}
43424168-e44e-473a-bf12-dba8a4a4453a 2016-12-13 11:25:52.136390613 2622541 [56360.723587]   963  1883 D ThermaPlan->Batch: {"func":"Batch->add()","batch":{"what":"BATCH","start":624143935,"end":992076404,"flags":0,"flagsBinary":"0","oldStart":605813325,"oldEnd":1058493260}}
43424168-e44e-473a-bf12-dba8a4a4453a 2016-12-13 11:25:52.136390613 2622542 [56360.723782]   963  1883 D ThermaPlan->Batch: {"func":"Batch->add()","batch":{"what":"BATCH","start":694490727,"end":992076404,"flags":0,"flagsBinary":"0","oldStart":624143935,"oldEnd":992076404}}
43424168-e44e-473a-bf12-dba8a4a4453a 2016-12-13 11:25:52.136390613 2622543 [56360.724096]   963  1883 D ThermaPlan->Batch: {"func":"Batch->add()","batch":{"what":"BATCH","start":701674709,"end":992076404,"flags":0,"flagsBinary":"0","oldStart":694490727,"oldEnd":992076404}}
43424168-e44e-473a-bf12-dba8a4a4453a 2016-12-13 11:25:52.136390613 2622544 [56360.724536]   963  1883 D ThermaPlan->Batch: {"func":"Batch->add()","batch":{"what":"BATCH","start":315360057206,"end":551880056972,"flags":0,"flagsBinary":"0","oldStart":315360056973,"oldEnd":551880056972}}
43424168-e44e-473a-bf12-dba8a4a4453a 2016-12-13 11:25:52.136390613 2622545 [56360.724730]   963  1883 D ThermaPlan->Batch: {"func":"Batch->add()","batch":{"what":"BATCH","start":315360057236,"end":551880056972,"flags":0,"flagsBinary":"0","oldStart":315360057206,"oldEnd":551880056972}}
43424168-e44e-473a-bf12-dba8a4a4453a 2016-12-13 11:25:52.136390613 2622546 [56360.724924]   963  1883 D ThermaPlan->Batch: {"func":"Batch->add()","batch":{"what":"BATCH","start":315360057240,"end":551880056972,"flags":0,"flagsBinary":"0","oldStart":315360057236,"oldEnd":551880056972}}
43424168-e44e-473a-bf12-dba8a4a4453a 2016-12-13 11:25:52.136390613 2622547 [56360.725135]   963  1883 D ThermaPlan->Batch: {"func":"Batch->add()","batch":{"what":"BATCH","start":315360057254,"end":551880056972,"flags":0,"flagsBinary":"0","oldStart":315360057240,"oldEnd":551880056972}}
43424168-e44e-473a-bf12-dba8a4a4453a 2016-12-13 11:25:52.136390613 2622548 [56360.725322]   963  1883 D ThermaPlan->Batch: {"func":"Batch->add()","batch":{"what":"BATCH","start":315360057257,"end":551880056972,"flags":0,"flagsBinary":"0","oldStart":315360057254,"oldEnd":551880056972}}
43424168-e44e-473a-bf12-dba8a4a4453a 2016-12-13 11:25:52.136390613 2622549 [56360.725508]   963  1883 D ThermaPlan->Batch: {"func":"Batch->add()","batch":{"what":"BATCH","start":315360057259,"end":551880056972,"flags":0,"flagsBinary":"0","oldStart":315360057257,"oldEnd":551880056972}}
43424168-e44e-473a-bf12-dba8a4a4453a 2016-12-13 11:25:52.136390613 2622550 [56360.725690]   963  1883 D ThermaPlan->Batch: {"func":"Batch->add()","batch":{"what":"BATCH","start":315360094195,"end":551880056972,"flags":0,"flagsBinary":"0","oldStart":315360057259,"oldEnd":551880056972}}
43424168-e44e-473a-bf12-dba8a4a4453a 2016-12-13 11:25:52.136390613 2622551 [56360.725884]   963  1883 D ThermaPlan->Batch: {"func":"Batch->add()","batch":{"what":"BATCH","start":315360113203,"end":551880056972,"flags":0,"flagsBinary":"0","oldStart":315360094195,"oldEnd":551880056972}}
43424168-e44e-473a-bf12-dba8a4a4453a 2016-12-13 11:25:52.136390613 2622552 [56360.726066]   963  1883 D ThermaPlan->Batch: {"func":"Batch->add()","batch":{"what":"BATCH","start":315399259724,"end":551880056972,"flags":0,"flagsBinary":"0","oldStart":315360113203,"oldEnd":551880056972}}
43424168-e44e-473a-bf12-dba8a4a4453a 2016-12-13 11:25:52.136390613 2622553 [56360.726263]   963  1883 D ThermaPlan->Batch: {"func":"Batch->add()","batch":{"what":"BATCH","start":315399259747,"end":551880056972,"flags":0,"flagsBinary":"0","oldStart":315399259724,"oldEnd":551880056972}}
43424168-e44e-473a-bf12-dba8a4a4453a 2016-12-13 11:25:52.136390613 2622554 [56360.726449]   963  1883 D ThermaPlan->Batch: {"func":"Batch->add()","batch":{"what":"BATCH","start":315572926898,"end":551880056972,"flags":0,"flagsBinary":"0","oldStart":315399259747,"oldEnd":551880056972}}
43424168-e44e-473a-bf12-dba8a4a4453a 2016-12-13 11:25:52.146390613 2622555 [56360.731236]   963  3599 D ThermaPlan->AlarmManagerService: {"func":"AlarmManagerService->mService->set","pid":27410,"uid":10097,"flagsBinary":"1","flags":1,"type":2,"triggerAtTime":216229030,"nowELAPSED":213642878,"rtc":1481646352151,"windowLength":0,"interval":0,"creatorPkg":"com.facebook.katana","targetPkg":"com.facebook.katana"}
43424168-e44e-473a-bf12-dba8a4a4453a 2016-12-13 11:25:52.196390613 2622556 [56360.779823]   388   388 D Kernel-Trace:      kworker/0:1-18635 [000] ...1 56360.699345: thermal_temp: sensor_id=5 temp=48
43424168-e44e-473a-bf12-dba8a4a4453a 2016-12-13 11:25:52.196390613 2622557 [56360.779888]   388   388 D Kernel-Trace:     kworker/1:2H-12491 [001] ...1 56360.719713: cpu_frequency: state=300000 cpu_id=1
43424168-e44e-473a-bf12-dba8a4a4453a 2016-12-13 11:25:52.296390613 2622558 [56360.879744]   388   388 D Kernel-Trace:     kworker/0:0H-7043  [000] ...1 56360.870159: cpu_frequency: state=300000 cpu_id=0
43424168-e44e-473a-bf12-dba8a4a4453a 2016-12-13 11:25:52.396390613 2622559 [56360.979775]   388   388 D Kernel-Trace:      kworker/0:1-18635 [000] ...1 56360.949686: thermal_temp: sensor_id=5 temp=39
43424168-e44e-473a-bf12-dba8a4a4453a 2016-12-13 11:25:52.696390613 2622560 [56361.279826]   388   388 D Kernel-Trace:      kworker/0:1-18635 [000] ...1 56361.199699: thermal_temp: sensor_id=5 temp=38
43424168-e44e-473a-bf12-dba8a4a4453a 2016-12-13 11:25:52.696390613 2622561 [56361.279898]   388   388 D Kernel-Trace:     kworker/3:2H-12900 [003] ...1 56361.230251: cpu_frequency: state=1497600 cpu_id=3
43424168-e44e-473a-bf12-dba8a4a4453a 2016-12-13 11:25:52.696390613 2622562 [56361.279924]   388   388 D Kernel-Trace:     kworker/3:2H-12900 [003] ...1 56361.270417: cpu_frequency: state=300000 cpu_id=3
43424168-e44e-473a-bf12-dba8a4a4453a 2016-12-13 11:25:52.866390613 2622563 [56361.453328]   963  1597 I Network-Telephony-PhoneLab: {"Action":"android.intent.action.SIG_STR","SignalStrength":{"Type":"CDMA","Level":1,"Strength":-103,"Asu":1},"timestamp":1481646352873,"uptimeNanos":213643600546232,"LogFormat":"1.1"}
43424168-e44e-473a-bf12-dba8a4a4453a 2016-12-13 11:25:52.896390613 2622564 [56361.479795]   388   388 D Kernel-Trace:      kworker/0:1-18635 [000] ...1 56361.449599: thermal_temp: sensor_id=5 temp=38
43424168-e44e-473a-bf12-dba8a4a4453a 2016-12-13 11:25:53.196390613 2622565 [56361.779778]   388   388 D Kernel-Trace:      kworker/0:1-18635 [000] ...1 56361.699692: thermal_temp: sensor_id=5 temp=38
43424168-e44e-473a-bf12-dba8a4a4453a 2016-12-13 11:25:53.396390613 2622566 [56361.979791]   388   388 D Kernel-Trace:      kworker/0:1-18635 [000] ...1 56361.949681: thermal_temp: sensor_id=5 temp=38
43424168-e44e-473a-bf12-dba8a4a4453a 2016-12-13 11:25:53.696390613 2622567 [56362.279750]   388   388 D Kernel-Trace:      kworker/0:1-18635 [000] ...1 56362.199702: thermal_temp: sensor_id=5 temp=38
43424168-e44e-473a-bf12-dba8a4a4453a 2016-12-13 11:25:53.696390613 2622568 [56362.279932]   387   387 D KernelPrintk: 6,349748,56362269703,-;CFG80211-ERROR) wl_notify_pfn_status : >>> PNO Event
43424168-e44e-473a-bf12-dba8a4a4453a 2016-12-13 11:25:53.696390613 2622569 [56362.280002]   387   387 D KernelPrintk: 4,349749,56362269883,-;>>> SSID:eduroam Channel:112 
43424168-e44e-473a-bf12-dba8a4a4453a 2016-12-13 11:25:53.696390613 2622570 [56362.280064]   387   387 D KernelPrintk: 4,349750,56362269920,-;>>> SSID:AP4-5 Channel:40 
43424168-e44e-473a-bf12-dba8a4a4453a 2016-12-13 11:25:53.696390613 2622571 [56362.280121]   387   387 D KernelPrintk: 4,349751,56362269952,-;>>> SSID:phonelab Channel:1 
43424168-e44e-473a-bf12-dba8a4a4453a 2016-12-13 11:25:53.836390613 2622572 [56362.427848]   963  1378 D ThermaPlan->AlarmManagerService: {"func":"AlarmManagerService->mService->set","pid":963,"uid":1000,"flagsBinary":"1000","flags":8,"type":0,"triggerAtTime":1481646383847,"nowELAPSED":213644574,"rtc":1481646353847,"windowLength":-1,"interval":0,"creatorPkg":"android","targetPkg":"android"}
43424168-e44e-473a-bf12-dba8a4a4453a 2016-12-13 11:25:53.836390613 2622573 [56362.428823]   963  1378 D ThermaPlan->Batch: {"func":"Batch->add()","batch":{"what":"BATCH","start":213674574,"end":213684887,"flags":8,"flagsBinary":"1000","oldStart":213650727,"oldEnd":213684887}}
43424168-e44e-473a-bf12-dba8a4a4453a 2016-12-13 11:25:53.846390613 2622574 [56362.429659]   387   387 D KernelPrintk: 4,349752,56362424376,-;>> SCHED SCAN RESULT 3
43424168-e44e-473a-bf12-dba8a4a4453a 2016-12-13 11:25:53.866390613 2622575 [56362.452680]   963  1378 D WifiStateMachine: shouldSwitchNetwork  txSuccessRate=67339.50 rxSuccessRate=121605.00 delta 1000 -> 1
43424168-e44e-473a-bf12-dba8a4a4453a 2016-12-13 11:25:53.866390613 2622576 [56362.454434]   963  1378 D WifiStateMachine: CMD_AUTO_CONNECT sup state DisconnectedState my state DisconnectedState nid=5 roam=3
43424168-e44e-473a-bf12-dba8a4a4453a 2016-12-13 11:25:53.876390613 2622577 [56362.460080]   963  1378 D WifiStateMachine: CMD_AUTO_CONNECT will save config -> "AP4-5" nid=5
43424168-e44e-473a-bf12-dba8a4a4453a 2016-12-13 11:25:53.896390613 2622578 [56362.479847]   388   388 D Kernel-Trace:      kworker/0:1-18635 [000] ...1 56362.449745: thermal_temp: sensor_id=5 temp=38
43424168-e44e-473a-bf12-dba8a4a4453a 2016-12-13 11:25:53.896390613 2622579 [56362.479915]   388   388 D Kernel-Trace:     kworker/1:2H-12491 [001] ...1 56362.459870: cpu_frequency: state=422400 cpu_id=1
43424168-e44e-473a-bf12-dba8a4a4453a 2016-12-13 11:25:53.896390613 2622580 [56362.480236]   388   388 D Kernel-Trace:     kworker/1:2H-12491 [001] ...1 56362.479872: cpu_frequency: state=1497600 cpu_id=1
43424168-e44e-473a-bf12-dba8a4a4453a 2016-12-13 11:25:53.916390613 2622581 [56362.501412]   963  1378 D WifiStateMachine: CMD_AUTO_CONNECT did save config ->  nid=5
43424168-e44e-473a-bf12-dba8a4a4453a 2016-12-13 11:25:53.916390613 2622582 [56362.503143]  1417  1417 I wpa_supplicant: wlan0: Trying to associate with SSID 'AP4-5'
43424168-e44e-473a-bf12-dba8a4a4453a 2016-12-13 11:25:53.926390613 2622583 [56362.510166]   387   387 D KernelPrintk: 6,349753,56362504517,-;CFG80211-ERROR) wl_cfg80211_sched_scan_stop : >>> SCHED SCAN STOP
43424168-e44e-473a-bf12-dba8a4a4453a 2016-12-13 11:25:53.936390613 2622584 [56362.524921]   963  1378 D ThermaPlan->AlarmManagerService: {"func":"AlarmManagerService->mService->set","pid":963,"uid":1000,"flagsBinary":"1000","flags":8,"type":0,"triggerAtTime":1481646413944,"nowELAPSED":213644671,"rtc":1481646353944,"windowLength":-1,"interval":0,"creatorPkg":"android","targetPkg":"android"}
43424168-e44e-473a-bf12-dba8a4a4453a 2016-12-13 11:25:53.936390613 2622585 [56362.527756]   963  1378 D ThermaPlan->Batch: {"func":"Batch->add()","batch":{"what":"BATCH","start":213650727,"end":213684887,"flags":0,"flagsBinary":"0","oldStart":213639889,"oldEnd":213684887}}
43424168-e44e-473a-bf12-dba8a4a4453a 2016-12-13 11:25:53.946390613 2622586 [56362.529652]   387   387 D KernelPrintk: 6,349754,56362522018,-;CFG80211-ERROR) wl_cfg80211_connect : Connecting to ff:ff:ff:ff:ff:ff with channel (40) ssid AP4-5
43424168-e44e-473a-bf12-dba8a4a4453a 2016-12-13 11:25:53.946390613 2622587 [56362.531912]   963  1378 D ThermaPlan->Batch: {"func":"Batch->add()","batch":{"what":"BATCH","start":213711754,"end":213730771,"flags":8,"flagsBinary":"1000","oldStart":213700771,"oldEnd":213730771}}
43424168-e44e-473a-bf12-dba8a4a4453a 2016-12-13 11:25:53.946390613 2622588 [56362.538982]   963  1378 D ThermaPlan->Batch: {"func":"Batch->add()","batch":{"what":"BATCH","start":214276095,"end":214951095,"flags":8,"flagsBinary":"1000","oldStart":214251322,"oldEnd":215601322}}
43424168-e44e-473a-bf12-dba8a4a4453a 2016-12-13 11:25:53.956390613 2622589 [56362.540079]   963  1378 D ThermaPlan->Batch: {"func":"Batch->add()","batch":{"what":"BATCH","start":214278171,"end":214951095,"flags":8,"flagsBinary":"1000","oldStart":214276095,"oldEnd":214951095}}
43424168-e44e-473a-bf12-dba8a4a4453a 2016-12-13 11:25:53.956390613 2622590 [56362.541136]   963  1378 D ThermaPlan->Batch: {"func":"Batch->add()","batch":{"what":"BATCH","start":214278914,"end":214951095,"flags":8,"flagsBinary":"1000","oldStart":214278171,"oldEnd":214951095}}
43424168-e44e-473a-bf12-dba8a4a4453a 2016-12-13 11:25:53.956390613 2622591 [56362.542095]   963  1378 D ThermaPlan->Batch: {"func":"Batch->add()","batch":{"what":"BATCH","start":214278988,"end":214951095,"flags":8,"flagsBinary":"1000","oldStart":214278914,"oldEnd":214951095}}
43424168-e44e-473a-bf12-dba8a4a4453a 2016-12-13 11:25:53.956390613 2622592 [56362.543095]   963  1378 D ThermaPlan->Batch: {"func":"Batch->add()","batch":{"what":"BATCH","start":214281415,"end":214951095,"flags":8,"flagsBinary":"1000","oldStart":214278988,"oldEnd":214951095}}
43424168-e44e-473a-bf12-dba8a4a4453a 2016-12-13 11:25:53.956390613 2622593 [56362.544078]   963  1378 D ThermaPlan->Batch: {"func":"Batch->add()","batch":{"what":"BATCH","start":214281680,"end":214951095,"flags":8,"flagsBinary":"1000","oldStart":214281415,"oldEnd":214951095}}
43424168-e44e-473a-bf12-dba8a4a4453a 2016-12-13 11:25:53.956390613 2622594 [56362.545080]   963  1378 D ThermaPlan->Batch: {"func":"Batch->add()","batch":{"what":"BATCH","start":214282094,"end":214951095,"flags":8,"flagsBinary":"1000","oldStart":214281680,"oldEnd":214951095}}
43424168-e44e-473a-bf12-dba8a4a4453a 2016-12-13 11:25:53.956390613 2622595 [56362.546070]   963  1378 D ThermaPlan->Batch: {"func":"Batch->add()","batch":{"what":"BATCH","start":214282211,"end":214951095,"flags":8,"flagsBinary":"1000","oldStart":214282094,"oldEnd":214951095}}
43424168-e44e-473a-bf12-dba8a4a4453a 2016-12-13 11:25:53.956390613 2622596 [56362.547042]   963  1378 D ThermaPlan->Batch: {"func":"Batch->add()","batch":{"what":"BATCH","start":214282485,"end":214951095,"flags":8,"flagsBinary":"1000","oldStart":214282211,"oldEnd":214951095}}
43424168-e44e-473a-bf12-dba8a4a4453a 2016-12-13 11:25:53.956390613 2622597 [56362.548054]   963  1378 D ThermaPlan->Batch: {"func":"Batch->add()","batch":{"what":"BATCH","start":214294563,"end":214951095,"flags":8,"flagsBinary":"1000","oldStart":214282485,"oldEnd":214951095}}
43424168-e44e-473a-bf12-dba8a4a4453a 2016-12-13 11:25:53.956390613 2622598 [56362.549165]   963  1378 D ThermaPlan->Batch: {"func":"Batch->add()","batch":{"what":"BATCH","start":214733822,"end":214951095,"flags":8,"flagsBinary":"1000","oldStart":214294563,"oldEnd":214951095}}
43424168-e44e-473a-bf12-dba8a4a4453a 2016-12-13 11:25:53.966390613 2622599 [56362.550452]   963  1378 D ThermaPlan->Batch: {"func":"Batch->add()","batch":{"what":"BATCH","start":214750705,"end":214951095,"flags":8,"flagsBinary":"1000","oldStart":214733822,"oldEnd":214951095}}
43424168-e44e-473a-bf12-dba8a4a4453a 2016-12-13 11:25:53.966390613 2622600 [56362.552297]   963  1378 D ThermaPlan->Batch: {"func":"Batch->add()","batch":{"what":"BATCH","start":215759161,"end":219062073,"flags":8,"flagsBinary":"1000","oldStart":215226149,"oldEnd":219062073}}
43424168-e44e-473a-bf12-dba8a4a4453a 2016-12-13 11:25:53.966390613 2622601 [56362.552588]   963  1378 D ThermaPlan->Batch: {"func":"Batch->add()","batch":{"what":"BATCH","start":216082518,"end":218782518,"flags":8,"flagsBinary":"1000","oldStart":215759161,"oldEnd":219062073}}
43424168-e44e-473a-bf12-dba8a4a4453a 2016-12-13 11:25:53.966390613 2622602 [56362.552873]   963  1378 D ThermaPlan->Batch: {"func":"Batch->add()","batch":{"what":"BATCH","start":216144078,"end":218782518,"flags":8,"flagsBinary":"1000","oldStart":216082518,"oldEnd":218782518}}
43424168-e44e-473a-bf12-dba8a4a4453a 2016-12-13 11:25:53.966390613 2622603 [56362.553142]   963  1378 D ThermaPlan->Batch: {"func":"Batch->add()","batch":{"what":"BATCH","start":216526830,"end":218782518,"flags":8,"flagsBinary":"1000","oldStart":216144078,"oldEnd":218782518}}
43424168-e44e-473a-bf12-dba8a4a4453a 2016-12-13 11:25:53.966390613 2622604 [56362.553390]   963  1378 D ThermaPlan->Batch: {"func":"Batch->add()","batch":{"what":"BATCH","start":217737182,"end":218037182,"flags":8,"flagsBinary":"1000","oldStart":216526830,"oldEnd":218782518}}
43424168-e44e-473a-bf12-dba8a4a4453a 2016-12-13 11:25:53.966390613 2622605 [56362.553837]   963  1378 D ThermaPlan->Batch: {"func":"Batch->add()","batch":{"what":"BATCH","start":220150599,"end":224060132,"flags":0,"flagsBinary":"0","oldStart":219290728,"oldEnd":224060132}}
43424168-e44e-473a-bf12-dba8a4a4453a 2016-12-13 11:25:53.966390613 2622606 [56362.554118]   963  1378 D ThermaPlan->Batch: {"func":"Batch->add()","batch":{"what":"BATCH","start":220380550,"end":224060132,"flags":0,"flagsBinary":"0","oldStart":220150599,"oldEnd":224060132}}
43424168-e44e-473a-bf12-dba8a4a4453a 2016-12-13 11:25:53.966390613 2622607 [56362.554727]   963  1378 D ThermaPlan->Batch: {"func":"Batch->add()","batch":{"what":"BATCH","start":228290727,"end":239324426,"flags":0,"flagsBinary":"0","oldStart":224222675,"oldEnd":240422670}}
43424168-e44e-473a-bf12-dba8a4a4453a 2016-12-13 11:25:53.966390613 2622608 [56362.554980]   963  1378 D ThermaPlan->Batch: {"func":"Batch->add()","batch":{"what":"BATCH","start":230499939,"end":239324426,"flags":0,"flagsBinary":"0","oldStart":228290727,"oldEnd":239324426}}
43424168-e44e-473a-bf12-dba8a4a4453a 2016-12-13 11:25:53.966390613 2622609 [56362.555241]   963  1378 D ThermaPlan->Batch: {"func":"Batch->add()","batch":{"what":"BATCH","start":231188198,"end":239324426,"flags":0,"flagsBinary":"0","oldStart":230499939,"oldEnd":239324426}}
43424168-e44e-473a-bf12-dba8a4a4453a 2016-12-13 11:25:53.966390613 2622610 [56362.555503]   963  1378 D ThermaPlan->Batch: {"func":"Batch->add()","batch":{"what":"BATCH","start":231548284,"end":239324426,"flags":0,"flagsBinary":"0","oldStart":231188198,"oldEnd":239324426}}
43424168-e44e-473a-bf12-dba8a4a4453a 2016-12-13 11:25:53.966390613 2622611 [56362.557133]   963  1378 D ThermaPlan->Batch: {"func":"Batch->add()","batch":{"what":"BATCH","start":248330836,"end":285305189,"flags":8,"flagsBinary":"1000","oldStart":240305189,"oldEnd":285305189}}
43424168-e44e-473a-bf12-dba8a4a4453a 2016-12-13 11:25:53.966390613 2622612 [56362.557393]   963  1378 D ThermaPlan->Batch: {"func":"Batch->add()","batch":{"what":"BATCH","start":249541608,"end":282059671,"flags":8,"flagsBinary":"1000","oldStart":248330836,"oldEnd":285305189}}
43424168-e44e-473a-bf12-dba8a4a4453a 2016-12-13 11:25:53.966390613 2622613 [56362.557674]   963  1378 D ThermaPlan->Batch: {"func":"Batch->add()","batch":{"what":"BATCH","start":249641516,"end":280795766,"flags":8,"flagsBinary":"1000","oldStart":249541608,"oldEnd":282059671}}
43424168-e44e-473a-bf12-dba8a4a4453a 2016-12-13 11:25:53.966390613 2622614 [56362.557941]   963  1378 D ThermaPlan->Batch: {"func":"Batch->add()","batch":{"what":"BATCH","start":258890727,"end":280795766,"flags":8,"flagsBinary":"1000","oldStart":249641516,"oldEnd":280795766}}
43424168-e44e-473a-bf12-dba8a4a4453a 2016-12-13 11:25:53.966390613 2622615 [56362.558210]   963  1378 D ThermaPlan->Batch: {"func":"Batch->add()","batch":{"what":"BATCH","start":259200000,"end":280795766,"flags":8,"flagsBinary":"1000","oldStart":258890727,"oldEnd":280795766}}
43424168-e44e-473a-bf12-dba8a4a4453a 2016-12-13 11:25:53.966390613 2622616 [56362.558475]   963  1378 D ThermaPlan->Batch: {"func":"Batch->add()","batch":{"what":"BATCH","start":259252542,"end":280795766,"flags":8,"flagsBinary":"1000","oldStart":259200000,"oldEnd":280795766}}
43424168-e44e-473a-bf12-dba8a4a4453a 2016-12-13 11:25:53.966390613 2622617 [56362.558729]   963  1378 D ThermaPlan->Batch: {"func":"Batch->add()","batch":{"what":"BATCH","start":259281310,"end":280795766,"flags":8,"flagsBinary":"1000","oldStart":259252542,"oldEnd":280795766}}
43424168-e44e-473a-bf12-dba8a4a4453a 2016-12-13 11:25:53.966390613 2622618 [56362.558997]   963  1378 D ThermaPlan->Batch: {"func":"Batch->add()","batch":{"what":"BATCH","start":259345161,"end":280795766,"flags":8,"flagsBinary":"1000","oldStart":259281310,"oldEnd":280795766}}
43424168-e44e-473a-bf12-dba8a4a4453a 2016-12-13 11:25:53.976390613 2622619 [56362.559693]   963  1378 D ThermaPlan->Batch: {"func":"Batch->add()","batch":{"what":"BATCH","start":259786617,"end":280795766,"flags":8,"flagsBinary":"1000","oldStart":259345161,"oldEnd":280795766}}
43424168-e44e-473a-bf12-dba8a4a4453a 2016-12-13 11:25:53.976390613 2622620 [56362.560370]   963  1378 D ThermaPlan->Batch: {"func":"Batch->add()","batch":{"what":"BATCH","start":261333689,"end":280795766,"flags":8,"flagsBinary":"1000","oldStart":259786617,"oldEnd":280795766}}
43424168-e44e-473a-bf12-dba8a4a4453a 2016-12-13 11:25:53.976390613 2622621 [56362.560916]   963  1378 D ThermaPlan->Batch: {"func":"Batch->add()","batch":{"what":"BATCH","start":270989138,"end":280795766,"flags":8,"flagsBinary":"1000","oldStart":261333689,"oldEnd":280795766}}
43424168-e44e-473a-bf12-dba8a4a4453a 2016-12-13 11:25:53.976390613 2622622 [56362.566710]   963  1378 D ThermaPlan->Batch: {"func":"Batch->add()","batch":{"what":"BATCH","start":292490680,"end":331748773,"flags":0,"flagsBinary":"0","oldStart":280825099,"oldEnd":331748773}}
43424168-e44e-473a-bf12-dba8a4a4453a 2016-12-13 11:25:53.976390613 2622623 [56362.567317]   963  1378 D ThermaPlan->Batch: {"func":"Batch->add()","batch":{"what":"BATCH","start":296563796,"end":331748773,"flags":0,"flagsBinary":"0","oldStart":292490680,"oldEnd":331748773}}
43424168-e44e-473a-bf12-dba8a4a4453a 2016-12-13 11:25:53.976390613 2622624 [56362.567855]   963  1378 D ThermaPlan->Batch: {"func":"Batch->add()","batch":{"what":"BATCH","start":300042523,"end":331748773,"flags":8,"flagsBinary":"1000","oldStart":296563796,"oldEnd":331748773}}
43424168-e44e-473a-bf12-dba8a4a4453a 2016-12-13 11:25:53.976390613 2622625 [56362.568777]   963  1378 D ThermaPlan->Batch: {"func":"Batch->add()","batch":{"what":"BATCH","start":605813326,"end":1058493260,"flags":0,"flagsBinary":"0","oldStart":604893262,"oldEnd":1058493260}}
43424168-e44e-473a-bf12-dba8a4a4453a 2016-12-13 11:25:53.986390613 2622626 [56362.569456]   963  1378 D ThermaPlan->Batch: {"func":"Batch->add()","batch":{"what":"BATCH","start":624143935,"end":992076404,"flags":0,"flagsBinary":"0","oldStart":605813326,"oldEnd":1058493260}}
43424168-e44e-473a-bf12-dba8a4a4453a 2016-12-13 11:25:53.986390613 2622627 [56362.570029]   963  1378 D ThermaPlan->Batch: {"func":"Batch->add()","batch":{"what":"BATCH","start":694490727,"end":992076404,"flags":0,"flagsBinary":"0","oldStart":624143935,"oldEnd":992076404}}
43424168-e44e-473a-bf12-dba8a4a4453a 2016-12-13 11:25:53.986390613 2622628 [56362.570916]   963  1378 D ThermaPlan->Batch: {"func":"Batch->add()","batch":{"what":"BATCH","start":701674709,"end":992076404,"flags":0,"flagsBinary":"0","oldStart":694490727,"oldEnd":992076404}}
43424168-e44e-473a-bf12-dba8a4a4453a 2016-12-13 11:25:53.986390613 2622629 [56362.572149]   963  1378 D ThermaPlan->Batch: {"func":"Batch->add()","batch":{"what":"BATCH","start":315360057206,"end":551880056972,"flags":0,"flagsBinary":"0","oldStart":315360056973,"oldEnd":551880056972}}
43424168-e44e-473a-bf12-dba8a4a4453a 2016-12-13 11:25:53.986390613 2622630 [56362.572712]   963  1378 D ThermaPlan->Batch: {"func":"Batch->add()","batch":{"what":"BATCH","start":315360057236,"end":551880056972,"flags":0,"flagsBinary":"0","oldStart":315360057206,"oldEnd":551880056972}}
43424168-e44e-473a-bf12-dba8a4a4453a 2016-12-13 11:25:53.986390613 2622631 [56362.573280]   963  1378 D ThermaPlan->Batch: {"func":"Batch->add()","batch":{"what":"BATCH","start":315360057240,"end":551880056972,"flags":0,"flagsBinary":"0","oldStart":315360057236,"oldEnd":551880056972}}
43424168-e44e-473a-bf12-dba8a4a4453a 2016-12-13 11:25:53.986390613 2622632 [56362.573851]   963  1378 D ThermaPlan->Batch: {"func":"Batch->add()","batch":{"what":"BATCH","start":315360057254,"end":551880056972,"flags":0,"flagsBinary":"0","oldStart":315360057240,"oldEnd":551880056972}}
43424168-e44e-473a-bf12-dba8a4a4453a 2016-12-13 11:25:53.986390613 2622633 [56362.574424]   963  1378 D ThermaPlan->Batch: {"func":"Batch->add()","batch":{"what":"BATCH","start":315360057257,"end":551880056972,"flags":0,"flagsBinary":"0","oldStart":315360057254,"oldEnd":551880056972}}
43424168-e44e-473a-bf12-dba8a4a4453a 2016-12-13 11:25:53.986390613 2622634 [56362.574982]   963  1378 D ThermaPlan->Batch: {"func":"Batch->add()","batch":{"what":"BATCH","start":315360057259,"end":551880056972,"flags":0,"flagsBinary":"0","oldStart":315360057257,"oldEnd":551880056972}}
43424168-e44e-473a-bf12-dba8a4a4453a 2016-12-13 11:25:53.986390613 2622635 [56362.575558]   963  1378 D ThermaPlan->Batch: {"func":"Batch->add()","batch":{"what":"BATCH","start":315360094195,"end":551880056972,"flags":0,"flagsBinary":"0","oldStart":315360057259,"oldEnd":551880056972}}
43424168-e44e-473a-bf12-dba8a4a4453a 2016-12-13 11:25:53.986390613 2622636 [56362.576132]   963  1378 D ThermaPlan->Batch: {"func":"Batch->add()","batch":{"what":"BATCH","start":315360113203,"end":551880056972,"flags":0,"flagsBinary":"0","oldStart":315360094195,"oldEnd":551880056972}}
43424168-e44e-473a-bf12-dba8a4a4453a 2016-12-13 11:25:53.986390613 2622637 [56362.576708]   963  1378 D ThermaPlan->Batch: {"func":"Batch->add()","batch":{"what":"BATCH","start":315399259724,"end":551880056972,"flags":0,"flagsBinary":"0","oldStart":315360113203,"oldEnd":551880056972}}
43424168-e44e-473a-bf12-dba8a4a4453a 2016-12-13 11:25:53.986390613 2622638 [56362.577261]   963  1378 D ThermaPlan->Batch: {"func":"Batch->add()","batch":{"what":"BATCH","start":315399259747,"end":551880056972,"flags":0,"flagsBinary":"0","oldStart":315399259724,"oldEnd":551880056972}}
43424168-e44e-473a-bf12-dba8a4a4453a 2016-12-13 11:25:53.986390613 2622639 [56362.577810]   963  1378 D ThermaPlan->Batch: {"func":"Batch->add()","batch":{"what":"BATCH","start":315572926898,"end":551880056972,"flags":0,"flagsBinary":"0","oldStart":315399259747,"oldEnd":551880056972}}
43424168-e44e-473a-bf12-dba8a4a4453a 2016-12-13 11:25:53.996390613 2622640 [56362.579927]   388   388 D Kernel-Trace:     kworker/1:2H-12491 [001] ...1 56362.520719: cpu_frequency: state=652800 cpu_id=1
43424168-e44e-473a-bf12-dba8a4a4453a 2016-12-13 11:25:53.996390613 2622641 [56362.579994]   388   388 D Kernel-Trace:     kworker/0:0H-7043  [000] ...1 56362.550093: cpu_frequency: state=1497600 cpu_id=0
43424168-e44e-473a-bf12-dba8a4a4453a 2016-12-13 11:25:53.996390613 2622642 [56362.580021]   388   388 D Kernel-Trace:     kworker/1:2H-12491 [001] ...1 56362.579782: cpu_frequency: state=1497600 cpu_id=1
43424168-e44e-473a-bf12-dba8a4a4453a 2016-12-13 11:25:54.6390613 2622643 [56362.596453]  3212  3212 D PhoneLabServices-AgreementTask: Intent fired, action = android.net.wifi.STATE_CHANGE
43424168-e44e-473a-bf12-dba8a4a4453a 2016-12-13 11:25:54.6390613 2622644 [56362.596665]  3212  3212 D PhoneLabServices-AgreementTask: Wifi not connected.
43424168-e44e-473a-bf12-dba8a4a4453a 2016-12-13 11:25:54.96390613 2622645 [56362.679927]   388   388 D Kernel-Trace:     kworker/0:0H-7043  [000] ...1 56362.589926: cpu_frequency: state=652800 cpu_id=0
43424168-e44e-473a-bf12-dba8a4a4453a 2016-12-13 11:25:54.96390613 2622646 [56362.679999]   388   388 D Kernel-Trace:     kworker/0:0H-7043  [000] ...1 56362.609565: cpu_frequency: state=1497600 cpu_id=0
43424168-e44e-473a-bf12-dba8a4a4453a 2016-12-13 11:25:54.96390613 2622647 [56362.680026]   388   388 D Kernel-Trace:     kworker/1:2H-12491 [001] ...1 56362.620055: cpu_frequency: state=300000 cpu_id=1
43424168-e44e-473a-bf12-dba8a4a4453a 2016-12-13 11:25:54.196390613 2622648 [56362.779801]   388   388 D Kernel-Trace:     kworker/0:0H-7043  [000] ...1 56362.680891: cpu_frequency: state=300000 cpu_id=0
43424168-e44e-473a-bf12-dba8a4a4453a 2016-12-13 11:25:54.196390613 2622649 [56362.779868]   388   388 D Kernel-Trace:      kworker/0:1-18635 [000] ...1 56362.699712: thermal_temp: sensor_id=5 temp=38
43424168-e44e-473a-bf12-dba8a4a4453a 2016-12-13 11:25:54.336390612 2622650 [56362.920138]   387   387 D KernelPrintk: 4,349755,56362909969,-;wl_bss_connect_done succeeded with 10:fe:ed:e5:8c:97
43424168-e44e-473a-bf12-dba8a4a4453a 2016-12-13 11:25:54.336390612 2622651 [56362.920249]   387   387 D KernelPrintk: 4,349756,56362912086,-;ETHER_TYPE_802_1X [RX]: ver 2, type 3, replay 13
43424168-e44e-473a-bf12-dba8a4a4453a 2016-12-13 11:25:54.336390612 2622652 [56362.924401]  1417  1417 I wpa_supplicant: wlan0: Associated with 10:fe:ed:e5:8c:97
43424168-e44e-473a-bf12-dba8a4a4453a 2016-12-13 11:25:54.346390612 2622653 [56362.931253]  1417  1417 I wpa_supplicant: wlan0: CTRL-EVENT-EAP-SUCCESS EAP authentication completed successfully (based on lower layer success)
43424168-e44e-473a-bf12-dba8a4a4453a 2016-12-13 11:25:54.356390612 2622654 [56362.946556]  3212  3212 D PhoneLabServices-AgreementTask: Intent fired, action = android.net.wifi.STATE_CHANGE
43424168-e44e-473a-bf12-dba8a4a4453a 2016-12-13 11:25:54.356390612 2622655 [56362.946838]  3212  3212 D PhoneLabServices-AgreementTask: Wifi not connected.
43424168-e44e-473a-bf12-dba8a4a4453a 2016-12-13 11:25:54.366390612 2622656 [56362.949789]   387   387 D KernelPrintk: 4,349757,56362941272,-;dhd_prot_flow_ring_create Send Flow create Req msglen flow ID 41 for peer 10:fe:ed:e5:8c:97 prio 7 ifindex 0
43424168-e44e-473a-bf12-dba8a4a4453a 2016-12-13 11:25:54.366390612 2622657 [56362.949875]   387   387 D KernelPrintk: 4,349758,56362941318,-;ETHER_TYPE_802_1X [TX]: ver 1, type 3, replay 13
43424168-e44e-473a-bf12-dba8a4a4453a 2016-12-13 11:25:54.366390612 2622658 [56362.949941]   387   387 D KernelPrintk: 4,349759,56362942023,-;dhd_prot_process_flow_ring_create_response Flow create Response status = 0 Flow 41
43424168-e44e-473a-bf12-dba8a4a4453a 2016-12-13 11:25:54.366390612 2622659 [56362.950000]   387   387 D KernelPrintk: 4,349760,56362945423,-;ETHER_TYPE_802_1X [RX]: ver 2, type 3, replay 14
43424168-e44e-473a-bf12-dba8a4a4453a 2016-12-13 11:25:54.376390612 2622660 [56362.967728]  3212  3212 D PhoneLabServices-AgreementTask: Intent fired, action = android.net.wifi.STATE_CHANGE
43424168-e44e-473a-bf12-dba8a4a4453a 2016-12-13 11:25:54.376390612 2622661 [56362.967830]  3212  3212 D PhoneLabServices-AgreementTask: Wifi not connected.
43424168-e44e-473a-bf12-dba8a4a4453a 2016-12-13 11:25:54.386390612 2622662 [56362.969588]   387   387 D KernelPrintk: 4,349761,56362960749,-;ETHER_TYPE_802_1X [TX]: ver 1, type 3, replay 14
43424168-e44e-473a-bf12-dba8a4a4453a 2016-12-13 11:25:54.386390612 2622663 [56362.974103]  1417  1417 I wpa_supplicant: wlan0: WPA: Key negotiation completed with 10:fe:ed:e5:8c:97 [PTK=CCMP GTK=CCMP]
43424168-e44e-473a-bf12-dba8a4a4453a 2016-12-13 11:25:54.386390612 2622664 [56362.974262]  1417  1417 I wpa_supplicant: wlan0: CTRL-EVENT-CONNECTED - Connection to 10:fe:ed:e5:8c:97 completed [id=5 id_str=]
43424168-e44e-473a-bf12-dba8a4a4453a 2016-12-13 11:25:54.396390612 2622665 [56362.979858]   963  1378 D ThermaPlan->AlarmManagerService: {"func":"AlarmManagerService->mService->set","pid":963,"uid":1000,"flagsBinary":"1000","flags":8,"type":0,"triggerAtTime":1481646357056,"nowELAPSED":213645126,"rtc":1481646354399,"windowLength":-1,"interval":0,"creatorPkg":"android","targetPkg":"android"}
43424168-e44e-473a-bf12-dba8a4a4453a 2016-12-13 11:25:54.396390612 2622666 [56362.980656]   388   388 D Kernel-Trace:      kworker/0:1-18635 [000] ...1 56362.949683: thermal_temp: sensor_id=5 temp=38
43424168-e44e-473a-bf12-dba8a4a4453a 2016-12-13 11:25:54.396390612 2622667 [56362.980686]   388   388 D Kernel-Trace:     kworker/0:0H-7043  [000] ...1 56362.949980: cpu_frequency: state=1497600 cpu_id=0
43424168-e44e-473a-bf12-dba8a4a4453a 2016-12-13 11:25:54.396390612 2622668 [56362.981051]   387   387 D KernelPrintk: 6,349762,56362974332,-;IPv6: ADDRCONF(NETDEV_CHANGE): wlan0: link becomes ready
43424168-e44e-473a-bf12-dba8a4a4453a 2016-12-13 11:25:54.396390612 2622669 [56362.982324]  3212  3212 D PhoneLabServices-AgreementTask: Intent fired, action = android.net.wifi.STATE_CHANGE
43424168-e44e-473a-bf12-dba8a4a4453a 2016-12-13 11:25:54.396390612 2622670 [56362.982423]  3212  3212 D PhoneLabServices-AgreementTask: Wifi not connected.
43424168-e44e-473a-bf12-dba8a4a4453a 2016-12-13 11:25:54.406390612 2622671 [56362.996103]   963  1378 D ThermaPlan->Batch: {"func":"Batch->add()","batch":{"what":"BATCH","start":213700771,"end":213730771,"flags":0,"flagsBinary":"0","oldStart":213650727,"oldEnd":213740727}}
43424168-e44e-473a-bf12-dba8a4a4453a 2016-12-13 11:25:54.406390612 2622672 [56362.997174]   963  1378 D ThermaPlan->Batch: {"func":"Batch->add()","batch":{"what":"BATCH","start":213711754,"end":213730771,"flags":8,"flagsBinary":"1000","oldStart":213700771,"oldEnd":213730771}}
43424168-e44e-473a-bf12-dba8a4a4453a 2016-12-13 11:25:54.416390612 2622673 [56363.004429]   963  1378 D ThermaPlan->Batch: {"func":"Batch->add()","batch":{"what":"BATCH","start":214276095,"end":214951095,"flags":8,"flagsBinary":"1000","oldStart":214251322,"oldEnd":215601322}}
43424168-e44e-473a-bf12-dba8a4a4453a 2016-12-13 11:25:54.416390612 2622674 [56363.005479]   963  1378 D ThermaPlan->Batch: {"func":"Batch->add()","batch":{"what":"BATCH","start":214278171,"end":214951095,"flags":8,"flagsBinary":"1000","oldStart":214276095,"oldEnd":214951095}}
43424168-e44e-473a-bf12-dba8a4a4453a 2016-12-13 11:25:54.416390612 2622675 [56363.006574]   963  1378 D ThermaPlan->Batch: {"func":"Batch->add()","batch":{"what":"BATCH","start":214278914,"end":214951095,"flags":8,"flagsBinary":"1000","oldStart":214278171,"oldEnd":214951095}}
43424168-e44e-473a-bf12-dba8a4a4453a 2016-12-13 11:25:54.416390612 2622676 [56363.007606]   963  1378 D ThermaPlan->Batch: {"func":"Batch->add()","batch":{"what":"BATCH","start":214278988,"end":214951095,"flags":8,"flagsBinary":"1000","oldStart":214278914,"oldEnd":214951095}}
43424168-e44e-473a-bf12-dba8a4a4453a 2016-12-13 11:25:54.416390612 2622677 [56363.008662]   963  1378 D ThermaPlan->Batch: {"func":"Batch->add()","batch":{"what":"BATCH","start":214281415,"end":214951095,"flags":8,"flagsBinary":"1000","oldStart":214278988,"oldEnd":214951095}}
43424168-e44e-473a-bf12-dba8a4a4453a 2016-12-13 11:25:54.426390612 2622678 [56363.009888]   963  1378 D ThermaPlan->Batch: {"func":"Batch->add()","batch":{"what":"BATCH","start":214281680,"end":214951095,"flags":8,"flagsBinary":"1000","oldStart":214281415,"oldEnd":214951095}}
43424168-e44e-473a-bf12-dba8a4a4453a 2016-12-13 11:25:54.426390612 2622679 [56363.010947]   963  1378 D ThermaPlan->Batch: {"func":"Batch->add()","batch":{"what":"BATCH","start":214282094,"end":214951095,"flags":8,"flagsBinary":"1000","oldStart":214281680,"oldEnd":214951095}}
43424168-e44e-473a-bf12-dba8a4a4453a 2016-12-13 11:25:54.426390612 2622680 [56363.012032]   963  1378 D ThermaPlan->Batch: {"func":"Batch->add()","batch":{"what":"BATCH","start":214282211,"end":214951095,"flags":8,"flagsBinary":"1000","oldStart":214282094,"oldEnd":214951095}}
43424168-e44e-473a-bf12-dba8a4a4453a 2016-12-13 11:25:54.426390612 2622681 [56363.013077]   963  1378 D ThermaPlan->Batch: {"func":"Batch->add()","batch":{"what":"BATCH","start":214282485,"end":214951095,"flags":8,"flagsBinary":"1000","oldStart":214282211,"oldEnd":214951095}}
43424168-e44e-473a-bf12-dba8a4a4453a 2016-12-13 11:25:54.426390612 2622682 [56363.014163]   963  1378 D ThermaPlan->Batch: {"func":"Batch->add()","batch":{"what":"BATCH","start":214294563,"end":214951095,"flags":8,"flagsBinary":"1000","oldStart":214282485,"oldEnd":214951095}}
43424168-e44e-473a-bf12-dba8a4a4453a 2016-12-13 11:25:54.426390612 2622683 [56363.015260]   963  1378 D ThermaPlan->Batch: {"func":"Batch->add()","batch":{"what":"BATCH","start":214733822,"end":214951095,"flags":8,"flagsBinary":"1000","oldStart":214294563,"oldEnd":214951095}}
43424168-e44e-473a-bf12-dba8a4a4453a 2016-12-13 11:25:54.426390612 2622684 [56363.016345]   963  1378 D ThermaPlan->Batch: {"func":"Batch->add()","batch":{"what":"BATCH","start":214750705,"end":214951095,"flags":8,"flagsBinary":"1000","oldStart":214733822,"oldEnd":214951095}}
43424168-e44e-473a-bf12-dba8a4a4453a 2016-12-13 11:25:54.446390612 2622685 [56363.031573]   963  1378 D ThermaPlan->Batch: {"func":"Batch->add()","batch":{"what":"BATCH","start":215759162,"end":219062073,"flags":8,"flagsBinary":"1000","oldStart":215226149,"oldEnd":219062073}}
43424168-e44e-473a-bf12-dba8a4a4453a 2016-12-13 11:25:54.446390612 2622686 [56363.031846]   963  1378 D ThermaPlan->Batch: {"func":"Batch->add()","batch":{"what":"BATCH","start":216082518,"end":218782518,"flags":8,"flagsBinary":"1000","oldStart":215759162,"oldEnd":219062073}}
43424168-e44e-473a-bf12-dba8a4a4453a 2016-12-13 11:25:54.446390612 2622687 [56363.032117]   963  1378 D ThermaPlan->Batch: {"func":"Batch->add()","batch":{"what":"BATCH","start":216144078,"end":218782518,"flags":8,"flagsBinary":"1000","oldStart":216082518,"oldEnd":218782518}}
43424168-e44e-473a-bf12-dba8a4a4453a 2016-12-13 11:25:54.446390612 2622688 [56363.032400]   963  1378 D ThermaPlan->Batch: {"func":"Batch->add()","batch":{"what":"BATCH","start":216526830,"end":218782518,"flags":8,"flagsBinary":"1000","oldStart":216144078,"oldEnd":218782518}}
43424168-e44e-473a-bf12-dba8a4a4453a 2016-12-13 11:25:54.446390612 2622689 [56363.032667]   963  1378 D ThermaPlan->Batch: {"func":"Batch->add()","batch":{"what":"BATCH","start":217737182,"end":218037182,"flags":8,"flagsBinary":"1000","oldStart":216526830,"oldEnd":218782518}}
43424168-e44e-473a-bf12-dba8a4a4453a 2016-12-13 11:25:54.446390612 2622690 [56363.033107]   963  1378 D ThermaPlan->Batch: {"func":"Batch->add()","batch":{"what":"BATCH","start":220150599,"end":224060131,"flags":0,"flagsBinary":"0","oldStart":219290727,"oldEnd":224060131}}
43424168-e44e-473a-bf12-dba8a4a4453a 2016-12-13 11:25:54.446390612 2622691 [56363.033393]   963  1378 D ThermaPlan->Batch: {"func":"Batch->add()","batch":{"what":"BATCH","start":220380550,"end":224060131,"flags":0,"flagsBinary":"0","oldStart":220150599,"oldEnd":224060131}}
43424168-e44e-473a-bf12-dba8a4a4453a 2016-12-13 11:25:54.446390612 2622692 [56363.034007]   963  1378 D ThermaPlan->Batch: {"func":"Batch->add()","batch":{"what":"BATCH","start":228290727,"end":239324426,"flags":0,"flagsBinary":"0","oldStart":224222674,"oldEnd":240422669}}
43424168-e44e-473a-bf12-dba8a4a4453a 2016-12-13 11:25:54.446390612 2622693 [56363.034261]   963  1378 D ThermaPlan->Batch: {"func":"Batch->add()","batch":{"what":"BATCH","start":230499939,"end":239324426,"flags":0,"flagsBinary":"0","oldStart":228290727,"oldEnd":239324426}}
43424168-e44e-473a-bf12-dba8a4a4453a 2016-12-13 11:25:54.446390612 2622694 [56363.034528]   963  1378 D ThermaPlan->Batch: {"func":"Batch->add()","batch":{"what":"BATCH","start":231188198,"end":239324426,"flags":0,"flagsBinary":"0","oldStart":230499939,"oldEnd":239324426}}
43424168-e44e-473a-bf12-dba8a4a4453a 2016-12-13 11:25:54.446390612 2622695 [56363.034831]   963  1378 D ThermaPlan->Batch: {"func":"Batch->add()","batch":{"what":"BATCH","start":231548284,"end":239324426,"flags":0,"flagsBinary":"0","oldStart":231188198,"oldEnd":239324426}}
43424168-e44e-473a-bf12-dba8a4a4453a 2016-12-13 11:25:54.446390612 2622696 [56363.036394]   963  1378 D ThermaPlan->Batch: {"func":"Batch->add()","batch":{"what":"BATCH","start":248330836,"end":285305189,"flags":8,"flagsBinary":"1000","oldStart":240305189,"oldEnd":285305189}}
43424168-e44e-473a-bf12-dba8a4a4453a 2016-12-13 11:25:54.446390612 2622697 [56363.036659]   963  1378 D ThermaPlan->Batch: {"func":"Batch->add()","batch":{"what":"BATCH","start":249541608,"end":282059671,"flags":8,"flagsBinary":"1000","oldStart":248330836,"oldEnd":285305189}}
43424168-e44e-473a-bf12-dba8a4a4453a 2016-12-13 11:25:54.446390612 2622698 [56363.036940]   963  1378 D ThermaPlan->Batch: {"func":"Batch->add()","batch":{"what":"BATCH","start":249641515,"end":280795765,"flags":8,"flagsBinary":"1000","oldStart":249541608,"oldEnd":282059671}}
43424168-e44e-473a-bf12-dba8a4a4453a 2016-12-13 11:25:54.446390612 2622699 [56363.037245]   963  1378 D ThermaPlan->Batch: {"func":"Batch->add()","batch":{"what":"BATCH","start":258890727,"end":280795765,"flags":8,"flagsBinary":"1000","oldStart":249641515,"oldEnd":280795765}}
43424168-e44e-473a-bf12-dba8a4a4453a 2016-12-13 11:25:54.446390612 2622700 [56363.037512]   963  1378 D ThermaPlan->Batch: {"func":"Batch->add()","batch":{"what":"BATCH","start":259200000,"end":280795765,"flags":8,"flagsBinary":"1000","oldStart":258890727,"oldEnd":280795765}}
43424168-e44e-473a-bf12-dba8a4a4453a 2016-12-13 11:25:54.446390612 2622701 [56363.037767]   963  1378 D ThermaPlan->Batch: {"func":"Batch->add()","batch":{"what":"BATCH","start":259252542,"end":280795765,"flags":8,"flagsBinary":"1000","oldStart":259200000,"oldEnd":280795765}}
43424168-e44e-473a-bf12-dba8a4a4453a 2016-12-13 11:25:54.446390612 2622702 [56363.038024]   963  1378 D ThermaPlan->Batch: {"func":"Batch->add()","batch":{"what":"BATCH","start":259281310,"end":280795765,"flags":8,"flagsBinary":"1000","oldStart":259252542,"oldEnd":280795765}}
43424168-e44e-473a-bf12-dba8a4a4453a 2016-12-13 11:25:54.446390612 2622703 [56363.038300]   963  1378 D ThermaPlan->Batch: {"func":"Batch->add()","batch":{"what":"BATCH","start":259345161,"end":280795765,"flags":8,"flagsBinary":"1000","oldStart":259281310,"oldEnd":280795765}}
43424168-e44e-473a-bf12-dba8a4a4453a 2016-12-13 11:25:54.446390612 2622704 [56363.038576]   963  1378 D ThermaPlan->Batch: {"func":"Batch->add()","batch":{"what":"BATCH","start":259786618,"end":280795765,"flags":8,"flagsBinary":"1000","oldStart":259345161,"oldEnd":280795765}}
43424168-e44e-473a-bf12-dba8a4a4453a 2016-12-13 11:25:54.446390612 2622705 [56363.038835]   963  1378 D ThermaPlan->Batch: {"func":"Batch->add()","batch":{"what":"BATCH","start":261333689,"end":280795765,"flags":8,"flagsBinary":"1000","oldStart":259786618,"oldEnd":280795765}}
43424168-e44e-473a-bf12-dba8a4a4453a 2016-12-13 11:25:54.446390612 2622706 [56363.039103]   963  1378 D ThermaPlan->Batch: {"func":"Batch->add()","batch":{"what":"BATCH","start":270989138,"end":280795765,"flags":8,"flagsBinary":"1000","oldStart":261333689,"oldEnd":280795765}}
43424168-e44e-473a-bf12-dba8a4a4453a 2016-12-13 11:25:54.456390612 2622707 [56363.042180]   963  1378 D ThermaPlan->Batch: {"func":"Batch->add()","batch":{"what":"BATCH","start":292490680,"end":331748773,"flags":0,"flagsBinary":"0","oldStart":280825099,"oldEnd":331748773}}
43424168-e44e-473a-bf12-dba8a4a4453a 2016-12-13 11:25:54.456390612 2622708 [56363.042474]   963  1378 D ThermaPlan->Batch: {"func":"Batch->add()","batch":{"what":"BATCH","start":296563796,"end":331748773,"flags":0,"flagsBinary":"0","oldStart":292490680,"oldEnd":331748773}}
43424168-e44e-473a-bf12-dba8a4a4453a 2016-12-13 11:25:54.456390612 2622709 [56363.042764]   963  1378 D ThermaPlan->Batch: {"func":"Batch->add()","batch":{"what":"BATCH","start":300042523,"end":331748773,"flags":8,"flagsBinary":"1000","oldStart":296563796,"oldEnd":331748773}}
43424168-e44e-473a-bf12-dba8a4a4453a 2016-12-13 11:25:54.456390612 2622710 [56363.043241]   963  1378 D ThermaPlan->Batch: {"func":"Batch->add()","batch":{"what":"BATCH","start":605813325,"end":1058493260,"flags":0,"flagsBinary":"0","oldStart":604893262,"oldEnd":1058493260}}
43424168-e44e-473a-bf12-dba8a4a4453a 2016-12-13 11:25:54.456390612 2622711 [56363.043515]   963  1378 D ThermaPlan->Batch: {"func":"Batch->add()","batch":{"what":"BATCH","start":624143935,"end":992076404,"flags":0,"flagsBinary":"0","oldStart":605813325,"oldEnd":1058493260}}
43424168-e44e-473a-bf12-dba8a4a4453a 2016-12-13 11:25:54.456390612 2622712 [56363.043774]   963  1378 D ThermaPlan->Batch: {"func":"Batch->add()","batch":{"what":"BATCH","start":694490727,"end":992076404,"flags":0,"flagsBinary":"0","oldStart":624143935,"oldEnd":992076404}}
43424168-e44e-473a-bf12-dba8a4a4453a 2016-12-13 11:25:54.456390612 2622713 [56363.044236]   963  1378 D ThermaPlan->Batch: {"func":"Batch->add()","batch":{"what":"BATCH","start":701674709,"end":992076404,"flags":0,"flagsBinary":"0","oldStart":694490727,"oldEnd":992076404}}
43424168-e44e-473a-bf12-dba8a4a4453a 2016-12-13 11:25:54.456390612 2622714 [56363.044849]   963  1378 D ThermaPlan->Batch: {"func":"Batch->add()","batch":{"what":"BATCH","start":315360057206,"end":551880056972,"flags":0,"flagsBinary":"0","oldStart":315360056973,"oldEnd":551880056972}}
43424168-e44e-473a-bf12-dba8a4a4453a 2016-12-13 11:25:54.456390612 2622715 [56363.045116]   963  1378 D ThermaPlan->Batch: {"func":"Batch->add()","batch":{"what":"BATCH","start":315360057236,"end":551880056972,"flags":0,"flagsBinary":"0","oldStart":315360057206,"oldEnd":551880056972}}
43424168-e44e-473a-bf12-dba8a4a4453a 2016-12-13 11:25:54.456390612 2622716 [56363.045432]   963  1378 D ThermaPlan->Batch: {"func":"Batch->add()","batch":{"what":"BATCH","start":315360057240,"end":551880056972,"flags":0,"flagsBinary":"0","oldStart":315360057236,"oldEnd":551880056972}}
43424168-e44e-473a-bf12-dba8a4a4453a 2016-12-13 11:25:54.456390612 2622717 [56363.045716]   963  1378 D ThermaPlan->Batch: {"func":"Batch->add()","batch":{"what":"BATCH","start":315360057254,"end":551880056972,"flags":0,"flagsBinary":"0","oldStart":315360057240,"oldEnd":551880056972}}
43424168-e44e-473a-bf12-dba8a4a4453a 2016-12-13 11:25:54.456390612 2622718 [56363.045989]   963  1378 D ThermaPlan->Batch: {"func":"Batch->add()","batch":{"what":"BATCH","start":315360057257,"end":551880056972,"flags":0,"flagsBinary":"0","oldStart":315360057254,"oldEnd":551880056972}}
43424168-e44e-473a-bf12-dba8a4a4453a 2016-12-13 11:25:54.456390612 2622719 [56363.046276]   963  1378 D ThermaPlan->Batch: {"func":"Batch->add()","batch":{"what":"BATCH","start":315360057259,"end":551880056972,"flags":0,"flagsBinary":"0","oldStart":315360057257,"oldEnd":551880056972}}
43424168-e44e-473a-bf12-dba8a4a4453a 2016-12-13 11:25:54.456390612 2622720 [56363.046547]   963  1378 D ThermaPlan->Batch: {"func":"Batch->add()","batch":{"what":"BATCH","start":315360094195,"end":551880056972,"flags":0,"flagsBinary":"0","oldStart":315360057259,"oldEnd":551880056972}}
43424168-e44e-473a-bf12-dba8a4a4453a 2016-12-13 11:25:54.456390612 2622721 [56363.046822]   963  1378 D ThermaPlan->Batch: {"func":"Batch->add()","batch":{"what":"BATCH","start":315360113203,"end":551880056972,"flags":0,"flagsBinary":"0","oldStart":315360094195,"oldEnd":551880056972}}
43424168-e44e-473a-bf12-dba8a4a4453a 2016-12-13 11:25:54.456390612 2622722 [56363.047091]   963  1378 D ThermaPlan->Batch: {"func":"Batch->add()","batch":{"what":"BATCH","start":315399259724,"end":551880056972,"flags":0,"flagsBinary":"0","oldStart":315360113203,"oldEnd":551880056972}}
43424168-e44e-473a-bf12-dba8a4a4453a 2016-12-13 11:25:54.456390612 2622723 [56363.047366]   963  1378 D ThermaPlan->Batch: {"func":"Batch->add()","batch":{"what":"BATCH","start":315399259747,"end":551880056972,"flags":0,"flagsBinary":"0","oldStart":315399259724,"oldEnd":551880056972}}
43424168-e44e-473a-bf12-dba8a4a4453a 2016-12-13 11:25:54.456390612 2622724 [56363.047636]   963  1378 D ThermaPlan->Batch: {"func":"Batch->add()","batch":{"what":"BATCH","start":315572926898,"end":551880056972,"flags":0,"flagsBinary":"0","oldStart":315399259747,"oldEnd":551880056972}}
43424168-e44e-473a-bf12-dba8a4a4453a 2016-12-13 11:25:54.466390612 2622725 [56363.054329]   963  1378 E WifiConfigStore: saveWifiConfigBSSID Setting BSSID for "AP4-5"-WPA_PSK to any
43424168-e44e-473a-bf12-dba8a4a4453a 2016-12-13 11:25:54.466390612 2622726 [56363.054448]   963  1378 D wifi_gbk2utf: ssid_utf8 = 睏湡, length=6, value =, length=0
43424168-e44e-473a-bf12-dba8a4a4453a 2016-12-13 11:25:54.466390612 2622727 [56363.054465]   963  1378 D wifi_gbk2utf: ssid_utf8 = 睏�, length=6, value =, length=0
43424168-e44e-473a-bf12-dba8a4a4453a 2016-12-13 11:25:54.476390612 2622728 [56363.062381]  3212  3212 D PhoneLabServices-AgreementTask: Intent fired, action = android.net.wifi.STATE_CHANGE
43424168-e44e-473a-bf12-dba8a4a4453a 2016-12-13 11:25:54.476390612 2622729 [56363.062499]  3212  3212 D PhoneLabServices-AgreementTask: Wifi not connected.
43424168-e44e-473a-bf12-dba8a4a4453a 2016-12-13 11:25:54.486390612 2622730 [56363.069460]   963  1378 E WifiConfigStore: saveWifiConfigBSSID Setting BSSID for "AP4-5"-WPA_PSK to any
43424168-e44e-473a-bf12-dba8a4a4453a 2016-12-13 11:25:54.486390612 2622731 [56363.069550]   963  1378 D wifi_gbk2utf: ssid_utf8 = 睏湡, length=6, value =, length=0
43424168-e44e-473a-bf12-dba8a4a4453a 2016-12-13 11:25:54.486390612 2622732 [56363.069568]   963  1378 D wifi_gbk2utf: ssid_utf8 = 睏�, length=6, value =, length=0
43424168-e44e-473a-bf12-dba8a4a4453a 2016-12-13 11:25:54.496390612 2622733 [56363.079772]   378   961 D CommandListener: Setting iface cfg
43424168-e44e-473a-bf12-dba8a4a4453a 2016-12-13 11:25:54.496390612 2622734 [56363.080015]   387   387 D KernelPrintk: 4,349763,56363077311,-;dhd_prot_flow_ring_create Send Flow create Req msglen flow ID 40 for peer 33:33:ff:ac:9d:f0 prio 0 ifindex 0
43424168-e44e-473a-bf12-dba8a4a4453a 2016-12-13 11:25:54.496390612 2622735 [56363.080039]   387   387 D KernelPrintk: 4,349764,56363077548,-;dhd_prot_process_flow_ring_create_response Flow create Response status = 0 Flow 40
43424168-e44e-473a-bf12-dba8a4a4453a 2016-12-13 11:25:54.496390612 2622736 [56363.080185]   388   388 D Kernel-Trace:     kworker/0:0H-7043  [000] ...1 56362.989630: cpu_frequency: state=2265600 cpu_id=0
43424168-e44e-473a-bf12-dba8a4a4453a 2016-12-13 11:25:54.496390612 2622737 [56363.080197]   388   388 D Kernel-Trace:     kworker/1:2H-12491 [001] ...1 56362.989901: cpu_frequency: state=1497600 cpu_id=1
43424168-e44e-473a-bf12-dba8a4a4453a 2016-12-13 11:25:54.496390612 2622738 [56363.080205]   388   388 D Kernel-Trace:     kworker/3:2H-12900 [003] ...1 56363.029539: cpu_frequency: state=1497600 cpu_id=3
43424168-e44e-473a-bf12-dba8a4a4453a 2016-12-13 11:25:54.496390612 2622739 [56363.080214]   388   388 D Kernel-Trace:     kworker/0:0H-7043  [000] ...1 56363.029694: cpu_frequency: state=300000 cpu_id=0
43424168-e44e-473a-bf12-dba8a4a4453a 2016-12-13 11:25:54.496390612 2622740 [56363.080221]   388   388 D Kernel-Trace:     kworker/1:2H-12491 [001] ...1 56363.048537: cpu_frequency: state=300000 cpu_id=1
43424168-e44e-473a-bf12-dba8a4a4453a 2016-12-13 11:25:54.496390612 2622741 [56363.080229]   388   388 D Kernel-Trace:     kworker/0:0H-7043  [000] ...1 56363.049922: cpu_frequency: state=1497600 cpu_id=0
43424168-e44e-473a-bf12-dba8a4a4453a 2016-12-13 11:25:54.496390612 2622742 [56363.080236]   388   388 D Kernel-Trace:     kworker/3:2H-12900 [003] ...1 56363.079655: cpu_frequency: state=960000 cpu_id=3
43424168-e44e-473a-bf12-dba8a4a4453a 2016-12-13 11:25:54.496390612 2622743 [56363.080647]   963  1378 D WifiStateMachine: Start Dhcp Watchdog 187
43424168-e44e-473a-bf12-dba8a4a4453a 2016-12-13 11:25:54.496390612 2622744 [56363.081286]   963  2916 D ThermaPlan->AlarmManagerService: {"func":"AlarmManagerService->mService->set","pid":963,"uid":1000,"flagsBinary":"1001","flags":9,"type":2,"triggerAtTime":213681228,"nowELAPSED":213645228,"rtc":1481646354501,"windowLength":0,"interval":0,"creatorPkg":"android","targetPkg":"android"}
43424168-e44e-473a-bf12-dba8a4a4453a 2016-12-13 11:25:54.496390612 2622745 [56363.082636]  3212  3212 D PhoneLabServices-AgreementTask: Intent fired, action = android.net.wifi.STATE_CHANGE
43424168-e44e-473a-bf12-dba8a4a4453a 2016-12-13 11:25:54.496390612 2622746 [56363.082827]  3212  3212 D PhoneLabServices-AgreementTask: Wifi not connected.
43424168-e44e-473a-bf12-dba8a4a4453a 2016-12-13 11:25:54.496390612 2622747 [56363.084915]   963  1378 D IpReachabilityMonitor: watch: iface{wlan0/5}, v{1}, ntable=[]
43424168-e44e-473a-bf12-dba8a4a4453a 2016-12-13 11:25:54.596390612 2622748 [56363.179762]   388   388 D Kernel-Trace:     kworker/0:0H-7043  [000] ...1 56363.109970: cpu_frequency: state=652800 cpu_id=0
43424168-e44e-473a-bf12-dba8a4a4453a 2016-12-13 11:25:54.596390612 2622749 [56363.179828]   388   388 D Kernel-Trace:     kworker/3:2H-12900 [003] ...1 56363.141911: cpu_frequency: state=300000 cpu_id=3
43424168-e44e-473a-bf12-dba8a4a4453a 2016-12-13 11:25:54.626390612 2622750 [56363.215389]   963 29955 D DhcpClient: Receive thread started
43424168-e44e-473a-bf12-dba8a4a4453a 2016-12-13 11:25:54.696390612 2622751 [56363.279736]   388   388 D Kernel-Trace:     kworker/0:0H-7043  [000] ...1 56363.180444: cpu_frequency: state=300000 cpu_id=0
43424168-e44e-473a-bf12-dba8a4a4453a 2016-12-13 11:25:54.696390612 2622752 [56363.279801]   388   388 D Kernel-Trace:      kworker/0:1-18635 [000] ...1 56363.199669: thermal_temp: sensor_id=5 temp=39
43424168-e44e-473a-bf12-dba8a4a4453a 2016-12-13 11:25:54.716390612 2622753 [56363.307572]   963  1378 E native  : do suspend false
43424168-e44e-473a-bf12-dba8a4a4453a 2016-12-13 11:25:54.726390612 2622754 [56363.309978]   387   387 D KernelPrintk: 4,349765,56363308081,-;dhd_set_suspend: Remove extra suspend setting 
43424168-e44e-473a-bf12-dba8a4a4453a 2016-12-13 11:25:54.746390612 2622755 [56363.333636]   963  2916 D DhcpClient: Broadcasting DHCPDISCOVER
43424168-e44e-473a-bf12-dba8a4a4453a 2016-12-13 11:25:54.746390612 2622756 [56363.334835]   963  2916 D ThermaPlan->AlarmManagerService: {"func":"AlarmManagerService->mService->set","pid":963,"uid":1000,"flagsBinary":"1001","flags":9,"type":2,"triggerAtTime":213647543,"nowELAPSED":213645481,"rtc":1481646354754,"windowLength":0,"interval":0,"creatorPkg":"android","targetPkg":"android"}
43424168-e44e-473a-bf12-dba8a4a4453a 2016-12-13 11:25:54.746390612 2622757 [56363.338779]   963 29955 D DhcpClient: Received packet: 5c:51:88:ac:9d:f0 OFFER, ip /192.168.1.110, mask /255.255.255.0, DNS servers: /192.168.1.1 , gateways [/192.168.1.1] lease time 7200, domain lan
43424168-e44e-473a-bf12-dba8a4a4453a 2016-12-13 11:25:54.756390612 2622758 [56363.340198]   963  2916 D DhcpClient: Got pending lease: IP address 192.168.1.110/24 Gateway 192.168.1.1  DNS servers: [ 192.168.1.1 ] Domainslan DHCP server /192.168.1.1 Vendor info null lease 7200 seconds
43424168-e44e-473a-bf12-dba8a4a4453a 2016-12-13 11:25:54.756390612 2622759 [56363.342660]   963  2916 D ThermaPlan->Batch: {"func":"Batch->add()","batch":{"what":"BATCH","start":213647783,"end":213647783,"flags":8,"flagsBinary":"1000","oldStart":213639889,"oldEnd":213684887}}
43424168-e44e-473a-bf12-dba8a4a4453a 2016-12-13 11:25:54.756390612 2622760 [56363.346338]   963  2916 D ThermaPlan->Batch: {"func":"Batch->add()","batch":{"what":"BATCH","start":213700771,"end":213730771,"flags":0,"flagsBinary":"0","oldStart":213650727,"oldEnd":213740727}}
43424168-e44e-473a-bf12-dba8a4a4453a 2016-12-13 11:25:54.756390612 2622761 [56363.347422]   963  2916 D ThermaPlan->Batch: {"func":"Batch->add()","batch":{"what":"BATCH","start":213711754,"end":213730771,"flags":8,"flagsBinary":"1000","oldStart":213700771,"oldEnd":213730771}}
43424168-e44e-473a-bf12-dba8a4a4453a 2016-12-13 11:25:54.766390612 2622762 [56363.354756]   963  2916 D ThermaPlan->Batch: {"func":"Batch->add()","batch":{"what":"BATCH","start":214276095,"end":214951095,"flags":8,"flagsBinary":"1000","oldStart":214251322,"oldEnd":215601322}}
43424168-e44e-473a-bf12-dba8a4a4453a 2016-12-13 11:25:54.766390612 2622763 [56363.355863]   963  2916 D ThermaPlan->Batch: {"func":"Batch->add()","batch":{"what":"BATCH","start":214278171,"end":214951095,"flags":8,"flagsBinary":"1000","oldStart":214276095,"oldEnd":214951095}}
43424168-e44e-473a-bf12-dba8a4a4453a 2016-12-13 11:25:54.766390612 2622764 [56363.356934]   963  2916 D ThermaPlan->Batch: {"func":"Batch->add()","batch":{"what":"BATCH","start":214278914,"end":214951095,"flags":8,"flagsBinary":"1000","oldStart":214278171,"oldEnd":214951095}}
43424168-e44e-473a-bf12-dba8a4a4453a 2016-12-13 11:25:54.766390612 2622765 [56363.358017]   963  2916 D ThermaPlan->Batch: {"func":"Batch->add()","batch":{"what":"BATCH","start":214278988,"end":214951095,"flags":8,"flagsBinary":"1000","oldStart":214278914,"oldEnd":214951095}}
43424168-e44e-473a-bf12-dba8a4a4453a 2016-12-13 11:25:54.776390612 2622766 [56363.360460]   963  2916 D ThermaPlan->Batch: {"func":"Batch->add()","batch":{"what":"BATCH","start":214281415,"end":214951095,"flags":8,"flagsBinary":"1000","oldStart":214278988,"oldEnd":214951095}}
43424168-e44e-473a-bf12-dba8a4a4453a 2016-12-13 11:25:54.776390612 2622767 [56363.361560]   963  2916 D ThermaPlan->Batch: {"func":"Batch->add()","batch":{"what":"BATCH","start":214281680,"end":214951095,"flags":8,"flagsBinary":"1000","oldStart":214281415,"oldEnd":214951095}}
43424168-e44e-473a-bf12-dba8a4a4453a 2016-12-13 11:25:54.776390612 2622768 [56363.362639]   963  2916 D ThermaPlan->Batch: {"func":"Batch->add()","batch":{"what":"BATCH","start":214282094,"end":214951095,"flags":8,"flagsBinary":"1000","oldStart":214281680,"oldEnd":214951095}}
43424168-e44e-473a-bf12-dba8a4a4453a 2016-12-13 11:25:54.776390612 2622769 [56363.363763]   963  2916 D ThermaPlan->Batch: {"func":"Batch->add()","batch":{"what":"BATCH","start":214282211,"end":214951095,"flags":8,"flagsBinary":"1000","oldStart":214282094,"oldEnd":214951095}}
43424168-e44e-473a-bf12-dba8a4a4453a 2016-12-13 11:25:54.776390612 2622770 [56363.364911]   963  2916 D ThermaPlan->Batch: {"func":"Batch->add()","batch":{"what":"BATCH","start":214282485,"end":214951095,"flags":8,"flagsBinary":"1000","oldStart":214282211,"oldEnd":214951095}}
43424168-e44e-473a-bf12-dba8a4a4453a 2016-12-13 11:25:54.776390612 2622771 [56363.366600]   963  2916 D ThermaPlan->Batch: {"func":"Batch->add()","batch":{"what":"BATCH","start":214294563,"end":214951095,"flags":8,"flagsBinary":"1000","oldStart":214282485,"oldEnd":214951095}}
43424168-e44e-473a-bf12-dba8a4a4453a 2016-12-13 11:25:54.776390612 2622772 [56363.367722]   963  2916 D ThermaPlan->Batch: {"func":"Batch->add()","batch":{"what":"BATCH","start":214733822,"end":214951095,"flags":8,"flagsBinary":"1000","oldStart":214294563,"oldEnd":214951095}}
43424168-e44e-473a-bf12-dba8a4a4453a 2016-12-13 11:25:54.776390612 2622773 [56363.368856]   963  2916 D ThermaPlan->Batch: {"func":"Batch->add()","batch":{"what":"BATCH","start":214750706,"end":214951095,"flags":8,"flagsBinary":"1000","oldStart":214733822,"oldEnd":214951095}}
43424168-e44e-473a-bf12-dba8a4a4453a 2016-12-13 11:25:54.786390612 2622774 [56363.371868]   963  2916 D ThermaPlan->Batch: {"func":"Batch->add()","batch":{"what":"BATCH","start":215759161,"end":219062073,"flags":8,"flagsBinary":"1000","oldStart":215226149,"oldEnd":219062073}}
43424168-e44e-473a-bf12-dba8a4a4453a 2016-12-13 11:25:54.786390612 2622775 [56363.372166]   963  2916 D ThermaPlan->Batch: {"func":"Batch->add()","batch":{"what":"BATCH","start":216082518,"end":218782518,"flags":8,"flagsBinary":"1000","oldStart":215759161,"oldEnd":219062073}}
43424168-e44e-473a-bf12-dba8a4a4453a 2016-12-13 11:25:54.786390612 2622776 [56363.372448]   963  2916 D ThermaPlan->Batch: {"func":"Batch->add()","batch":{"what":"BATCH","start":216144078,"end":218782518,"flags":8,"flagsBinary":"1000","oldStart":216082518,"oldEnd":218782518}}
43424168-e44e-473a-bf12-dba8a4a4453a 2016-12-13 11:25:54.786390612 2622777 [56363.372726]   963  2916 D ThermaPlan->Batch: {"func":"Batch->add()","batch":{"what":"BATCH","start":216526830,"end":218782518,"flags":8,"flagsBinary":"1000","oldStart":216144078,"oldEnd":218782518}}
43424168-e44e-473a-bf12-dba8a4a4453a 2016-12-13 11:25:54.786390612 2622778 [56363.373001]   963  2916 D ThermaPlan->Batch: {"func":"Batch->add()","batch":{"what":"BATCH","start":217737182,"end":218037182,"flags":8,"flagsBinary":"1000","oldStart":216526830,"oldEnd":218782518}}
43424168-e44e-473a-bf12-dba8a4a4453a 2016-12-13 11:25:54.786390612 2622779 [56363.373498]   963  2916 D ThermaPlan->Batch: {"func":"Batch->add()","batch":{"what":"BATCH","start":220150599,"end":224060131,"flags":0,"flagsBinary":"0","oldStart":219290727,"oldEnd":224060131}}
43424168-e44e-473a-bf12-dba8a4a4453a 2016-12-13 11:25:54.786390612 2622780 [56363.373782]   963  2916 D ThermaPlan->Batch: {"func":"Batch->add()","batch":{"what":"BATCH","start":220380550,"end":224060131,"flags":0,"flagsBinary":"0","oldStart":220150599,"oldEnd":224060131}}
43424168-e44e-473a-bf12-dba8a4a4453a 2016-12-13 11:25:54.786390612 2622781 [56363.374459]   963  2916 D ThermaPlan->Batch: {"func":"Batch->add()","batch":{"what":"BATCH","start":228290727,"end":239324426,"flags":0,"flagsBinary":"0","oldStart":224222674,"oldEnd":240422669}}
43424168-e44e-473a-bf12-dba8a4a4453a 2016-12-13 11:25:54.786390612 2622782 [56363.374739]   963  2916 D ThermaPlan->Batch: {"func":"Batch->add()","batch":{"what":"BATCH","start":230499939,"end":239324426,"flags":0,"flagsBinary":"0","oldStart":228290727,"oldEnd":239324426}}
43424168-e44e-473a-bf12-dba8a4a4453a 2016-12-13 11:25:54.786390612 2622783 [56363.375017]   963  2916 D ThermaPlan->Batch: {"func":"Batch->add()","batch":{"what":"BATCH","start":231188198,"end":239324426,"flags":0,"flagsBinary":"0","oldStart":230499939,"oldEnd":239324426}}
43424168-e44e-473a-bf12-dba8a4a4453a 2016-12-13 11:25:54.786390612 2622784 [56363.375308]   963  2916 D ThermaPlan->Batch: {"func":"Batch->add()","batch":{"what":"BATCH","start":231548284,"end":239324426,"flags":0,"flagsBinary":"0","oldStart":231188198,"oldEnd":239324426}}
43424168-e44e-473a-bf12-dba8a4a4453a 2016-12-13 11:25:54.786390612 2622785 [56363.376990]   963  2916 D ThermaPlan->Batch: {"func":"Batch->add()","batch":{"what":"BATCH","start":248330836,"end":285305189,"flags":8,"flagsBinary":"1000","oldStart":240305189,"oldEnd":285305189}}
43424168-e44e-473a-bf12-dba8a4a4453a 2016-12-13 11:25:54.786390612 2622786 [56363.377280]   963  2916 D ThermaPlan->Batch: {"func":"Batch->add()","batch":{"what":"BATCH","start":249541608,"end":282059671,"flags":8,"flagsBinary":"1000","oldStart":248330836,"oldEnd":285305189}}
43424168-e44e-473a-bf12-dba8a4a4453a 2016-12-13 11:25:54.786390612 2622787 [56363.377563]   963  2916 D ThermaPlan->Batch: {"func":"Batch->add()","batch":{"what":"BATCH","start":249641516,"end":280795766,"flags":8,"flagsBinary":"1000","oldStart":249541608,"oldEnd":282059671}}
43424168-e44e-473a-bf12-dba8a4a4453a 2016-12-13 11:25:54.786390612 2622788 [56363.377864]   963  2916 D ThermaPlan->Batch: {"func":"Batch->add()","batch":{"what":"BATCH","start":258890727,"end":280795766,"flags":8,"flagsBinary":"1000","oldStart":249641516,"oldEnd":280795766}}
43424168-e44e-473a-bf12-dba8a4a4453a 2016-12-13 11:25:54.786390612 2622789 [56363.378155]   963  2916 D ThermaPlan->Batch: {"func":"Batch->add()","batch":{"what":"BATCH","start":259200000,"end":280795766,"flags":8,"flagsBinary":"1000","oldStart":258890727,"oldEnd":280795766}}
43424168-e44e-473a-bf12-dba8a4a4453a 2016-12-13 11:25:54.786390612 2622790 [56363.378466]   963  2916 D ThermaPlan->Batch: {"func":"Batch->add()","batch":{"what":"BATCH","start":259252542,"end":280795766,"flags":8,"flagsBinary":"1000","oldStart":259200000,"oldEnd":280795766}}
43424168-e44e-473a-bf12-dba8a4a4453a 2016-12-13 11:25:54.786390612 2622791 [56363.378735]   963  2916 D ThermaPlan->Batch: {"func":"Batch->add()","batch":{"what":"BATCH","start":259281310,"end":280795766,"flags":8,"flagsBinary":"1000","oldStart":259252542,"oldEnd":280795766}}
43424168-e44e-473a-bf12-dba8a4a4453a 2016-12-13 11:25:54.786390612 2622792 [56363.379027]   963  2916 D ThermaPlan->Batch: {"func":"Batch->add()","batch":{"what":"BATCH","start":259345161,"end":280795766,"flags":8,"flagsBinary":"1000","oldStart":259281310,"oldEnd":280795766}}
43424168-e44e-473a-bf12-dba8a4a4453a 2016-12-13 11:25:54.796390612 2622793 [56363.379420]   963  2916 D ThermaPlan->Batch: {"func":"Batch->add()","batch":{"what":"BATCH","start":259786617,"end":280795766,"flags":8,"flagsBinary":"1000","oldStart":259345161,"oldEnd":280795766}}
43424168-e44e-473a-bf12-dba8a4a4453a 2016-12-13 11:25:54.796390612 2622794 [56363.379714]   963  2916 D ThermaPlan->Batch: {"func":"Batch->add()","batch":{"what":"BATCH","start":261333689,"end":280795766,"flags":8,"flagsBinary":"1000","oldStart":259786617,"oldEnd":280795766}}
43424168-e44e-473a-bf12-dba8a4a4453a 2016-12-13 11:25:54.796390612 2622795 [56363.379900]   388   388 D Kernel-Trace:     kworker/1:2H-12491 [001] ...1 56363.369930: cpu_frequency: state=1497600 cpu_id=1
43424168-e44e-473a-bf12-dba8a4a4453a 2016-12-13 11:25:54.796390612 2622796 [56363.380018]   963  2916 D ThermaPlan->Batch: {"func":"Batch->add()","batch":{"what":"BATCH","start":270989138,"end":280795766,"flags":8,"flagsBinary":"1000","oldStart":261333689,"oldEnd":280795766}}
43424168-e44e-473a-bf12-dba8a4a4453a 2016-12-13 11:25:54.796390612 2622797 [56363.383428]   963  2916 D ThermaPlan->Batch: {"func":"Batch->add()","batch":{"what":"BATCH","start":292490680,"end":331748773,"flags":0,"flagsBinary":"0","oldStart":280825099,"oldEnd":331748773}}
43424168-e44e-473a-bf12-dba8a4a4453a 2016-12-13 11:25:54.796390612 2622798 [56363.383751]   963  2916 D ThermaPlan->Batch: {"func":"Batch->add()","batch":{"what":"BATCH","start":296563796,"end":331748773,"flags":0,"flagsBinary":"0","oldStart":292490680,"oldEnd":331748773}}
43424168-e44e-473a-bf12-dba8a4a4453a 2016-12-13 11:25:54.796390612 2622799 [56363.384015]   963  2916 D ThermaPlan->Batch: {"func":"Batch->add()","batch":{"what":"BATCH","start":300042523,"end":331748773,"flags":8,"flagsBinary":"1000","oldStart":296563796,"oldEnd":331748773}}
43424168-e44e-473a-bf12-dba8a4a4453a 2016-12-13 11:25:54.796390612 2622800 [56363.384494]   963  2916 D ThermaPlan->Batch: {"func":"Batch->add()","batch":{"what":"BATCH","start":605813325,"end":1058493260,"flags":0,"flagsBinary":"0","oldStart":604893262,"oldEnd":1058493260}}
43424168-e44e-473a-bf12-dba8a4a4453a 2016-12-13 11:25:54.796390612 2622801 [56363.384801]   963  2916 D ThermaPlan->Batch: {"func":"Batch->add()","batch":{"what":"BATCH","start":624143935,"end":992076404,"flags":0,"flagsBinary":"0","oldStart":605813325,"oldEnd":1058493260}}
43424168-e44e-473a-bf12-dba8a4a4453a 2016-12-13 11:25:54.796390612 2622802 [56363.385130]   963  2916 D ThermaPlan->Batch: {"func":"Batch->add()","batch":{"what":"BATCH","start":694490727,"end":992076404,"flags":0,"flagsBinary":"0","oldStart":624143935,"oldEnd":992076404}}
43424168-e44e-473a-bf12-dba8a4a4453a 2016-12-13 11:25:54.796390612 2622803 [56363.385598]   963  2916 D ThermaPlan->Batch: {"func":"Batch->add()","batch":{"what":"BATCH","start":701674709,"end":992076404,"flags":0,"flagsBinary":"0","oldStart":694490727,"oldEnd":992076404}}
43424168-e44e-473a-bf12-dba8a4a4453a 2016-12-13 11:25:54.796390612 2622804 [56363.386239]   963  2916 D ThermaPlan->Batch: {"func":"Batch->add()","batch":{"what":"BATCH","start":315360057206,"end":551880056972,"flags":0,"flagsBinary":"0","oldStart":315360056973,"oldEnd":551880056972}}
43424168-e44e-473a-bf12-dba8a4a4453a 2016-12-13 11:25:54.796390612 2622805 [56363.386533]   963  2916 D ThermaPlan->Batch: {"func":"Batch->add()","batch":{"what":"BATCH","start":315360057236,"end":551880056972,"flags":0,"flagsBinary":"0","oldStart":315360057206,"oldEnd":551880056972}}
43424168-e44e-473a-bf12-dba8a4a4453a 2016-12-13 11:25:54.796390612 2622806 [56363.386818]   963  2916 D ThermaPlan->Batch: {"func":"Batch->add()","batch":{"what":"BATCH","start":315360057240,"end":551880056972,"flags":0,"flagsBinary":"0","oldStart":315360057236,"oldEnd":551880056972}}
43424168-e44e-473a-bf12-dba8a4a4453a 2016-12-13 11:25:54.796390612 2622807 [56363.387091]   963  2916 D ThermaPlan->Batch: {"func":"Batch->add()","batch":{"what":"BATCH","start":315360057254,"end":551880056972,"flags":0,"flagsBinary":"0","oldStart":315360057240,"oldEnd":551880056972}}
43424168-e44e-473a-bf12-dba8a4a4453a 2016-12-13 11:25:54.796390612 2622808 [56363.387375]   963  2916 D ThermaPlan->Batch: {"func":"Batch->add()","batch":{"what":"BATCH","start":315360057257,"end":551880056972,"flags":0,"flagsBinary":"0","oldStart":315360057254,"oldEnd":551880056972}}
43424168-e44e-473a-bf12-dba8a4a4453a 2016-12-13 11:25:54.796390612 2622809 [56363.387684]   963  2916 D ThermaPlan->Batch: {"func":"Batch->add()","batch":{"what":"BATCH","start":315360057259,"end":551880056972,"flags":0,"flagsBinary":"0","oldStart":315360057257,"oldEnd":551880056972}}
43424168-e44e-473a-bf12-dba8a4a4453a 2016-12-13 11:25:54.796390612 2622810 [56363.387984]   963  2916 D ThermaPlan->Batch: {"func":"Batch->add()","batch":{"what":"BATCH","start":315360094195,"end":551880056972,"flags":0,"flagsBinary":"0","oldStart":315360057259,"oldEnd":551880056972}}
43424168-e44e-473a-bf12-dba8a4a4453a 2016-12-13 11:25:54.796390612 2622811 [56363.388254]   963  2916 D ThermaPlan->Batch: {"func":"Batch->add()","batch":{"what":"BATCH","start":315360113203,"end":551880056972,"flags":0,"flagsBinary":"0","oldStart":315360094195,"oldEnd":551880056972}}
43424168-e44e-473a-bf12-dba8a4a4453a 2016-12-13 11:25:54.796390612 2622812 [56363.388537]   963  2916 D ThermaPlan->Batch: {"func":"Batch->add()","batch":{"what":"BATCH","start":315399259724,"end":551880056972,"flags":0,"flagsBinary":"0","oldStart":315360113203,"oldEnd":551880056972}}
43424168-e44e-473a-bf12-dba8a4a4453a 2016-12-13 11:25:54.796390612 2622813 [56363.388836]   963  2916 D ThermaPlan->Batch: {"func":"Batch->add()","batch":{"what":"BATCH","start":315399259747,"end":551880056972,"flags":0,"flagsBinary":"0","oldStart":315399259724,"oldEnd":551880056972}}
43424168-e44e-473a-bf12-dba8a4a4453a 2016-12-13 11:25:54.796390612 2622814 [56363.389119]   963  2916 D ThermaPlan->Batch: {"func":"Batch->add()","batch":{"what":"BATCH","start":315572926898,"end":551880056972,"flags":0,"flagsBinary":"0","oldStart":315399259747,"oldEnd":551880056972}}
43424168-e44e-473a-bf12-dba8a4a4453a 2016-12-13 11:25:54.806390612 2622815 [56363.392391]   963  2916 D ThermaPlan->AlarmManagerService: {"func":"AlarmManagerService->mService->set","pid":963,"uid":1000,"flagsBinary":"1001","flags":9,"type":2,"triggerAtTime":213663539,"nowELAPSED":213645539,"rtc":1481646354812,"windowLength":0,"interval":0,"creatorPkg":"android","targetPkg":"android"}
43424168-e44e-473a-bf12-dba8a4a4453a 2016-12-13 11:25:54.806390612 2622816 [56363.393077]   963  2916 D DhcpClient: Broadcasting DHCPREQUEST ciaddr=0.0.0.0 request=192.168.1.110 serverid=192.168.1.1
43424168-e44e-473a-bf12-dba8a4a4453a 2016-12-13 11:25:54.806390612 2622817 [56363.393431]   963  2916 D ThermaPlan->AlarmManagerService: {"func":"AlarmManagerService->mService->set","pid":963,"uid":1000,"flagsBinary":"1001","flags":9,"type":2,"triggerAtTime":213647729,"nowELAPSED":213645540,"rtc":1481646354813,"windowLength":0,"interval":0,"creatorPkg":"android","targetPkg":"android"}
43424168-e44e-473a-bf12-dba8a4a4453a 2016-12-13 11:25:54.806390612 2622818 [56363.398121]   963 29955 D DhcpClient: Received packet: 5c:51:88:ac:9d:f0 ACK: your new IP /192.168.1.110, netmask /255.255.255.0, gateways [/192.168.1.1] DNS servers: /192.168.1.1 , lease time 7200
43424168-e44e-473a-bf12-dba8a4a4453a 2016-12-13 11:25:54.806390612 2622819 [56363.398600]   963  2916 D DhcpClient: Confirmed lease: IP address 192.168.1.110/24 Gateway 192.168.1.1  DNS servers: [ 192.168.1.1 ] Domainslan DHCP server /192.168.1.1 Vendor info null lease 7200 seconds
43424168-e44e-473a-bf12-dba8a4a4453a 2016-12-13 11:25:54.806390612 2622820 [56363.399229]   963  2916 D ThermaPlan->Batch: {"func":"Batch->add()","batch":{"what":"BATCH","start":213647783,"end":213647783,"flags":8,"flagsBinary":"1000","oldStart":213639889,"oldEnd":213684887}}
43424168-e44e-473a-bf12-dba8a4a4453a 2016-12-13 11:25:54.816390612 2622821 [56363.400325]   963  2916 D ThermaPlan->Batch: {"func":"Batch->add()","batch":{"what":"BATCH","start":213700771,"end":213730771,"flags":0,"flagsBinary":"0","oldStart":213650727,"oldEnd":213740727}}
43424168-e44e-473a-bf12-dba8a4a4453a 2016-12-13 11:25:54.816390612 2622822 [56363.400619]   963  2916 D ThermaPlan->Batch: {"func":"Batch->add()","batch":{"what":"BATCH","start":213711754,"end":213730771,"flags":8,"flagsBinary":"1000","oldStart":213700771,"oldEnd":213730771}}
43424168-e44e-473a-bf12-dba8a4a4453a 2016-12-13 11:25:54.816390612 2622823 [56363.402399]   963  2916 D ThermaPlan->Batch: {"func":"Batch->add()","batch":{"what":"BATCH","start":214276095,"end":214951095,"flags":8,"flagsBinary":"1000","oldStart":214251322,"oldEnd":215601322}}
43424168-e44e-473a-bf12-dba8a4a4453a 2016-12-13 11:25:54.816390612 2622824 [56363.402688]   963  2916 D ThermaPlan->Batch: {"func":"Batch->add()","batch":{"what":"BATCH","start":214278171,"end":214951095,"flags":8,"flagsBinary":"1000","oldStart":214276095,"oldEnd":214951095}}
43424168-e44e-473a-bf12-dba8a4a4453a 2016-12-13 11:25:54.816390612 2622825 [56363.402941]   963  2916 D ThermaPlan->Batch: {"func":"Batch->add()","batch":{"what":"BATCH","start":214278914,"end":214951095,"flags":8,"flagsBinary":"1000","oldStart":214278171,"oldEnd":214951095}}
43424168-e44e-473a-bf12-dba8a4a4453a 2016-12-13 11:25:54.816390612 2622826 [56363.403204]   963  2916 D ThermaPlan->Batch: {"func":"Batch->add()","batch":{"what":"BATCH","start":214278988,"end":214951095,"flags":8,"flagsBinary":"1000","oldStart":214278914,"oldEnd":214951095}}
43424168-e44e-473a-bf12-dba8a4a4453a 2016-12-13 11:25:54.816390612 2622827 [56363.403467]   963  2916 D ThermaPlan->Batch: {"func":"Batch->add()","batch":{"what":"BATCH","start":214281415,"end":214951095,"flags":8,"flagsBinary":"1000","oldStart":214278988,"oldEnd":214951095}}
43424168-e44e-473a-bf12-dba8a4a4453a 2016-12-13 11:25:54.816390612 2622828 [56363.403895]   963  2916 D ThermaPlan->Batch: {"func":"Batch->add()","batch":{"what":"BATCH","start":214281680,"end":214951095,"flags":8,"flagsBinary":"1000","oldStart":214281415,"oldEnd":214951095}}
43424168-e44e-473a-bf12-dba8a4a4453a 2016-12-13 11:25:54.816390612 2622829 [56363.404148]   963  2916 D ThermaPlan->Batch: {"func":"Batch->add()","batch":{"what":"BATCH","start":214282094,"end":214951095,"flags":8,"flagsBinary":"1000","oldStart":214281680,"oldEnd":214951095}}
43424168-e44e-473a-bf12-dba8a4a4453a 2016-12-13 11:25:54.816390612 2622830 [56363.404401]   963  2916 D ThermaPlan->Batch: {"func":"Batch->add()","batch":{"what":"BATCH","start":214282211,"end":214951095,"flags":8,"flagsBinary":"1000","oldStart":214282094,"oldEnd":214951095}}
43424168-e44e-473a-bf12-dba8a4a4453a 2016-12-13 11:25:54.816390612 2622831 [56363.404647]   963  2916 D ThermaPlan->Batch: {"func":"Batch->add()","batch":{"what":"BATCH","start":214282485,"end":214951095,"flags":8,"flagsBinary":"1000","oldStart":214282211,"oldEnd":214951095}}
43424168-e44e-473a-bf12-dba8a4a4453a 2016-12-13 11:25:54.816390612 2622832 [56363.404927]   963  2916 D ThermaPlan->Batch: {"func":"Batch->add()","batch":{"what":"BATCH","start":214294563,"end":214951095,"flags":8,"flagsBinary":"1000","oldStart":214282485,"oldEnd":214951095}}
43424168-e44e-473a-bf12-dba8a4a4453a 2016-12-13 11:25:54.816390612 2622833 [56363.405212]   963  2916 D ThermaPlan->Batch: {"func":"Batch->add()","batch":{"what":"BATCH","start":214733822,"end":214951095,"flags":8,"flagsBinary":"1000","oldStart":214294563,"oldEnd":214951095}}
43424168-e44e-473a-bf12-dba8a4a4453a 2016-12-13 11:25:54.816390612 2622834 [56363.405477]   963  2916 D ThermaPlan->Batch: {"func":"Batch->add()","batch":{"what":"BATCH","start":214750705,"end":214951095,"flags":8,"flagsBinary":"1000","oldStart":214733822,"oldEnd":214951095}}
43424168-e44e-473a-bf12-dba8a4a4453a 2016-12-13 11:25:54.816390612 2622835 [56363.407277]   963  2916 D ThermaPlan->Batch: {"func":"Batch->add()","batch":{"what":"BATCH","start":215759161,"end":219062073,"flags":8,"flagsBinary":"1000","oldStart":215226149,"oldEnd":219062073}}
43424168-e44e-473a-bf12-dba8a4a4453a 2016-12-13 11:25:54.816390612 2622836 [56363.407541]   963  2916 D ThermaPlan->Batch: {"func":"Batch->add()","batch":{"what":"BATCH","start":216082518,"end":218782518,"flags":8,"flagsBinary":"1000","oldStart":215759161,"oldEnd":219062073}}
43424168-e44e-473a-bf12-dba8a4a4453a 2016-12-13 11:25:54.816390612 2622837 [56363.407804]   963  2916 D ThermaPlan->Batch: {"func":"Batch->add()","batch":{"what":"BATCH","start":216144078,"end":218782518,"flags":8,"flagsBinary":"1000","oldStart":216082518,"oldEnd":218782518}}
43424168-e44e-473a-bf12-dba8a4a4453a 2016-12-13 11:25:54.816390612 2622838 [56363.408051]   963  2916 D ThermaPlan->Batch: {"func":"Batch->add()","batch":{"what":"BATCH","start":216526830,"end":218782518,"flags":8,"flagsBinary":"1000","oldStart":216144078,"oldEnd":218782518}}
43424168-e44e-473a-bf12-dba8a4a4453a 2016-12-13 11:25:54.816390612 2622839 [56363.408323]   963  2916 D ThermaPlan->Batch: {"func":"Batch->add()","batch":{"what":"BATCH","start":217737182,"end":218037182,"flags":8,"flagsBinary":"1000","oldStart":216526830,"oldEnd":218782518}}
43424168-e44e-473a-bf12-dba8a4a4453a 2016-12-13 11:25:54.816390612 2622840 [56363.408764]   963  2916 D ThermaPlan->Batch: {"func":"Batch->add()","batch":{"what":"BATCH","start":220150599,"end":224060132,"flags":0,"flagsBinary":"0","oldStart":219290728,"oldEnd":224060132}}
43424168-e44e-473a-bf12-dba8a4a4453a 2016-12-13 11:25:54.816390612 2622841 [56363.409027]   963  2916 D ThermaPlan->Batch: {"func":"Batch->add()","batch":{"what":"BATCH","start":220380550,"end":224060132,"flags":0,"flagsBinary":"0","oldStart":220150599,"oldEnd":224060132}}
43424168-e44e-473a-bf12-dba8a4a4453a 2016-12-13 11:25:54.826390612 2622842 [56363.409716]   963  2916 D ThermaPlan->Batch: {"func":"Batch->add()","batch":{"what":"BATCH","start":228290727,"end":239324426,"flags":0,"flagsBinary":"0","oldStart":224222674,"oldEnd":240422669}}
43424168-e44e-473a-bf12-dba8a4a4453a 2016-12-13 11:25:54.826390612 2622843 [56363.409974]   963  2916 D ThermaPlan->Batch: {"func":"Batch->add()","batch":{"what":"BATCH","start":230499939,"end":239324426,"flags":0,"flagsBinary":"0","oldStart":228290727,"oldEnd":239324426}}
43424168-e44e-473a-bf12-dba8a4a4453a 2016-12-13 11:25:54.826390612 2622844 [56363.410233]   963  2916 D ThermaPlan->Batch: {"func":"Batch->add()","batch":{"what":"BATCH","start":231188198,"end":239324426,"flags":0,"flagsBinary":"0","oldStart":230499939,"oldEnd":239324426}}
43424168-e44e-473a-bf12-dba8a4a4453a 2016-12-13 11:25:54.826390612 2622845 [56363.410489]   963  2916 D ThermaPlan->Batch: {"func":"Batch->add()","batch":{"what":"BATCH","start":231548284,"end":239324426,"flags":0,"flagsBinary":"0","oldStart":231188198,"oldEnd":239324426}}
43424168-e44e-473a-bf12-dba8a4a4453a 2016-12-13 11:25:54.826390612 2622846 [56363.412067]   963  2916 D ThermaPlan->Batch: {"func":"Batch->add()","batch":{"what":"BATCH","start":248330836,"end":285305189,"flags":8,"flagsBinary":"1000","oldStart":240305189,"oldEnd":285305189}}
43424168-e44e-473a-bf12-dba8a4a4453a 2016-12-13 11:25:54.826390612 2622847 [56363.412329]   963  2916 D ThermaPlan->Batch: {"func":"Batch->add()","batch":{"what":"BATCH","start":249541608,"end":282059671,"flags":8,"flagsBinary":"1000","oldStart":248330836,"oldEnd":285305189}}
43424168-e44e-473a-bf12-dba8a4a4453a 2016-12-13 11:25:54.826390612 2622848 [56363.412595]   963  2916 D ThermaPlan->Batch: {"func":"Batch->add()","batch":{"what":"BATCH","start":249641516,"end":280795766,"flags":8,"flagsBinary":"1000","oldStart":249541608,"oldEnd":282059671}}
43424168-e44e-473a-bf12-dba8a4a4453a 2016-12-13 11:25:54.826390612 2622849 [56363.412865]   963  2916 D ThermaPlan->Batch: {"func":"Batch->add()","batch":{"what":"BATCH","start":258890727,"end":280795766,"flags":8,"flagsBinary":"1000","oldStart":249641516,"oldEnd":280795766}}
43424168-e44e-473a-bf12-dba8a4a4453a 2016-12-13 11:25:54.826390612 2622850 [56363.413131]   963  2916 D ThermaPlan->Batch: {"func":"Batch->add()","batch":{"what":"BATCH","start":259200000,"end":280795766,"flags":8,"flagsBinary":"1000","oldStart":258890727,"oldEnd":280795766}}
43424168-e44e-473a-bf12-dba8a4a4453a 2016-12-13 11:25:54.826390612 2622851 [56363.413394]   963  2916 D ThermaPlan->Batch: {"func":"Batch->add()","batch":{"what":"BATCH","start":259252542,"end":280795766,"flags":8,"flagsBinary":"1000","oldStart":259200000,"oldEnd":280795766}}
43424168-e44e-473a-bf12-dba8a4a4453a 2016-12-13 11:25:54.826390612 2622852 [56363.413637]   963  2916 D ThermaPlan->Batch: {"func":"Batch->add()","batch":{"what":"BATCH","start":259281310,"end":280795766,"flags":8,"flagsBinary":"1000","oldStart":259252542,"oldEnd":280795766}}
43424168-e44e-473a-bf12-dba8a4a4453a 2016-12-13 11:25:54.826390612 2622853 [56363.413908]   963  2916 D ThermaPlan->Batch: {"func":"Batch->add()","batch":{"what":"BATCH","start":259345161,"end":280795766,"flags":8,"flagsBinary":"1000","oldStart":259281310,"oldEnd":280795766}}
43424168-e44e-473a-bf12-dba8a4a4453a 2016-12-13 11:25:54.826390612 2622854 [56363.414186]   963  2916 D ThermaPlan->Batch: {"func":"Batch->add()","batch":{"what":"BATCH","start":259786617,"end":280795766,"flags":8,"flagsBinary":"1000","oldStart":259345161,"oldEnd":280795766}}
43424168-e44e-473a-bf12-dba8a4a4453a 2016-12-13 11:25:54.826390612 2622855 [56363.414444]   963  2916 D ThermaPlan->Batch: {"func":"Batch->add()","batch":{"what":"BATCH","start":261333689,"end":280795766,"flags":8,"flagsBinary":"1000","oldStart":259786617,"oldEnd":280795766}}
43424168-e44e-473a-bf12-dba8a4a4453a 2016-12-13 11:25:54.826390612 2622856 [56363.414726]   963  2916 D ThermaPlan->Batch: {"func":"Batch->add()","batch":{"what":"BATCH","start":270989138,"end":280795766,"flags":8,"flagsBinary":"1000","oldStart":261333689,"oldEnd":280795766}}
43424168-e44e-473a-bf12-dba8a4a4453a 2016-12-13 11:25:54.826390612 2622857 [56363.417699]   963  2916 D ThermaPlan->Batch: {"func":"Batch->add()","batch":{"what":"BATCH","start":292490680,"end":331748773,"flags":0,"flagsBinary":"0","oldStart":280825099,"oldEnd":331748773}}
43424168-e44e-473a-bf12-dba8a4a4453a 2016-12-13 11:25:54.826390612 2622858 [56363.417989]   963  2916 D ThermaPlan->Batch: {"func":"Batch->add()","batch":{"what":"BATCH","start":296563796,"end":331748773,"flags":0,"flagsBinary":"0","oldStart":292490680,"oldEnd":331748773}}
43424168-e44e-473a-bf12-dba8a4a4453a 2016-12-13 11:25:54.826390612 2622859 [56363.418240]   963  2916 D ThermaPlan->Batch: {"func":"Batch->add()","batch":{"what":"BATCH","start":300042523,"end":331748773,"flags":8,"flagsBinary":"1000","oldStart":296563796,"oldEnd":331748773}}
43424168-e44e-473a-bf12-dba8a4a4453a 2016-12-13 11:25:54.826390612 2622860 [56363.418692]   963  2916 D ThermaPlan->Batch: {"func":"Batch->add()","batch":{"what":"BATCH","start":605813326,"end":1058493260,"flags":0,"flagsBinary":"0","oldStart":604893262,"oldEnd":1058493260}}
43424168-e44e-473a-bf12-dba8a4a4453a 2016-12-13 11:25:54.826390612 2622861 [56363.418967]   963  2916 D ThermaPlan->Batch: {"func":"Batch->add()","batch":{"what":"BATCH","start":624143935,"end":992076404,"flags":0,"flagsBinary":"0","oldStart":605813326,"oldEnd":1058493260}}
43424168-e44e-473a-bf12-dba8a4a4453a 2016-12-13 11:25:54.826390612 2622862 [56363.419242]   963  2916 D ThermaPlan->Batch: {"func":"Batch->add()","batch":{"what":"BATCH","start":694490727,"end":992076404,"flags":0,"flagsBinary":"0","oldStart":624143935,"oldEnd":992076404}}
43424168-e44e-473a-bf12-dba8a4a4453a 2016-12-13 11:25:54.836390612 2622863 [56363.419598]   963  2916 D ThermaPlan->Batch: {"func":"Batch->add()","batch":{"what":"BATCH","start":694490728,"end":992076404,"flags":0,"flagsBinary":"0","oldStart":694490727,"oldEnd":992076404}}
43424168-e44e-473a-bf12-dba8a4a4453a 2016-12-13 11:25:54.836390612 2622864 [56363.419868]   963  2916 D ThermaPlan->Batch: {"func":"Batch->add()","batch":{"what":"BATCH","start":701674709,"end":992076404,"flags":0,"flagsBinary":"0","oldStart":694490728,"oldEnd":992076404}}
43424168-e44e-473a-bf12-dba8a4a4453a 2016-12-13 11:25:54.836390612 2622865 [56363.420494]   963  2916 D ThermaPlan->Batch: {"func":"Batch->add()","batch":{"what":"BATCH","start":315360057206,"end":551880056972,"flags":0,"flagsBinary":"0","oldStart":315360056973,"oldEnd":551880056972}}
43424168-e44e-473a-bf12-dba8a4a4453a 2016-12-13 11:25:54.836390612 2622866 [56363.420763]   963  2916 D ThermaPlan->Batch: {"func":"Batch->add()","batch":{"what":"BATCH","start":315360057236,"end":551880056972,"flags":0,"flagsBinary":"0","oldStart":315360057206,"oldEnd":551880056972}}
43424168-e44e-473a-bf12-dba8a4a4453a 2016-12-13 11:25:54.836390612 2622867 [56363.421027]   963  2916 D ThermaPlan->Batch: {"func":"Batch->add()","batch":{"what":"BATCH","start":315360057240,"end":551880056972,"flags":0,"flagsBinary":"0","oldStart":315360057236,"oldEnd":551880056972}}
43424168-e44e-473a-bf12-dba8a4a4453a 2016-12-13 11:25:54.836390612 2622868 [56363.421309]   963  2916 D ThermaPlan->Batch: {"func":"Batch->add()","batch":{"what":"BATCH","start":315360057254,"end":551880056972,"flags":0,"flagsBinary":"0","oldStart":315360057240,"oldEnd":551880056972}}
43424168-e44e-473a-bf12-dba8a4a4453a 2016-12-13 11:25:54.836390612 2622869 [56363.421580]   963  2916 D ThermaPlan->Batch: {"func":"Batch->add()","batch":{"what":"BATCH","start":315360057257,"end":551880056972,"flags":0,"flagsBinary":"0","oldStart":315360057254,"oldEnd":551880056972}}
43424168-e44e-473a-bf12-dba8a4a4453a 2016-12-13 11:25:54.836390612 2622870 [56363.421859]   963  2916 D ThermaPlan->Batch: {"func":"Batch->add()","batch":{"what":"BATCH","start":315360057259,"end":551880056972,"flags":0,"flagsBinary":"0","oldStart":315360057257,"oldEnd":551880056972}}
43424168-e44e-473a-bf12-dba8a4a4453a 2016-12-13 11:25:54.836390612 2622871 [56363.422129]   963  2916 D ThermaPlan->Batch: {"func":"Batch->add()","batch":{"what":"BATCH","start":315360094195,"end":551880056972,"flags":0,"flagsBinary":"0","oldStart":315360057259,"oldEnd":551880056972}}
43424168-e44e-473a-bf12-dba8a4a4453a 2016-12-13 11:25:54.836390612 2622872 [56363.422420]   963  2916 D ThermaPlan->Batch: {"func":"Batch->add()","batch":{"what":"BATCH","start":315360113203,"end":551880056972,"flags":0,"flagsBinary":"0","oldStart":315360094195,"oldEnd":551880056972}}
43424168-e44e-473a-bf12-dba8a4a4453a 2016-12-13 11:25:54.836390612 2622873 [56363.422692]   963  2916 D ThermaPlan->Batch: {"func":"Batch->add()","batch":{"what":"BATCH","start":315399259724,"end":551880056972,"flags":0,"flagsBinary":"0","oldStart":315360113203,"oldEnd":551880056972}}
43424168-e44e-473a-bf12-dba8a4a4453a 2016-12-13 11:25:54.836390612 2622874 [56363.422955]   963  2916 D ThermaPlan->Batch: {"func":"Batch->add()","batch":{"what":"BATCH","start":315399259747,"end":551880056972,"flags":0,"flagsBinary":"0","oldStart":315399259724,"oldEnd":551880056972}}
43424168-e44e-473a-bf12-dba8a4a4453a 2016-12-13 11:25:54.836390612 2622875 [56363.423216]   963  2916 D ThermaPlan->Batch: {"func":"Batch->add()","batch":{"what":"BATCH","start":315572926898,"end":551880056972,"flags":0,"flagsBinary":"0","oldStart":315399259747,"oldEnd":551880056972}}
43424168-e44e-473a-bf12-dba8a4a4453a 2016-12-13 11:25:54.836390612 2622876 [56363.426078]   963  2916 D ThermaPlan->Batch: {"func":"Batch->add()","batch":{"what":"BATCH","start":213647783,"end":213647783,"flags":8,"flagsBinary":"1000","oldStart":213639889,"oldEnd":213684887}}
43424168-e44e-473a-bf12-dba8a4a4453a 2016-12-13 11:25:54.836390612 2622877 [56363.427001]   963  2916 D ThermaPlan->Batch: {"func":"Batch->add()","batch":{"what":"BATCH","start":213700771,"end":213730771,"flags":0,"flagsBinary":"0","oldStart":213650727,"oldEnd":213740727}}
43424168-e44e-473a-bf12-dba8a4a4453a 2016-12-13 11:25:54.836390612 2622878 [56363.427265]   963  2916 D ThermaPlan->Batch: {"func":"Batch->add()","batch":{"what":"BATCH","start":213711754,"end":213730771,"flags":8,"flagsBinary":"1000","oldStart":213700771,"oldEnd":213730771}}
43424168-e44e-473a-bf12-dba8a4a4453a 2016-12-13 11:25:54.836390612 2622879 [56363.429080]   963  2916 D ThermaPlan->Batch: {"func":"Batch->add()","batch":{"what":"BATCH","start":214276095,"end":214951095,"flags":8,"flagsBinary":"1000","oldStart":214251322,"oldEnd":215601322}}
43424168-e44e-473a-bf12-dba8a4a4453a 2016-12-13 11:25:54.846390612 2622880 [56363.429419]   963  2916 D ThermaPlan->Batch: {"func":"Batch->add()","batch":{"what":"BATCH","start":214278171,"end":214951095,"flags":8,"flagsBinary":"1000","oldStart":214276095,"oldEnd":214951095}}
43424168-e44e-473a-bf12-dba8a4a4453a 2016-12-13 11:25:54.846390612 2622881 [56363.429684]   963  2916 D ThermaPlan->Batch: {"func":"Batch->add()","batch":{"what":"BATCH","start":214278914,"end":214951095,"flags":8,"flagsBinary":"1000","oldStart":214278171,"oldEnd":214951095}}
43424168-e44e-473a-bf12-dba8a4a4453a 2016-12-13 11:25:54.846390612 2622882 [56363.429954]   963  2916 D ThermaPlan->Batch: {"func":"Batch->add()","batch":{"what":"BATCH","start":214278988,"end":214951095,"flags":8,"flagsBinary":"1000","oldStart":214278914,"oldEnd":214951095}}
43424168-e44e-473a-bf12-dba8a4a4453a 2016-12-13 11:25:54.846390612 2622883 [56363.430206]   963  2916 D ThermaPlan->Batch: {"func":"Batch->add()","batch":{"what":"BATCH","start":214281415,"end":214951095,"flags":8,"flagsBinary":"1000","oldStart":214278988,"oldEnd":214951095}}
43424168-e44e-473a-bf12-dba8a4a4453a 2016-12-13 11:25:54.846390612 2622884 [56363.430467]   963  2916 D ThermaPlan->Batch: {"func":"Batch->add()","batch":{"what":"BATCH","start":214281680,"end":214951095,"flags":8,"flagsBinary":"1000","oldStart":214281415,"oldEnd":214951095}}
43424168-e44e-473a-bf12-dba8a4a4453a 2016-12-13 11:25:54.846390612 2622885 [56363.430741]   963  2916 D ThermaPlan->Batch: {"func":"Batch->add()","batch":{"what":"BATCH","start":214282094,"end":214951095,"flags":8,"flagsBinary":"1000","oldStart":214281680,"oldEnd":214951095}}
43424168-e44e-473a-bf12-dba8a4a4453a 2016-12-13 11:25:54.846390612 2622886 [56363.431009]   963  2916 D ThermaPlan->Batch: {"func":"Batch->add()","batch":{"what":"BATCH","start":214282211,"end":214951095,"flags":8,"flagsBinary":"1000","oldStart":214282094,"oldEnd":214951095}}
43424168-e44e-473a-bf12-dba8a4a4453a 2016-12-13 11:25:54.846390612 2622887 [56363.431410]   963  2916 D ThermaPlan->Batch: {"func":"Batch->add()","batch":{"what":"BATCH","start":214282485,"end":214951095,"flags":8,"flagsBinary":"1000","oldStart":214282211,"oldEnd":214951095}}
43424168-e44e-473a-bf12-dba8a4a4453a 2016-12-13 11:25:54.846390612 2622888 [56363.431666]   963  2916 D ThermaPlan->Batch: {"func":"Batch->add()","batch":{"what":"BATCH","start":214294563,"end":214951095,"flags":8,"flagsBinary":"1000","oldStart":214282485,"oldEnd":214951095}}
43424168-e44e-473a-bf12-dba8a4a4453a 2016-12-13 11:25:54.846390612 2622889 [56363.431941]   963  2916 D ThermaPlan->Batch: {"func":"Batch->add()","batch":{"what":"BATCH","start":214733822,"end":214951095,"flags":8,"flagsBinary":"1000","oldStart":214294563,"oldEnd":214951095}}
43424168-e44e-473a-bf12-dba8a4a4453a 2016-12-13 11:25:54.846390612 2622890 [56363.432239]   963  2916 D ThermaPlan->Batch: {"func":"Batch->add()","batch":{"what":"BATCH","start":214750705,"end":214951095,"flags":8,"flagsBinary":"1000","oldStart":214733822,"oldEnd":214951095}}
43424168-e44e-473a-bf12-dba8a4a4453a 2016-12-13 11:25:54.846390612 2622891 [56363.434037]   963  2916 D ThermaPlan->Batch: {"func":"Batch->add()","batch":{"what":"BATCH","start":215759161,"end":219062073,"flags":8,"flagsBinary":"1000","oldStart":215226149,"oldEnd":219062073}}
43424168-e44e-473a-bf12-dba8a4a4453a 2016-12-13 11:25:54.846390612 2622892 [56363.434304]   963  2916 D ThermaPlan->Batch: {"func":"Batch->add()","batch":{"what":"BATCH","start":216082518,"end":218782518,"flags":8,"flagsBinary":"1000","oldStart":215759161,"oldEnd":219062073}}
43424168-e44e-473a-bf12-dba8a4a4453a 2016-12-13 11:25:54.846390612 2622893 [56363.434563]   963  2916 D ThermaPlan->Batch: {"func":"Batch->add()","batch":{"what":"BATCH","start":216144078,"end":218782518,"flags":8,"flagsBinary":"1000","oldStart":216082518,"oldEnd":218782518}}
43424168-e44e-473a-bf12-dba8a4a4453a 2016-12-13 11:25:54.846390612 2622894 [56363.434809]   963  2916 D ThermaPlan->Batch: {"func":"Batch->add()","batch":{"what":"BATCH","start":216526830,"end":218782518,"flags":8,"flagsBinary":"1000","oldStart":216144078,"oldEnd":218782518}}
43424168-e44e-473a-bf12-dba8a4a4453a 2016-12-13 11:25:54.846390612 2622895 [56363.435087]   963  2916 D ThermaPlan->Batch: {"func":"Batch->add()","batch":{"what":"BATCH","start":217737182,"end":218037182,"flags":8,"flagsBinary":"1000","oldStart":216526830,"oldEnd":218782518}}
43424168-e44e-473a-bf12-dba8a4a4453a 2016-12-13 11:25:54.846390612 2622896 [56363.435546]   963  2916 D ThermaPlan->Batch: {"func":"Batch->add()","batch":{"what":"BATCH","start":220150600,"end":224060131,"flags":0,"flagsBinary":"0","oldStart":219290727,"oldEnd":224060131}}
43424168-e44e-473a-bf12-dba8a4a4453a 2016-12-13 11:25:54.846390612 2622897 [56363.435806]   963  2916 D ThermaPlan->Batch: {"func":"Batch->add()","batch":{"what":"BATCH","start":220380550,"end":224060131,"flags":0,"flagsBinary":"0","oldStart":220150600,"oldEnd":224060131}}
43424168-e44e-473a-bf12-dba8a4a4453a 2016-12-13 11:25:54.846390612 2622898 [56363.436402]   963  2916 D ThermaPlan->Batch: {"func":"Batch->add()","batch":{"what":"BATCH","start":228290727,"end":239324426,"flags":0,"flagsBinary":"0","oldStart":224222674,"oldEnd":240422669}}
43424168-e44e-473a-bf12-dba8a4a4453a 2016-12-13 11:25:54.846390612 2622899 [56363.436667]   963  2916 D ThermaPlan->Batch: {"func":"Batch->add()","batch":{"what":"BATCH","start":230499939,"end":239324426,"flags":0,"flagsBinary":"0","oldStart":228290727,"oldEnd":239324426}}
43424168-e44e-473a-bf12-dba8a4a4453a 2016-12-13 11:25:54.846390612 2622900 [56363.436928]   963  2916 D ThermaPlan->Batch: {"func":"Batch->add()","batch":{"what":"BATCH","start":231188198,"end":239324426,"flags":0,"flagsBinary":"0","oldStart":230499939,"oldEnd":239324426}}
43424168-e44e-473a-bf12-dba8a4a4453a 2016-12-13 11:25:54.846390612 2622901 [56363.437193]   963  2916 D ThermaPlan->Batch: {"func":"Batch->add()","batch":{"what":"BATCH","start":231548284,"end":239324426,"flags":0,"flagsBinary":"0","oldStart":231188198,"oldEnd":239324426}}
43424168-e44e-473a-bf12-dba8a4a4453a 2016-12-13 11:25:54.846390612 2622902 [56363.438774]   963  2916 D ThermaPlan->Batch: {"func":"Batch->add()","batch":{"what":"BATCH","start":248330836,"end":285305189,"flags":8,"flagsBinary":"1000","oldStart":240305189,"oldEnd":285305189}}
43424168-e44e-473a-bf12-dba8a4a4453a 2016-12-13 11:25:54.846390612 2622903 [56363.439029]   963  2916 D ThermaPlan->Batch: {"func":"Batch->add()","batch":{"what":"BATCH","start":249541608,"end":282059671,"flags":8,"flagsBinary":"1000","oldStart":248330836,"oldEnd":285305189}}
43424168-e44e-473a-bf12-dba8a4a4453a 2016-12-13 11:25:54.856390612 2622904 [56363.439381]   963  2916 D ThermaPlan->Batch: {"func":"Batch->add()","batch":{"what":"BATCH","start":249641515,"end":280795765,"flags":8,"flagsBinary":"1000","oldStart":249541608,"oldEnd":282059671}}
43424168-e44e-473a-bf12-dba8a4a4453a 2016-12-13 11:25:54.856390612 2622905 [56363.439670]   963  2916 D ThermaPlan->Batch: {"func":"Batch->add()","batch":{"what":"BATCH","start":258890728,"end":280795765,"flags":8,"flagsBinary":"1000","oldStart":249641515,"oldEnd":280795765}}
43424168-e44e-473a-bf12-dba8a4a4453a 2016-12-13 11:25:54.856390612 2622906 [56363.439959]   963  2916 D ThermaPlan->Batch: {"func":"Batch->add()","batch":{"what":"BATCH","start":259200000,"end":280795765,"flags":8,"flagsBinary":"1000","oldStart":258890728,"oldEnd":280795765}}
43424168-e44e-473a-bf12-dba8a4a4453a 2016-12-13 11:25:54.856390612 2622907 [56363.440219]   963  2916 D ThermaPlan->Batch: {"func":"Batch->add()","batch":{"what":"BATCH","start":259252542,"end":280795765,"flags":8,"flagsBinary":"1000","oldStart":259200000,"oldEnd":280795765}}
43424168-e44e-473a-bf12-dba8a4a4453a 2016-12-13 11:25:54.856390612 2622908 [56363.440470]   963  2916 D ThermaPlan->Batch: {"func":"Batch->add()","batch":{"what":"BATCH","start":259281310,"end":280795765,"flags":8,"flagsBinary":"1000","oldStart":259252542,"oldEnd":280795765}}
43424168-e44e-473a-bf12-dba8a4a4453a 2016-12-13 11:25:54.856390612 2622909 [56363.440752]   963  2916 D ThermaPlan->Batch: {"func":"Batch->add()","batch":{"what":"BATCH","start":259345161,"end":280795765,"flags":8,"flagsBinary":"1000","oldStart":259281310,"oldEnd":280795765}}
43424168-e44e-473a-bf12-dba8a4a4453a 2016-12-13 11:25:54.856390612 2622910 [56363.441013]   963  2916 D ThermaPlan->Batch: {"func":"Batch->add()","batch":{"what":"BATCH","start":259786617,"end":280795765,"flags":8,"flagsBinary":"1000","oldStart":259345161,"oldEnd":280795765}}
43424168-e44e-473a-bf12-dba8a4a4453a 2016-12-13 11:25:54.856390612 2622911 [56363.441278]   963  2916 D ThermaPlan->Batch: {"func":"Batch->add()","batch":{"what":"BATCH","start":261333689,"end":280795765,"flags":8,"flagsBinary":"1000","oldStart":259786617,"oldEnd":280795765}}
43424168-e44e-473a-bf12-dba8a4a4453a 2016-12-13 11:25:54.856390612 2622912 [56363.441551]   963  2916 D ThermaPlan->Batch: {"func":"Batch->add()","batch":{"what":"BATCH","start":270989139,"end":280795765,"flags":8,"flagsBinary":"1000","oldStart":261333689,"oldEnd":280795765}}
43424168-e44e-473a-bf12-dba8a4a4453a 2016-12-13 11:25:54.856390612 2622913 [56363.444550]   963  2916 D ThermaPlan->Batch: {"func":"Batch->add()","batch":{"what":"BATCH","start":292490680,"end":331748773,"flags":0,"flagsBinary":"0","oldStart":280825099,"oldEnd":331748773}}
43424168-e44e-473a-bf12-dba8a4a4453a 2016-12-13 11:25:54.856390612 2622914 [56363.444835]   963  2916 D ThermaPlan->Batch: {"func":"Batch->add()","batch":{"what":"BATCH","start":296563796,"end":331748773,"flags":0,"flagsBinary":"0","oldStart":292490680,"oldEnd":331748773}}
43424168-e44e-473a-bf12-dba8a4a4453a 2016-12-13 11:25:54.856390612 2622915 [56363.445106]   963  2916 D ThermaPlan->Batch: {"func":"Batch->add()","batch":{"what":"BATCH","start":300042523,"end":331748773,"flags":8,"flagsBinary":"1000","oldStart":296563796,"oldEnd":331748773}}
43424168-e44e-473a-bf12-dba8a4a4453a 2016-12-13 11:25:54.856390612 2622916 [56363.445552]   963  2916 D ThermaPlan->Batch: {"func":"Batch->add()","batch":{"what":"BATCH","start":605813326,"end":1058493260,"flags":0,"flagsBinary":"0","oldStart":604893262,"oldEnd":1058493260}}
43424168-e44e-473a-bf12-dba8a4a4453a 2016-12-13 11:25:54.856390612 2622917 [56363.445851]   963  2916 D ThermaPlan->Batch: {"func":"Batch->add()","batch":{"what":"BATCH","start":624143935,"end":992076404,"flags":0,"flagsBinary":"0","oldStart":605813326,"oldEnd":1058493260}}
43424168-e44e-473a-bf12-dba8a4a4453a 2016-12-13 11:25:54.856390612 2622918 [56363.446130]   963  2916 D ThermaPlan->Batch: {"func":"Batch->add()","batch":{"what":"BATCH","start":694490727,"end":992076404,"flags":0,"flagsBinary":"0","oldStart":624143935,"oldEnd":992076404}}
43424168-e44e-473a-bf12-dba8a4a4453a 2016-12-13 11:25:54.856390612 2622919 [56363.446572]   963  2916 D ThermaPlan->Batch: {"func":"Batch->add()","batch":{"what":"BATCH","start":701674709,"end":992076404,"flags":0,"flagsBinary":"0","oldStart":694490727,"oldEnd":992076404}}
43424168-e44e-473a-bf12-dba8a4a4453a 2016-12-13 11:25:54.856390612 2622920 [56363.447226]   963  2916 D ThermaPlan->Batch: {"func":"Batch->add()","batch":{"what":"BATCH","start":315360057206,"end":551880056972,"flags":0,"flagsBinary":"0","oldStart":315360056973,"oldEnd":551880056972}}
43424168-e44e-473a-bf12-dba8a4a4453a 2016-12-13 11:25:54.856390612 2622921 [56363.447515]   963  2916 D ThermaPlan->Batch: {"func":"Batch->add()","batch":{"what":"BATCH","start":315360057236,"end":551880056972,"flags":0,"flagsBinary":"0","oldStart":315360057206,"oldEnd":551880056972}}
43424168-e44e-473a-bf12-dba8a4a4453a 2016-12-13 11:25:54.856390612 2622922 [56363.447792]   963  2916 D ThermaPlan->Batch: {"func":"Batch->add()","batch":{"what":"BATCH","start":315360057240,"end":551880056972,"flags":0,"flagsBinary":"0","oldStart":315360057236,"oldEnd":551880056972}}
43424168-e44e-473a-bf12-dba8a4a4453a 2016-12-13 11:25:54.856390612 2622923 [56363.448064]   963  2916 D ThermaPlan->Batch: {"func":"Batch->add()","batch":{"what":"BATCH","start":315360057254,"end":551880056972,"flags":0,"flagsBinary":"0","oldStart":315360057240,"oldEnd":551880056972}}
43424168-e44e-473a-bf12-dba8a4a4453a 2016-12-13 11:25:54.856390612 2622924 [56363.448351]   963  2916 D ThermaPlan->Batch: {"func":"Batch->add()","batch":{"what":"BATCH","start":315360057257,"end":551880056972,"flags":0,"flagsBinary":"0","oldStart":315360057254,"oldEnd":551880056972}}
43424168-e44e-473a-bf12-dba8a4a4453a 2016-12-13 11:25:54.856390612 2622925 [56363.448619]   963  2916 D ThermaPlan->Batch: {"func":"Batch->add()","batch":{"what":"BATCH","start":315360057259,"end":551880056972,"flags":0,"flagsBinary":"0","oldStart":315360057257,"oldEnd":551880056972}}
43424168-e44e-473a-bf12-dba8a4a4453a 2016-12-13 11:25:54.856390612 2622926 [56363.448901]   963  2916 D ThermaPlan->Batch: {"func":"Batch->add()","batch":{"what":"BATCH","start":315360094195,"end":551880056972,"flags":0,"flagsBinary":"0","oldStart":315360057259,"oldEnd":551880056972}}
43424168-e44e-473a-bf12-dba8a4a4453a 2016-12-13 11:25:54.856390612 2622927 [56363.449199]   963  2916 D ThermaPlan->Batch: {"func":"Batch->add()","batch":{"what":"BATCH","start":315360113203,"end":551880056972,"flags":0,"flagsBinary":"0","oldStart":315360094195,"oldEnd":551880056972}}
43424168-e44e-473a-bf12-dba8a4a4453a 2016-12-13 11:25:54.866390612 2622928 [56363.449883]   963  2916 D ThermaPlan->Batch: {"func":"Batch->add()","batch":{"what":"BATCH","start":315399259724,"end":551880056972,"flags":0,"flagsBinary":"0","oldStart":315360113203,"oldEnd":551880056972}}
43424168-e44e-473a-bf12-dba8a4a4453a 2016-12-13 11:25:54.866390612 2622929 [56363.450090]   963  2916 D ThermaPlan->Batch: {"func":"Batch->add()","batch":{"what":"BATCH","start":315399259747,"end":551880056972,"flags":0,"flagsBinary":"0","oldStart":315399259724,"oldEnd":551880056972}}
43424168-e44e-473a-bf12-dba8a4a4453a 2016-12-13 11:25:54.866390612 2622930 [56363.450308]   963  2916 D ThermaPlan->Batch: {"func":"Batch->add()","batch":{"what":"BATCH","start":315572926898,"end":551880056972,"flags":0,"flagsBinary":"0","oldStart":315399259747,"oldEnd":551880056972}}
43424168-e44e-473a-bf12-dba8a4a4453a 2016-12-13 11:25:54.866390612 2622931 [56363.452791]   378   961 D CommandListener: Setting iface cfg
43424168-e44e-473a-bf12-dba8a4a4453a 2016-12-13 11:25:54.866390612 2622932 [56363.456051]   963  1378 D IpReachabilityMonitor: watch: iface{wlan0/5}, v{2}, ntable=[]
43424168-e44e-473a-bf12-dba8a4a4453a 2016-12-13 11:25:54.876390612 2622933 [56363.460210]   963  2916 D ThermaPlan->Batch: {"func":"Batch->add()","batch":{"what":"BATCH","start":213647783,"end":213647783,"flags":8,"flagsBinary":"1000","oldStart":213639889,"oldEnd":213684887}}
43424168-e44e-473a-bf12-dba8a4a4453a 2016-12-13 11:25:54.876390612 2622934 [56363.460779]   963  2916 D ThermaPlan->Batch: {"func":"Batch->add()","batch":{"what":"BATCH","start":213700771,"end":213730771,"flags":0,"flagsBinary":"0","oldStart":213650728,"oldEnd":213740728}}
43424168-e44e-473a-bf12-dba8a4a4453a 2016-12-13 11:25:54.876390612 2622935 [56363.460991]   963  2916 D ThermaPlan->Batch: {"func":"Batch->add()","batch":{"what":"BATCH","start":213711754,"end":213730771,"flags":8,"flagsBinary":"1000","oldStart":213700771,"oldEnd":213730771}}
43424168-e44e-473a-bf12-dba8a4a4453a 2016-12-13 11:25:54.876390612 2622936 [56363.462324]   963  2916 D ThermaPlan->Batch: {"func":"Batch->add()","batch":{"what":"BATCH","start":214276095,"end":214951095,"flags":8,"flagsBinary":"1000","oldStart":214251322,"oldEnd":215601322}}
43424168-e44e-473a-bf12-dba8a4a4453a 2016-12-13 11:25:54.876390612 2622937 [56363.462539]   963  2916 D ThermaPlan->Batch: {"func":"Batch->add()","batch":{"what":"BATCH","start":214278171,"end":214951095,"flags":8,"flagsBinary":"1000","oldStart":214276095,"oldEnd":214951095}}
43424168-e44e-473a-bf12-dba8a4a4453a 2016-12-13 11:25:54.876390612 2622938 [56363.462739]   963  2916 D ThermaPlan->Batch: {"func":"Batch->add()","batch":{"what":"BATCH","start":214278914,"end":214951095,"flags":8,"flagsBinary":"1000","oldStart":214278171,"oldEnd":214951095}}
43424168-e44e-473a-bf12-dba8a4a4453a 2016-12-13 11:25:54.876390612 2622939 [56363.462941]   963  2916 D ThermaPlan->Batch: {"func":"Batch->add()","batch":{"what":"BATCH","start":214278988,"end":214951095,"flags":8,"flagsBinary":"1000","oldStart":214278914,"oldEnd":214951095}}
43424168-e44e-473a-bf12-dba8a4a4453a 2016-12-13 11:25:54.876390612 2622940 [56363.463129]   963  2916 D ThermaPlan->Batch: {"func":"Batch->add()","batch":{"what":"BATCH","start":214281415,"end":214951095,"flags":8,"flagsBinary":"1000","oldStart":214278988,"oldEnd":214951095}}
43424168-e44e-473a-bf12-dba8a4a4453a 2016-12-13 11:25:54.876390612 2622941 [56363.463319]   963  2916 D ThermaPlan->Batch: {"func":"Batch->add()","batch":{"what":"BATCH","start":214281680,"end":214951095,"flags":8,"flagsBinary":"1000","oldStart":214281415,"oldEnd":214951095}}
43424168-e44e-473a-bf12-dba8a4a4453a 2016-12-13 11:25:54.876390612 2622942 [56363.463526]   963  2916 D ThermaPlan->Batch: {"func":"Batch->add()","batch":{"what":"BATCH","start":214282094,"end":214951095,"flags":8,"flagsBinary":"1000","oldStart":214281680,"oldEnd":214951095}}
43424168-e44e-473a-bf12-dba8a4a4453a 2016-12-13 11:25:54.876390612 2622943 [56363.463719]   963  2916 D ThermaPlan->Batch: {"func":"Batch->add()","batch":{"what":"BATCH","start":214282211,"end":214951095,"flags":8,"flagsBinary":"1000","oldStart":214282094,"oldEnd":214951095}}
43424168-e44e-473a-bf12-dba8a4a4453a 2016-12-13 11:25:54.876390612 2622944 [56363.463927]   963  2916 D ThermaPlan->Batch: {"func":"Batch->add()","batch":{"what":"BATCH","start":214282485,"end":214951095,"flags":8,"flagsBinary":"1000","oldStart":214282211,"oldEnd":214951095}}
43424168-e44e-473a-bf12-dba8a4a4453a 2016-12-13 11:25:54.876390612 2622945 [56363.464139]   963  2916 D ThermaPlan->Batch: {"func":"Batch->add()","batch":{"what":"BATCH","start":214294563,"end":214951095,"flags":8,"flagsBinary":"1000","oldStart":214282485,"oldEnd":214951095}}
43424168-e44e-473a-bf12-dba8a4a4453a 2016-12-13 11:25:54.876390612 2622946 [56363.464372]   963  2916 D ThermaPlan->Batch: {"func":"Batch->add()","batch":{"what":"BATCH","start":214733822,"end":214951095,"flags":8,"flagsBinary":"1000","oldStart":214294563,"oldEnd":214951095}}
43424168-e44e-473a-bf12-dba8a4a4453a 2016-12-13 11:25:54.876390612 2622947 [56363.464588]   963  2916 D ThermaPlan->Batch: {"func":"Batch->add()","batch":{"what":"BATCH","start":214750706,"end":214951095,"flags":8,"flagsBinary":"1000","oldStart":214733822,"oldEnd":214951095}}
43424168-e44e-473a-bf12-dba8a4a4453a 2016-12-13 11:25:54.876390612 2622948 [56363.465945]   963  2916 D ThermaPlan->Batch: {"func":"Batch->add()","batch":{"what":"BATCH","start":215759161,"end":219062073,"flags":8,"flagsBinary":"1000","oldStart":215226149,"oldEnd":219062073}}
43424168-e44e-473a-bf12-dba8a4a4453a 2016-12-13 11:25:54.876390612 2622949 [56363.466135]   963  2916 D ThermaPlan->Batch: {"func":"Batch->add()","batch":{"what":"BATCH","start":216082518,"end":218782518,"flags":8,"flagsBinary":"1000","oldStart":215759161,"oldEnd":219062073}}
43424168-e44e-473a-bf12-dba8a4a4453a 2016-12-13 11:25:54.876390612 2622950 [56363.466358]   963  2916 D ThermaPlan->Batch: {"func":"Batch->add()","batch":{"what":"BATCH","start":216144078,"end":218782518,"flags":8,"flagsBinary":"1000","oldStart":216082518,"oldEnd":218782518}}
43424168-e44e-473a-bf12-dba8a4a4453a 2016-12-13 11:25:54.876390612 2622951 [56363.466536]   963  2916 D ThermaPlan->Batch: {"func":"Batch->add()","batch":{"what":"BATCH","start":216526830,"end":218782518,"flags":8,"flagsBinary":"1000","oldStart":216144078,"oldEnd":218782518}}
43424168-e44e-473a-bf12-dba8a4a4453a 2016-12-13 11:25:54.876390612 2622952 [56363.466732]   963  2916 D ThermaPlan->Batch: {"func":"Batch->add()","batch":{"what":"BATCH","start":217737182,"end":218037182,"flags":8,"flagsBinary":"1000","oldStart":216526830,"oldEnd":218782518}}
43424168-e44e-473a-bf12-dba8a4a4453a 2016-12-13 11:25:54.876390612 2622953 [56363.467068]   963  2916 D ThermaPlan->Batch: {"func":"Batch->add()","batch":{"what":"BATCH","start":220150599,"end":224060131,"flags":0,"flagsBinary":"0","oldStart":219290727,"oldEnd":224060131}}
43424168-e44e-473a-bf12-dba8a4a4453a 2016-12-13 11:25:54.876390612 2622954 [56363.467269]   963  2916 D ThermaPlan->Batch: {"func":"Batch->add()","batch":{"what":"BATCH","start":220380550,"end":224060131,"flags":0,"flagsBinary":"0","oldStart":220150599,"oldEnd":224060131}}
43424168-e44e-473a-bf12-dba8a4a4453a 2016-12-13 11:25:54.876390612 2622955 [56363.467714]   963  2916 D ThermaPlan->Batch: {"func":"Batch->add()","batch":{"what":"BATCH","start":228290727,"end":239324426,"flags":0,"flagsBinary":"0","oldStart":224222675,"oldEnd":240422670}}
43424168-e44e-473a-bf12-dba8a4a4453a 2016-12-13 11:25:54.876390612 2622956 [56363.467900]   963  2916 D ThermaPlan->Batch: {"func":"Batch->add()","batch":{"what":"BATCH","start":230499939,"end":239324426,"flags":0,"flagsBinary":"0","oldStart":228290727,"oldEnd":239324426}}
43424168-e44e-473a-bf12-dba8a4a4453a 2016-12-13 11:25:54.876390612 2622957 [56363.468105]   963  2916 D ThermaPlan->Batch: {"func":"Batch->add()","batch":{"what":"BATCH","start":231188198,"end":239324426,"flags":0,"flagsBinary":"0","oldStart":230499939,"oldEnd":239324426}}
43424168-e44e-473a-bf12-dba8a4a4453a 2016-12-13 11:25:54.876390612 2622958 [56363.468305]   963  2916 D ThermaPlan->Batch: {"func":"Batch->add()","batch":{"what":"BATCH","start":231548284,"end":239324426,"flags":0,"flagsBinary":"0","oldStart":231188198,"oldEnd":239324426}}
43424168-e44e-473a-bf12-dba8a4a4453a 2016-12-13 11:25:54.886390612 2622959 [56363.469572]   963  2916 D ThermaPlan->Batch: {"func":"Batch->add()","batch":{"what":"BATCH","start":248330836,"end":285305189,"flags":8,"flagsBinary":"1000","oldStart":240305189,"oldEnd":285305189}}
43424168-e44e-473a-bf12-dba8a4a4453a 2016-12-13 11:25:54.886390612 2622960 [56363.469769]   963  2916 D ThermaPlan->Batch: {"func":"Batch->add()","batch":{"what":"BATCH","start":249541608,"end":282059671,"flags":8,"flagsBinary":"1000","oldStart":248330836,"oldEnd":285305189}}
43424168-e44e-473a-bf12-dba8a4a4453a 2016-12-13 11:25:54.886390612 2622961 [56363.469971]   963  2916 D ThermaPlan->Batch: {"func":"Batch->add()","batch":{"what":"BATCH","start":249641515,"end":280795765,"flags":8,"flagsBinary":"1000","oldStart":249541608,"oldEnd":282059671}}
43424168-e44e-473a-bf12-dba8a4a4453a 2016-12-13 11:25:54.886390612 2622962 [56363.470203]   963  2916 D ThermaPlan->Batch: {"func":"Batch->add()","batch":{"what":"BATCH","start":258890727,"end":280795765,"flags":8,"flagsBinary":"1000","oldStart":249641515,"oldEnd":280795765}}
43424168-e44e-473a-bf12-dba8a4a4453a 2016-12-13 11:25:54.886390612 2622963 [56363.470403]   963  2916 D ThermaPlan->Batch: {"func":"Batch->add()","batch":{"what":"BATCH","start":259200000,"end":280795765,"flags":8,"flagsBinary":"1000","oldStart":258890727,"oldEnd":280795765}}
43424168-e44e-473a-bf12-dba8a4a4453a 2016-12-13 11:25:54.886390612 2622964 [56363.470584]   963  2916 D ThermaPlan->Batch: {"func":"Batch->add()","batch":{"what":"BATCH","start":259252542,"end":280795765,"flags":8,"flagsBinary":"1000","oldStart":259200000,"oldEnd":280795765}}
43424168-e44e-473a-bf12-dba8a4a4453a 2016-12-13 11:25:54.886390612 2622965 [56363.470767]   963  2916 D ThermaPlan->Batch: {"func":"Batch->add()","batch":{"what":"BATCH","start":259281310,"end":280795765,"flags":8,"flagsBinary":"1000","oldStart":259252542,"oldEnd":280795765}}
43424168-e44e-473a-bf12-dba8a4a4453a 2016-12-13 11:25:54.886390612 2622966 [56363.470991]   963  2916 D ThermaPlan->Batch: {"func":"Batch->add()","batch":{"what":"BATCH","start":259345161,"end":280795765,"flags":8,"flagsBinary":"1000","oldStart":259281310,"oldEnd":280795765}}
43424168-e44e-473a-bf12-dba8a4a4453a 2016-12-13 11:25:54.886390612 2622967 [56363.471194]   963  2916 D ThermaPlan->Batch: {"func":"Batch->add()","batch":{"what":"BATCH","start":259786617,"end":280795765,"flags":8,"flagsBinary":"1000","oldStart":259345161,"oldEnd":280795765}}
43424168-e44e-473a-bf12-dba8a4a4453a 2016-12-13 11:25:54.886390612 2622968 [56363.471393]   963  2916 D ThermaPlan->Batch: {"func":"Batch->add()","batch":{"what":"BATCH","start":261333689,"end":280795765,"flags":8,"flagsBinary":"1000","oldStart":259786617,"oldEnd":280795765}}
43424168-e44e-473a-bf12-dba8a4a4453a 2016-12-13 11:25:54.886390612 2622969 [56363.471584]   963  2916 D ThermaPlan->Batch: {"func":"Batch->add()","batch":{"what":"BATCH","start":270989139,"end":280795765,"flags":8,"flagsBinary":"1000","oldStart":261333689,"oldEnd":280795765}}
43424168-e44e-473a-bf12-dba8a4a4453a 2016-12-13 11:25:54.886390612 2622970 [56363.473908]   963  2916 D ThermaPlan->Batch: {"func":"Batch->add()","batch":{"what":"BATCH","start":292490680,"end":331748773,"flags":0,"flagsBinary":"0","oldStart":280825099,"oldEnd":331748773}}
43424168-e44e-473a-bf12-dba8a4a4453a 2016-12-13 11:25:54.886390612 2622971 [56363.474116]   963  2916 D ThermaPlan->Batch: {"func":"Batch->add()","batch":{"what":"BATCH","start":296563796,"end":331748773,"flags":0,"flagsBinary":"0","oldStart":292490680,"oldEnd":331748773}}
43424168-e44e-473a-bf12-dba8a4a4453a 2016-12-13 11:25:54.886390612 2622972 [56363.474307]   963  2916 D ThermaPlan->Batch: {"func":"Batch->add()","batch":{"what":"BATCH","start":300042523,"end":331748773,"flags":8,"flagsBinary":"1000","oldStart":296563796,"oldEnd":331748773}}
43424168-e44e-473a-bf12-dba8a4a4453a 2016-12-13 11:25:54.886390612 2622973 [56363.474637]   963  2916 D ThermaPlan->Batch: {"func":"Batch->add()","batch":{"what":"BATCH","start":605813326,"end":1058493261,"flags":0,"flagsBinary":"0","oldStart":604893263,"oldEnd":1058493261}}
43424168-e44e-473a-bf12-dba8a4a4453a 2016-12-13 11:25:54.886390612 2622974 [56363.474826]   963  2916 D ThermaPlan->Batch: {"func":"Batch->add()","batch":{"what":"BATCH","start":624143935,"end":992076404,"flags":0,"flagsBinary":"0","oldStart":605813326,"oldEnd":1058493261}}
43424168-e44e-473a-bf12-dba8a4a4453a 2016-12-13 11:25:54.886390612 2622975 [56363.475062]   963  2916 D ThermaPlan->Batch: {"func":"Batch->add()","batch":{"what":"BATCH","start":694490727,"end":992076404,"flags":0,"flagsBinary":"0","oldStart":624143935,"oldEnd":992076404}}
43424168-e44e-473a-bf12-dba8a4a4453a 2016-12-13 11:25:54.896390612 2622976 [56363.479994]   388   388 D Kernel-Trace:     kworker/0:0H-7043  [000] ...1 56363.439951: cpu_frequency: state=422400 cpu_id=0
43424168-e44e-473a-bf12-dba8a4a4453a 2016-12-13 11:25:54.896390612 2622977 [56363.480026]   388   388 D Kernel-Trace:      kworker/0:1-18635 [000] ...1 56363.449504: thermal_temp: sensor_id=5 temp=39
43424168-e44e-473a-bf12-dba8a4a4453a 2016-12-13 11:25:54.896390612 2622978 [56363.480049]   388   388 D Kernel-Trace:     kworker/1:2H-12491 [001] ...1 56363.449731: cpu_frequency: state=2265600 cpu_id=1
43424168-e44e-473a-bf12-dba8a4a4453a 2016-12-13 11:25:54.896390612 2622979 [56363.480139]   388   388 D Kernel-Trace:     kworker/0:0H-7043  [000] ...1 56363.479973: cpu_frequency: state=1497600 cpu_id=0
43424168-e44e-473a-bf12-dba8a4a4453a 2016-12-13 11:25:54.896390612 2622980 [56363.482097]   963  2916 D ThermaPlan->Batch: {"func":"Batch->add()","batch":{"what":"BATCH","start":701674709,"end":992076404,"flags":0,"flagsBinary":"0","oldStart":694490727,"oldEnd":992076404}}
43424168-e44e-473a-bf12-dba8a4a4453a 2016-12-13 11:25:54.896390612 2622981 [56363.484730]   963  2916 D ThermaPlan->Batch: {"func":"Batch->add()","batch":{"what":"BATCH","start":315360057206,"end":551880056972,"flags":0,"flagsBinary":"0","oldStart":315360056973,"oldEnd":551880056972}}
43424168-e44e-473a-bf12-dba8a4a4453a 2016-12-13 11:25:54.896390612 2622982 [56363.485822]   963  2916 D ThermaPlan->Batch: {"func":"Batch->add()","batch":{"what":"BATCH","start":315360057236,"end":551880056972,"flags":0,"flagsBinary":"0","oldStart":315360057206,"oldEnd":551880056972}}
43424168-e44e-473a-bf12-dba8a4a4453a 2016-12-13 11:25:54.896390612 2622983 [56363.486924]   963  2916 D ThermaPlan->Batch: {"func":"Batch->add()","batch":{"what":"BATCH","start":315360057240,"end":551880056972,"flags":0,"flagsBinary":"0","oldStart":315360057236,"oldEnd":551880056972}}
43424168-e44e-473a-bf12-dba8a4a4453a 2016-12-13 11:25:54.896390612 2622984 [56363.487982]   963  2916 D ThermaPlan->Batch: {"func":"Batch->add()","batch":{"what":"BATCH","start":315360057254,"end":551880056972,"flags":0,"flagsBinary":"0","oldStart":315360057240,"oldEnd":551880056972}}
43424168-e44e-473a-bf12-dba8a4a4453a 2016-12-13 11:25:54.896390612 2622985 [56363.489184]   963  2916 D ThermaPlan->Batch: {"func":"Batch->add()","batch":{"what":"BATCH","start":315360057257,"end":551880056972,"flags":0,"flagsBinary":"0","oldStart":315360057254,"oldEnd":551880056972}}
43424168-e44e-473a-bf12-dba8a4a4453a 2016-12-13 11:25:54.906390612 2622986 [56363.490413]   963  2916 D ThermaPlan->Batch: {"func":"Batch->add()","batch":{"what":"BATCH","start":315360057259,"end":551880056972,"flags":0,"flagsBinary":"0","oldStart":315360057257,"oldEnd":551880056972}}
43424168-e44e-473a-bf12-dba8a4a4453a 2016-12-13 11:25:54.906390612 2622987 [56363.491505]   963  2916 D ThermaPlan->Batch: {"func":"Batch->add()","batch":{"what":"BATCH","start":315360094195,"end":551880056972,"flags":0,"flagsBinary":"0","oldStart":315360057259,"oldEnd":551880056972}}
43424168-e44e-473a-bf12-dba8a4a4453a 2016-12-13 11:25:54.906390612 2622988 [56363.492656]   963  2916 D ThermaPlan->Batch: {"func":"Batch->add()","batch":{"what":"BATCH","start":315360113203,"end":551880056972,"flags":0,"flagsBinary":"0","oldStart":315360094195,"oldEnd":551880056972}}
43424168-e44e-473a-bf12-dba8a4a4453a 2016-12-13 11:25:54.906390612 2622989 [56363.493728]   963  2916 D ThermaPlan->Batch: {"func":"Batch->add()","batch":{"what":"BATCH","start":315399259724,"end":551880056972,"flags":0,"flagsBinary":"0","oldStart":315360113203,"oldEnd":551880056972}}
43424168-e44e-473a-bf12-dba8a4a4453a 2016-12-13 11:25:54.906390612 2622990 [56363.494886]   963  2916 D ThermaPlan->Batch: {"func":"Batch->add()","batch":{"what":"BATCH","start":315399259747,"end":551880056972,"flags":0,"flagsBinary":"0","oldStart":315399259724,"oldEnd":551880056972}}
43424168-e44e-473a-bf12-dba8a4a4453a 2016-12-13 11:25:54.906390612 2622991 [56363.495975]   963  2916 D ThermaPlan->Batch: {"func":"Batch->add()","batch":{"what":"BATCH","start":315572926898,"end":551880056972,"flags":0,"flagsBinary":"0","oldStart":315399259747,"oldEnd":551880056972}}
43424168-e44e-473a-bf12-dba8a4a4453a 2016-12-13 11:25:54.916390612 2622992 [56363.503145]   963  1378 E native  : do suspend true
43424168-e44e-473a-bf12-dba8a4a4453a 2016-12-13 11:25:54.916390612 2622993 [56363.504309]   963  2916 D ThermaPlan->Batch: {"func":"Batch->add()","batch":{"what":"BATCH","start":213647783,"end":213647783,"flags":8,"flagsBinary":"1000","oldStart":213639889,"oldEnd":213684887}}
43424168-e44e-473a-bf12-dba8a4a4453a 2016-12-13 11:25:54.916390612 2622994 [56363.505375]   963  2916 D ThermaPlan->Batch: {"func":"Batch->add()","batch":{"what":"BATCH","start":213700771,"end":213730771,"flags":0,"flagsBinary":"0","oldStart":213650727,"oldEnd":213740727}}
43424168-e44e-473a-bf12-dba8a4a4453a 2016-12-13 11:25:54.916390612 2622995 [56363.505709]   963  2916 D ThermaPlan->Batch: {"func":"Batch->add()","batch":{"what":"BATCH","start":213711754,"end":213730771,"flags":8,"flagsBinary":"1000","oldStart":213700771,"oldEnd":213730771}}
43424168-e44e-473a-bf12-dba8a4a4453a 2016-12-13 11:25:54.916390612 2622996 [56363.508304]   963  2916 D ThermaPlan->Batch: {"func":"Batch->add()","batch":{"what":"BATCH","start":214276095,"end":214951095,"flags":8,"flagsBinary":"1000","oldStart":214251322,"oldEnd":215601322}}
43424168-e44e-473a-bf12-dba8a4a4453a 2016-12-13 11:25:54.916390612 2622997 [56363.508880]   963  2916 D ThermaPlan->Batch: {"func":"Batch->add()","batch":{"what":"BATCH","start":214278171,"end":214951095,"flags":8,"flagsBinary":"1000","oldStart":214276095,"oldEnd":214951095}}
43424168-e44e-473a-bf12-dba8a4a4453a 2016-12-13 11:25:54.916390612 2622998 [56363.509260]   963  2916 D ThermaPlan->Batch: {"func":"Batch->add()","batch":{"what":"BATCH","start":214278914,"end":214951095,"flags":8,"flagsBinary":"1000","oldStart":214278171,"oldEnd":214951095}}
43424168-e44e-473a-bf12-dba8a4a4453a 2016-12-13 11:25:54.926390612 2622999 [56363.509529]   387   387 D KernelPrintk: 4,349766,56363503408,-;dhd_set_suspend: force extra Suspend setting 
43424168-e44e-473a-bf12-dba8a4a4453a 2016-12-13 11:25:54.926390612 2623000 [56363.509967]   963  2916 D ThermaPlan->Batch: {"func":"Batch->add()","batch":{"what":"BATCH","start":214278988,"end":214951095,"flags":8,"flagsBinary":"1000","oldStart":214278914,"oldEnd":214951095}}
43424168-e44e-473a-bf12-dba8a4a4453a 2016-12-13 11:25:54.926390612 2623001 [56363.510331]   963  2916 D ThermaPlan->Batch: {"func":"Batch->add()","batch":{"what":"BATCH","start":214281415,"end":214951095,"flags":8,"flagsBinary":"1000","oldStart":214278988,"oldEnd":214951095}}
43424168-e44e-473a-bf12-dba8a4a4453a 2016-12-13 11:25:54.926390612 2623002 [56363.510850]   963  2916 D ThermaPlan->Batch: {"func":"Batch->add()","batch":{"what":"BATCH","start":214281680,"end":214951095,"flags":8,"flagsBinary":"1000","oldStart":214281415,"oldEnd":214951095}}
43424168-e44e-473a-bf12-dba8a4a4453a 2016-12-13 11:25:54.926390612 2623003 [56363.511192]   963  2916 D ThermaPlan->Batch: {"func":"Batch->add()","batch":{"what":"BATCH","start":214282094,"end":214951095,"flags":8,"flagsBinary":"1000","oldStart":214281680,"oldEnd":214951095}}
43424168-e44e-473a-bf12-dba8a4a4453a 2016-12-13 11:25:54.926390612 2623004 [56363.511508]   963  2916 D ThermaPlan->Batch: {"func":"Batch->add()","batch":{"what":"BATCH","start":214282211,"end":214951095,"flags":8,"flagsBinary":"1000","oldStart":214282094,"oldEnd":214951095}}
43424168-e44e-473a-bf12-dba8a4a4453a 2016-12-13 11:25:54.926390612 2623005 [56363.511865]   963  2916 D ThermaPlan->Batch: {"func":"Batch->add()","batch":{"what":"BATCH","start":214282485,"end":214951095,"flags":8,"flagsBinary":"1000","oldStart":214282211,"oldEnd":214951095}}
43424168-e44e-473a-bf12-dba8a4a4453a 2016-12-13 11:25:54.926390612 2623006 [56363.512193]   963  2916 D ThermaPlan->Batch: {"func":"Batch->add()","batch":{"what":"BATCH","start":214294563,"end":214951095,"flags":8,"flagsBinary":"1000","oldStart":214282485,"oldEnd":214951095}}
43424168-e44e-473a-bf12-dba8a4a4453a 2016-12-13 11:25:54.926390612 2623007 [56363.512578]   963  2916 D ThermaPlan->Batch: {"func":"Batch->add()","batch":{"what":"BATCH","start":214733823,"end":214951095,"flags":8,"flagsBinary":"1000","oldStart":214294563,"oldEnd":214951095}}
43424168-e44e-473a-bf12-dba8a4a4453a 2016-12-13 11:25:54.926390612 2623008 [56363.513023]   963  2916 D ThermaPlan->Batch: {"func":"Batch->add()","batch":{"what":"BATCH","start":214750705,"end":214951095,"flags":8,"flagsBinary":"1000","oldStart":214733823,"oldEnd":214951095}}
43424168-e44e-473a-bf12-dba8a4a4453a 2016-12-13 11:25:54.926390612 2623009 [56363.515310]   963  2916 D ThermaPlan->Batch: {"func":"Batch->add()","batch":{"what":"BATCH","start":215759161,"end":219062073,"flags":8,"flagsBinary":"1000","oldStart":215226149,"oldEnd":219062073}}
43424168-e44e-473a-bf12-dba8a4a4453a 2016-12-13 11:25:54.926390612 2623010 [56363.515865]   963  2916 D ThermaPlan->Batch: {"func":"Batch->add()","batch":{"what":"BATCH","start":216082518,"end":218782518,"flags":8,"flagsBinary":"1000","oldStart":215759161,"oldEnd":219062073}}
43424168-e44e-473a-bf12-dba8a4a4453a 2016-12-13 11:25:54.926390612 2623011 [56363.516189]   963  2916 D ThermaPlan->Batch: {"func":"Batch->add()","batch":{"what":"BATCH","start":216144078,"end":218782518,"flags":8,"flagsBinary":"1000","oldStart":216082518,"oldEnd":218782518}}
43424168-e44e-473a-bf12-dba8a4a4453a 2016-12-13 11:25:54.926390612 2623012 [56363.516354]   963  1378 D IpReachabilityMonitor: watch: iface{wlan0/5}, v{3}, ntable=[192.168.1.1/NUD_NONE]
43424168-e44e-473a-bf12-dba8a4a4453a 2016-12-13 11:25:54.926390612 2623013 [56363.516517]   963  2916 D ThermaPlan->Batch: {"func":"Batch->add()","batch":{"what":"BATCH","start":216526830,"end":218782518,"flags":8,"flagsBinary":"1000","oldStart":216144078,"oldEnd":218782518}}
43424168-e44e-473a-bf12-dba8a4a4453a 2016-12-13 11:25:54.926390612 2623014 [56363.516615]   963  1378 D WifiConfigStore: No blacklist allowed without epno enabled
43424168-e44e-473a-bf12-dba8a4a4453a 2016-12-13 11:25:54.926390612 2623015 [56363.516845]   963  2916 D ThermaPlan->Batch: {"func":"Batch->add()","batch":{"what":"BATCH","start":217737182,"end":218037182,"flags":8,"flagsBinary":"1000","oldStart":216526830,"oldEnd":218782518}}
43424168-e44e-473a-bf12-dba8a4a4453a 2016-12-13 11:25:54.936390612 2623016 [56363.520241]  1821  1821 I GCoreUlr: Starting service, intent=Intent { act=com.google.android.location.reporting.WIFI_TRIGGERED_FLUSH_AND_UPLOAD cmp=com.google.android.gms/com.google.android.location.reporting.service.DispatchingService }, extras=null
43424168-e44e-473a-bf12-dba8a4a4453a 2016-12-13 11:25:54.936390612 2623017 [56363.524082]   963  2916 D ThermaPlan->Batch: {"func":"Batch->add()","batch":{"what":"BATCH","start":220150599,"end":224060131,"flags":0,"flagsBinary":"0","oldStart":219290727,"oldEnd":224060131}}
43424168-e44e-473a-bf12-dba8a4a4453a 2016-12-13 11:25:54.936390612 2623018 [56363.524290]   963  1378 E WifiStateMachine: Did not find remoteAddress {192.168.1.1} in /proc/net/arp
43424168-e44e-473a-bf12-dba8a4a4453a 2016-12-13 11:25:54.936390612 2623019 [56363.524436]   963  2916 D ThermaPlan->Batch: {"func":"Batch->add()","batch":{"what":"BATCH","start":220380550,"end":224060131,"flags":0,"flagsBinary":"0","oldStart":220150599,"oldEnd":224060131}}
43424168-e44e-473a-bf12-dba8a4a4453a 2016-12-13 11:25:54.936390612 2623020 [56363.525811]  3212  3212 D PhoneLabServices-AgreementTask: Intent fired, action = android.net.wifi.STATE_CHANGE
43424168-e44e-473a-bf12-dba8a4a4453a 2016-12-13 11:25:54.936390612 2623021 [56363.526128]  3212  3212 D PhoneLabServices-AgreementTask: Not connected to UB_Secure
43424168-e44e-473a-bf12-dba8a4a4453a 2016-12-13 11:25:54.936390612 2623022 [56363.528070]   963  2916 D ThermaPlan->Batch: {"func":"Batch->add()","batch":{"what":"BATCH","start":228290727,"end":239324426,"flags":0,"flagsBinary":"0","oldStart":224222674,"oldEnd":240422669}}
43424168-e44e-473a-bf12-dba8a4a4453a 2016-12-13 11:25:54.936390612 2623023 [56363.528257]   963  2916 D ThermaPlan->Batch: {"func":"Batch->add()","batch":{"what":"BATCH","start":230499939,"end":239324426,"flags":0,"flagsBinary":"0","oldStart":228290727,"oldEnd":239324426}}
43424168-e44e-473a-bf12-dba8a4a4453a 2016-12-13 11:25:54.936390612 2623024 [56363.528452]   963  2916 D ThermaPlan->Batch: {"func":"Batch->add()","batch":{"what":"BATCH","start":231188198,"end":239324426,"flags":0,"flagsBinary":"0","oldStart":230499939,"oldEnd":239324426}}
43424168-e44e-473a-bf12-dba8a4a4453a 2016-12-13 11:25:54.936390612 2623025 [56363.528649]   963  2916 D ThermaPlan->Batch: {"func":"Batch->add()","batch":{"what":"BATCH","start":231548285,"end":239324426,"flags":0,"flagsBinary":"0","oldStart":231188198,"oldEnd":239324426}}
43424168-e44e-473a-bf12-dba8a4a4453a 2016-12-13 11:25:54.946390612 2623026 [56363.529833]   963  2916 D ThermaPlan->Batch: {"func":"Batch->add()","batch":{"what":"BATCH","start":248330836,"end":285305189,"flags":8,"flagsBinary":"1000","oldStart":240305189,"oldEnd":285305189}}
43424168-e44e-473a-bf12-dba8a4a4453a 2016-12-13 11:25:54.946390612 2623027 [56363.530022]   963  2916 D ThermaPlan->Batch: {"func":"Batch->add()","batch":{"what":"BATCH","start":249541608,"end":282059671,"flags":8,"flagsBinary":"1000","oldStart":248330836,"oldEnd":285305189}}
43424168-e44e-473a-bf12-dba8a4a4453a 2016-12-13 11:25:54.946390612 2623028 [56363.530227]   963  2916 D ThermaPlan->Batch: {"func":"Batch->add()","batch":{"what":"BATCH","start":249641515,"end":280795765,"flags":8,"flagsBinary":"1000","oldStart":249541608,"oldEnd":282059671}}
43424168-e44e-473a-bf12-dba8a4a4453a 2016-12-13 11:25:54.946390612 2623029 [56363.530439]   963  2916 D ThermaPlan->Batch: {"func":"Batch->add()","batch":{"what":"BATCH","start":258890727,"end":280795765,"flags":8,"flagsBinary":"1000","oldStart":249641515,"oldEnd":280795765}}
43424168-e44e-473a-bf12-dba8a4a4453a 2016-12-13 11:25:54.946390612 2623030 [56363.530675]   963  2916 D ThermaPlan->Batch: {"func":"Batch->add()","batch":{"what":"BATCH","start":259200000,"end":280795765,"flags":8,"flagsBinary":"1000","oldStart":258890727,"oldEnd":280795765}}
43424168-e44e-473a-bf12-dba8a4a4453a 2016-12-13 11:25:54.946390612 2623031 [56363.530858]   963  2916 D ThermaPlan->Batch: {"func":"Batch->add()","batch":{"what":"BATCH","start":259252542,"end":280795765,"flags":8,"flagsBinary":"1000","oldStart":259200000,"oldEnd":280795765}}
43424168-e44e-473a-bf12-dba8a4a4453a 2016-12-13 11:25:54.946390612 2623032 [56363.531052]   963  2916 D ThermaPlan->Batch: {"func":"Batch->add()","batch":{"what":"BATCH","start":259281310,"end":280795765,"flags":8,"flagsBinary":"1000","oldStart":259252542,"oldEnd":280795765}}
43424168-e44e-473a-bf12-dba8a4a4453a 2016-12-13 11:25:54.946390612 2623033 [56363.531254]   963  2916 D ThermaPlan->Batch: {"func":"Batch->add()","batch":{"what":"BATCH","start":259345161,"end":280795765,"flags":8,"flagsBinary":"1000","oldStart":259281310,"oldEnd":280795765}}
43424168-e44e-473a-bf12-dba8a4a4453a 2016-12-13 11:25:54.946390612 2623034 [56363.531457]   963  2916 D ThermaPlan->Batch: {"func":"Batch->add()","batch":{"what":"BATCH","start":259786617,"end":280795765,"flags":8,"flagsBinary":"1000","oldStart":259345161,"oldEnd":280795765}}
43424168-e44e-473a-bf12-dba8a4a4453a 2016-12-13 11:25:54.946390612 2623035 [56363.531664]   963  2916 D ThermaPlan->Batch: {"func":"Batch->add()","batch":{"what":"BATCH","start":261333689,"end":280795765,"flags":8,"flagsBinary":"1000","oldStart":259786617,"oldEnd":280795765}}
43424168-e44e-473a-bf12-dba8a4a4453a 2016-12-13 11:25:54.946390612 2623036 [56363.531897]   963  2916 D ThermaPlan->Batch: {"func":"Batch->add()","batch":{"what":"BATCH","start":270989138,"end":280795765,"flags":8,"flagsBinary":"1000","oldStart":261333689,"oldEnd":280795765}}
43424168-e44e-473a-bf12-dba8a4a4453a 2016-12-13 11:25:54.946390612 2623037 [56363.534175]   963  2916 D ThermaPlan->Batch: {"func":"Batch->add()","batch":{"what":"BATCH","start":292490680,"end":331748773,"flags":0,"flagsBinary":"0","oldStart":280825099,"oldEnd":331748773}}
43424168-e44e-473a-bf12-dba8a4a4453a 2016-12-13 11:25:54.946390612 2623038 [56363.534442]   963  2916 D ThermaPlan->Batch: {"func":"Batch->add()","batch":{"what":"BATCH","start":296563796,"end":331748773,"flags":0,"flagsBinary":"0","oldStart":292490680,"oldEnd":331748773}}
43424168-e44e-473a-bf12-dba8a4a4453a 2016-12-13 11:25:54.946390612 2623039 [56363.534658]   963  2916 D ThermaPlan->Batch: {"func":"Batch->add()","batch":{"what":"BATCH","start":300042523,"end":331748773,"flags":8,"flagsBinary":"1000","oldStart":296563796,"oldEnd":331748773}}
43424168-e44e-473a-bf12-dba8a4a4453a 2016-12-13 11:25:54.946390612 2623040 [56363.534970]   963  2916 D ThermaPlan->Batch: {"func":"Batch->add()","batch":{"what":"BATCH","start":605813325,"end":1058493260,"flags":0,"flagsBinary":"0","oldStart":604893262,"oldEnd":1058493260}}
43424168-e44e-473a-bf12-dba8a4a4453a 2016-12-13 11:25:54.946390612 2623041 [56363.535171]   963  2916 D ThermaPlan->Batch: {"func":"Batch->add()","batch":{"what":"BATCH","start":624143935,"end":992076404,"flags":0,"flagsBinary":"0","oldStart":605813325,"oldEnd":1058493260}}
43424168-e44e-473a-bf12-dba8a4a4453a 2016-12-13 11:25:54.946390612 2623042 [56363.535373]   963  2916 D ThermaPlan->Batch: {"func":"Batch->add()","batch":{"what":"BATCH","start":694490727,"end":992076404,"flags":0,"flagsBinary":"0","oldStart":624143935,"oldEnd":992076404}}
43424168-e44e-473a-bf12-dba8a4a4453a 2016-12-13 11:25:54.946390612 2623043 [56363.535574]   963  2916 D ThermaPlan->Batch: {"func":"Batch->add()","batch":{"what":"BATCH","start":694490728,"end":992076404,"flags":0,"flagsBinary":"0","oldStart":694490727,"oldEnd":992076404}}
43424168-e44e-473a-bf12-dba8a4a4453a 2016-12-13 11:25:54.946390612 2623044 [56363.535759]   963  2916 D ThermaPlan->Batch: {"func":"Batch->add()","batch":{"what":"BATCH","start":701674709,"end":992076404,"flags":0,"flagsBinary":"0","oldStart":694490728,"oldEnd":992076404}}
43424168-e44e-473a-bf12-dba8a4a4453a 2016-12-13 11:25:54.946390612 2623045 [56363.536201]   963  2916 D ThermaPlan->Batch: {"func":"Batch->add()","batch":{"what":"BATCH","start":315360057206,"end":551880056972,"flags":0,"flagsBinary":"0","oldStart":315360056973,"oldEnd":551880056972}}
43424168-e44e-473a-bf12-dba8a4a4453a 2016-12-13 11:25:54.946390612 2623046 [56363.536406]   963  2916 D ThermaPlan->Batch: {"func":"Batch->add()","batch":{"what":"BATCH","start":315360057236,"end":551880056972,"flags":0,"flagsBinary":"0","oldStart":315360057206,"oldEnd":551880056972}}
43424168-e44e-473a-bf12-dba8a4a4453a 2016-12-13 11:25:54.956390612 2623047 [56363.539460]   963  2916 D ThermaPlan->Batch: {"func":"Batch->add()","batch":{"what":"BATCH","start":315360057240,"end":551880056972,"flags":0,"flagsBinary":"0","oldStart":315360057236,"oldEnd":551880056972}}
43424168-e44e-473a-bf12-dba8a4a4453a 2016-12-13 11:25:54.956390612 2623048 [56363.539721]   963  2916 D ThermaPlan->Batch: {"func":"Batch->add()","batch":{"what":"BATCH","start":315360057254,"end":551880056972,"flags":0,"flagsBinary":"0","oldStart":315360057240,"oldEnd":551880056972}}
43424168-e44e-473a-bf12-dba8a4a4453a 2016-12-13 11:25:54.956390612 2623049 [56363.539915]   963  2916 D ThermaPlan->Batch: {"func":"Batch->add()","batch":{"what":"BATCH","start":315360057257,"end":551880056972,"flags":0,"flagsBinary":"0","oldStart":315360057254,"oldEnd":551880056972}}
43424168-e44e-473a-bf12-dba8a4a4453a 2016-12-13 11:25:54.956390612 2623050 [56363.540129]   963  2916 D ThermaPlan->Batch: {"func":"Batch->add()","batch":{"what":"BATCH","start":315360057259,"end":551880056972,"flags":0,"flagsBinary":"0","oldStart":315360057257,"oldEnd":551880056972}}
43424168-e44e-473a-bf12-dba8a4a4453a 2016-12-13 11:25:54.956390612 2623051 [56363.540342]   963  2916 D ThermaPlan->Batch: {"func":"Batch->add()","batch":{"what":"BATCH","start":315360094195,"end":551880056972,"flags":0,"flagsBinary":"0","oldStart":315360057259,"oldEnd":551880056972}}
43424168-e44e-473a-bf12-dba8a4a4453a 2016-12-13 11:25:54.956390612 2623052 [56363.540549]   963  2916 D ThermaPlan->Batch: {"func":"Batch->add()","batch":{"what":"BATCH","start":315360113203,"end":551880056972,"flags":0,"flagsBinary":"0","oldStart":315360094195,"oldEnd":551880056972}}
43424168-e44e-473a-bf12-dba8a4a4453a 2016-12-13 11:25:54.956390612 2623053 [56363.540784]   963  2916 D ThermaPlan->Batch: {"func":"Batch->add()","batch":{"what":"BATCH","start":315399259724,"end":551880056972,"flags":0,"flagsBinary":"0","oldStart":315360113203,"oldEnd":551880056972}}
43424168-e44e-473a-bf12-dba8a4a4453a 2016-12-13 11:25:54.956390612 2623054 [56363.540995]   963  2916 D ThermaPlan->Batch: {"func":"Batch->add()","batch":{"what":"BATCH","start":315399259747,"end":551880056972,"flags":0,"flagsBinary":"0","oldStart":315399259724,"oldEnd":551880056972}}
43424168-e44e-473a-bf12-dba8a4a4453a 2016-12-13 11:25:54.956390612 2623055 [56363.541220]   963  2916 D ThermaPlan->Batch: {"func":"Batch->add()","batch":{"what":"BATCH","start":315572926898,"end":551880056972,"flags":0,"flagsBinary":"0","oldStart":315399259747,"oldEnd":551880056972}}
43424168-e44e-473a-bf12-dba8a4a4453a 2016-12-13 11:25:54.956390612 2623056 [56363.543107]   963  2916 D ThermaPlan->AlarmManagerService: {"func":"AlarmManagerService->mService->set","pid":963,"uid":1000,"flagsBinary":"1001","flags":9,"type":2,"triggerAtTime":217245618,"nowELAPSED":213645690,"rtc":1481646354963,"windowLength":0,"interval":0,"creatorPkg":"android","targetPkg":"android"}
43424168-e44e-473a-bf12-dba8a4a4453a 2016-12-13 11:25:54.956390612 2623057 [56363.543379]   963  2916 D DhcpClient: Scheduling renewal in 3599s
43424168-e44e-473a-bf12-dba8a4a4453a 2016-12-13 11:25:54.956390612 2623058 [56363.547300]   963  3256 D ThermaPlan->Batch: {"func":"Batch->add()","batch":{"what":"BATCH","start":213647783,"end":213647783,"flags":8,"flagsBinary":"1000","oldStart":213639889,"oldEnd":213684887}}
43424168-e44e-473a-bf12-dba8a4a4453a 2016-12-13 11:25:54.956390612 2623059 [56363.547875]   963  3256 D ThermaPlan->Batch: {"func":"Batch->add()","batch":{"what":"BATCH","start":213700771,"end":213730771,"flags":0,"flagsBinary":"0","oldStart":213650727,"oldEnd":213740727}}
43424168-e44e-473a-bf12-dba8a4a4453a 2016-12-13 11:25:54.956390612 2623060 [56363.548100]   963  3256 D ThermaPlan->Batch: {"func":"Batch->add()","batch":{"what":"BATCH","start":213711754,"end":213730771,"flags":8,"flagsBinary":"1000","oldStart":213700771,"oldEnd":213730771}}
43424168-e44e-473a-bf12-dba8a4a4453a 2016-12-13 11:25:54.966390612 2623061 [56363.549387]   963  3256 D ThermaPlan->Batch: {"func":"Batch->add()","batch":{"what":"BATCH","start":214276095,"end":214951095,"flags":8,"flagsBinary":"1000","oldStart":214251322,"oldEnd":215601322}}
43424168-e44e-473a-bf12-dba8a4a4453a 2016-12-13 11:25:54.966390612 2623062 [56363.549576]   963  3256 D ThermaPlan->Batch: {"func":"Batch->add()","batch":{"what":"BATCH","start":214278171,"end":214951095,"flags":8,"flagsBinary":"1000","oldStart":214276095,"oldEnd":214951095}}
43424168-e44e-473a-bf12-dba8a4a4453a 2016-12-13 11:25:54.966390612 2623063 [56363.549789]   963  3256 D ThermaPlan->Batch: {"func":"Batch->add()","batch":{"what":"BATCH","start":214278914,"end":214951095,"flags":8,"flagsBinary":"1000","oldStart":214278171,"oldEnd":214951095}}
43424168-e44e-473a-bf12-dba8a4a4453a 2016-12-13 11:25:54.966390612 2623064 [56363.550112]   963  3256 D ThermaPlan->Batch: {"func":"Batch->add()","batch":{"what":"BATCH","start":214278988,"end":214951095,"flags":8,"flagsBinary":"1000","oldStart":214278914,"oldEnd":214951095}}
43424168-e44e-473a-bf12-dba8a4a4453a 2016-12-13 11:25:54.966390612 2623065 [56363.550331]   963  3256 D ThermaPlan->Batch: {"func":"Batch->add()","batch":{"what":"BATCH","start":214281415,"end":214951095,"flags":8,"flagsBinary":"1000","oldStart":214278988,"oldEnd":214951095}}
43424168-e44e-473a-bf12-dba8a4a4453a 2016-12-13 11:25:54.966390612 2623066 [56363.550523]   963  3256 D ThermaPlan->Batch: {"func":"Batch->add()","batch":{"what":"BATCH","start":214281680,"end":214951095,"flags":8,"flagsBinary":"1000","oldStart":214281415,"oldEnd":214951095}}
43424168-e44e-473a-bf12-dba8a4a4453a 2016-12-13 11:25:54.966390612 2623067 [56363.550713]   963  3256 D ThermaPlan->Batch: {"func":"Batch->add()","batch":{"what":"BATCH","start":214282094,"end":214951095,"flags":8,"flagsBinary":"1000","oldStart":214281680,"oldEnd":214951095}}
43424168-e44e-473a-bf12-dba8a4a4453a 2016-12-13 11:25:54.966390612 2623068 [56363.550901]   963  3256 D ThermaPlan->Batch: {"func":"Batch->add()","batch":{"what":"BATCH","start":214282211,"end":214951095,"flags":8,"flagsBinary":"1000","oldStart":214282094,"oldEnd":214951095}}
43424168-e44e-473a-bf12-dba8a4a4453a 2016-12-13 11:25:54.966390612 2623069 [56363.551111]   963  3256 D ThermaPlan->Batch: {"func":"Batch->add()","batch":{"what":"BATCH","start":214282485,"end":214951095,"flags":8,"flagsBinary":"1000","oldStart":214282211,"oldEnd":214951095}}
43424168-e44e-473a-bf12-dba8a4a4453a 2016-12-13 11:25:54.966390612 2623070 [56363.551326]   963  3256 D ThermaPlan->Batch: {"func":"Batch->add()","batch":{"what":"BATCH","start":214294563,"end":214951095,"flags":8,"flagsBinary":"1000","oldStart":214282485,"oldEnd":214951095}}
43424168-e44e-473a-bf12-dba8a4a4453a 2016-12-13 11:25:54.966390612 2623071 [56363.551574]   963  3256 D ThermaPlan->Batch: {"func":"Batch->add()","batch":{"what":"BATCH","start":214733823,"end":214951095,"flags":8,"flagsBinary":"1000","oldStart":214294563,"oldEnd":214951095}}
43424168-e44e-473a-bf12-dba8a4a4453a 2016-12-13 11:25:54.966390612 2623072 [56363.551806]   963  3256 D ThermaPlan->Batch: {"func":"Batch->add()","batch":{"what":"BATCH","start":214750705,"end":214951095,"flags":8,"flagsBinary":"1000","oldStart":214733823,"oldEnd":214951095}}
43424168-e44e-473a-bf12-dba8a4a4453a 2016-12-13 11:25:54.966390612 2623073 [56363.553398]   963  3256 D ThermaPlan->Batch: {"func":"Batch->add()","batch":{"what":"BATCH","start":215759161,"end":219062073,"flags":8,"flagsBinary":"1000","oldStart":215226149,"oldEnd":219062073}}
43424168-e44e-473a-bf12-dba8a4a4453a 2016-12-13 11:25:54.966390612 2623074 [56363.553610]   963  3256 D ThermaPlan->Batch: {"func":"Batch->add()","batch":{"what":"BATCH","start":216082518,"end":218782518,"flags":8,"flagsBinary":"1000","oldStart":215759161,"oldEnd":219062073}}
43424168-e44e-473a-bf12-dba8a4a4453a 2016-12-13 11:25:54.966390612 2623075 [56363.553797]   963  3256 D ThermaPlan->Batch: {"func":"Batch->add()","batch":{"what":"BATCH","start":216144078,"end":218782518,"flags":8,"flagsBinary":"1000","oldStart":216082518,"oldEnd":218782518}}
43424168-e44e-473a-bf12-dba8a4a4453a 2016-12-13 11:25:54.966390612 2623076 [56363.553987]   963  3256 D ThermaPlan->Batch: {"func":"Batch->add()","batch":{"what":"BATCH","start":216526830,"end":218782518,"flags":8,"flagsBinary":"1000","oldStart":216144078,"oldEnd":218782518}}
43424168-e44e-473a-bf12-dba8a4a4453a 2016-12-13 11:25:54.966390612 2623077 [56363.554175]   963  3256 D ThermaPlan->Batch: {"func":"Batch->add()","batch":{"what":"BATCH","start":217737182,"end":218037182,"flags":8,"flagsBinary":"1000","oldStart":216526830,"oldEnd":218782518}}
43424168-e44e-473a-bf12-dba8a4a4453a 2016-12-13 11:25:54.966390612 2623078 [56363.554498]   963  3256 D ThermaPlan->Batch: {"func":"Batch->add()","batch":{"what":"BATCH","start":220150600,"end":224060131,"flags":0,"flagsBinary":"0","oldStart":219290727,"oldEnd":224060131}}
43424168-e44e-473a-bf12-dba8a4a4453a 2016-12-13 11:25:54.966390612 2623079 [56363.554692]   963  3256 D ThermaPlan->Batch: {"func":"Batch->add()","batch":{"what":"BATCH","start":220380550,"end":224060131,"flags":0,"flagsBinary":"0","oldStart":220150600,"oldEnd":224060131}}
43424168-e44e-473a-bf12-dba8a4a4453a 2016-12-13 11:25:54.966390612 2623080 [56363.555120]   963  3256 D ThermaPlan->Batch: {"func":"Batch->add()","batch":{"what":"BATCH","start":228290727,"end":239324426,"flags":0,"flagsBinary":"0","oldStart":224222674,"oldEnd":240422669}}
43424168-e44e-473a-bf12-dba8a4a4453a 2016-12-13 11:25:54.976390612 2623081 [56363.559408]   963  3256 D ThermaPlan->Batch: {"func":"Batch->add()","batch":{"what":"BATCH","start":230499939,"end":239324426,"flags":0,"flagsBinary":"0","oldStart":228290727,"oldEnd":239324426}}
43424168-e44e-473a-bf12-dba8a4a4453a 2016-12-13 11:25:54.976390612 2623082 [56363.559640]   963  3256 D ThermaPlan->Batch: {"func":"Batch->add()","batch":{"what":"BATCH","start":231188198,"end":239324426,"flags":0,"flagsBinary":"0","oldStart":230499939,"oldEnd":239324426}}
43424168-e44e-473a-bf12-dba8a4a4453a 2016-12-13 11:25:54.976390612 2623083 [56363.559837]   963  3256 D ThermaPlan->Batch: {"func":"Batch->add()","batch":{"what":"BATCH","start":231548284,"end":239324426,"flags":0,"flagsBinary":"0","oldStart":231188198,"oldEnd":239324426}}
43424168-e44e-473a-bf12-dba8a4a4453a 2016-12-13 11:25:54.976390612 2623084 [56363.560936]   963  3256 D ThermaPlan->Batch: {"func":"Batch->add()","batch":{"what":"BATCH","start":248330836,"end":285305189,"flags":8,"flagsBinary":"1000","oldStart":240305189,"oldEnd":285305189}}
43424168-e44e-473a-bf12-dba8a4a4453a 2016-12-13 11:25:54.976390612 2623085 [56363.561122]   963  3256 D ThermaPlan->Batch: {"func":"Batch->add()","batch":{"what":"BATCH","start":249541608,"end":282059671,"flags":8,"flagsBinary":"1000","oldStart":248330836,"oldEnd":285305189}}
43424168-e44e-473a-bf12-dba8a4a4453a 2016-12-13 11:25:54.976390612 2623086 [56363.561308]   963  3256 D ThermaPlan->Batch: {"func":"Batch->add()","batch":{"what":"BATCH","start":249641515,"end":280795765,"flags":8,"flagsBinary":"1000","oldStart":249541608,"oldEnd":282059671}}
43424168-e44e-473a-bf12-dba8a4a4453a 2016-12-13 11:25:54.976390612 2623087 [56363.561495]   963  3256 D ThermaPlan->Batch: {"func":"Batch->add()","batch":{"what":"BATCH","start":258890728,"end":280795765,"flags":8,"flagsBinary":"1000","oldStart":249641515,"oldEnd":280795765}}
43424168-e44e-473a-bf12-dba8a4a4453a 2016-12-13 11:25:54.976390612 2623088 [56363.561687]   963  3256 D ThermaPlan->Batch: {"func":"Batch->add()","batch":{"what":"BATCH","start":259200000,"end":280795765,"flags":8,"flagsBinary":"1000","oldStart":258890728,"oldEnd":280795765}}
43424168-e44e-473a-bf12-dba8a4a4453a 2016-12-13 11:25:54.976390612 2623089 [56363.561874]   963  3256 D ThermaPlan->Batch: {"func":"Batch->add()","batch":{"what":"BATCH","start":259252542,"end":280795765,"flags":8,"flagsBinary":"1000","oldStart":259200000,"oldEnd":280795765}}
43424168-e44e-473a-bf12-dba8a4a4453a 2016-12-13 11:25:54.976390612 2623090 [56363.562057]   963  3256 D ThermaPlan->Batch: {"func":"Batch->add()","batch":{"what":"BATCH","start":259281310,"end":280795765,"flags":8,"flagsBinary":"1000","oldStart":259252542,"oldEnd":280795765}}
43424168-e44e-473a-bf12-dba8a4a4453a 2016-12-13 11:25:54.976390612 2623091 [56363.562252]   963  3256 D ThermaPlan->Batch: {"func":"Batch->add()","batch":{"what":"BATCH","start":259345161,"end":280795765,"flags":8,"flagsBinary":"1000","oldStart":259281310,"oldEnd":280795765}}
43424168-e44e-473a-bf12-dba8a4a4453a 2016-12-13 11:25:54.976390612 2623092 [56363.562437]   963  3256 D ThermaPlan->Batch: {"func":"Batch->add()","batch":{"what":"BATCH","start":259786617,"end":280795765,"flags":8,"flagsBinary":"1000","oldStart":259345161,"oldEnd":280795765}}
43424168-e44e-473a-bf12-dba8a4a4453a 2016-12-13 11:25:54.976390612 2623093 [56363.562628]   963  3256 D ThermaPlan->Batch: {"func":"Batch->add()","batch":{"what":"BATCH","start":261333689,"end":280795765,"flags":8,"flagsBinary":"1000","oldStart":259786617,"oldEnd":280795765}}
43424168-e44e-473a-bf12-dba8a4a4453a 2016-12-13 11:25:54.976390612 2623094 [56363.562857]   963  3256 D ThermaPlan->Batch: {"func":"Batch->add()","batch":{"what":"BATCH","start":270989138,"end":280795765,"flags":8,"flagsBinary":"1000","oldStart":261333689,"oldEnd":280795765}}
43424168-e44e-473a-bf12-dba8a4a4453a 2016-12-13 11:25:54.976390612 2623095 [56363.564764]   963  3256 D ThermaPlan->Batch: {"func":"Batch->add()","batch":{"what":"BATCH","start":292490680,"end":331748773,"flags":0,"flagsBinary":"0","oldStart":280825099,"oldEnd":331748773}}
43424168-e44e-473a-bf12-dba8a4a4453a 2016-12-13 11:25:54.976390612 2623096 [56363.564944]   963  3256 D ThermaPlan->Batch: {"func":"Batch->add()","batch":{"what":"BATCH","start":296563796,"end":331748773,"flags":0,"flagsBinary":"0","oldStart":292490680,"oldEnd":331748773}}
43424168-e44e-473a-bf12-dba8a4a4453a 2016-12-13 11:25:54.976390612 2623097 [56363.565137]   963  3256 D ThermaPlan->Batch: {"func":"Batch->add()","batch":{"what":"BATCH","start":300042523,"end":331748773,"flags":8,"flagsBinary":"1000","oldStart":296563796,"oldEnd":331748773}}
43424168-e44e-473a-bf12-dba8a4a4453a 2016-12-13 11:25:54.976390612 2623098 [56363.565453]   963  3256 D ThermaPlan->Batch: {"func":"Batch->add()","batch":{"what":"BATCH","start":605813325,"end":1058493260,"flags":0,"flagsBinary":"0","oldStart":604893262,"oldEnd":1058493260}}
43424168-e44e-473a-bf12-dba8a4a4453a 2016-12-13 11:25:54.976390612 2623099 [56363.566988]   963  3256 D ThermaPlan->Batch: {"func":"Batch->add()","batch":{"what":"BATCH","start":624143935,"end":992076404,"flags":0,"flagsBinary":"0","oldStart":605813325,"oldEnd":1058493260}}
43424168-e44e-473a-bf12-dba8a4a4453a 2016-12-13 11:25:54.976390612 2623100 [56363.567337]   963  3256 D ThermaPlan->Batch: {"func":"Batch->add()","batch":{"what":"BATCH","start":694490727,"end":992076404,"flags":0,"flagsBinary":"0","oldStart":624143935,"oldEnd":992076404}}
43424168-e44e-473a-bf12-dba8a4a4453a 2016-12-13 11:25:54.976390612 2623101 [56363.568247]  3212  3212 D PhoneLabServices-AgreementTask: Intent fired, action = android.net.wifi.STATE_CHANGE
43424168-e44e-473a-bf12-dba8a4a4453a 2016-12-13 11:25:54.976390612 2623102 [56363.568569]  3212  3212 D PhoneLabServices-AgreementTask: Not connected to UB_Secure
43424168-e44e-473a-bf12-dba8a4a4453a 2016-12-13 11:25:54.976390612 2623103 [56363.568838]   963  3256 D ThermaPlan->Batch: {"func":"Batch->add()","batch":{"what":"BATCH","start":701674709,"end":992076404,"flags":0,"flagsBinary":"0","oldStart":694490727,"oldEnd":992076404}}
43424168-e44e-473a-bf12-dba8a4a4453a 2016-12-13 11:25:54.986390612 2623104 [56363.569530]   963  3256 D ThermaPlan->Batch: {"func":"Batch->add()","batch":{"what":"BATCH","start":315360057206,"end":551880056972,"flags":0,"flagsBinary":"0","oldStart":315360056973,"oldEnd":551880056972}}
43424168-e44e-473a-bf12-dba8a4a4453a 2016-12-13 11:25:54.986390612 2623105 [56363.569875]   963  3256 D ThermaPlan->Batch: {"func":"Batch->add()","batch":{"what":"BATCH","start":315360057236,"end":551880056972,"flags":0,"flagsBinary":"0","oldStart":315360057206,"oldEnd":551880056972}}
43424168-e44e-473a-bf12-dba8a4a4453a 2016-12-13 11:25:54.986390612 2623106 [56363.570234]   963  3256 D ThermaPlan->Batch: {"func":"Batch->add()","batch":{"what":"BATCH","start":315360057240,"end":551880056972,"flags":0,"flagsBinary":"0","oldStart":315360057236,"oldEnd":551880056972}}
43424168-e44e-473a-bf12-dba8a4a4453a 2016-12-13 11:25:54.986390612 2623107 [56363.571620]   963  3256 D ThermaPlan->Batch: {"func":"Batch->add()","batch":{"what":"BATCH","start":315360057254,"end":551880056972,"flags":0,"flagsBinary":"0","oldStart":315360057240,"oldEnd":551880056972}}
43424168-e44e-473a-bf12-dba8a4a4453a 2016-12-13 11:25:54.986390612 2623108 [56363.571834]   963  3256 D ThermaPlan->Batch: {"func":"Batch->add()","batch":{"what":"BATCH","start":315360057257,"end":551880056972,"flags":0,"flagsBinary":"0","oldStart":315360057254,"oldEnd":551880056972}}
43424168-e44e-473a-bf12-dba8a4a4453a 2016-12-13 11:25:54.986390612 2623109 [56363.572059]   963  3256 D ThermaPlan->Batch: {"func":"Batch->add()","batch":{"what":"BATCH","start":315360057259,"end":551880056972,"flags":0,"flagsBinary":"0","oldStart":315360057257,"oldEnd":551880056972}}
43424168-e44e-473a-bf12-dba8a4a4453a 2016-12-13 11:25:54.986390612 2623110 [56363.572280]   963  3256 D ThermaPlan->Batch: {"func":"Batch->add()","batch":{"what":"BATCH","start":315360094195,"end":551880056972,"flags":0,"flagsBinary":"0","oldStart":315360057259,"oldEnd":551880056972}}
43424168-e44e-473a-bf12-dba8a4a4453a 2016-12-13 11:25:54.986390612 2623111 [56363.572496]   963  3256 D ThermaPlan->Batch: {"func":"Batch->add()","batch":{"what":"BATCH","start":315360113203,"end":551880056972,"flags":0,"flagsBinary":"0","oldStart":315360094195,"oldEnd":551880056972}}
43424168-e44e-473a-bf12-dba8a4a4453a 2016-12-13 11:25:54.986390612 2623112 [56363.572729]   963  3256 D ThermaPlan->Batch: {"func":"Batch->add()","batch":{"what":"BATCH","start":315399259724,"end":551880056972,"flags":0,"flagsBinary":"0","oldStart":315360113203,"oldEnd":551880056972}}
43424168-e44e-473a-bf12-dba8a4a4453a 2016-12-13 11:25:54.986390612 2623113 [56363.572942]   963  3256 D ThermaPlan->Batch: {"func":"Batch->add()","batch":{"what":"BATCH","start":315399259747,"end":551880056972,"flags":0,"flagsBinary":"0","oldStart":315399259724,"oldEnd":551880056972}}
43424168-e44e-473a-bf12-dba8a4a4453a 2016-12-13 11:25:54.986390612 2623114 [56363.573174]   963  3256 D ThermaPlan->Batch: {"func":"Batch->add()","batch":{"what":"BATCH","start":315572926898,"end":551880056972,"flags":0,"flagsBinary":"0","oldStart":315399259747,"oldEnd":551880056972}}
43424168-e44e-473a-bf12-dba8a4a4453a 2016-12-13 11:25:54.986390612 2623115 [56363.576940]   963   975 D ThermaPlan->AlarmManagerService: {"func":"AlarmManagerService->mService->set","pid":1821,"uid":10014,"flagsBinary":"1","flags":1,"type":3,"triggerAtTime":214186722,"nowELAPSED":213645724,"rtc":1481646354997,"windowLength":0,"interval":0,"creatorPkg":"com.google.android.gms","targetPkg":"com.google.android.gms"}
43424168-e44e-473a-bf12-dba8a4a4453a 2016-12-13 11:25:54.996390612 2623116 [56363.580291]   388   388 D Kernel-Trace:     kworker/1:2H-12491 [001] ...1 56363.489512: cpu_frequency: state=2649600 cpu_id=1
43424168-e44e-473a-bf12-dba8a4a4453a 2016-12-13 11:25:54.996390612 2623117 [56363.580299]   388   388 D Kernel-Trace:     kworker/3:2H-12900 [003] ...1 56363.499618: cpu_frequency: state=1497600 cpu_id=3
43424168-e44e-473a-bf12-dba8a4a4453a 2016-12-13 11:25:54.996390612 2623118 [56363.580303]   388   388 D Kernel-Trace:     kworker/0:0H-7043  [000] ...1 56363.519710: cpu_frequency: state=2265600 cpu_id=0
43424168-e44e-473a-bf12-dba8a4a4453a 2016-12-13 11:25:54.996390612 2623119 [56363.580307]   388   388 D Kernel-Trace:     kworker/0:0H-7043  [000] ...1 56363.539447: cpu_frequency: state=2649600 cpu_id=0
43424168-e44e-473a-bf12-dba8a4a4453a 2016-12-13 11:25:54.996390612 2623120 [56363.580310]   388   388 D Kernel-Trace:     kworker/3:2H-12900 [003] ...1 56363.539575: cpu_frequency: state=2265600 cpu_id=3
43424168-e44e-473a-bf12-dba8a4a4453a 2016-12-13 11:25:54.996390612 2623121 [56363.580314]   388   388 D Kernel-Trace:     kworker/3:2H-12900 [003] ...1 56363.579446: cpu_frequency: state=2649600 cpu_id=3
43424168-e44e-473a-bf12-dba8a4a4453a 2016-12-13 11:25:54.996390612 2623122 [56363.585105]   963  1597 D ThermaPlan->AlarmManagerService: {"func":"AlarmManagerService->mService->set","pid":1821,"uid":10014,"flagsBinary":"1","flags":1,"type":3,"triggerAtTime":213655730,"nowELAPSED":213645732,"rtc":1481646355005,"windowLength":0,"interval":0,"creatorPkg":"com.google.android.gms","targetPkg":"com.google.android.gms"}
43424168-e44e-473a-bf12-dba8a4a4453a 2016-12-13 11:25:54.996390612 2623123 [56363.587004]  1821  2331 I GCoreUlr: Starting service, intent=Intent { act=com.google.android.location.reporting.WIFI_TRIGGERED_UPLOAD cmp=com.google.android.gms/com.google.android.location.reporting.service.DispatchingService }, extras=null
43424168-e44e-473a-bf12-dba8a4a4453a 2016-12-13 11:25:54.996390612 2623124 [56363.588042]   963  1378 D WifiNetworkAgent: NetworkAgent: Received signal strength thresholds: []
43424168-e44e-473a-bf12-dba8a4a4453a 2016-12-13 11:25:54.996390612 2623125 [56363.588099]   963  1378 D WifiNative-HAL: stopRssiMonitoring, cmdId 0
43424168-e44e-473a-bf12-dba8a4a4453a 2016-12-13 11:25:55.6390612 2623126 [56363.590632]   963  3256 D ThermaPlan->Batch: {"func":"Batch->add()","batch":{"what":"BATCH","start":213647784,"end":213647784,"flags":8,"flagsBinary":"1000","oldStart":213639889,"oldEnd":213684887}}
43424168-e44e-473a-bf12-dba8a4a4453a 2016-12-13 11:25:55.6390612 2623127 [56363.591184]   963  3256 D ThermaPlan->Batch: {"func":"Batch->add()","batch":{"what":"BATCH","start":213700771,"end":213730771,"flags":0,"flagsBinary":"0","oldStart":213650727,"oldEnd":213740727}}
43424168-e44e-473a-bf12-dba8a4a4453a 2016-12-13 11:25:55.6390612 2623128 [56363.591370]   963  3256 D ThermaPlan->Batch: {"func":"Batch->add()","batch":{"what":"BATCH","start":213711754,"end":213730771,"flags":8,"flagsBinary":"1000","oldStart":213700771,"oldEnd":213730771}}
43424168-e44e-473a-bf12-dba8a4a4453a 2016-12-13 11:25:55.6390612 2623129 [56363.592794]   963  3256 D ThermaPlan->Batch: {"func":"Batch->add()","batch":{"what":"BATCH","start":214276095,"end":214951095,"flags":8,"flagsBinary":"1000","oldStart":214251322,"oldEnd":215601322}}
43424168-e44e-473a-bf12-dba8a4a4453a 2016-12-13 11:25:55.6390612 2623130 [56363.592972]   963  3256 D ThermaPlan->Batch: {"func":"Batch->add()","batch":{"what":"BATCH","start":214278171,"end":214951095,"flags":8,"flagsBinary":"1000","oldStart":214276095,"oldEnd":214951095}}
43424168-e44e-473a-bf12-dba8a4a4453a 2016-12-13 11:25:55.6390612 2623131 [56363.593210]   963  3256 D ThermaPlan->Batch: {"func":"Batch->add()","batch":{"what":"BATCH","start":214278914,"end":214951095,"flags":8,"flagsBinary":"1000","oldStart":214278171,"oldEnd":214951095}}
43424168-e44e-473a-bf12-dba8a4a4453a 2016-12-13 11:25:55.6390612 2623132 [56363.593417]   963  3256 D ThermaPlan->Batch: {"func":"Batch->add()","batch":{"what":"BATCH","start":214278988,"end":214951095,"flags":8,"flagsBinary":"1000","oldStart":214278914,"oldEnd":214951095}}
43424168-e44e-473a-bf12-dba8a4a4453a 2016-12-13 11:25:55.6390612 2623133 [56363.594444]   963 29954 D NetlinkSocketObserver: NeighborEvent{elapsedMs=213645741, 192.168.1.1, [10FEEDE58C95], RTM_NEWNEIGH, NUD_REACHABLE}
43424168-e44e-473a-bf12-dba8a4a4453a 2016-12-13 11:25:55.6390612 2623134 [56363.595182]   963   981 D Tethering: MasterInitialState.processMessage what=3
43424168-e44e-473a-bf12-dba8a4a4453a 2016-12-13 11:25:55.6390612 2623135 [56363.598503]   963 29953 D NetworkMonitor/NetworkAgentInfo [WIFI () - 397]: Checking http://connectivitycheck.gstatic.com/generate_204 on "AP4-5", connectivitycheck.gstatic.com=128.205.159.53,2607:f8b0:400b:807::200e
43424168-e44e-473a-bf12-dba8a4a4453a 2016-12-13 11:25:55.6390612 2623136 [56363.598915]   963  3256 D ThermaPlan->Batch: {"func":"Batch->add()","batch":{"what":"BATCH","start":214281415,"end":214951095,"flags":8,"flagsBinary":"1000","oldStart":214278988,"oldEnd":214951095}}
43424168-e44e-473a-bf12-dba8a4a4453a 2016-12-13 11:25:55.6390612 2623137 [56363.599007]   963 29953 W System  : ClassLoader referenced unknown path: /system/framework/tcmclient.jar
43424168-e44e-473a-bf12-dba8a4a4453a 2016-12-13 11:25:55.6390612 2623138 [56363.599107]   963  3256 D ThermaPlan->Batch: {"func":"Batch->add()","batch":{"what":"BATCH","start":214281680,"end":214951095,"flags":8,"flagsBinary":"1000","oldStart":214281415,"oldEnd":214951095}}
43424168-e44e-473a-bf12-dba8a4a4453a 2016-12-13 11:25:55.16390612 2623139 [56363.599466]   963  3256 D ThermaPlan->Batch: {"func":"Batch->add()","batch":{"what":"BATCH","start":214282094,"end":214951095,"flags":8,"flagsBinary":"1000","oldStart":214281680,"oldEnd":214951095}}
43424168-e44e-473a-bf12-dba8a4a4453a 2016-12-13 11:25:55.16390612 2623140 [56363.600531]   963  3256 D ThermaPlan->Batch: {"func":"Batch->add()","batch":{"what":"BATCH","start":214282211,"end":214951095,"flags":8,"flagsBinary":"1000","oldStart":214282094,"oldEnd":214951095}}
43424168-e44e-473a-bf12-dba8a4a4453a 2016-12-13 11:25:55.16390612 2623141 [56363.600762]   963  3256 D ThermaPlan->Batch: {"func":"Batch->add()","batch":{"what":"BATCH","start":214282485,"end":214951095,"flags":8,"flagsBinary":"1000","oldStart":214282211,"oldEnd":214951095}}
43424168-e44e-473a-bf12-dba8a4a4453a 2016-12-13 11:25:55.16390612 2623142 [56363.601573]   963  3256 D ThermaPlan->Batch: {"func":"Batch->add()","batch":{"what":"BATCH","start":214294563,"end":214951095,"flags":8,"flagsBinary":"1000","oldStart":214282485,"oldEnd":214951095}}
43424168-e44e-473a-bf12-dba8a4a4453a 2016-12-13 11:25:55.16390612 2623143 [56363.601793]   963  3256 D ThermaPlan->Batch: {"func":"Batch->add()","batch":{"what":"BATCH","start":214733822,"end":214951095,"flags":8,"flagsBinary":"1000","oldStart":214294563,"oldEnd":214951095}}
43424168-e44e-473a-bf12-dba8a4a4453a 2016-12-13 11:25:55.16390612 2623144 [56363.603400]   963  3256 D ThermaPlan->Batch: {"func":"Batch->add()","batch":{"what":"BATCH","start":214750705,"end":214951095,"flags":8,"flagsBinary":"1000","oldStart":214733822,"oldEnd":214951095}}
43424168-e44e-473a-bf12-dba8a4a4453a 2016-12-13 11:25:55.16390612 2623145 [56363.604568]   963 29953 D NetworkMonitor/NetworkAgentInfo [WIFI () - 397]: isCaptivePortal: ret=204 headers={null=[HTTP/1.1 204 No Content], Content-Length=[0], Date=[Tue, 13 Dec 2016 16:25:56 GMT], X-Android-Received-Millis=[1481646355024], X-Android-Response-Source=[NETWORK 204], X-Android-Selected-Protocol=[http/1.1], X-Android-Sent-Millis=[1481646355022]}
43424168-e44e-473a-bf12-dba8a4a4453a 2016-12-13 11:25:55.16390612 2623146 [56363.605158]   963  3256 D ThermaPlan->Batch: {"func":"Batch->add()","batch":{"what":"BATCH","start":215759161,"end":219062073,"flags":8,"flagsBinary":"1000","oldStart":215226149,"oldEnd":219062073}}
43424168-e44e-473a-bf12-dba8a4a4453a 2016-12-13 11:25:55.16390612 2623147 [56363.605352]   963  3256 D ThermaPlan->Batch: {"func":"Batch->add()","batch":{"what":"BATCH","start":216082518,"end":218782518,"flags":8,"flagsBinary":"1000","oldStart":215759161,"oldEnd":219062073}}
43424168-e44e-473a-bf12-dba8a4a4453a 2016-12-13 11:25:55.16390612 2623148 [56363.605546]   963  3256 D ThermaPlan->Batch: {"func":"Batch->add()","batch":{"what":"BATCH","start":216144078,"end":218782518,"flags":8,"flagsBinary":"1000","oldStart":216082518,"oldEnd":218782518}}
43424168-e44e-473a-bf12-dba8a4a4453a 2016-12-13 11:25:55.16390612 2623149 [56363.605737]   963  3256 D ThermaPlan->Batch: {"func":"Batch->add()","batch":{"what":"BATCH","start":216526830,"end":218782518,"flags":8,"flagsBinary":"1000","oldStart":216144078,"oldEnd":218782518}}
43424168-e44e-473a-bf12-dba8a4a4453a 2016-12-13 11:25:55.16390612 2623150 [56363.606077]   963  3256 D ThermaPlan->Batch: {"func":"Batch->add()","batch":{"what":"BATCH","start":217737182,"end":218037182,"flags":8,"flagsBinary":"1000","oldStart":216526830,"oldEnd":218782518}}
43424168-e44e-473a-bf12-dba8a4a4453a 2016-12-13 11:25:55.26390612 2623151 [56363.609393]   963  3256 D ThermaPlan->Batch: {"func":"Batch->add()","batch":{"what":"BATCH","start":220150599,"end":224060131,"flags":0,"flagsBinary":"0","oldStart":219290727,"oldEnd":224060131}}
43424168-e44e-473a-bf12-dba8a4a4453a 2016-12-13 11:25:55.26390612 2623152 [56363.609592]   963  3256 D ThermaPlan->Batch: {"func":"Batch->add()","batch":{"what":"BATCH","start":220380550,"end":224060131,"flags":0,"flagsBinary":"0","oldStart":220150599,"oldEnd":224060131}}
43424168-e44e-473a-bf12-dba8a4a4453a 2016-12-13 11:25:55.26390612 2623153 [56363.610003]   963  3256 D ThermaPlan->Batch: {"func":"Batch->add()","batch":{"what":"BATCH","start":228290727,"end":239324426,"flags":0,"flagsBinary":"0","oldStart":224222674,"oldEnd":240422669}}
43424168-e44e-473a-bf12-dba8a4a4453a 2016-12-13 11:25:55.26390612 2623154 [56363.610009]   963   976 D ThermaPlan->AlarmManagerService: {"func":"AlarmManagerService->mService->set","pid":963,"uid":1000,"flagsBinary":"1001","flags":9,"type":2,"triggerAtTime":215575734,"nowELAPSED":213645757,"rtc":1481646355030,"windowLength":0,"interval":0,"creatorPkg":"android","targetPkg":"android"}
43424168-e44e-473a-bf12-dba8a4a4453a 2016-12-13 11:25:55.26390612 2623155 [56363.610182]   963  3256 D ThermaPlan->Batch: {"func":"Batch->add()","batch":{"what":"BATCH","start":230499939,"end":239324426,"flags":0,"flagsBinary":"0","oldStart":228290727,"oldEnd":239324426}}
43424168-e44e-473a-bf12-dba8a4a4453a 2016-12-13 11:25:55.26390612 2623156 [56363.610354]   963  3256 D ThermaPlan->Batch: {"func":"Batch->add()","batch":{"what":"BATCH","start":231188198,"end":239324426,"flags":0,"flagsBinary":"0","oldStart":230499939,"oldEnd":239324426}}
43424168-e44e-473a-bf12-dba8a4a4453a 2016-12-13 11:25:55.26390612 2623157 [56363.610555]   963  3256 D ThermaPlan->Batch: {"func":"Batch->add()","batch":{"what":"BATCH","start":231548285,"end":239324426,"flags":0,"flagsBinary":"0","oldStart":231188198,"oldEnd":239324426}}
43424168-e44e-473a-bf12-dba8a4a4453a 2016-12-13 11:25:55.26390612 2623158 [56363.611586]   963  3256 D ThermaPlan->Batch: {"func":"Batch->add()","batch":{"what":"BATCH","start":248330836,"end":285305189,"flags":8,"flagsBinary":"1000","oldStart":240305189,"oldEnd":285305189}}
43424168-e44e-473a-bf12-dba8a4a4453a 2016-12-13 11:25:55.26390612 2623159 [56363.611757]   963  3256 D ThermaPlan->Batch: {"func":"Batch->add()","batch":{"what":"BATCH","start":249541608,"end":282059671,"flags":8,"flagsBinary":"1000","oldStart":248330836,"oldEnd":285305189}}
43424168-e44e-473a-bf12-dba8a4a4453a 2016-12-13 11:25:55.26390612 2623160 [56363.611945]   963  3256 D ThermaPlan->Batch: {"func":"Batch->add()","batch":{"what":"BATCH","start":249641515,"end":280795765,"flags":8,"flagsBinary":"1000","oldStart":249541608,"oldEnd":282059671}}
43424168-e44e-473a-bf12-dba8a4a4453a 2016-12-13 11:25:55.26390612 2623161 [56363.612144]   963  3256 D ThermaPlan->Batch: {"func":"Batch->add()","batch":{"what":"BATCH","start":258890727,"end":280795765,"flags":8,"flagsBinary":"1000","oldStart":249641515,"oldEnd":280795765}}
43424168-e44e-473a-bf12-dba8a4a4453a 2016-12-13 11:25:55.26390612 2623162 [56363.612320]   963  3256 D ThermaPlan->Batch: {"func":"Batch->add()","batch":{"what":"BATCH","start":259200000,"end":280795765,"flags":8,"flagsBinary":"1000","oldStart":258890727,"oldEnd":280795765}}
43424168-e44e-473a-bf12-dba8a4a4453a 2016-12-13 11:25:55.26390612 2623163 [56363.612497]   963  3256 D ThermaPlan->Batch: {"func":"Batch->add()","batch":{"what":"BATCH","start":259252542,"end":280795765,"flags":8,"flagsBinary":"1000","oldStart":259200000,"oldEnd":280795765}}
43424168-e44e-473a-bf12-dba8a4a4453a 2016-12-13 11:25:55.26390612 2623164 [56363.612665]   963  3256 D ThermaPlan->Batch: {"func":"Batch->add()","batch":{"what":"BATCH","start":259281310,"end":280795765,"flags":8,"flagsBinary":"1000","oldStart":259252542,"oldEnd":280795765}}
43424168-e44e-473a-bf12-dba8a4a4453a 2016-12-13 11:25:55.26390612 2623165 [56363.612850]   963  3256 D ThermaPlan->Batch: {"func":"Batch->add()","batch":{"what":"BATCH","start":259345161,"end":280795765,"flags":8,"flagsBinary":"1000","oldStart":259281310,"oldEnd":280795765}}
43424168-e44e-473a-bf12-dba8a4a4453a 2016-12-13 11:25:55.26390612 2623166 [56363.613037]   963  3256 D ThermaPlan->Batch: {"func":"Batch->add()","batch":{"what":"BATCH","start":259786617,"end":280795765,"flags":8,"flagsBinary":"1000","oldStart":259345161,"oldEnd":280795765}}
43424168-e44e-473a-bf12-dba8a4a4453a 2016-12-13 11:25:55.26390612 2623167 [56363.613211]   963  3256 D ThermaPlan->Batch: {"func":"Batch->add()","batch":{"what":"BATCH","start":261333689,"end":280795765,"flags":8,"flagsBinary":"1000","oldStart":259786617,"oldEnd":280795765}}
43424168-e44e-473a-bf12-dba8a4a4453a 2016-12-13 11:25:55.26390612 2623168 [56363.613397]   963  3256 D ThermaPlan->Batch: {"func":"Batch->add()","batch":{"what":"BATCH","start":270989138,"end":280795765,"flags":8,"flagsBinary":"1000","oldStart":261333689,"oldEnd":280795765}}
43424168-e44e-473a-bf12-dba8a4a4453a 2016-12-13 11:25:55.26390612 2623169 [56363.615359]   963  3256 D ThermaPlan->Batch: {"func":"Batch->add()","batch":{"what":"BATCH","start":292490680,"end":331748773,"flags":0,"flagsBinary":"0","oldStart":280825099,"oldEnd":331748773}}
43424168-e44e-473a-bf12-dba8a4a4453a 2016-12-13 11:25:55.26390612 2623170 [56363.615539]   963  3256 D ThermaPlan->Batch: {"func":"Batch->add()","batch":{"what":"BATCH","start":296563797,"end":331748773,"flags":0,"flagsBinary":"0","oldStart":292490680,"oldEnd":331748773}}
43424168-e44e-473a-bf12-dba8a4a4453a 2016-12-13 11:25:55.26390612 2623171 [56363.615713]   963  3256 D ThermaPlan->Batch: {"func":"Batch->add()","batch":{"what":"BATCH","start":300042523,"end":331748773,"flags":8,"flagsBinary":"1000","oldStart":296563797,"oldEnd":331748773}}
43424168-e44e-473a-bf12-dba8a4a4453a 2016-12-13 11:25:55.26390612 2623172 [56363.616035]   963  3256 D ThermaPlan->Batch: {"func":"Batch->add()","batch":{"what":"BATCH","start":605813325,"end":1058493260,"flags":0,"flagsBinary":"0","oldStart":604893262,"oldEnd":1058493260}}
43424168-e44e-473a-bf12-dba8a4a4453a 2016-12-13 11:25:55.26390612 2623173 [56363.616220]   963  3256 D ThermaPlan->Batch: {"func":"Batch->add()","batch":{"what":"BATCH","start":624143935,"end":992076404,"flags":0,"flagsBinary":"0","oldStart":605813325,"oldEnd":1058493260}}
43424168-e44e-473a-bf12-dba8a4a4453a 2016-12-13 11:25:55.26390612 2623174 [56363.616399]   963  3256 D ThermaPlan->Batch: {"func":"Batch->add()","batch":{"what":"BATCH","start":694490727,"end":992076404,"flags":0,"flagsBinary":"0","oldStart":624143935,"oldEnd":992076404}}
43424168-e44e-473a-bf12-dba8a4a4453a 2016-12-13 11:25:55.26390612 2623175 [56363.616573]   963  3256 D ThermaPlan->Batch: {"func":"Batch->add()","batch":{"what":"BATCH","start":694490728,"end":992076404,"flags":0,"flagsBinary":"0","oldStart":694490727,"oldEnd":992076404}}
43424168-e44e-473a-bf12-dba8a4a4453a 2016-12-13 11:25:55.26390612 2623176 [56363.616742]   963  3256 D ThermaPlan->Batch: {"func":"Batch->add()","batch":{"what":"BATCH","start":701674709,"end":992076404,"flags":0,"flagsBinary":"0","oldStart":694490728,"oldEnd":992076404}}
43424168-e44e-473a-bf12-dba8a4a4453a 2016-12-13 11:25:55.26390612 2623177 [56363.617142]   963  3256 D ThermaPlan->Batch: {"func":"Batch->add()","batch":{"what":"BATCH","start":315360057206,"end":551880056972,"flags":0,"flagsBinary":"0","oldStart":315360056973,"oldEnd":551880056972}}
43424168-e44e-473a-bf12-dba8a4a4453a 2016-12-13 11:25:55.26390612 2623178 [56363.617325]   963  3256 D ThermaPlan->Batch: {"func":"Batch->add()","batch":{"what":"BATCH","start":315360057236,"end":551880056972,"flags":0,"flagsBinary":"0","oldStart":315360057206,"oldEnd":551880056972}}
43424168-e44e-473a-bf12-dba8a4a4453a 2016-12-13 11:25:55.26390612 2623179 [56363.617538]   963  3256 D ThermaPlan->Batch: {"func":"Batch->add()","batch":{"what":"BATCH","start":315360057240,"end":551880056972,"flags":0,"flagsBinary":"0","oldStart":315360057236,"oldEnd":551880056972}}
43424168-e44e-473a-bf12-dba8a4a4453a 2016-12-13 11:25:55.26390612 2623180 [56363.617711]   963  3256 D ThermaPlan->Batch: {"func":"Batch->add()","batch":{"what":"BATCH","start":315360057254,"end":551880056972,"flags":0,"flagsBinary":"0","oldStart":315360057240,"oldEnd":551880056972}}
43424168-e44e-473a-bf12-dba8a4a4453a 2016-12-13 11:25:55.26390612 2623181 [56363.617897]   963  3256 D ThermaPlan->Batch: {"func":"Batch->add()","batch":{"what":"BATCH","start":315360057257,"end":551880056972,"flags":0,"flagsBinary":"0","oldStart":315360057254,"oldEnd":551880056972}}
43424168-e44e-473a-bf12-dba8a4a4453a 2016-12-13 11:25:55.26390612 2623182 [56363.618068]   963  3256 D ThermaPlan->Batch: {"func":"Batch->add()","batch":{"what":"BATCH","start":315360057259,"end":551880056972,"flags":0,"flagsBinary":"0","oldStart":315360057257,"oldEnd":551880056972}}
43424168-e44e-473a-bf12-dba8a4a4453a 2016-12-13 11:25:55.26390612 2623183 [56363.618247]   963  3256 D ThermaPlan->Batch: {"func":"Batch->add()","batch":{"what":"BATCH","start":315360094195,"end":551880056972,"flags":0,"flagsBinary":"0","oldStart":315360057259,"oldEnd":551880056972}}
43424168-e44e-473a-bf12-dba8a4a4453a 2016-12-13 11:25:55.26390612 2623184 [56363.618425]   963  3256 D ThermaPlan->Batch: {"func":"Batch->add()","batch":{"what":"BATCH","start":315360113203,"end":551880056972,"flags":0,"flagsBinary":"0","oldStart":315360094195,"oldEnd":551880056972}}
43424168-e44e-473a-bf12-dba8a4a4453a 2016-12-13 11:25:55.26390612 2623185 [56363.618608]   963  3256 D ThermaPlan->Batch: {"func":"Batch->add()","batch":{"what":"BATCH","start":315399259724,"end":551880056972,"flags":0,"flagsBinary":"0","oldStart":315360113203,"oldEnd":551880056972}}
43424168-e44e-473a-bf12-dba8a4a4453a 2016-12-13 11:25:55.26390612 2623186 [56363.618789]   963  3256 D ThermaPlan->Batch: {"func":"Batch->add()","batch":{"what":"BATCH","start":315399259747,"end":551880056972,"flags":0,"flagsBinary":"0","oldStart":315399259724,"oldEnd":551880056972}}
43424168-e44e-473a-bf12-dba8a4a4453a 2016-12-13 11:25:55.26390612 2623187 [56363.618973]   963  3256 D ThermaPlan->Batch: {"func":"Batch->add()","batch":{"what":"BATCH","start":315572926898,"end":551880056972,"flags":0,"flagsBinary":"0","oldStart":315399259747,"oldEnd":551880056972}}
43424168-e44e-473a-bf12-dba8a4a4453a 2016-12-13 11:25:55.36390612 2623188 [56363.621705]   963  1820 D ThermaPlan->Batch: {"func":"Batch->add()","batch":{"what":"BATCH","start":213647783,"end":213647783,"flags":8,"flagsBinary":"1000","oldStart":213639889,"oldEnd":213684887}}
43424168-e44e-473a-bf12-dba8a4a4453a 2016-12-13 11:25:55.36390612 2623189 [56363.622299]   963  1820 D ThermaPlan->Batch: {"func":"Batch->add()","batch":{"what":"BATCH","start":213700771,"end":213730771,"flags":0,"flagsBinary":"0","oldStart":213650727,"oldEnd":213740727}}
43424168-e44e-473a-bf12-dba8a4a4453a 2016-12-13 11:25:55.36390612 2623190 [56363.622478]   963  1820 D ThermaPlan->Batch: {"func":"Batch->add()","batch":{"what":"BATCH","start":213711754,"end":213730771,"flags":8,"flagsBinary":"1000","oldStart":213700771,"oldEnd":213730771}}
43424168-e44e-473a-bf12-dba8a4a4453a 2016-12-13 11:25:55.36390612 2623191 [56363.623793]   963  1820 D ThermaPlan->Batch: {"func":"Batch->add()","batch":{"what":"BATCH","start":214276095,"end":214951095,"flags":8,"flagsBinary":"1000","oldStart":214251322,"oldEnd":215601322}}
43424168-e44e-473a-bf12-dba8a4a4453a 2016-12-13 11:25:55.36390612 2623192 [56363.623994]   963  1820 D ThermaPlan->Batch: {"func":"Batch->add()","batch":{"what":"BATCH","start":214278171,"end":214951095,"flags":8,"flagsBinary":"1000","oldStart":214276095,"oldEnd":214951095}}
43424168-e44e-473a-bf12-dba8a4a4453a 2016-12-13 11:25:55.36390612 2623193 [56363.624178]   963  1820 D ThermaPlan->Batch: {"func":"Batch->add()","batch":{"what":"BATCH","start":214278914,"end":214951095,"flags":8,"flagsBinary":"1000","oldStart":214278171,"oldEnd":214951095}}
43424168-e44e-473a-bf12-dba8a4a4453a 2016-12-13 11:25:55.36390612 2623194 [56363.624368]   963  1820 D ThermaPlan->Batch: {"func":"Batch->add()","batch":{"what":"BATCH","start":214278988,"end":214951095,"flags":8,"flagsBinary":"1000","oldStart":214278914,"oldEnd":214951095}}
43424168-e44e-473a-bf12-dba8a4a4453a 2016-12-13 11:25:55.36390612 2623195 [56363.624562]   963  1820 D ThermaPlan->Batch: {"func":"Batch->add()","batch":{"what":"BATCH","start":214281415,"end":214951095,"flags":8,"flagsBinary":"1000","oldStart":214278988,"oldEnd":214951095}}
43424168-e44e-473a-bf12-dba8a4a4453a 2016-12-13 11:25:55.36390612 2623196 [56363.624745]   963  1820 D ThermaPlan->Batch: {"func":"Batch->add()","batch":{"what":"BATCH","start":214281680,"end":214951095,"flags":8,"flagsBinary":"1000","oldStart":214281415,"oldEnd":214951095}}
43424168-e44e-473a-bf12-dba8a4a4453a 2016-12-13 11:25:55.36390612 2623197 [56363.624933]   963  1820 D ThermaPlan->Batch: {"func":"Batch->add()","batch":{"what":"BATCH","start":214282094,"end":214951095,"flags":8,"flagsBinary":"1000","oldStart":214281680,"oldEnd":214951095}}
43424168-e44e-473a-bf12-dba8a4a4453a 2016-12-13 11:25:55.36390612 2623198 [56363.625146]   963  1820 D ThermaPlan->Batch: {"func":"Batch->add()","batch":{"what":"BATCH","start":214282211,"end":214951095,"flags":8,"flagsBinary":"1000","oldStart":214282094,"oldEnd":214951095}}
43424168-e44e-473a-bf12-dba8a4a4453a 2016-12-13 11:25:55.36390612 2623199 [56363.625343]   963  1820 D ThermaPlan->Batch: {"func":"Batch->add()","batch":{"what":"BATCH","start":214282485,"end":214951095,"flags":8,"flagsBinary":"1000","oldStart":214282211,"oldEnd":214951095}}
43424168-e44e-473a-bf12-dba8a4a4453a 2016-12-13 11:25:55.36390612 2623200 [56363.625554]   963  1820 D ThermaPlan->Batch: {"func":"Batch->add()","batch":{"what":"BATCH","start":214294563,"end":214951095,"flags":8,"flagsBinary":"1000","oldStart":214282485,"oldEnd":214951095}}
43424168-e44e-473a-bf12-dba8a4a4453a 2016-12-13 11:25:55.36390612 2623201 [56363.625760]   963  1820 D ThermaPlan->Batch: {"func":"Batch->add()","batch":{"what":"BATCH","start":214733822,"end":214951095,"flags":8,"flagsBinary":"1000","oldStart":214294563,"oldEnd":214951095}}
43424168-e44e-473a-bf12-dba8a4a4453a 2016-12-13 11:25:55.36390612 2623202 [56363.625959]   963  1820 D ThermaPlan->Batch: {"func":"Batch->add()","batch":{"what":"BATCH","start":214750705,"end":214951095,"flags":8,"flagsBinary":"1000","oldStart":214733822,"oldEnd":214951095}}
43424168-e44e-473a-bf12-dba8a4a4453a 2016-12-13 11:25:55.36390612 2623203 [56363.627362]   963  1820 D ThermaPlan->Batch: {"func":"Batch->add()","batch":{"what":"BATCH","start":215759161,"end":219062073,"flags":8,"flagsBinary":"1000","oldStart":215226149,"oldEnd":219062073}}
43424168-e44e-473a-bf12-dba8a4a4453a 2016-12-13 11:25:55.36390612 2623204 [56363.627563]   963  1820 D ThermaPlan->Batch: {"func":"Batch->add()","batch":{"what":"BATCH","start":216082518,"end":218782518,"flags":8,"flagsBinary":"1000","oldStart":215759161,"oldEnd":219062073}}
43424168-e44e-473a-bf12-dba8a4a4453a 2016-12-13 11:25:55.36390612 2623205 [56363.627761]   963  1820 D ThermaPlan->Batch: {"func":"Batch->add()","batch":{"what":"BATCH","start":216144078,"end":218782518,"flags":8,"flagsBinary":"1000","oldStart":216082518,"oldEnd":218782518}}
43424168-e44e-473a-bf12-dba8a4a4453a 2016-12-13 11:25:55.36390612 2623206 [56363.627886]  2242  2242 I CastMediaRouteProvider: Network connectivity changed
43424168-e44e-473a-bf12-dba8a4a4453a 2016-12-13 11:25:55.36390612 2623207 [56363.627962]   963  1820 D ThermaPlan->Batch: {"func":"Batch->add()","batch":{"what":"BATCH","start":216526830,"end":218782518,"flags":8,"flagsBinary":"1000","oldStart":216144078,"oldEnd":218782518}}
43424168-e44e-473a-bf12-dba8a4a4453a 2016-12-13 11:25:55.36390612 2623208 [56363.628152]   963  1820 D ThermaPlan->Batch: {"func":"Batch->add()","batch":{"what":"BATCH","start":217737182,"end":218037182,"flags":8,"flagsBinary":"1000","oldStart":216526830,"oldEnd":218782518}}
43424168-e44e-473a-bf12-dba8a4a4453a 2016-12-13 11:25:55.36390612 2623209 [56363.628482]   963  1820 D ThermaPlan->Batch: {"func":"Batch->add()","batch":{"what":"BATCH","start":220150599,"end":224060131,"flags":0,"flagsBinary":"0","oldStart":219290727,"oldEnd":224060131}}
43424168-e44e-473a-bf12-dba8a4a4453a 2016-12-13 11:25:55.36390612 2623210 [56363.628673]   963  1820 D ThermaPlan->Batch: {"func":"Batch->add()","batch":{"what":"BATCH","start":220380550,"end":224060131,"flags":0,"flagsBinary":"0","oldStart":220150599,"oldEnd":224060131}}
43424168-e44e-473a-bf12-dba8a4a4453a 2016-12-13 11:25:55.36390612 2623211 [56363.629108]   963  1820 D ThermaPlan->Batch: {"func":"Batch->add()","batch":{"what":"BATCH","start":228290727,"end":239324426,"flags":0,"flagsBinary":"0","oldStart":224222674,"oldEnd":240422669}}
43424168-e44e-473a-bf12-dba8a4a4453a 2016-12-13 11:25:55.46390612 2623212 [56363.629328]   963  1820 D ThermaPlan->Batch: {"func":"Batch->add()","batch":{"what":"BATCH","start":230499939,"end":239324426,"flags":0,"flagsBinary":"0","oldStart":228290727,"oldEnd":239324426}}
43424168-e44e-473a-bf12-dba8a4a4453a 2016-12-13 11:25:55.46390612 2623213 [56363.629520]   963  1820 D ThermaPlan->Batch: {"func":"Batch->add()","batch":{"what":"BATCH","start":231188198,"end":239324426,"flags":0,"flagsBinary":"0","oldStart":230499939,"oldEnd":239324426}}
43424168-e44e-473a-bf12-dba8a4a4453a 2016-12-13 11:25:55.46390612 2623214 [56363.629723]   963  1820 D ThermaPlan->Batch: {"func":"Batch->add()","batch":{"what":"BATCH","start":231548284,"end":239324426,"flags":0,"flagsBinary":"0","oldStart":231188198,"oldEnd":239324426}}
43424168-e44e-473a-bf12-dba8a4a4453a 2016-12-13 11:25:55.46390612 2623215 [56363.630864]   963  1820 D ThermaPlan->Batch: {"func":"Batch->add()","batch":{"what":"BATCH","start":248330836,"end":285305189,"flags":8,"flagsBinary":"1000","oldStart":240305189,"oldEnd":285305189}}
43424168-e44e-473a-bf12-dba8a4a4453a 2016-12-13 11:25:55.46390612 2623216 [56363.631041]   963  1820 D ThermaPlan->Batch: {"func":"Batch->add()","batch":{"what":"BATCH","start":249541608,"end":282059671,"flags":8,"flagsBinary":"1000","oldStart":248330836,"oldEnd":285305189}}
43424168-e44e-473a-bf12-dba8a4a4453a 2016-12-13 11:25:55.46390612 2623217 [56363.631235]   963  1820 D ThermaPlan->Batch: {"func":"Batch->add()","batch":{"what":"BATCH","start":249641515,"end":280795765,"flags":8,"flagsBinary":"1000","oldStart":249541608,"oldEnd":282059671}}
43424168-e44e-473a-bf12-dba8a4a4453a 2016-12-13 11:25:55.46390612 2623218 [56363.631418]   963  1820 D ThermaPlan->Batch: {"func":"Batch->add()","batch":{"what":"BATCH","start":258890727,"end":280795765,"flags":8,"flagsBinary":"1000","oldStart":249641515,"oldEnd":280795765}}
43424168-e44e-473a-bf12-dba8a4a4453a 2016-12-13 11:25:55.46390612 2623219 [56363.631615]   963  1820 D ThermaPlan->Batch: {"func":"Batch->add()","batch":{"what":"BATCH","start":259200000,"end":280795765,"flags":8,"flagsBinary":"1000","oldStart":258890727,"oldEnd":280795765}}
43424168-e44e-473a-bf12-dba8a4a4453a 2016-12-13 11:25:55.46390612 2623220 [56363.631797]   963  1820 D ThermaPlan->Batch: {"func":"Batch->add()","batch":{"what":"BATCH","start":259252542,"end":280795765,"flags":8,"flagsBinary":"1000","oldStart":259200000,"oldEnd":280795765}}
43424168-e44e-473a-bf12-dba8a4a4453a 2016-12-13 11:25:55.46390612 2623221 [56363.631837]  3212  3212 D PhoneLabServices-UploaderTask: Alarm fired, action is android.net.conn.CONNECTIVITY_CHANGE
43424168-e44e-473a-bf12-dba8a4a4453a 2016-12-13 11:25:55.46390612 2623222 [56363.631994]   963  1820 D ThermaPlan->Batch: {"func":"Batch->add()","batch":{"what":"BATCH","start":259281310,"end":280795765,"flags":8,"flagsBinary":"1000","oldStart":259252542,"oldEnd":280795765}}
43424168-e44e-473a-bf12-dba8a4a4453a 2016-12-13 11:25:55.46390612 2623223 [56363.632043]  3212  3370 D PhoneLabServices-UploaderTask: Starting check task.
43424168-e44e-473a-bf12-dba8a4a4453a 2016-12-13 11:25:55.46390612 2623224 [56363.632191]   963  1820 D ThermaPlan->Batch: {"func":"Batch->add()","batch":{"what":"BATCH","start":259345161,"end":280795765,"flags":8,"flagsBinary":"1000","oldStart":259281310,"oldEnd":280795765}}
43424168-e44e-473a-bf12-dba8a4a4453a 2016-12-13 11:25:55.46390612 2623225 [56363.632389]   963  1820 D ThermaPlan->Batch: {"func":"Batch->add()","batch":{"what":"BATCH","start":259786617,"end":280795765,"flags":8,"flagsBinary":"1000","oldStart":259345161,"oldEnd":280795765}}
43424168-e44e-473a-bf12-dba8a4a4453a 2016-12-13 11:25:55.46390612 2623226 [56363.632700]   963  1820 D ThermaPlan->Batch: {"func":"Batch->add()","batch":{"what":"BATCH","start":261333689,"end":280795765,"flags":8,"flagsBinary":"1000","oldStart":259786617,"oldEnd":280795765}}
43424168-e44e-473a-bf12-dba8a4a4453a 2016-12-13 11:25:55.46390612 2623227 [56363.632881]   963  1820 D ThermaPlan->Batch: {"func":"Batch->add()","batch":{"what":"BATCH","start":270989138,"end":280795765,"flags":8,"flagsBinary":"1000","oldStart":261333689,"oldEnd":280795765}}
43424168-e44e-473a-bf12-dba8a4a4453a 2016-12-13 11:25:55.46390612 2623228 [56363.633109]  3870  3870 D NetworkChangeNotifierAutoDetect: Network connectivity changed, type is: 2
43424168-e44e-473a-bf12-dba8a4a4453a 2016-12-13 11:25:55.46390612 2623229 [56363.634997]   963  1820 D ThermaPlan->Batch: {"func":"Batch->add()","batch":{"what":"BATCH","start":292490680,"end":331748773,"flags":0,"flagsBinary":"0","oldStart":280825099,"oldEnd":331748773}}
43424168-e44e-473a-bf12-dba8a4a4453a 2016-12-13 11:25:55.46390612 2623230 [56363.635191]   963  1820 D ThermaPlan->Batch: {"func":"Batch->add()","batch":{"what":"BATCH","start":296563796,"end":331748773,"flags":0,"flagsBinary":"0","oldStart":292490680,"oldEnd":331748773}}
43424168-e44e-473a-bf12-dba8a4a4453a 2016-12-13 11:25:55.46390612 2623231 [56363.635503]   963  1820 D ThermaPlan->Batch: {"func":"Batch->add()","batch":{"what":"BATCH","start":605813326,"end":1058493260,"flags":0,"flagsBinary":"0","oldStart":604893262,"oldEnd":1058493260}}
43424168-e44e-473a-bf12-dba8a4a4453a 2016-12-13 11:25:55.46390612 2623232 [56363.635699]   963  1820 D ThermaPlan->Batch: {"func":"Batch->add()","batch":{"what":"BATCH","start":624143935,"end":992076404,"flags":0,"flagsBinary":"0","oldStart":605813326,"oldEnd":1058493260}}
43424168-e44e-473a-bf12-dba8a4a4453a 2016-12-13 11:25:55.46390612 2623233 [56363.635889]   963  1820 D ThermaPlan->Batch: {"func":"Batch->add()","batch":{"what":"BATCH","start":694490727,"end":992076404,"flags":0,"flagsBinary":"0","oldStart":624143935,"oldEnd":992076404}}
43424168-e44e-473a-bf12-dba8a4a4453a 2016-12-13 11:25:55.46390612 2623234 [56363.636208]   963  1820 D ThermaPlan->Batch: {"func":"Batch->add()","batch":{"what":"BATCH","start":701674709,"end":992076404,"flags":0,"flagsBinary":"0","oldStart":694490727,"oldEnd":992076404}}
43424168-e44e-473a-bf12-dba8a4a4453a 2016-12-13 11:25:55.46390612 2623235 [56363.636220]  3212  3370 D PhoneLabServices-LogcatTask: Preparing files for upload.
43424168-e44e-473a-bf12-dba8a4a4453a 2016-12-13 11:25:55.46390612 2623236 [56363.636623]   963  1820 D ThermaPlan->Batch: {"func":"Batch->add()","batch":{"what":"BATCH","start":315360057206,"end":551880056972,"flags":0,"flagsBinary":"0","oldStart":315360056973,"oldEnd":551880056972}}
43424168-e44e-473a-bf12-dba8a4a4453a 2016-12-13 11:25:55.46390612 2623237 [56363.636802]   963  1820 D ThermaPlan->Batch: {"func":"Batch->add()","batch":{"what":"BATCH","start":315360057236,"end":551880056972,"flags":0,"flagsBinary":"0","oldStart":315360057206,"oldEnd":551880056972}}
43424168-e44e-473a-bf12-dba8a4a4453a 2016-12-13 11:25:55.46390612 2623238 [56363.636999]   963  1820 D ThermaPlan->Batch: {"func":"Batch->add()","batch":{"what":"BATCH","start":315360057240,"end":551880056972,"flags":0,"flagsBinary":"0","oldStart":315360057236,"oldEnd":551880056972}}
43424168-e44e-473a-bf12-dba8a4a4453a 2016-12-13 11:25:55.46390612 2623239 [56363.637176]   963  1820 D ThermaPlan->Batch: {"func":"Batch->add()","batch":{"what":"BATCH","start":315360057254,"end":551880056972,"flags":0,"flagsBinary":"0","oldStart":315360057240,"oldEnd":551880056972}}
43424168-e44e-473a-bf12-dba8a4a4453a 2016-12-13 11:25:55.46390612 2623240 [56363.637365]   963  1820 D ThermaPlan->Batch: {"func":"Batch->add()","batch":{"what":"BATCH","start":315360057257,"end":551880056972,"flags":0,"flagsBinary":"0","oldStart":315360057254,"oldEnd":551880056972}}
43424168-e44e-473a-bf12-dba8a4a4453a 2016-12-13 11:25:55.46390612 2623241 [56363.637566]   963  1820 D ThermaPlan->Batch: {"func":"Batch->add()","batch":{"what":"BATCH","start":315360057259,"end":551880056972,"flags":0,"flagsBinary":"0","oldStart":315360057257,"oldEnd":551880056972}}
43424168-e44e-473a-bf12-dba8a4a4453a 2016-12-13 11:25:55.46390612 2623242 [56363.637666]  3212  3370 D PhoneLabServices-LogcatTask: Adding [/data/user/0/edu.buffalo.cse.phonelab.conductor/app_LogcatTask/1ltjjiv6ji1tnt6bh1te54oj40/log.out.0007, /data/user/0/edu.buffalo.cse.phonelab.conductor/app_LogcatTask/1ltjjiv6ji1tnt6bh1te54oj40/log.out.0006, /data/user/0/edu.buffalo.cse.phonelab.conductor/app_LogcatTask/1ltjjiv6ji1tnt6bh1te54oj40/log.out.0005, /data/user/0/edu.buffalo.cse.phonelab.conductor/app_LogcatTask/1ltjjiv6ji1tnt6bh1te54oj40/log.out.0004, /data/user/0/edu.buffalo.cse.phonelab.conductor/app_LogcatTask/1ltjjiv6ji1tnt6bh1te54oj40/log.out.0002, /data/user/0/edu.buffalo.cse.phonelab.conductor/app_LogcatTask/1ltjjiv6ji1tnt6bh1te54oj40/log.out.0003, /data/user/0/edu.buffalo.cse.phonelab.conductor/app_LogcatTask/1ltjjiv6ji1tnt6bh1te54oj40/log.out.0001]
43424168-e44e-473a-bf12-dba8a4a4453a 2016-12-13 11:25:55.46390612 2623243 [56363.637770]   963  1820 D ThermaPlan->Batch: {"func":"Batch->add()","batch":{"what":"BATCH","start":315360094195,"end":551880056972,"flags":0,"flagsBinary":"0","oldStart":315360057259,"oldEnd":551880056972}}
43424168-e44e-473a-bf12-dba8a4a4453a 2016-12-13 11:25:55.46390612 2623244 [56363.637964]   963  1820 D ThermaPlan->Batch: {"func":"Batch->add()","batch":{"what":"BATCH","start":315360113203,"end":551880056972,"flags":0,"flagsBinary":"0","oldStart":315360094195,"oldEnd":551880056972}}
43424168-e44e-473a-bf12-dba8a4a4453a 2016-12-13 11:25:55.46390612 2623245 [56363.638153]   963  1820 D ThermaPlan->Batch: {"func":"Batch->add()","batch":{"what":"BATCH","start":315399259724,"end":551880056972,"flags":0,"flagsBinary":"0","oldStart":315360113203,"oldEnd":551880056972}}
43424168-e44e-473a-bf12-dba8a4a4453a 2016-12-13 11:25:55.46390612 2623246 [56363.638339]   963  1820 D ThermaPlan->Batch: {"func":"Batch->add()","batch":{"what":"BATCH","start":315399259747,"end":551880056972,"flags":0,"flagsBinary":"0","oldStart":315399259724,"oldEnd":551880056972}}
43424168-e44e-473a-bf12-dba8a4a4453a 2016-12-13 11:25:55.46390612 2623247 [56363.638523]   963  1820 D ThermaPlan->Batch: {"func":"Batch->add()","batch":{"what":"BATCH","start":315572926898,"end":551880056972,"flags":0,"flagsBinary":"0","oldStart":315399259747,"oldEnd":551880056972}}
43424168-e44e-473a-bf12-dba8a4a4453a 2016-12-13 11:25:55.46390612 2623248 [56363.639187]  3212  3370 D PhoneLabServices-UploaderTask: 7 files waiting, should not upload.
43424168-e44e-473a-bf12-dba8a4a4453a 2016-12-13 11:25:55.56390612 2623249 [56363.640036]   963  1820 D ThermaPlan->AlarmManagerService: {"func":"AlarmManagerService->mService->set","pid":963,"uid":1000,"flagsBinary":"1000","flags":8,"type":3,"triggerAtTime":300045787,"nowELAPSED":213645787,"rtc":1481646355060,"windowLength":-1,"interval":0,"creatorPkg":"android","targetPkg":"android"}
43424168-e44e-473a-bf12-dba8a4a4453a 2016-12-13 11:25:55.56390612 2623250 [56363.640235]   963  1820 D ThermaPlan->Batch: {"func":"Batch->add()","batch":{"what":"BATCH","start":300045787,"end":331748773,"flags":8,"flagsBinary":"1000","oldStart":296563796,"oldEnd":331748773}}
43424168-e44e-473a-bf12-dba8a4a4453a 2016-12-13 11:25:55.56390612 2623251 [56363.641135]   963   976 D ThermaPlan->Batch: {"func":"Batch->add()","batch":{"what":"BATCH","start":213647783,"end":213647783,"flags":8,"flagsBinary":"1000","oldStart":213639889,"oldEnd":213684887}}
43424168-e44e-473a-bf12-dba8a4a4453a 2016-12-13 11:25:55.56390612 2623252 [56363.641833]   963   976 D ThermaPlan->Batch: {"func":"Batch->add()","batch":{"what":"BATCH","start":213700771,"end":213730771,"flags":0,"flagsBinary":"0","oldStart":213650727,"oldEnd":213740727}}
43424168-e44e-473a-bf12-dba8a4a4453a 2016-12-13 11:25:55.56390612 2623253 [56363.642035]   963   976 D ThermaPlan->Batch: {"func":"Batch->add()","batch":{"what":"BATCH","start":213711754,"end":213730771,"flags":8,"flagsBinary":"1000","oldStart":213700771,"oldEnd":213730771}}
43424168-e44e-473a-bf12-dba8a4a4453a 2016-12-13 11:25:55.56390612 2623254 [56363.643390]   963   976 D ThermaPlan->Batch: {"func":"Batch->add()","batch":{"what":"BATCH","start":214276095,"end":214951095,"flags":8,"flagsBinary":"1000","oldStart":214251322,"oldEnd":215601322}}
43424168-e44e-473a-bf12-dba8a4a4453a 2016-12-13 11:25:55.56390612 2623255 [56363.643575]   963   976 D ThermaPlan->Batch: {"func":"Batch->add()","batch":{"what":"BATCH","start":214278171,"end":214951095,"flags":8,"flagsBinary":"1000","oldStart":214276095,"oldEnd":214951095}}
43424168-e44e-473a-bf12-dba8a4a4453a 2016-12-13 11:25:55.56390612 2623256 [56363.643783]   963   976 D ThermaPlan->Batch: {"func":"Batch->add()","batch":{"what":"BATCH","start":214278914,"end":214951095,"flags":8,"flagsBinary":"1000","oldStart":214278171,"oldEnd":214951095}}
43424168-e44e-473a-bf12-dba8a4a4453a 2016-12-13 11:25:55.56390612 2623257 [56363.643970]   963   976 D ThermaPlan->Batch: {"func":"Batch->add()","batch":{"what":"BATCH","start":214278988,"end":214951095,"flags":8,"flagsBinary":"1000","oldStart":214278914,"oldEnd":214951095}}
43424168-e44e-473a-bf12-dba8a4a4453a 2016-12-13 11:25:55.56390612 2623258 [56363.644174]   963   976 D ThermaPlan->Batch: {"func":"Batch->add()","batch":{"what":"BATCH","start":214281415,"end":214951095,"flags":8,"flagsBinary":"1000","oldStart":214278988,"oldEnd":214951095}}
43424168-e44e-473a-bf12-dba8a4a4453a 2016-12-13 11:25:55.56390612 2623259 [56363.644357]   963   976 D ThermaPlan->Batch: {"func":"Batch->add()","batch":{"what":"BATCH","start":214281680,"end":214951095,"flags":8,"flagsBinary":"1000","oldStart":214281415,"oldEnd":214951095}}
43424168-e44e-473a-bf12-dba8a4a4453a 2016-12-13 11:25:55.56390612 2623260 [56363.644537]   963   976 D ThermaPlan->Batch: {"func":"Batch->add()","batch":{"what":"BATCH","start":214282094,"end":214951095,"flags":8,"flagsBinary":"1000","oldStart":214281680,"oldEnd":214951095}}
43424168-e44e-473a-bf12-dba8a4a4453a 2016-12-13 11:25:55.56390612 2623261 [56363.644738]   963   976 D ThermaPlan->Batch: {"func":"Batch->add()","batch":{"what":"BATCH","start":214282211,"end":214951095,"flags":8,"flagsBinary":"1000","oldStart":214282094,"oldEnd":214951095}}
43424168-e44e-473a-bf12-dba8a4a4453a 2016-12-13 11:25:55.56390612 2623262 [56363.644926]   963   976 D ThermaPlan->Batch: {"func":"Batch->add()","batch":{"what":"BATCH","start":214282485,"end":214951095,"flags":8,"flagsBinary":"1000","oldStart":214282211,"oldEnd":214951095}}
43424168-e44e-473a-bf12-dba8a4a4453a 2016-12-13 11:25:55.56390612 2623263 [56363.645116]   963   976 D ThermaPlan->Batch: {"func":"Batch->add()","batch":{"what":"BATCH","start":214294563,"end":214951095,"flags":8,"flagsBinary":"1000","oldStart":214282485,"oldEnd":214951095}}
43424168-e44e-473a-bf12-dba8a4a4453a 2016-12-13 11:25:55.56390612 2623264 [56363.645328]   963   976 D ThermaPlan->Batch: {"func":"Batch->add()","batch":{"what":"BATCH","start":214733822,"end":214951095,"flags":8,"flagsBinary":"1000","oldStart":214294563,"oldEnd":214951095}}
43424168-e44e-473a-bf12-dba8a4a4453a 2016-12-13 11:25:55.56390612 2623265 [56363.645529]   963   976 D ThermaPlan->Batch: {"func":"Batch->add()","batch":{"what":"BATCH","start":214750706,"end":214951095,"flags":8,"flagsBinary":"1000","oldStart":214733822,"oldEnd":214951095}}
43424168-e44e-473a-bf12-dba8a4a4453a 2016-12-13 11:25:55.56390612 2623266 [56363.646683]   963   976 D ThermaPlan->Batch: {"func":"Batch->add()","batch":{"what":"BATCH","start":215759161,"end":219062073,"flags":8,"flagsBinary":"1000","oldStart":215226149,"oldEnd":219062073}}
43424168-e44e-473a-bf12-dba8a4a4453a 2016-12-13 11:25:55.56390612 2623267 [56363.646885]   963   976 D ThermaPlan->Batch: {"func":"Batch->add()","batch":{"what":"BATCH","start":216082518,"end":218782518,"flags":8,"flagsBinary":"1000","oldStart":215759161,"oldEnd":219062073}}
43424168-e44e-473a-bf12-dba8a4a4453a 2016-12-13 11:25:55.56390612 2623268 [56363.647071]   963   976 D ThermaPlan->Batch: {"func":"Batch->add()","batch":{"what":"BATCH","start":216144078,"end":218782518,"flags":8,"flagsBinary":"1000","oldStart":216082518,"oldEnd":218782518}}
43424168-e44e-473a-bf12-dba8a4a4453a 2016-12-13 11:25:55.56390612 2623269 [56363.647249]   963   976 D ThermaPlan->Batch: {"func":"Batch->add()","batch":{"what":"BATCH","start":216526830,"end":218782518,"flags":8,"flagsBinary":"1000","oldStart":216144078,"oldEnd":218782518}}
43424168-e44e-473a-bf12-dba8a4a4453a 2016-12-13 11:25:55.56390612 2623270 [56363.647441]   963   976 D ThermaPlan->Batch: {"func":"Batch->add()","batch":{"what":"BATCH","start":217737182,"end":218037182,"flags":8,"flagsBinary":"1000","oldStart":216526830,"oldEnd":218782518}}
43424168-e44e-473a-bf12-dba8a4a4453a 2016-12-13 11:25:55.56390612 2623271 [56363.647778]   963   976 D ThermaPlan->Batch: {"func":"Batch->add()","batch":{"what":"BATCH","start":220150599,"end":224060132,"flags":0,"flagsBinary":"0","oldStart":219290728,"oldEnd":224060132}}
43424168-e44e-473a-bf12-dba8a4a4453a 2016-12-13 11:25:55.56390612 2623272 [56363.647966]   963   976 D ThermaPlan->Batch: {"func":"Batch->add()","batch":{"what":"BATCH","start":220380550,"end":224060132,"flags":0,"flagsBinary":"0","oldStart":220150599,"oldEnd":224060132}}
43424168-e44e-473a-bf12-dba8a4a4453a 2016-12-13 11:25:55.56390612 2623273 [56363.648426]   963   976 D ThermaPlan->Batch: {"func":"Batch->add()","batch":{"what":"BATCH","start":228290727,"end":239324426,"flags":0,"flagsBinary":"0","oldStart":224222674,"oldEnd":240422669}}
43424168-e44e-473a-bf12-dba8a4a4453a 2016-12-13 11:25:55.56390612 2623274 [56363.648625]   963   976 D ThermaPlan->Batch: {"func":"Batch->add()","batch":{"what":"BATCH","start":230499939,"end":239324426,"flags":0,"flagsBinary":"0","oldStart":228290727,"oldEnd":239324426}}
43424168-e44e-473a-bf12-dba8a4a4453a 2016-12-13 11:25:55.56390612 2623275 [56363.648799]   963   976 D ThermaPlan->Batch: {"func":"Batch->add()","batch":{"what":"BATCH","start":231188198,"end":239324426,"flags":0,"flagsBinary":"0","oldStart":230499939,"oldEnd":239324426}}
43424168-e44e-473a-bf12-dba8a4a4453a 2016-12-13 11:25:55.56390612 2623276 [56363.649000]   963   976 D ThermaPlan->Batch: {"func":"Batch->add()","batch":{"what":"BATCH","start":231548284,"end":239324426,"flags":0,"flagsBinary":"0","oldStart":231188198,"oldEnd":239324426}}
43424168-e44e-473a-bf12-dba8a4a4453a 2016-12-13 11:25:55.66390612 2623277 [56363.650171]   963   976 D ThermaPlan->Batch: {"func":"Batch->add()","batch":{"what":"BATCH","start":248330836,"end":285305189,"flags":8,"flagsBinary":"1000","oldStart":240305189,"oldEnd":285305189}}
43424168-e44e-473a-bf12-dba8a4a4453a 2016-12-13 11:25:55.66390612 2623278 [56363.650376]   963   976 D ThermaPlan->Batch: {"func":"Batch->add()","batch":{"what":"BATCH","start":249541608,"end":282059671,"flags":8,"flagsBinary":"1000","oldStart":248330836,"oldEnd":285305189}}
43424168-e44e-473a-bf12-dba8a4a4453a 2016-12-13 11:25:55.66390612 2623279 [56363.650571]   963   976 D ThermaPlan->Batch: {"func":"Batch->add()","batch":{"what":"BATCH","start":249641516,"end":280795766,"flags":8,"flagsBinary":"1000","oldStart":249541608,"oldEnd":282059671}}
43424168-e44e-473a-bf12-dba8a4a4453a 2016-12-13 11:25:55.66390612 2623280 [56363.650763]   963   976 D ThermaPlan->Batch: {"func":"Batch->add()","batch":{"what":"BATCH","start":258890727,"end":280795766,"flags":8,"flagsBinary":"1000","oldStart":249641516,"oldEnd":280795766}}
43424168-e44e-473a-bf12-dba8a4a4453a 2016-12-13 11:25:55.66390612 2623281 [56363.650963]   963   976 D ThermaPlan->Batch: {"func":"Batch->add()","batch":{"what":"BATCH","start":259200000,"end":280795766,"flags":8,"flagsBinary":"1000","oldStart":258890727,"oldEnd":280795766}}
43424168-e44e-473a-bf12-dba8a4a4453a 2016-12-13 11:25:55.66390612 2623282 [56363.651136]   963   976 D ThermaPlan->Batch: {"func":"Batch->add()","batch":{"what":"BATCH","start":259252542,"end":280795766,"flags":8,"flagsBinary":"1000","oldStart":259200000,"oldEnd":280795766}}
43424168-e44e-473a-bf12-dba8a4a4453a 2016-12-13 11:25:55.66390612 2623283 [56363.651321]   963   976 D ThermaPlan->Batch: {"func":"Batch->add()","batch":{"what":"BATCH","start":259281310,"end":280795766,"flags":8,"flagsBinary":"1000","oldStart":259252542,"oldEnd":280795766}}
43424168-e44e-473a-bf12-dba8a4a4453a 2016-12-13 11:25:55.66390612 2623284 [56363.651506]   963   976 D ThermaPlan->Batch: {"func":"Batch->add()","batch":{"what":"BATCH","start":259345162,"end":280795766,"flags":8,"flagsBinary":"1000","oldStart":259281310,"oldEnd":280795766}}
43424168-e44e-473a-bf12-dba8a4a4453a 2016-12-13 11:25:55.66390612 2623285 [56363.651704]   963   976 D ThermaPlan->Batch: {"func":"Batch->add()","batch":{"what":"BATCH","start":259786617,"end":280795766,"flags":8,"flagsBinary":"1000","oldStart":259345162,"oldEnd":280795766}}
43424168-e44e-473a-bf12-dba8a4a4453a 2016-12-13 11:25:55.66390612 2623286 [56363.651906]   963   976 D ThermaPlan->Batch: {"func":"Batch->add()","batch":{"what":"BATCH","start":261333689,"end":280795766,"flags":8,"flagsBinary":"1000","oldStart":259786617,"oldEnd":280795766}}
43424168-e44e-473a-bf12-dba8a4a4453a 2016-12-13 11:25:55.66390612 2623287 [56363.652094]   963   976 D ThermaPlan->Batch: {"func":"Batch->add()","batch":{"what":"BATCH","start":270989138,"end":280795766,"flags":8,"flagsBinary":"1000","oldStart":261333689,"oldEnd":280795766}}
43424168-e44e-473a-bf12-dba8a4a4453a 2016-12-13 11:25:55.66390612 2623288 [56363.654461]   963   976 D ThermaPlan->Batch: {"func":"Batch->add()","batch":{"what":"BATCH","start":292490680,"end":331748773,"flags":0,"flagsBinary":"0","oldStart":280825099,"oldEnd":331748773}}
43424168-e44e-473a-bf12-dba8a4a4453a 2016-12-13 11:25:55.66390612 2623289 [56363.654701]   963   976 D ThermaPlan->Batch: {"func":"Batch->add()","batch":{"what":"BATCH","start":296563797,"end":331748773,"flags":0,"flagsBinary":"0","oldStart":292490680,"oldEnd":331748773}}
43424168-e44e-473a-bf12-dba8a4a4453a 2016-12-13 11:25:55.66390612 2623290 [56363.654891]   963   976 D ThermaPlan->Batch: {"func":"Batch->add()","batch":{"what":"BATCH","start":300045787,"end":331748773,"flags":8,"flagsBinary":"1000","oldStart":296563797,"oldEnd":331748773}}
43424168-e44e-473a-bf12-dba8a4a4453a 2016-12-13 11:25:55.66390612 2623291 [56363.655227]   963   976 D ThermaPlan->Batch: {"func":"Batch->add()","batch":{"what":"BATCH","start":605813325,"end":1058493260,"flags":0,"flagsBinary":"0","oldStart":604893262,"oldEnd":1058493260}}
43424168-e44e-473a-bf12-dba8a4a4453a 2016-12-13 11:25:55.66390612 2623292 [56363.655448]   963   976 D ThermaPlan->Batch: {"func":"Batch->add()","batch":{"what":"BATCH","start":624143935,"end":992076404,"flags":0,"flagsBinary":"0","oldStart":605813325,"oldEnd":1058493260}}
43424168-e44e-473a-bf12-dba8a4a4453a 2016-12-13 11:25:55.66390612 2623293 [56363.655661]   963   976 D ThermaPlan->Batch: {"func":"Batch->add()","batch":{"what":"BATCH","start":694490728,"end":992076404,"flags":0,"flagsBinary":"0","oldStart":624143935,"oldEnd":992076404}}
43424168-e44e-473a-bf12-dba8a4a4453a 2016-12-13 11:25:55.66390612 2623294 [56363.656006]   963   976 D ThermaPlan->Batch: {"func":"Batch->add()","batch":{"what":"BATCH","start":701674709,"end":992076404,"flags":0,"flagsBinary":"0","oldStart":694490728,"oldEnd":992076404}}
43424168-e44e-473a-bf12-dba8a4a4453a 2016-12-13 11:25:55.66390612 2623295 [56363.657558]   963   976 D ThermaPlan->Batch: {"func":"Batch->add()","batch":{"what":"BATCH","start":315360057206,"end":551880056972,"flags":0,"flagsBinary":"0","oldStart":315360056973,"oldEnd":551880056972}}
43424168-e44e-473a-bf12-dba8a4a4453a 2016-12-13 11:25:55.66390612 2623296 [56363.657751]   963   976 D ThermaPlan->Batch: {"func":"Batch->add()","batch":{"what":"BATCH","start":315360057236,"end":551880056972,"flags":0,"flagsBinary":"0","oldStart":315360057206,"oldEnd":551880056972}}
43424168-e44e-473a-bf12-dba8a4a4453a 2016-12-13 11:25:55.66390612 2623297 [56363.657963]   963   976 D ThermaPlan->Batch: {"func":"Batch->add()","batch":{"what":"BATCH","start":315360057240,"end":551880056972,"flags":0,"flagsBinary":"0","oldStart":315360057236,"oldEnd":551880056972}}
43424168-e44e-473a-bf12-dba8a4a4453a 2016-12-13 11:25:55.66390612 2623298 [56363.658178]   963   976 D ThermaPlan->Batch: {"func":"Batch->add()","batch":{"what":"BATCH","start":315360057254,"end":551880056972,"flags":0,"flagsBinary":"0","oldStart":315360057240,"oldEnd":551880056972}}
43424168-e44e-473a-bf12-dba8a4a4453a 2016-12-13 11:25:55.66390612 2623299 [56363.658372]   963   976 D ThermaPlan->Batch: {"func":"Batch->add()","batch":{"what":"BATCH","start":315360057257,"end":551880056972,"flags":0,"flagsBinary":"0","oldStart":315360057254,"oldEnd":551880056972}}
43424168-e44e-473a-bf12-dba8a4a4453a 2016-12-13 11:25:55.66390612 2623300 [56363.659035]   963   976 D ThermaPlan->Batch: {"func":"Batch->add()","batch":{"what":"BATCH","start":315360057259,"end":551880056972,"flags":0,"flagsBinary":"0","oldStart":315360057257,"oldEnd":551880056972}}
43424168-e44e-473a-bf12-dba8a4a4453a 2016-12-13 11:25:55.66390612 2623301 [56363.659231]   963   976 D ThermaPlan->Batch: {"func":"Batch->add()","batch":{"what":"BATCH","start":315360094195,"end":551880056972,"flags":0,"flagsBinary":"0","oldStart":315360057259,"oldEnd":551880056972}}
43424168-e44e-473a-bf12-dba8a4a4453a 2016-12-13 11:25:55.76390612 2623302 [56363.659627]   963   976 D ThermaPlan->Batch: {"func":"Batch->add()","batch":{"what":"BATCH","start":315360113203,"end":551880056972,"flags":0,"flagsBinary":"0","oldStart":315360094195,"oldEnd":551880056972}}
43424168-e44e-473a-bf12-dba8a4a4453a 2016-12-13 11:25:55.76390612 2623303 [56363.659840]   963   976 D ThermaPlan->Batch: {"func":"Batch->add()","batch":{"what":"BATCH","start":315399259724,"end":551880056972,"flags":0,"flagsBinary":"0","oldStart":315360113203,"oldEnd":551880056972}}
43424168-e44e-473a-bf12-dba8a4a4453a 2016-12-13 11:25:55.76390612 2623304 [56363.660037]   963   976 D ThermaPlan->Batch: {"func":"Batch->add()","batch":{"what":"BATCH","start":315399259747,"end":551880056972,"flags":0,"flagsBinary":"0","oldStart":315399259724,"oldEnd":551880056972}}
43424168-e44e-473a-bf12-dba8a4a4453a 2016-12-13 11:25:55.76390612 2623305 [56363.660230]   963   976 D ThermaPlan->Batch: {"func":"Batch->add()","batch":{"what":"BATCH","start":315572926898,"end":551880056972,"flags":0,"flagsBinary":"0","oldStart":315399259747,"oldEnd":551880056972}}
43424168-e44e-473a-bf12-dba8a4a4453a 2016-12-13 11:25:55.76390612 2623306 [56363.662162]  3212  3370 D PhoneLabServices-UploaderTask: Sending broadcast of upload stats.
43424168-e44e-473a-bf12-dba8a4a4453a 2016-12-13 11:25:55.76390612 2623307 [56363.662646]  3212  3370 D PhoneLabServices-UploaderTask: Check task finished.
43424168-e44e-473a-bf12-dba8a4a4453a 2016-12-13 11:25:55.86390612 2623308 [56363.674782] 27781 29960 I Babel_ConcService: Acquired partial wake lock to keep ConcurrentService alive
43424168-e44e-473a-bf12-dba8a4a4453a 2016-12-13 11:25:55.86390612 2623309 [56363.676607] 27781 29960 I Babel_ConcService: Released partial wake lock as ConcurrentService became idle
43424168-e44e-473a-bf12-dba8a4a4453a 2016-12-13 11:25:55.86390612 2623310 [56363.679056] 27781 29962 I Babel_ConcService: Acquired partial wake lock to keep ConcurrentService alive
43424168-e44e-473a-bf12-dba8a4a4453a 2016-12-13 11:25:55.96390612 2623311 [56363.684823]  4236  4236 D SprintDMReceiver: Received intent: android.net.conn.CONNECTIVITY_CHANGE
43424168-e44e-473a-bf12-dba8a4a4453a 2016-12-13 11:25:55.96390612 2623312 [56363.686418] 27781 29962 I Babel_ConcService: Released partial wake lock as ConcurrentService became idle
43424168-e44e-473a-bf12-dba8a4a4453a 2016-12-13 11:25:55.96390612 2623313 [56363.687543] 27781 29961 I Babel_ConcService: Acquired partial wake lock to keep ConcurrentService alive
43424168-e44e-473a-bf12-dba8a4a4453a 2016-12-13 11:25:55.96390612 2623314 [56363.687661]  4236  4236 D SprintDMHelper: simOperator: 310120
43424168-e44e-473a-bf12-dba8a4a4453a 2016-12-13 11:25:55.96390612 2623315 [56363.687671]  4236  4236 D SprintDMHelper: isUICCSprint: We have a Sprint UICC
43424168-e44e-473a-bf12-dba8a4a4453a 2016-12-13 11:25:55.96390612 2623316 [56363.688140] 27781 29961 I Babel_ConcService: Released partial wake lock as ConcurrentService became idle
43424168-e44e-473a-bf12-dba8a4a4453a 2016-12-13 11:25:55.96390612 2623317 [56363.689225]  4236  4236 D SprintDMReceiver: startService SprintDMService: CONNECTIVITY_ACTION
43424168-e44e-473a-bf12-dba8a4a4453a 2016-12-13 11:25:55.106390612 2623318 [56363.689362]  4236  4236 D SprintDMReceiver: networkInfo extra is: [type: WIFI[], state: CONNECTED/CONNECTED, reason: (unspecified), extra: "AP4-5", roaming: false, failover: false, isAvailable: true]
43424168-e44e-473a-bf12-dba8a4a4453a 2016-12-13 11:25:55.106390612 2623319 [56363.689380]  4236  4236 D SprintDMReceiver: networkType extra is: 1
43424168-e44e-473a-bf12-dba8a4a4453a 2016-12-13 11:25:55.106390612 2623320 [56363.689395]  4236  4236 D SprintDMReceiver: isFailover extra is: false
43424168-e44e-473a-bf12-dba8a4a4453a 2016-12-13 11:25:55.106390612 2623321 [56363.689410]  4236  4236 D SprintDMReceiver: noConnectivity extra is: false
43424168-e44e-473a-bf12-dba8a4a4453a 2016-12-13 11:25:55.106390612 2623322 [56363.689424]  4236  4236 D SprintDMReceiver: otherNetworkInfo is: null
43424168-e44e-473a-bf12-dba8a4a4453a 2016-12-13 11:25:55.106390612 2623323 [56363.689439]  4236  4236 D SprintDMReceiver: reason extra is: null
43424168-e44e-473a-bf12-dba8a4a4453a 2016-12-13 11:25:55.106390612 2623324 [56363.689470]  4236  4236 D SprintDMReceiver: extraInfo extra is: "AP4-5"
43424168-e44e-473a-bf12-dba8a4a4453a 2016-12-13 11:25:55.106390612 2623325 [56363.689486]  4236  4236 D SprintDMReceiver: inetCondition extra is: 0
43424168-e44e-473a-bf12-dba8a4a4453a 2016-12-13 11:25:55.106390612 2623326 [56363.690420]  4236  4236 D SprintDMService: onStartCommand: intent="Intent { act=android.net.conn.CONNECTIVITY_CHANGE cmp=com.android.sdm.plugins.sprintdm/.SprintDMService (has extras) }" [tid=1]
43424168-e44e-473a-bf12-dba8a4a4453a 2016-12-13 11:25:55.106390612 2623327 [56363.690443]  4236  4236 D SprintDMService: onStartCommand: action="android.net.conn.CONNECTIVITY_CHANGE" flags=0 startId=623
43424168-e44e-473a-bf12-dba8a4a4453a 2016-12-13 11:25:55.106390612 2623328 [56363.690452]  4236  4236 D SprintDMService: got connectivity action
43424168-e44e-473a-bf12-dba8a4a4453a 2016-12-13 11:25:55.106390612 2623329 [56363.693570] 28584 28584 D WeatherUpdateService: onCreate
43424168-e44e-473a-bf12-dba8a4a4453a 2016-12-13 11:25:55.106390612 2623330 [56363.695608]  4236  4236 D SprintDMHelper: simOperator: 310120
43424168-e44e-473a-bf12-dba8a4a4453a 2016-12-13 11:25:55.106390612 2623331 [56363.695620]  4236  4236 D SprintDMHelper: isUICCSprint: We have a Sprint UICC
43424168-e44e-473a-bf12-dba8a4a4453a 2016-12-13 11:25:55.106390612 2623332 [56363.695632]  4236  4236 D SprintDMService: WiFi is connected
43424168-e44e-473a-bf12-dba8a4a4453a 2016-12-13 11:25:55.106390612 2623333 [56363.698351]  4236  4302 D SprintDMStateMachine: IdleState: processMessage EVENT_WIFI_CONNECTED
43424168-e44e-473a-bf12-dba8a4a4453a 2016-12-13 11:25:55.106390612 2623334 [56363.698369]  4236  4302 D SprintDMStateMachine: BaseState: ignoring EVENT_WIFI_CONNECTED
43424168-e44e-473a-bf12-dba8a4a4453a 2016-12-13 11:25:55.146390612 2623335 [56363.733951]   963  1883 D ThermaPlan->Batch: {"func":"Batch->add()","batch":{"what":"BATCH","start":213647783,"end":213647783,"flags":8,"flagsBinary":"1000","oldStart":213639889,"oldEnd":213684887}}
43424168-e44e-473a-bf12-dba8a4a4453a 2016-12-13 11:25:55.146390612 2623336 [56363.734500]   963  1883 D ThermaPlan->Batch: {"func":"Batch->add()","batch":{"what":"BATCH","start":213700771,"end":213730771,"flags":0,"flagsBinary":"0","oldStart":213650727,"oldEnd":213740727}}
43424168-e44e-473a-bf12-dba8a4a4453a 2016-12-13 11:25:55.146390612 2623337 [56363.734682]   963  1883 D ThermaPlan->Batch: {"func":"Batch->add()","batch":{"what":"BATCH","start":213711754,"end":213730771,"flags":8,"flagsBinary":"1000","oldStart":213700771,"oldEnd":213730771}}
43424168-e44e-473a-bf12-dba8a4a4453a 2016-12-13 11:25:55.146390612 2623338 [56363.736043]   963  1883 D ThermaPlan->Batch: {"func":"Batch->add()","batch":{"what":"BATCH","start":214276095,"end":214951095,"flags":8,"flagsBinary":"1000","oldStart":214251322,"oldEnd":215601322}}
43424168-e44e-473a-bf12-dba8a4a4453a 2016-12-13 11:25:55.146390612 2623339 [56363.736284]   963  1883 D ThermaPlan->Batch: {"func":"Batch->add()","batch":{"what":"BATCH","start":214278171,"end":214951095,"flags":8,"flagsBinary":"1000","oldStart":214276095,"oldEnd":214951095}}
43424168-e44e-473a-bf12-dba8a4a4453a 2016-12-13 11:25:55.146390612 2623340 [56363.736477]   963  1883 D ThermaPlan->Batch: {"func":"Batch->add()","batch":{"what":"BATCH","start":214278914,"end":214951095,"flags":8,"flagsBinary":"1000","oldStart":214278171,"oldEnd":214951095}}
43424168-e44e-473a-bf12-dba8a4a4453a 2016-12-13 11:25:55.146390612 2623341 [56363.736673]   963  1883 D ThermaPlan->Batch: {"func":"Batch->add()","batch":{"what":"BATCH","start":214278988,"end":214951095,"flags":8,"flagsBinary":"1000","oldStart":214278914,"oldEnd":214951095}}
43424168-e44e-473a-bf12-dba8a4a4453a 2016-12-13 11:25:55.146390612 2623342 [56363.736859]   963  1883 D ThermaPlan->Batch: {"func":"Batch->add()","batch":{"what":"BATCH","start":214281415,"end":214951095,"flags":8,"flagsBinary":"1000","oldStart":214278988,"oldEnd":214951095}}
43424168-e44e-473a-bf12-dba8a4a4453a 2016-12-13 11:25:55.146390612 2623343 [56363.737053]   963  1883 D ThermaPlan->Batch: {"func":"Batch->add()","batch":{"what":"BATCH","start":214281680,"end":214951095,"flags":8,"flagsBinary":"1000","oldStart":214281415,"oldEnd":214951095}}
43424168-e44e-473a-bf12-dba8a4a4453a 2016-12-13 11:25:55.146390612 2623344 [56363.737242]   963  1883 D ThermaPlan->Batch: {"func":"Batch->add()","batch":{"what":"BATCH","start":214282094,"end":214951095,"flags":8,"flagsBinary":"1000","oldStart":214281680,"oldEnd":214951095}}
43424168-e44e-473a-bf12-dba8a4a4453a 2016-12-13 11:25:55.146390612 2623345 [56363.737452]   963  1883 D ThermaPlan->Batch: {"func":"Batch->add()","batch":{"what":"BATCH","start":214282211,"end":214951095,"flags":8,"flagsBinary":"1000","oldStart":214282094,"oldEnd":214951095}}
43424168-e44e-473a-bf12-dba8a4a4453a 2016-12-13 11:25:55.146390612 2623346 [56363.737649]   963  1883 D ThermaPlan->Batch: {"func":"Batch->add()","batch":{"what":"BATCH","start":214282485,"end":214951095,"flags":8,"flagsBinary":"1000","oldStart":214282211,"oldEnd":214951095}}
43424168-e44e-473a-bf12-dba8a4a4453a 2016-12-13 11:25:55.146390612 2623347 [56363.737835]   963  1883 D ThermaPlan->Batch: {"func":"Batch->add()","batch":{"what":"BATCH","start":214294563,"end":214951095,"flags":8,"flagsBinary":"1000","oldStart":214282485,"oldEnd":214951095}}
43424168-e44e-473a-bf12-dba8a4a4453a 2016-12-13 11:25:55.146390612 2623348 [56363.738039]   963  1883 D ThermaPlan->Batch: {"func":"Batch->add()","batch":{"what":"BATCH","start":214733822,"end":214951095,"flags":8,"flagsBinary":"1000","oldStart":214294563,"oldEnd":214951095}}
43424168-e44e-473a-bf12-dba8a4a4453a 2016-12-13 11:25:55.146390612 2623349 [56363.738240]   963  1883 D ThermaPlan->Batch: {"func":"Batch->add()","batch":{"what":"BATCH","start":214750705,"end":214951095,"flags":8,"flagsBinary":"1000","oldStart":214733822,"oldEnd":214951095}}
43424168-e44e-473a-bf12-dba8a4a4453a 2016-12-13 11:25:55.156390612 2623350 [56363.739588]   963  1883 D ThermaPlan->Batch: {"func":"Batch->add()","batch":{"what":"BATCH","start":215759162,"end":219062073,"flags":8,"flagsBinary":"1000","oldStart":215226149,"oldEnd":219062073}}
43424168-e44e-473a-bf12-dba8a4a4453a 2016-12-13 11:25:55.156390612 2623351 [56363.739779]   963  1883 D ThermaPlan->Batch: {"func":"Batch->add()","batch":{"what":"BATCH","start":216082518,"end":218782518,"flags":8,"flagsBinary":"1000","oldStart":215759162,"oldEnd":219062073}}
43424168-e44e-473a-bf12-dba8a4a4453a 2016-12-13 11:25:55.156390612 2623352 [56363.739963]   963  1883 D ThermaPlan->Batch: {"func":"Batch->add()","batch":{"what":"BATCH","start":216144078,"end":218782518,"flags":8,"flagsBinary":"1000","oldStart":216082518,"oldEnd":218782518}}
43424168-e44e-473a-bf12-dba8a4a4453a 2016-12-13 11:25:55.156390612 2623353 [56363.740156]   963  1883 D ThermaPlan->Batch: {"func":"Batch->add()","batch":{"what":"BATCH","start":216526830,"end":218782518,"flags":8,"flagsBinary":"1000","oldStart":216144078,"oldEnd":218782518}}
43424168-e44e-473a-bf12-dba8a4a4453a 2016-12-13 11:25:55.156390612 2623354 [56363.740338]   963  1883 D ThermaPlan->Batch: {"func":"Batch->add()","batch":{"what":"BATCH","start":217737182,"end":218037182,"flags":8,"flagsBinary":"1000","oldStart":216526830,"oldEnd":218782518}}
43424168-e44e-473a-bf12-dba8a4a4453a 2016-12-13 11:25:55.156390612 2623355 [56363.740677]   963  1883 D ThermaPlan->Batch: {"func":"Batch->add()","batch":{"what":"BATCH","start":220150599,"end":224060132,"flags":0,"flagsBinary":"0","oldStart":219290728,"oldEnd":224060132}}
43424168-e44e-473a-bf12-dba8a4a4453a 2016-12-13 11:25:55.156390612 2623356 [56363.740882]   963  1883 D ThermaPlan->Batch: {"func":"Batch->add()","batch":{"what":"BATCH","start":220380550,"end":224060132,"flags":0,"flagsBinary":"0","oldStart":220150599,"oldEnd":224060132}}
43424168-e44e-473a-bf12-dba8a4a4453a 2016-12-13 11:25:55.156390612 2623357 [56363.741308]   963  1883 D ThermaPlan->Batch: {"func":"Batch->add()","batch":{"what":"BATCH","start":228290727,"end":239324426,"flags":0,"flagsBinary":"0","oldStart":224222674,"oldEnd":240422669}}
43424168-e44e-473a-bf12-dba8a4a4453a 2016-12-13 11:25:55.156390612 2623358 [56363.741496]   963  1883 D ThermaPlan->Batch: {"func":"Batch->add()","batch":{"what":"BATCH","start":230499939,"end":239324426,"flags":0,"flagsBinary":"0","oldStart":228290727,"oldEnd":239324426}}
43424168-e44e-473a-bf12-dba8a4a4453a 2016-12-13 11:25:55.156390612 2623359 [56363.741686]   963  1883 D ThermaPlan->Batch: {"func":"Batch->add()","batch":{"what":"BATCH","start":231188198,"end":239324426,"flags":0,"flagsBinary":"0","oldStart":230499939,"oldEnd":239324426}}
43424168-e44e-473a-bf12-dba8a4a4453a 2016-12-13 11:25:55.156390612 2623360 [56363.741888]   963  1883 D ThermaPlan->Batch: {"func":"Batch->add()","batch":{"what":"BATCH","start":231548284,"end":239324426,"flags":0,"flagsBinary":"0","oldStart":231188198,"oldEnd":239324426}}
43424168-e44e-473a-bf12-dba8a4a4453a 2016-12-13 11:25:55.156390612 2623361 [56363.743021]   963  1883 D ThermaPlan->Batch: {"func":"Batch->add()","batch":{"what":"BATCH","start":248330836,"end":285305189,"flags":8,"flagsBinary":"1000","oldStart":240305189,"oldEnd":285305189}}
43424168-e44e-473a-bf12-dba8a4a4453a 2016-12-13 11:25:55.156390612 2623362 [56363.743231]   963  1883 D ThermaPlan->Batch: {"func":"Batch->add()","batch":{"what":"BATCH","start":249541608,"end":282059671,"flags":8,"flagsBinary":"1000","oldStart":248330836,"oldEnd":285305189}}
43424168-e44e-473a-bf12-dba8a4a4453a 2016-12-13 11:25:55.156390612 2623363 [56363.743417]   963  1883 D ThermaPlan->Batch: {"func":"Batch->add()","batch":{"what":"BATCH","start":249641515,"end":280795765,"flags":8,"flagsBinary":"1000","oldStart":249541608,"oldEnd":282059671}}
43424168-e44e-473a-bf12-dba8a4a4453a 2016-12-13 11:25:55.156390612 2623364 [56363.743615]   963  1883 D ThermaPlan->Batch: {"func":"Batch->add()","batch":{"what":"BATCH","start":258890728,"end":280795765,"flags":8,"flagsBinary":"1000","oldStart":249641515,"oldEnd":280795765}}
43424168-e44e-473a-bf12-dba8a4a4453a 2016-12-13 11:25:55.156390612 2623365 [56363.743798]   963  1883 D ThermaPlan->Batch: {"func":"Batch->add()","batch":{"what":"BATCH","start":259200000,"end":280795765,"flags":8,"flagsBinary":"1000","oldStart":258890728,"oldEnd":280795765}}
43424168-e44e-473a-bf12-dba8a4a4453a 2016-12-13 11:25:55.156390612 2623366 [56363.743987]   963  1883 D ThermaPlan->Batch: {"func":"Batch->add()","batch":{"what":"BATCH","start":259252542,"end":280795765,"flags":8,"flagsBinary":"1000","oldStart":259200000,"oldEnd":280795765}}
43424168-e44e-473a-bf12-dba8a4a4453a 2016-12-13 11:25:55.156390612 2623367 [56363.744187]   963  1883 D ThermaPlan->Batch: {"func":"Batch->add()","batch":{"what":"BATCH","start":259281310,"end":280795765,"flags":8,"flagsBinary":"1000","oldStart":259252542,"oldEnd":280795765}}
43424168-e44e-473a-bf12-dba8a4a4453a 2016-12-13 11:25:55.156390612 2623368 [56363.744385]   963  1883 D ThermaPlan->Batch: {"func":"Batch->add()","batch":{"what":"BATCH","start":259345161,"end":280795765,"flags":8,"flagsBinary":"1000","oldStart":259281310,"oldEnd":280795765}}
43424168-e44e-473a-bf12-dba8a4a4453a 2016-12-13 11:25:55.156390612 2623369 [56363.744591]   963  1883 D ThermaPlan->Batch: {"func":"Batch->add()","batch":{"what":"BATCH","start":259786618,"end":280795765,"flags":8,"flagsBinary":"1000","oldStart":259345161,"oldEnd":280795765}}
43424168-e44e-473a-bf12-dba8a4a4453a 2016-12-13 11:25:55.156390612 2623370 [56363.744784]   963  1883 D ThermaPlan->Batch: {"func":"Batch->add()","batch":{"what":"BATCH","start":261333689,"end":280795765,"flags":8,"flagsBinary":"1000","oldStart":259786618,"oldEnd":280795765}}
43424168-e44e-473a-bf12-dba8a4a4453a 2016-12-13 11:25:55.156390612 2623371 [56363.744983]   963  1883 D ThermaPlan->Batch: {"func":"Batch->add()","batch":{"what":"BATCH","start":270989138,"end":280795765,"flags":8,"flagsBinary":"1000","oldStart":261333689,"oldEnd":280795765}}
43424168-e44e-473a-bf12-dba8a4a4453a 2016-12-13 11:25:55.156390612 2623372 [56363.746369] 28584 28584 D WeatherUpdateService: Service started, but shouldn't update ... stopping
43424168-e44e-473a-bf12-dba8a4a4453a 2016-12-13 11:25:55.156390612 2623373 [56363.746973]   963  1883 D ThermaPlan->Batch: {"func":"Batch->add()","batch":{"what":"BATCH","start":292490680,"end":331748773,"flags":0,"flagsBinary":"0","oldStart":280825099,"oldEnd":331748773}}
43424168-e44e-473a-bf12-dba8a4a4453a 2016-12-13 11:25:55.156390612 2623374 [56363.747182]   963  1883 D ThermaPlan->Batch: {"func":"Batch->add()","batch":{"what":"BATCH","start":296563796,"end":331748773,"flags":0,"flagsBinary":"0","oldStart":292490680,"oldEnd":331748773}}
43424168-e44e-473a-bf12-dba8a4a4453a 2016-12-13 11:25:55.156390612 2623375 [56363.747368] 28584 28584 D WeatherUpdateService: onDestroy
43424168-e44e-473a-bf12-dba8a4a4453a 2016-12-13 11:25:55.156390612 2623376 [56363.747380]   963  1883 D ThermaPlan->Batch: {"func":"Batch->add()","batch":{"what":"BATCH","start":300045787,"end":331748773,"flags":8,"flagsBinary":"1000","oldStart":296563796,"oldEnd":331748773}}
43424168-e44e-473a-bf12-dba8a4a4453a 2016-12-13 11:25:55.156390612 2623377 [56363.747707]   963  1883 D ThermaPlan->Batch: {"func":"Batch->add()","batch":{"what":"BATCH","start":605813325,"end":1058493261,"flags":0,"flagsBinary":"0","oldStart":604893263,"oldEnd":1058493261}}
43424168-e44e-473a-bf12-dba8a4a4453a 2016-12-13 11:25:55.156390612 2623378 [56363.747903]   963  1883 D ThermaPlan->Batch: {"func":"Batch->add()","batch":{"what":"BATCH","start":624143935,"end":992076404,"flags":0,"flagsBinary":"0","oldStart":605813325,"oldEnd":1058493261}}
43424168-e44e-473a-bf12-dba8a4a4453a 2016-12-13 11:25:55.156390612 2623379 [56363.748111]   963  1883 D ThermaPlan->Batch: {"func":"Batch->add()","batch":{"what":"BATCH","start":694490727,"end":992076404,"flags":0,"flagsBinary":"0","oldStart":624143935,"oldEnd":992076404}}
43424168-e44e-473a-bf12-dba8a4a4453a 2016-12-13 11:25:55.156390612 2623380 [56363.748424]   963  1883 D ThermaPlan->Batch: {"func":"Batch->add()","batch":{"what":"BATCH","start":701674709,"end":992076404,"flags":0,"flagsBinary":"0","oldStart":694490727,"oldEnd":992076404}}
43424168-e44e-473a-bf12-dba8a4a4453a 2016-12-13 11:25:55.156390612 2623381 [56363.748863]   963  1883 D ThermaPlan->Batch: {"func":"Batch->add()","batch":{"what":"BATCH","start":315360057206,"end":551880056972,"flags":0,"flagsBinary":"0","oldStart":315360056973,"oldEnd":551880056972}}
43424168-e44e-473a-bf12-dba8a4a4453a 2016-12-13 11:25:55.156390612 2623382 [56363.749072]   963  1883 D ThermaPlan->Batch: {"func":"Batch->add()","batch":{"what":"BATCH","start":315360057236,"end":551880056972,"flags":0,"flagsBinary":"0","oldStart":315360057206,"oldEnd":551880056972}}
43424168-e44e-473a-bf12-dba8a4a4453a 2016-12-13 11:25:55.166390612 2623383 [56363.749423]   963  1883 D ThermaPlan->Batch: {"func":"Batch->add()","batch":{"what":"BATCH","start":315360057240,"end":551880056972,"flags":0,"flagsBinary":"0","oldStart":315360057236,"oldEnd":551880056972}}
43424168-e44e-473a-bf12-dba8a4a4453a 2016-12-13 11:25:55.166390612 2623384 [56363.749648]   963  1883 D ThermaPlan->Batch: {"func":"Batch->add()","batch":{"what":"BATCH","start":315360057254,"end":551880056972,"flags":0,"flagsBinary":"0","oldStart":315360057240,"oldEnd":551880056972}}
43424168-e44e-473a-bf12-dba8a4a4453a 2016-12-13 11:25:55.166390612 2623385 [56363.749845]   963  1883 D ThermaPlan->Batch: {"func":"Batch->add()","batch":{"what":"BATCH","start":315360057257,"end":551880056972,"flags":0,"flagsBinary":"0","oldStart":315360057254,"oldEnd":551880056972}}
43424168-e44e-473a-bf12-dba8a4a4453a 2016-12-13 11:25:55.166390612 2623386 [56363.750042]   963  1883 D ThermaPlan->Batch: {"func":"Batch->add()","batch":{"what":"BATCH","start":315360057259,"end":551880056972,"flags":0,"flagsBinary":"0","oldStart":315360057257,"oldEnd":551880056972}}
43424168-e44e-473a-bf12-dba8a4a4453a 2016-12-13 11:25:55.166390612 2623387 [56363.750232]   963  1883 D ThermaPlan->Batch: {"func":"Batch->add()","batch":{"what":"BATCH","start":315360094195,"end":551880056972,"flags":0,"flagsBinary":"0","oldStart":315360057259,"oldEnd":551880056972}}
43424168-e44e-473a-bf12-dba8a4a4453a 2016-12-13 11:25:55.166390612 2623388 [56363.750442]   963  1883 D ThermaPlan->Batch: {"func":"Batch->add()","batch":{"what":"BATCH","start":315360113203,"end":551880056972,"flags":0,"flagsBinary":"0","oldStart":315360094195,"oldEnd":551880056972}}
43424168-e44e-473a-bf12-dba8a4a4453a 2016-12-13 11:25:55.166390612 2623389 [56363.750633]   963  1883 D ThermaPlan->Batch: {"func":"Batch->add()","batch":{"what":"BATCH","start":315399259724,"end":551880056972,"flags":0,"flagsBinary":"0","oldStart":315360113203,"oldEnd":551880056972}}
43424168-e44e-473a-bf12-dba8a4a4453a 2016-12-13 11:25:55.166390612 2623390 [56363.750827]   963  1883 D ThermaPlan->Batch: {"func":"Batch->add()","batch":{"what":"BATCH","start":315399259747,"end":551880056972,"flags":0,"flagsBinary":"0","oldStart":315399259724,"oldEnd":551880056972}}
43424168-e44e-473a-bf12-dba8a4a4453a 2016-12-13 11:25:55.166390612 2623391 [56363.751019]   963  1883 D ThermaPlan->Batch: {"func":"Batch->add()","batch":{"what":"BATCH","start":315572926898,"end":551880056972,"flags":0,"flagsBinary":"0","oldStart":315399259747,"oldEnd":551880056972}}
43424168-e44e-473a-bf12-dba8a4a4453a 2016-12-13 11:25:55.176390612 2623392 [56363.760934]   963  1412 D Ethernet: got request NetworkRequest [ id=257, legacyType=-1, [ Transports: WIFI Capabilities: NOT_METERED&INTERNET&NOT_RESTRICTED&NOT_VPN] ] with score 0
43424168-e44e-473a-bf12-dba8a4a4453a 2016-12-13 11:25:55.176390612 2623393 [56363.761165]   963  1378 D WIFI    : got request NetworkRequest [ id=257, legacyType=-1, [ Transports: WIFI Capabilities: NOT_METERED&INTERNET&NOT_RESTRICTED&NOT_VPN] ] with score 0
43424168-e44e-473a-bf12-dba8a4a4453a 2016-12-13 11:25:55.176390612 2623394 [56363.761251]   963  1378 D WIFI_UT : got request NetworkRequest [ id=257, legacyType=-1, [ Transports: WIFI Capabilities: NOT_METERED&INTERNET&NOT_RESTRICTED&NOT_VPN] ] with score 0
43424168-e44e-473a-bf12-dba8a4a4453a 2016-12-13 11:25:55.176390612 2623395 [56363.768549]   963  1958 D ThermaPlan->AlarmManagerService: {"func":"AlarmManagerService->mService->set","pid":1821,"uid":10014,"flagsBinary":"0","flags":0,"type":2,"triggerAtTime":213741687,"nowELAPSED":213645916,"rtc":1481646355188,"windowLength":-1,"interval":0,"creatorPkg":"com.google.android.gms","targetPkg":"com.google.android.gms"}
43424168-e44e-473a-bf12-dba8a4a4453a 2016-12-13 11:25:55.196390612 2623396 [56363.779533]   388   388 D Kernel-Trace:      kworker/0:1-18635 [000] ...1 56363.699352: thermal_temp: sensor_id=5 temp=48
43424168-e44e-473a-bf12-dba8a4a4453a 2016-12-13 11:25:55.196390612 2623397 [56363.779540]   388   388 D Kernel-Trace:     kworker/1:2H-12491 [001] ...1 56363.769570: cpu_frequency: state=1190400 cpu_id=1
43424168-e44e-473a-bf12-dba8a4a4453a 2016-12-13 11:25:55.226390612 2623398 [56363.815581]  2875 29971 W msgr.b  : Called user scoped provider with no viewer. ViewerContextManager was created with no ViewerContext. Using EmptyViewerContextManager to return fake logged in instance.
43424168-e44e-473a-bf12-dba8a4a4453a 2016-12-13 11:25:55.236390612 2623399 [56363.825459]   963  3256 D ThermaPlan->Batch: {"func":"Batch->add()","batch":{"what":"BATCH","start":213647783,"end":213647783,"flags":8,"flagsBinary":"1000","oldStart":213639889,"oldEnd":213684887}}
43424168-e44e-473a-bf12-dba8a4a4453a 2016-12-13 11:25:55.236390612 2623400 [56363.825989]   963  3256 D ThermaPlan->Batch: {"func":"Batch->add()","batch":{"what":"BATCH","start":213700771,"end":213730771,"flags":0,"flagsBinary":"0","oldStart":213650727,"oldEnd":213740727}}
43424168-e44e-473a-bf12-dba8a4a4453a 2016-12-13 11:25:55.236390612 2623401 [56363.826165]   963  3256 D ThermaPlan->Batch: {"func":"Batch->add()","batch":{"what":"BATCH","start":213711754,"end":213730771,"flags":8,"flagsBinary":"1000","oldStart":213700771,"oldEnd":213730771}}
43424168-e44e-473a-bf12-dba8a4a4453a 2016-12-13 11:25:55.236390612 2623402 [56363.827409]   963  3256 D ThermaPlan->Batch: {"func":"Batch->add()","batch":{"what":"BATCH","start":214276095,"end":214951095,"flags":8,"flagsBinary":"1000","oldStart":214251322,"oldEnd":215601322}}
43424168-e44e-473a-bf12-dba8a4a4453a 2016-12-13 11:25:55.236390612 2623403 [56363.827643]   963  3256 D ThermaPlan->Batch: {"func":"Batch->add()","batch":{"what":"BATCH","start":214278171,"end":214951095,"flags":8,"flagsBinary":"1000","oldStart":214276095,"oldEnd":214951095}}
43424168-e44e-473a-bf12-dba8a4a4453a 2016-12-13 11:25:55.236390612 2623404 [56363.827817]   963  3256 D ThermaPlan->Batch: {"func":"Batch->add()","batch":{"what":"BATCH","start":214278914,"end":214951095,"flags":8,"flagsBinary":"1000","oldStart":214278171,"oldEnd":214951095}}
43424168-e44e-473a-bf12-dba8a4a4453a 2016-12-13 11:25:55.236390612 2623405 [56363.827995]   963  3256 D ThermaPlan->Batch: {"func":"Batch->add()","batch":{"what":"BATCH","start":214278988,"end":214951095,"flags":8,"flagsBinary":"1000","oldStart":214278914,"oldEnd":214951095}}
43424168-e44e-473a-bf12-dba8a4a4453a 2016-12-13 11:25:55.236390612 2623406 [56363.828173]   963  3256 D ThermaPlan->Batch: {"func":"Batch->add()","batch":{"what":"BATCH","start":214281415,"end":214951095,"flags":8,"flagsBinary":"1000","oldStart":214278988,"oldEnd":214951095}}
43424168-e44e-473a-bf12-dba8a4a4453a 2016-12-13 11:25:55.236390612 2623407 [56363.828351]   963  3256 D ThermaPlan->Batch: {"func":"Batch->add()","batch":{"what":"BATCH","start":214281680,"end":214951095,"flags":8,"flagsBinary":"1000","oldStart":214281415,"oldEnd":214951095}}
43424168-e44e-473a-bf12-dba8a4a4453a 2016-12-13 11:25:55.236390612 2623408 [56363.828536]   963  3256 D ThermaPlan->Batch: {"func":"Batch->add()","batch":{"what":"BATCH","start":214282094,"end":214951095,"flags":8,"flagsBinary":"1000","oldStart":214281680,"oldEnd":214951095}}
43424168-e44e-473a-bf12-dba8a4a4453a 2016-12-13 11:25:55.236390612 2623409 [56363.828719]   963  3256 D ThermaPlan->Batch: {"func":"Batch->add()","batch":{"what":"BATCH","start":214282211,"end":214951095,"flags":8,"flagsBinary":"1000","oldStart":214282094,"oldEnd":214951095}}
43424168-e44e-473a-bf12-dba8a4a4453a 2016-12-13 11:25:55.236390612 2623410 [56363.828906]   963  3256 D ThermaPlan->Batch: {"func":"Batch->add()","batch":{"what":"BATCH","start":214282485,"end":214951095,"flags":8,"flagsBinary":"1000","oldStart":214282211,"oldEnd":214951095}}
43424168-e44e-473a-bf12-dba8a4a4453a 2016-12-13 11:25:55.236390612 2623411 [56363.829090]   963  3256 D ThermaPlan->Batch: {"func":"Batch->add()","batch":{"what":"BATCH","start":214294563,"end":214951095,"flags":8,"flagsBinary":"1000","oldStart":214282485,"oldEnd":214951095}}
43424168-e44e-473a-bf12-dba8a4a4453a 2016-12-13 11:25:55.236390612 2623412 [56363.829276]   963  3256 D ThermaPlan->Batch: {"func":"Batch->add()","batch":{"what":"BATCH","start":214733822,"end":214951095,"flags":8,"flagsBinary":"1000","oldStart":214294563,"oldEnd":214951095}}
43424168-e44e-473a-bf12-dba8a4a4453a 2016-12-13 11:25:55.246390612 2623413 [56363.838972]   963  3256 D ThermaPlan->Batch: {"func":"Batch->add()","batch":{"what":"BATCH","start":214750705,"end":214951095,"flags":8,"flagsBinary":"1000","oldStart":214733822,"oldEnd":214951095}}
43424168-e44e-473a-bf12-dba8a4a4453a 2016-12-13 11:25:55.256390612 2623414 [56363.840329]   963  3256 D ThermaPlan->Batch: {"func":"Batch->add()","batch":{"what":"BATCH","start":215759161,"end":219062073,"flags":8,"flagsBinary":"1000","oldStart":215226149,"oldEnd":219062073}}
43424168-e44e-473a-bf12-dba8a4a4453a 2016-12-13 11:25:55.256390612 2623415 [56363.840505]   963  3256 D ThermaPlan->Batch: {"func":"Batch->add()","batch":{"what":"BATCH","start":216082518,"end":218782518,"flags":8,"flagsBinary":"1000","oldStart":215759161,"oldEnd":219062073}}
43424168-e44e-473a-bf12-dba8a4a4453a 2016-12-13 11:25:55.256390612 2623416 [56363.840679]   963  3256 D ThermaPlan->Batch: {"func":"Batch->add()","batch":{"what":"BATCH","start":216144078,"end":218782518,"flags":8,"flagsBinary":"1000","oldStart":216082518,"oldEnd":218782518}}
43424168-e44e-473a-bf12-dba8a4a4453a 2016-12-13 11:25:55.256390612 2623417 [56363.840838]   963  3256 D ThermaPlan->Batch: {"func":"Batch->add()","batch":{"what":"BATCH","start":216526830,"end":218782518,"flags":8,"flagsBinary":"1000","oldStart":216144078,"oldEnd":218782518}}
43424168-e44e-473a-bf12-dba8a4a4453a 2016-12-13 11:25:55.256390612 2623418 [56363.841008]   963  3256 D ThermaPlan->Batch: {"func":"Batch->add()","batch":{"what":"BATCH","start":217737182,"end":218037182,"flags":8,"flagsBinary":"1000","oldStart":216526830,"oldEnd":218782518}}
43424168-e44e-473a-bf12-dba8a4a4453a 2016-12-13 11:25:55.256390612 2623419 [56363.841302]   963  3256 D ThermaPlan->Batch: {"func":"Batch->add()","batch":{"what":"BATCH","start":220150599,"end":224060131,"flags":0,"flagsBinary":"0","oldStart":219290727,"oldEnd":224060131}}
43424168-e44e-473a-bf12-dba8a4a4453a 2016-12-13 11:25:55.256390612 2623420 [56363.841504]   963  3256 D ThermaPlan->Batch: {"func":"Batch->add()","batch":{"what":"BATCH","start":220380550,"end":224060131,"flags":0,"flagsBinary":"0","oldStart":220150599,"oldEnd":224060131}}
43424168-e44e-473a-bf12-dba8a4a4453a 2016-12-13 11:25:55.256390612 2623421 [56363.841907]   963  3256 D ThermaPlan->Batch: {"func":"Batch->add()","batch":{"what":"BATCH","start":228290727,"end":239324426,"flags":0,"flagsBinary":"0","oldStart":224222674,"oldEnd":240422669}}
43424168-e44e-473a-bf12-dba8a4a4453a 2016-12-13 11:25:55.256390612 2623422 [56363.842081]   963  3256 D ThermaPlan->Batch: {"func":"Batch->add()","batch":{"what":"BATCH","start":230499939,"end":239324426,"flags":0,"flagsBinary":"0","oldStart":228290727,"oldEnd":239324426}}
43424168-e44e-473a-bf12-dba8a4a4453a 2016-12-13 11:25:55.256390612 2623423 [56363.842255]   963  3256 D ThermaPlan->Batch: {"func":"Batch->add()","batch":{"what":"BATCH","start":231188198,"end":239324426,"flags":0,"flagsBinary":"0","oldStart":230499939,"oldEnd":239324426}}
43424168-e44e-473a-bf12-dba8a4a4453a 2016-12-13 11:25:55.256390612 2623424 [56363.842432]   963  3256 D ThermaPlan->Batch: {"func":"Batch->add()","batch":{"what":"BATCH","start":231548284,"end":239324426,"flags":0,"flagsBinary":"0","oldStart":231188198,"oldEnd":239324426}}
43424168-e44e-473a-bf12-dba8a4a4453a 2016-12-13 11:25:55.256390612 2623425 [56363.843384]   963  3256 D ThermaPlan->Batch: {"func":"Batch->add()","batch":{"what":"BATCH","start":248330836,"end":285305189,"flags":8,"flagsBinary":"1000","oldStart":240305189,"oldEnd":285305189}}
43424168-e44e-473a-bf12-dba8a4a4453a 2016-12-13 11:25:55.256390612 2623426 [56363.843561]   963  3256 D ThermaPlan->Batch: {"func":"Batch->add()","batch":{"what":"BATCH","start":249541608,"end":282059671,"flags":8,"flagsBinary":"1000","oldStart":248330836,"oldEnd":285305189}}
43424168-e44e-473a-bf12-dba8a4a4453a 2016-12-13 11:25:55.256390612 2623427 [56363.843744]   963  3256 D ThermaPlan->Batch: {"func":"Batch->add()","batch":{"what":"BATCH","start":249641515,"end":280795765,"flags":8,"flagsBinary":"1000","oldStart":249541608,"oldEnd":282059671}}
43424168-e44e-473a-bf12-dba8a4a4453a 2016-12-13 11:25:55.256390612 2623428 [56363.843922]   963  3256 D ThermaPlan->Batch: {"func":"Batch->add()","batch":{"what":"BATCH","start":258890727,"end":280795765,"flags":8,"flagsBinary":"1000","oldStart":249641515,"oldEnd":280795765}}
43424168-e44e-473a-bf12-dba8a4a4453a 2016-12-13 11:25:55.256390612 2623429 [56363.844105]   963  3256 D ThermaPlan->Batch: {"func":"Batch->add()","batch":{"what":"BATCH","start":259200000,"end":280795765,"flags":8,"flagsBinary":"1000","oldStart":258890727,"oldEnd":280795765}}
43424168-e44e-473a-bf12-dba8a4a4453a 2016-12-13 11:25:55.256390612 2623430 [56363.844278]   963  3256 D ThermaPlan->Batch: {"func":"Batch->add()","batch":{"what":"BATCH","start":259252542,"end":280795765,"flags":8,"flagsBinary":"1000","oldStart":259200000,"oldEnd":280795765}}
43424168-e44e-473a-bf12-dba8a4a4453a 2016-12-13 11:25:55.256390612 2623431 [56363.844475]   963  3256 D ThermaPlan->Batch: {"func":"Batch->add()","batch":{"what":"BATCH","start":259281310,"end":280795765,"flags":8,"flagsBinary":"1000","oldStart":259252542,"oldEnd":280795765}}
43424168-e44e-473a-bf12-dba8a4a4453a 2016-12-13 11:25:55.256390612 2623432 [56363.844658]   963  3256 D ThermaPlan->Batch: {"func":"Batch->add()","batch":{"what":"BATCH","start":259345162,"end":280795765,"flags":8,"flagsBinary":"1000","oldStart":259281310,"oldEnd":280795765}}
43424168-e44e-473a-bf12-dba8a4a4453a 2016-12-13 11:25:55.256390612 2623433 [56363.844835]   963  3256 D ThermaPlan->Batch: {"func":"Batch->add()","batch":{"what":"BATCH","start":259786617,"end":280795765,"flags":8,"flagsBinary":"1000","oldStart":259345162,"oldEnd":280795765}}
43424168-e44e-473a-bf12-dba8a4a4453a 2016-12-13 11:25:55.256390612 2623434 [56363.845011]   963  3256 D ThermaPlan->Batch: {"func":"Batch->add()","batch":{"what":"BATCH","start":261333689,"end":280795765,"flags":8,"flagsBinary":"1000","oldStart":259786617,"oldEnd":280795765}}
43424168-e44e-473a-bf12-dba8a4a4453a 2016-12-13 11:25:55.256390612 2623435 [56363.845206]   963  3256 D ThermaPlan->Batch: {"func":"Batch->add()","batch":{"what":"BATCH","start":270989138,"end":280795765,"flags":8,"flagsBinary":"1000","oldStart":261333689,"oldEnd":280795765}}
43424168-e44e-473a-bf12-dba8a4a4453a 2016-12-13 11:25:55.256390612 2623436 [56363.847152]   963  3256 D ThermaPlan->Batch: {"func":"Batch->add()","batch":{"what":"BATCH","start":292490680,"end":331748773,"flags":0,"flagsBinary":"0","oldStart":280825099,"oldEnd":331748773}}
43424168-e44e-473a-bf12-dba8a4a4453a 2016-12-13 11:25:55.256390612 2623437 [56363.847330]   963  3256 D ThermaPlan->Batch: {"func":"Batch->add()","batch":{"what":"BATCH","start":296563796,"end":331748773,"flags":0,"flagsBinary":"0","oldStart":292490680,"oldEnd":331748773}}
43424168-e44e-473a-bf12-dba8a4a4453a 2016-12-13 11:25:55.256390612 2623438 [56363.847507]   963  3256 D ThermaPlan->Batch: {"func":"Batch->add()","batch":{"what":"BATCH","start":300045787,"end":331748773,"flags":8,"flagsBinary":"1000","oldStart":296563796,"oldEnd":331748773}}
43424168-e44e-473a-bf12-dba8a4a4453a 2016-12-13 11:25:55.256390612 2623439 [56363.847800]   963  3256 D ThermaPlan->Batch: {"func":"Batch->add()","batch":{"what":"BATCH","start":605813325,"end":1058493260,"flags":0,"flagsBinary":"0","oldStart":604893262,"oldEnd":1058493260}}
43424168-e44e-473a-bf12-dba8a4a4453a 2016-12-13 11:25:55.256390612 2623440 [56363.847981]   963  3256 D ThermaPlan->Batch: {"func":"Batch->add()","batch":{"what":"BATCH","start":624143935,"end":992076404,"flags":0,"flagsBinary":"0","oldStart":605813325,"oldEnd":1058493260}}
43424168-e44e-473a-bf12-dba8a4a4453a 2016-12-13 11:25:55.256390612 2623441 [56363.848158]   963  3256 D ThermaPlan->Batch: {"func":"Batch->add()","batch":{"what":"BATCH","start":694490727,"end":992076404,"flags":0,"flagsBinary":"0","oldStart":624143935,"oldEnd":992076404}}
43424168-e44e-473a-bf12-dba8a4a4453a 2016-12-13 11:25:55.256390612 2623442 [56363.848467]   963  3256 D ThermaPlan->Batch: {"func":"Batch->add()","batch":{"what":"BATCH","start":701674709,"end":992076404,"flags":0,"flagsBinary":"0","oldStart":694490727,"oldEnd":992076404}}
43424168-e44e-473a-bf12-dba8a4a4453a 2016-12-13 11:25:55.256390612 2623443 [56363.848863]   963  3256 D ThermaPlan->Batch: {"func":"Batch->add()","batch":{"what":"BATCH","start":315360057206,"end":551880056972,"flags":0,"flagsBinary":"0","oldStart":315360056973,"oldEnd":551880056972}}
43424168-e44e-473a-bf12-dba8a4a4453a 2016-12-13 11:25:55.256390612 2623444 [56363.849045]   963  3256 D ThermaPlan->Batch: {"func":"Batch->add()","batch":{"what":"BATCH","start":315360057236,"end":551880056972,"flags":0,"flagsBinary":"0","oldStart":315360057206,"oldEnd":551880056972}}
43424168-e44e-473a-bf12-dba8a4a4453a 2016-12-13 11:25:55.256390612 2623445 [56363.849235]   963  3256 D ThermaPlan->Batch: {"func":"Batch->add()","batch":{"what":"BATCH","start":315360057240,"end":551880056972,"flags":0,"flagsBinary":"0","oldStart":315360057236,"oldEnd":551880056972}}
43424168-e44e-473a-bf12-dba8a4a4453a 2016-12-13 11:25:55.266390612 2623446 [56363.849486]   963  3256 D ThermaPlan->Batch: {"func":"Batch->add()","batch":{"what":"BATCH","start":315360057254,"end":551880056972,"flags":0,"flagsBinary":"0","oldStart":315360057240,"oldEnd":551880056972}}
43424168-e44e-473a-bf12-dba8a4a4453a 2016-12-13 11:25:55.266390612 2623447 [56363.849681]   963  3256 D ThermaPlan->Batch: {"func":"Batch->add()","batch":{"what":"BATCH","start":315360057257,"end":551880056972,"flags":0,"flagsBinary":"0","oldStart":315360057254,"oldEnd":551880056972}}
43424168-e44e-473a-bf12-dba8a4a4453a 2016-12-13 11:25:55.266390612 2623448 [56363.849858]   963  3256 D ThermaPlan->Batch: {"func":"Batch->add()","batch":{"what":"BATCH","start":315360057259,"end":551880056972,"flags":0,"flagsBinary":"0","oldStart":315360057257,"oldEnd":551880056972}}
43424168-e44e-473a-bf12-dba8a4a4453a 2016-12-13 11:25:55.266390612 2623449 [56363.850052]   963  3256 D ThermaPlan->Batch: {"func":"Batch->add()","batch":{"what":"BATCH","start":315360094195,"end":551880056972,"flags":0,"flagsBinary":"0","oldStart":315360057259,"oldEnd":551880056972}}
43424168-e44e-473a-bf12-dba8a4a4453a 2016-12-13 11:25:55.266390612 2623450 [56363.850228]   963  3256 D ThermaPlan->Batch: {"func":"Batch->add()","batch":{"what":"BATCH","start":315360113203,"end":551880056972,"flags":0,"flagsBinary":"0","oldStart":315360094195,"oldEnd":551880056972}}
43424168-e44e-473a-bf12-dba8a4a4453a 2016-12-13 11:25:55.266390612 2623451 [56363.850406]   963  3256 D ThermaPlan->Batch: {"func":"Batch->add()","batch":{"what":"BATCH","start":315399259724,"end":551880056972,"flags":0,"flagsBinary":"0","oldStart":315360113203,"oldEnd":551880056972}}
43424168-e44e-473a-bf12-dba8a4a4453a 2016-12-13 11:25:55.266390612 2623452 [56363.850586]   963  3256 D ThermaPlan->Batch: {"func":"Batch->add()","batch":{"what":"BATCH","start":315399259747,"end":551880056972,"flags":0,"flagsBinary":"0","oldStart":315399259724,"oldEnd":551880056972}}
43424168-e44e-473a-bf12-dba8a4a4453a 2016-12-13 11:25:55.266390612 2623453 [56363.850759]   963  3256 D ThermaPlan->Batch: {"func":"Batch->add()","batch":{"what":"BATCH","start":315572926898,"end":551880056972,"flags":0,"flagsBinary":"0","oldStart":315399259747,"oldEnd":551880056972}}
43424168-e44e-473a-bf12-dba8a4a4453a 2016-12-13 11:25:55.266390612 2623454 [56363.856931]   963  1477 D ThermaPlan->AlarmManagerService: {"func":"AlarmManagerService->mService->set","pid":2875,"uid":10098,"flagsBinary":"1","flags":1,"type":2,"triggerAtTime":244039869,"nowELAPSED":213646004,"rtc":1481646355277,"windowLength":0,"interval":0,"creatorPkg":"com.facebook.orca","targetPkg":"com.facebook.orca"}
43424168-e44e-473a-bf12-dba8a4a4453a 2016-12-13 11:25:55.296390612 2623455 [56363.879559]   388   388 D Kernel-Trace:     kworker/1:2H-12491 [001] ...1 56363.829615: cpu_frequency: state=1267200 cpu_id=1
43424168-e44e-473a-bf12-dba8a4a4453a 2016-12-13 11:25:55.296390612 2623456 [56363.879569]   388   388 D Kernel-Trace:     kworker/3:2H-12900 [003] ...1 56363.856383: cpu_frequency: state=300000 cpu_id=3
43424168-e44e-473a-bf12-dba8a4a4453a 2016-12-13 11:25:55.296390612 2623457 [56363.879576]   388   388 D Kernel-Trace:     kworker/3:2H-12900 [003] ...1 56363.869650: cpu_frequency: state=1497600 cpu_id=3
43424168-e44e-473a-bf12-dba8a4a4453a 2016-12-13 11:25:55.296390612 2623458 [56363.884951] 27410 29973 W fb4a.0Rv: Called user scoped provider with no viewer. ViewerContextManager was created with no ViewerContext. Using EmptyViewerContextManager to return fake logged in instance.
43424168-e44e-473a-bf12-dba8a4a4453a 2016-12-13 11:25:55.296390612 2623459 [56363.888660] 27410 29973 W fb4a.0Rv: Called user scoped provider with no viewer. ViewerContextManager was created with no ViewerContext. Using EmptyViewerContextManager to return fake logged in instance.
43424168-e44e-473a-bf12-dba8a4a4453a 2016-12-13 11:25:55.326390612 2623460 [56363.916750]   963  1883 D ThermaPlan->Batch: {"func":"Batch->add()","batch":{"what":"BATCH","start":213647784,"end":213647784,"flags":8,"flagsBinary":"1000","oldStart":213639889,"oldEnd":213684887}}
43424168-e44e-473a-bf12-dba8a4a4453a 2016-12-13 11:25:55.326390612 2623461 [56363.918226]   963  1883 D ThermaPlan->Batch: {"func":"Batch->add()","batch":{"what":"BATCH","start":213700771,"end":213730771,"flags":0,"flagsBinary":"0","oldStart":213650727,"oldEnd":213740727}}
43424168-e44e-473a-bf12-dba8a4a4453a 2016-12-13 11:25:55.326390612 2623462 [56363.918736]   963  1883 D ThermaPlan->Batch: {"func":"Batch->add()","batch":{"what":"BATCH","start":213711754,"end":213730771,"flags":8,"flagsBinary":"1000","oldStart":213700771,"oldEnd":213730771}}
43424168-e44e-473a-bf12-dba8a4a4453a 2016-12-13 11:25:55.336390612 2623463 [56363.922995]   963  1883 D ThermaPlan->Batch: {"func":"Batch->add()","batch":{"what":"BATCH","start":214276095,"end":214951095,"flags":8,"flagsBinary":"1000","oldStart":214251322,"oldEnd":215601322}}
43424168-e44e-473a-bf12-dba8a4a4453a 2016-12-13 11:25:55.336390612 2623464 [56363.923535]   963  1883 D ThermaPlan->Batch: {"func":"Batch->add()","batch":{"what":"BATCH","start":214278171,"end":214951095,"flags":8,"flagsBinary":"1000","oldStart":214276095,"oldEnd":214951095}}
43424168-e44e-473a-bf12-dba8a4a4453a 2016-12-13 11:25:55.336390612 2623465 [56363.924046]   963  1883 D ThermaPlan->Batch: {"func":"Batch->add()","batch":{"what":"BATCH","start":214278914,"end":214951095,"flags":8,"flagsBinary":"1000","oldStart":214278171,"oldEnd":214951095}}
43424168-e44e-473a-bf12-dba8a4a4453a 2016-12-13 11:25:55.336390612 2623466 [56363.924643]   963  1883 D ThermaPlan->Batch: {"func":"Batch->add()","batch":{"what":"BATCH","start":214278988,"end":214951095,"flags":8,"flagsBinary":"1000","oldStart":214278914,"oldEnd":214951095}}
43424168-e44e-473a-bf12-dba8a4a4453a 2016-12-13 11:25:55.336390612 2623467 [56363.925184]   963  1883 D ThermaPlan->Batch: {"func":"Batch->add()","batch":{"what":"BATCH","start":214281415,"end":214951095,"flags":8,"flagsBinary":"1000","oldStart":214278988,"oldEnd":214951095}}
43424168-e44e-473a-bf12-dba8a4a4453a 2016-12-13 11:25:55.336390612 2623468 [56363.925763]   963  1883 D ThermaPlan->Batch: {"func":"Batch->add()","batch":{"what":"BATCH","start":214281680,"end":214951095,"flags":8,"flagsBinary":"1000","oldStart":214281415,"oldEnd":214951095}}
43424168-e44e-473a-bf12-dba8a4a4453a 2016-12-13 11:25:55.336390612 2623469 [56363.926311]   963  1883 D ThermaPlan->Batch: {"func":"Batch->add()","batch":{"what":"BATCH","start":214282094,"end":214951095,"flags":8,"flagsBinary":"1000","oldStart":214281680,"oldEnd":214951095}}
43424168-e44e-473a-bf12-dba8a4a4453a 2016-12-13 11:25:55.336390612 2623470 [56363.926873]   963  1883 D ThermaPlan->Batch: {"func":"Batch->add()","batch":{"what":"BATCH","start":214282211,"end":214951095,"flags":8,"flagsBinary":"1000","oldStart":214282094,"oldEnd":214951095}}
43424168-e44e-473a-bf12-dba8a4a4453a 2016-12-13 11:25:55.336390612 2623471 [56363.927408]   963  1883 D ThermaPlan->Batch: {"func":"Batch->add()","batch":{"what":"BATCH","start":214282485,"end":214951095,"flags":8,"flagsBinary":"1000","oldStart":214282211,"oldEnd":214951095}}
43424168-e44e-473a-bf12-dba8a4a4453a 2016-12-13 11:25:55.336390612 2623472 [56363.927956]   963  1883 D ThermaPlan->Batch: {"func":"Batch->add()","batch":{"what":"BATCH","start":214294563,"end":214951095,"flags":8,"flagsBinary":"1000","oldStart":214282485,"oldEnd":214951095}}
43424168-e44e-473a-bf12-dba8a4a4453a 2016-12-13 11:25:55.336390612 2623473 [56363.928520]   963  1883 D ThermaPlan->Batch: {"func":"Batch->add()","batch":{"what":"BATCH","start":214733822,"end":214951095,"flags":8,"flagsBinary":"1000","oldStart":214294563,"oldEnd":214951095}}
43424168-e44e-473a-bf12-dba8a4a4453a 2016-12-13 11:25:55.336390612 2623474 [56363.929120]   963  1883 D ThermaPlan->Batch: {"func":"Batch->add()","batch":{"what":"BATCH","start":214750705,"end":214951095,"flags":8,"flagsBinary":"1000","oldStart":214733822,"oldEnd":214951095}}
43424168-e44e-473a-bf12-dba8a4a4453a 2016-12-13 11:25:55.346390612 2623475 [56363.931295]   963  1883 D ThermaPlan->Batch: {"func":"Batch->add()","batch":{"what":"BATCH","start":215759161,"end":219062073,"flags":8,"flagsBinary":"1000","oldStart":215226149,"oldEnd":219062073}}
43424168-e44e-473a-bf12-dba8a4a4453a 2016-12-13 11:25:55.346390612 2623476 [56363.931564]   963  1883 D ThermaPlan->Batch: {"func":"Batch->add()","batch":{"what":"BATCH","start":216082518,"end":218782518,"flags":8,"flagsBinary":"1000","oldStart":215759161,"oldEnd":219062073}}
43424168-e44e-473a-bf12-dba8a4a4453a 2016-12-13 11:25:55.346390612 2623477 [56363.931884]   963  1883 D ThermaPlan->Batch: {"func":"Batch->add()","batch":{"what":"BATCH","start":216144078,"end":218782518,"flags":8,"flagsBinary":"1000","oldStart":216082518,"oldEnd":218782518}}
43424168-e44e-473a-bf12-dba8a4a4453a 2016-12-13 11:25:55.346390612 2623478 [56363.932184]   963  1883 D ThermaPlan->Batch: {"func":"Batch->add()","batch":{"what":"BATCH","start":216526830,"end":218782518,"flags":8,"flagsBinary":"1000","oldStart":216144078,"oldEnd":218782518}}
43424168-e44e-473a-bf12-dba8a4a4453a 2016-12-13 11:25:55.346390612 2623479 [56363.932472]   963  1883 D ThermaPlan->Batch: {"func":"Batch->add()","batch":{"what":"BATCH","start":217737182,"end":218037182,"flags":8,"flagsBinary":"1000","oldStart":216526830,"oldEnd":218782518}}
43424168-e44e-473a-bf12-dba8a4a4453a 2016-12-13 11:25:55.346390612 2623480 [56363.932949]   963  1883 D ThermaPlan->Batch: {"func":"Batch->add()","batch":{"what":"BATCH","start":220150599,"end":224060131,"flags":0,"flagsBinary":"0","oldStart":219290727,"oldEnd":224060131}}
43424168-e44e-473a-bf12-dba8a4a4453a 2016-12-13 11:25:55.346390612 2623481 [56363.933247]   963  1883 D ThermaPlan->Batch: {"func":"Batch->add()","batch":{"what":"BATCH","start":220380550,"end":224060131,"flags":0,"flagsBinary":"0","oldStart":220150599,"oldEnd":224060131}}
43424168-e44e-473a-bf12-dba8a4a4453a 2016-12-13 11:25:55.346390612 2623482 [56363.933906]   963  1883 D ThermaPlan->Batch: {"func":"Batch->add()","batch":{"what":"BATCH","start":228290727,"end":239324426,"flags":0,"flagsBinary":"0","oldStart":224222674,"oldEnd":240422669}}
43424168-e44e-473a-bf12-dba8a4a4453a 2016-12-13 11:25:55.346390612 2623483 [56363.934207]   963  1883 D ThermaPlan->Batch: {"func":"Batch->add()","batch":{"what":"BATCH","start":230499939,"end":239324426,"flags":0,"flagsBinary":"0","oldStart":228290727,"oldEnd":239324426}}
43424168-e44e-473a-bf12-dba8a4a4453a 2016-12-13 11:25:55.346390612 2623484 [56363.934520]   963  1883 D ThermaPlan->Batch: {"func":"Batch->add()","batch":{"what":"BATCH","start":231188198,"end":239324426,"flags":0,"flagsBinary":"0","oldStart":230499939,"oldEnd":239324426}}
43424168-e44e-473a-bf12-dba8a4a4453a 2016-12-13 11:25:55.346390612 2623485 [56363.934817]   963  1883 D ThermaPlan->Batch: {"func":"Batch->add()","batch":{"what":"BATCH","start":231548284,"end":239324426,"flags":0,"flagsBinary":"0","oldStart":231188198,"oldEnd":239324426}}
43424168-e44e-473a-bf12-dba8a4a4453a 2016-12-13 11:25:55.346390612 2623486 [56363.936501]   963  1883 D ThermaPlan->Batch: {"func":"Batch->add()","batch":{"what":"BATCH","start":248330836,"end":285305189,"flags":8,"flagsBinary":"1000","oldStart":240305189,"oldEnd":285305189}}
43424168-e44e-473a-bf12-dba8a4a4453a 2016-12-13 11:25:55.346390612 2623487 [56363.936805]   963  1883 D ThermaPlan->Batch: {"func":"Batch->add()","batch":{"what":"BATCH","start":249541608,"end":282059671,"flags":8,"flagsBinary":"1000","oldStart":248330836,"oldEnd":285305189}}
43424168-e44e-473a-bf12-dba8a4a4453a 2016-12-13 11:25:55.346390612 2623488 [56363.937092]   963  1883 D ThermaPlan->Batch: {"func":"Batch->add()","batch":{"what":"BATCH","start":249641515,"end":280795765,"flags":8,"flagsBinary":"1000","oldStart":249541608,"oldEnd":282059671}}
43424168-e44e-473a-bf12-dba8a4a4453a 2016-12-13 11:25:55.346390612 2623489 [56363.937420]   963  1883 D ThermaPlan->Batch: {"func":"Batch->add()","batch":{"what":"BATCH","start":258890727,"end":280795765,"flags":8,"flagsBinary":"1000","oldStart":249641515,"oldEnd":280795765}}
43424168-e44e-473a-bf12-dba8a4a4453a 2016-12-13 11:25:55.346390612 2623490 [56363.937751]   963  1883 D ThermaPlan->Batch: {"func":"Batch->add()","batch":{"what":"BATCH","start":259200000,"end":280795765,"flags":8,"flagsBinary":"1000","oldStart":258890727,"oldEnd":280795765}}
43424168-e44e-473a-bf12-dba8a4a4453a 2016-12-13 11:25:55.346390612 2623491 [56363.938042]   963  1883 D ThermaPlan->Batch: {"func":"Batch->add()","batch":{"what":"BATCH","start":259252542,"end":280795765,"flags":8,"flagsBinary":"1000","oldStart":259200000,"oldEnd":280795765}}
43424168-e44e-473a-bf12-dba8a4a4453a 2016-12-13 11:25:55.346390612 2623492 [56363.938328]   963  1883 D ThermaPlan->Batch: {"func":"Batch->add()","batch":{"what":"BATCH","start":259281310,"end":280795765,"flags":8,"flagsBinary":"1000","oldStart":259252542,"oldEnd":280795765}}
43424168-e44e-473a-bf12-dba8a4a4453a 2016-12-13 11:25:55.346390612 2623493 [56363.938359]   963  2298 D ThermaPlan->AlarmManagerService: {"func":"AlarmManagerService->mService->set","pid":1821,"uid":10014,"flagsBinary":"101","flags":5,"type":2,"triggerAtTime":214196084,"nowELAPSED":213646085,"rtc":1481646355358,"windowLength":0,"interval":0,"creatorPkg":"com.google.android.gms","targetPkg":"com.google.android.gms"}
43424168-e44e-473a-bf12-dba8a4a4453a 2016-12-13 11:25:55.346390612 2623494 [56363.938642]   963  1883 D ThermaPlan->Batch: {"func":"Batch->add()","batch":{"what":"BATCH","start":259345162,"end":280795765,"flags":8,"flagsBinary":"1000","oldStart":259281310,"oldEnd":280795765}}
43424168-e44e-473a-bf12-dba8a4a4453a 2016-12-13 11:25:55.346390612 2623495 [56363.938942]   963  1883 D ThermaPlan->Batch: {"func":"Batch->add()","batch":{"what":"BATCH","start":259786617,"end":280795765,"flags":8,"flagsBinary":"1000","oldStart":259345162,"oldEnd":280795765}}
43424168-e44e-473a-bf12-dba8a4a4453a 2016-12-13 11:25:55.346390612 2623496 [56363.939250]   963  1883 D ThermaPlan->Batch: {"func":"Batch->add()","batch":{"what":"BATCH","start":261333689,"end":280795765,"flags":8,"flagsBinary":"1000","oldStart":259786617,"oldEnd":280795765}}
43424168-e44e-473a-bf12-dba8a4a4453a 2016-12-13 11:25:55.356390612 2623497 [56363.939647]   963  1883 D ThermaPlan->Batch: {"func":"Batch->add()","batch":{"what":"BATCH","start":270989139,"end":280795765,"flags":8,"flagsBinary":"1000","oldStart":261333689,"oldEnd":280795765}}
43424168-e44e-473a-bf12-dba8a4a4453a 2016-12-13 11:25:55.356390612 2623498 [56363.942541]   963  1883 D ThermaPlan->Batch: {"func":"Batch->add()","batch":{"what":"BATCH","start":292490680,"end":331748773,"flags":0,"flagsBinary":"0","oldStart":280825099,"oldEnd":331748773}}
43424168-e44e-473a-bf12-dba8a4a4453a 2016-12-13 11:25:55.356390612 2623499 [56363.942885]   963  1883 D ThermaPlan->Batch: {"func":"Batch->add()","batch":{"what":"BATCH","start":296563796,"end":331748773,"flags":0,"flagsBinary":"0","oldStart":292490680,"oldEnd":331748773}}
43424168-e44e-473a-bf12-dba8a4a4453a 2016-12-13 11:25:55.356390612 2623500 [56363.943175]   963  1883 D ThermaPlan->Batch: {"func":"Batch->add()","batch":{"what":"BATCH","start":300045787,"end":331748773,"flags":8,"flagsBinary":"1000","oldStart":296563796,"oldEnd":331748773}}
43424168-e44e-473a-bf12-dba8a4a4453a 2016-12-13 11:25:55.356390612 2623501 [56363.943647]   963  1883 D ThermaPlan->Batch: {"func":"Batch->add()","batch":{"what":"BATCH","start":605813326,"end":1058493260,"flags":0,"flagsBinary":"0","oldStart":604893262,"oldEnd":1058493260}}
43424168-e44e-473a-bf12-dba8a4a4453a 2016-12-13 11:25:55.356390612 2623502 [56363.943934]   963  1883 D ThermaPlan->Batch: {"func":"Batch->add()","batch":{"what":"BATCH","start":624143935,"end":992076404,"flags":0,"flagsBinary":"0","oldStart":605813326,"oldEnd":1058493260}}
43424168-e44e-473a-bf12-dba8a4a4453a 2016-12-13 11:25:55.356390612 2623503 [56363.944227]   963  1883 D ThermaPlan->Batch: {"func":"Batch->add()","batch":{"what":"BATCH","start":694490727,"end":992076404,"flags":0,"flagsBinary":"0","oldStart":624143935,"oldEnd":992076404}}
43424168-e44e-473a-bf12-dba8a4a4453a 2016-12-13 11:25:55.356390612 2623504 [56363.944525]   963  1883 D ThermaPlan->Batch: {"func":"Batch->add()","batch":{"what":"BATCH","start":694490728,"end":992076404,"flags":0,"flagsBinary":"0","oldStart":694490727,"oldEnd":992076404}}
43424168-e44e-473a-bf12-dba8a4a4453a 2016-12-13 11:25:55.356390612 2623505 [56363.944804]   963  1883 D ThermaPlan->Batch: {"func":"Batch->add()","batch":{"what":"BATCH","start":701674709,"end":992076404,"flags":0,"flagsBinary":"0","oldStart":694490728,"oldEnd":992076404}}
43424168-e44e-473a-bf12-dba8a4a4453a 2016-12-13 11:25:55.356390612 2623506 [56363.945455]   963  1883 D ThermaPlan->Batch: {"func":"Batch->add()","batch":{"what":"BATCH","start":315360057206,"end":551880056972,"flags":0,"flagsBinary":"0","oldStart":315360056973,"oldEnd":551880056972}}
43424168-e44e-473a-bf12-dba8a4a4453a 2016-12-13 11:25:55.356390612 2623507 [56363.945738]   963  1883 D ThermaPlan->Batch: {"func":"Batch->add()","batch":{"what":"BATCH","start":315360057236,"end":551880056972,"flags":0,"flagsBinary":"0","oldStart":315360057206,"oldEnd":551880056972}}
43424168-e44e-473a-bf12-dba8a4a4453a 2016-12-13 11:25:55.356390612 2623508 [56363.946032]   963  1883 D ThermaPlan->Batch: {"func":"Batch->add()","batch":{"what":"BATCH","start":315360057240,"end":551880056972,"flags":0,"flagsBinary":"0","oldStart":315360057236,"oldEnd":551880056972}}
43424168-e44e-473a-bf12-dba8a4a4453a 2016-12-13 11:25:55.356390612 2623509 [56363.946333]   963  1883 D ThermaPlan->Batch: {"func":"Batch->add()","batch":{"what":"BATCH","start":315360057254,"end":551880056972,"flags":0,"flagsBinary":"0","oldStart":315360057240,"oldEnd":551880056972}}
43424168-e44e-473a-bf12-dba8a4a4453a 2016-12-13 11:25:55.356390612 2623510 [56363.946629]   963  1883 D ThermaPlan->Batch: {"func":"Batch->add()","batch":{"what":"BATCH","start":315360057257,"end":551880056972,"flags":0,"flagsBinary":"0","oldStart":315360057254,"oldEnd":551880056972}}
43424168-e44e-473a-bf12-dba8a4a4453a 2016-12-13 11:25:55.356390612 2623511 [56363.946918]   963  1883 D ThermaPlan->Batch: {"func":"Batch->add()","batch":{"what":"BATCH","start":315360057259,"end":551880056972,"flags":0,"flagsBinary":"0","oldStart":315360057257,"oldEnd":551880056972}}
43424168-e44e-473a-bf12-dba8a4a4453a 2016-12-13 11:25:55.356390612 2623512 [56363.947437]   963  1883 D ThermaPlan->Batch: {"func":"Batch->add()","batch":{"what":"BATCH","start":315360094195,"end":551880056972,"flags":0,"flagsBinary":"0","oldStart":315360057259,"oldEnd":551880056972}}
43424168-e44e-473a-bf12-dba8a4a4453a 2016-12-13 11:25:55.356390612 2623513 [56363.947731]   963  1883 D ThermaPlan->Batch: {"func":"Batch->add()","batch":{"what":"BATCH","start":315360113203,"end":551880056972,"flags":0,"flagsBinary":"0","oldStart":315360094195,"oldEnd":551880056972}}
43424168-e44e-473a-bf12-dba8a4a4453a 2016-12-13 11:25:55.356390612 2623514 [56363.948123]   963  1883 D ThermaPlan->Batch: {"func":"Batch->add()","batch":{"what":"BATCH","start":315399259724,"end":551880056972,"flags":0,"flagsBinary":"0","oldStart":315360113203,"oldEnd":551880056972}}
43424168-e44e-473a-bf12-dba8a4a4453a 2016-12-13 11:25:55.356390612 2623515 [56363.948423]   963  1883 D ThermaPlan->Batch: {"func":"Batch->add()","batch":{"what":"BATCH","start":315399259747,"end":551880056972,"flags":0,"flagsBinary":"0","oldStart":315399259724,"oldEnd":551880056972}}
43424168-e44e-473a-bf12-dba8a4a4453a 2016-12-13 11:25:55.356390612 2623516 [56363.948793]   963  1883 D ThermaPlan->Batch: {"func":"Batch->add()","batch":{"what":"BATCH","start":315572926898,"end":551880056972,"flags":0,"flagsBinary":"0","oldStart":315399259747,"oldEnd":551880056972}}
43424168-e44e-473a-bf12-dba8a4a4453a 2016-12-13 11:25:55.366390612 2623517 [56363.951855]   963  1896 D ThermaPlan->AlarmManagerService: {"func":"AlarmManagerService->mService->set","pid":27410,"uid":10097,"flagsBinary":"1","flags":1,"type":2,"triggerAtTime":216229045,"nowELAPSED":213646099,"rtc":1481646355372,"windowLength":0,"interval":0,"creatorPkg":"com.facebook.katana","targetPkg":"com.facebook.katana"}
43424168-e44e-473a-bf12-dba8a4a4453a 2016-12-13 11:25:55.366390612 2623518 [56363.954719]   963   975 D ThermaPlan->Batch: {"func":"Batch->add()","batch":{"what":"BATCH","start":213647783,"end":213647783,"flags":8,"flagsBinary":"1000","oldStart":213639889,"oldEnd":213684887}}
43424168-e44e-473a-bf12-dba8a4a4453a 2016-12-13 11:25:55.366390612 2623519 [56363.955556]   963   975 D ThermaPlan->Batch: {"func":"Batch->add()","batch":{"what":"BATCH","start":213700771,"end":213730771,"flags":0,"flagsBinary":"0","oldStart":213650727,"oldEnd":213740727}}
43424168-e44e-473a-bf12-dba8a4a4453a 2016-12-13 11:25:55.366390612 2623520 [56363.955729]   963   975 D ThermaPlan->Batch: {"func":"Batch->add()","batch":{"what":"BATCH","start":213711754,"end":213730771,"flags":8,"flagsBinary":"1000","oldStart":213700771,"oldEnd":213730771}}
43424168-e44e-473a-bf12-dba8a4a4453a 2016-12-13 11:25:55.366390612 2623521 [56363.957079]   963   975 D ThermaPlan->Batch: {"func":"Batch->add()","batch":{"what":"BATCH","start":214276095,"end":214951095,"flags":8,"flagsBinary":"1000","oldStart":214251322,"oldEnd":215601322}}
43424168-e44e-473a-bf12-dba8a4a4453a 2016-12-13 11:25:55.366390612 2623522 [56363.957249]   963   975 D ThermaPlan->Batch: {"func":"Batch->add()","batch":{"what":"BATCH","start":214278171,"end":214951095,"flags":8,"flagsBinary":"1000","oldStart":214276095,"oldEnd":214951095}}
43424168-e44e-473a-bf12-dba8a4a4453a 2016-12-13 11:25:55.366390612 2623523 [56363.957426]   963   975 D ThermaPlan->Batch: {"func":"Batch->add()","batch":{"what":"BATCH","start":214278914,"end":214951095,"flags":8,"flagsBinary":"1000","oldStart":214278171,"oldEnd":214951095}}
43424168-e44e-473a-bf12-dba8a4a4453a 2016-12-13 11:25:55.366390612 2623524 [56363.957600]   963   975 D ThermaPlan->Batch: {"func":"Batch->add()","batch":{"what":"BATCH","start":214278988,"end":214951095,"flags":8,"flagsBinary":"1000","oldStart":214278914,"oldEnd":214951095}}
43424168-e44e-473a-bf12-dba8a4a4453a 2016-12-13 11:25:55.366390612 2623525 [56363.957775]   963   975 D ThermaPlan->Batch: {"func":"Batch->add()","batch":{"what":"BATCH","start":214281415,"end":214951095,"flags":8,"flagsBinary":"1000","oldStart":214278988,"oldEnd":214951095}}
43424168-e44e-473a-bf12-dba8a4a4453a 2016-12-13 11:25:55.366390612 2623526 [56363.957970]   963   975 D ThermaPlan->Batch: {"func":"Batch->add()","batch":{"what":"BATCH","start":214281680,"end":214951095,"flags":8,"flagsBinary":"1000","oldStart":214281415,"oldEnd":214951095}}
43424168-e44e-473a-bf12-dba8a4a4453a 2016-12-13 11:25:55.366390612 2623527 [56363.958144]   963   975 D ThermaPlan->Batch: {"func":"Batch->add()","batch":{"what":"BATCH","start":214282094,"end":214951095,"flags":8,"flagsBinary":"1000","oldStart":214281680,"oldEnd":214951095}}
43424168-e44e-473a-bf12-dba8a4a4453a 2016-12-13 11:25:55.366390612 2623528 [56363.958318]   963   975 D ThermaPlan->Batch: {"func":"Batch->add()","batch":{"what":"BATCH","start":214282211,"end":214951095,"flags":8,"flagsBinary":"1000","oldStart":214282094,"oldEnd":214951095}}
43424168-e44e-473a-bf12-dba8a4a4453a 2016-12-13 11:25:55.366390612 2623529 [56363.958487]   963   975 D ThermaPlan->Batch: {"func":"Batch->add()","batch":{"what":"BATCH","start":214282485,"end":214951095,"flags":8,"flagsBinary":"1000","oldStart":214282211,"oldEnd":214951095}}
43424168-e44e-473a-bf12-dba8a4a4453a 2016-12-13 11:25:55.366390612 2623530 [56363.958665]   963   975 D ThermaPlan->Batch: {"func":"Batch->add()","batch":{"what":"BATCH","start":214294563,"end":214951095,"flags":8,"flagsBinary":"1000","oldStart":214282485,"oldEnd":214951095}}
43424168-e44e-473a-bf12-dba8a4a4453a 2016-12-13 11:25:55.366390612 2623531 [56363.958848]   963   975 D ThermaPlan->Batch: {"func":"Batch->add()","batch":{"what":"BATCH","start":214733822,"end":214951095,"flags":8,"flagsBinary":"1000","oldStart":214294563,"oldEnd":214951095}}
43424168-e44e-473a-bf12-dba8a4a4453a 2016-12-13 11:25:55.366390612 2623532 [56363.959049]   963   975 D ThermaPlan->Batch: {"func":"Batch->add()","batch":{"what":"BATCH","start":214750705,"end":214951095,"flags":8,"flagsBinary":"1000","oldStart":214733822,"oldEnd":214951095}}
43424168-e44e-473a-bf12-dba8a4a4453a 2016-12-13 11:25:55.376390612 2623533 [56363.960306]   963   975 D ThermaPlan->Batch: {"func":"Batch->add()","batch":{"what":"BATCH","start":215759161,"end":219062073,"flags":8,"flagsBinary":"1000","oldStart":215226149,"oldEnd":219062073}}
43424168-e44e-473a-bf12-dba8a4a4453a 2016-12-13 11:25:55.376390612 2623534 [56363.960484]   963   975 D ThermaPlan->Batch: {"func":"Batch->add()","batch":{"what":"BATCH","start":216082518,"end":218782518,"flags":8,"flagsBinary":"1000","oldStart":215759161,"oldEnd":219062073}}
43424168-e44e-473a-bf12-dba8a4a4453a 2016-12-13 11:25:55.376390612 2623535 [56363.960671]   963   975 D ThermaPlan->Batch: {"func":"Batch->add()","batch":{"what":"BATCH","start":216144078,"end":218782518,"flags":8,"flagsBinary":"1000","oldStart":216082518,"oldEnd":218782518}}
43424168-e44e-473a-bf12-dba8a4a4453a 2016-12-13 11:25:55.376390612 2623536 [56363.960838]   963   975 D ThermaPlan->Batch: {"func":"Batch->add()","batch":{"what":"BATCH","start":216526830,"end":218782518,"flags":8,"flagsBinary":"1000","oldStart":216144078,"oldEnd":218782518}}
43424168-e44e-473a-bf12-dba8a4a4453a 2016-12-13 11:25:55.376390612 2623537 [56363.961025]   963   975 D ThermaPlan->Batch: {"func":"Batch->add()","batch":{"what":"BATCH","start":217737182,"end":218037182,"flags":8,"flagsBinary":"1000","oldStart":216526830,"oldEnd":218782518}}
43424168-e44e-473a-bf12-dba8a4a4453a 2016-12-13 11:25:55.376390612 2623538 [56363.961317]   963   975 D ThermaPlan->Batch: {"func":"Batch->add()","batch":{"what":"BATCH","start":220150599,"end":224060131,"flags":0,"flagsBinary":"0","oldStart":219290727,"oldEnd":224060131}}
43424168-e44e-473a-bf12-dba8a4a4453a 2016-12-13 11:25:55.376390612 2623539 [56363.961501]   963   975 D ThermaPlan->Batch: {"func":"Batch->add()","batch":{"what":"BATCH","start":220380550,"end":224060131,"flags":0,"flagsBinary":"0","oldStart":220150599,"oldEnd":224060131}}
43424168-e44e-473a-bf12-dba8a4a4453a 2016-12-13 11:25:55.376390612 2623540 [56363.961896]   963   975 D ThermaPlan->Batch: {"func":"Batch->add()","batch":{"what":"BATCH","start":228290727,"end":239324426,"flags":0,"flagsBinary":"0","oldStart":224222674,"oldEnd":240422669}}
43424168-e44e-473a-bf12-dba8a4a4453a 2016-12-13 11:25:55.376390612 2623541 [56363.962078]   963   975 D ThermaPlan->Batch: {"func":"Batch->add()","batch":{"what":"BATCH","start":230499939,"end":239324426,"flags":0,"flagsBinary":"0","oldStart":228290727,"oldEnd":239324426}}
43424168-e44e-473a-bf12-dba8a4a4453a 2016-12-13 11:25:55.376390612 2623542 [56363.962250]   963   975 D ThermaPlan->Batch: {"func":"Batch->add()","batch":{"what":"BATCH","start":231188198,"end":239324426,"flags":0,"flagsBinary":"0","oldStart":230499939,"oldEnd":239324426}}
43424168-e44e-473a-bf12-dba8a4a4453a 2016-12-13 11:25:55.376390612 2623543 [56363.962434]   963   975 D ThermaPlan->Batch: {"func":"Batch->add()","batch":{"what":"BATCH","start":231548284,"end":239324426,"flags":0,"flagsBinary":"0","oldStart":231188198,"oldEnd":239324426}}
43424168-e44e-473a-bf12-dba8a4a4453a 2016-12-13 11:25:55.376390612 2623544 [56363.963474]   963   975 D ThermaPlan->Batch: {"func":"Batch->add()","batch":{"what":"BATCH","start":248330836,"end":285305189,"flags":8,"flagsBinary":"1000","oldStart":240305189,"oldEnd":285305189}}
43424168-e44e-473a-bf12-dba8a4a4453a 2016-12-13 11:25:55.376390612 2623545 [56363.963645]   963   975 D ThermaPlan->Batch: {"func":"Batch->add()","batch":{"what":"BATCH","start":249541608,"end":282059671,"flags":8,"flagsBinary":"1000","oldStart":248330836,"oldEnd":285305189}}
43424168-e44e-473a-bf12-dba8a4a4453a 2016-12-13 11:25:55.376390612 2623546 [56363.963830]   963   975 D ThermaPlan->Batch: {"func":"Batch->add()","batch":{"what":"BATCH","start":249641515,"end":280795765,"flags":8,"flagsBinary":"1000","oldStart":249541608,"oldEnd":282059671}}
43424168-e44e-473a-bf12-dba8a4a4453a 2016-12-13 11:25:55.376390612 2623547 [56363.964035]   963   975 D ThermaPlan->Batch: {"func":"Batch->add()","batch":{"what":"BATCH","start":258890727,"end":280795765,"flags":8,"flagsBinary":"1000","oldStart":249641515,"oldEnd":280795765}}
43424168-e44e-473a-bf12-dba8a4a4453a 2016-12-13 11:25:55.376390612 2623548 [56363.964208]   963   975 D ThermaPlan->Batch: {"func":"Batch->add()","batch":{"what":"BATCH","start":259200000,"end":280795765,"flags":8,"flagsBinary":"1000","oldStart":258890727,"oldEnd":280795765}}
43424168-e44e-473a-bf12-dba8a4a4453a 2016-12-13 11:25:55.376390612 2623549 [56363.964385]   963   975 D ThermaPlan->Batch: {"func":"Batch->add()","batch":{"what":"BATCH","start":259252542,"end":280795765,"flags":8,"flagsBinary":"1000","oldStart":259200000,"oldEnd":280795765}}
43424168-e44e-473a-bf12-dba8a4a4453a 2016-12-13 11:25:55.376390612 2623550 [56363.964561]   963   975 D ThermaPlan->Batch: {"func":"Batch->add()","batch":{"what":"BATCH","start":259281310,"end":280795765,"flags":8,"flagsBinary":"1000","oldStart":259252542,"oldEnd":280795765}}
43424168-e44e-473a-bf12-dba8a4a4453a 2016-12-13 11:25:55.376390612 2623551 [56363.964737]   963   975 D ThermaPlan->Batch: {"func":"Batch->add()","batch":{"what":"BATCH","start":259345161,"end":280795765,"flags":8,"flagsBinary":"1000","oldStart":259281310,"oldEnd":280795765}}
43424168-e44e-473a-bf12-dba8a4a4453a 2016-12-13 11:25:55.376390612 2623552 [56363.964922]   963   975 D ThermaPlan->Batch: {"func":"Batch->add()","batch":{"what":"BATCH","start":259786617,"end":280795765,"flags":8,"flagsBinary":"1000","oldStart":259345161,"oldEnd":280795765}}
43424168-e44e-473a-bf12-dba8a4a4453a 2016-12-13 11:25:55.376390612 2623553 [56363.965102]   963   975 D ThermaPlan->Batch: {"func":"Batch->add()","batch":{"what":"BATCH","start":261333689,"end":280795765,"flags":8,"flagsBinary":"1000","oldStart":259786617,"oldEnd":280795765}}
43424168-e44e-473a-bf12-dba8a4a4453a 2016-12-13 11:25:55.376390612 2623554 [56363.965280]   963   975 D ThermaPlan->Batch: {"func":"Batch->add()","batch":{"what":"BATCH","start":270989138,"end":280795765,"flags":8,"flagsBinary":"1000","oldStart":261333689,"oldEnd":280795765}}
43424168-e44e-473a-bf12-dba8a4a4453a 2016-12-13 11:25:55.376390612 2623555 [56363.967220]   963   975 D ThermaPlan->Batch: {"func":"Batch->add()","batch":{"what":"BATCH","start":292490680,"end":331748773,"flags":0,"flagsBinary":"0","oldStart":280825099,"oldEnd":331748773}}
43424168-e44e-473a-bf12-dba8a4a4453a 2016-12-13 11:25:55.376390612 2623556 [56363.967407]   963   975 D ThermaPlan->Batch: {"func":"Batch->add()","batch":{"what":"BATCH","start":296563796,"end":331748773,"flags":0,"flagsBinary":"0","oldStart":292490680,"oldEnd":331748773}}
43424168-e44e-473a-bf12-dba8a4a4453a 2016-12-13 11:25:55.376390612 2623557 [56363.967583]   963   975 D ThermaPlan->Batch: {"func":"Batch->add()","batch":{"what":"BATCH","start":300045787,"end":331748773,"flags":8,"flagsBinary":"1000","oldStart":296563796,"oldEnd":331748773}}
43424168-e44e-473a-bf12-dba8a4a4453a 2016-12-13 11:25:55.376390612 2623558 [56363.967893]   963   975 D ThermaPlan->Batch: {"func":"Batch->add()","batch":{"what":"BATCH","start":605813325,"end":1058493260,"flags":0,"flagsBinary":"0","oldStart":604893262,"oldEnd":1058493260}}
43424168-e44e-473a-bf12-dba8a4a4453a 2016-12-13 11:25:55.376390612 2623559 [56363.968086]   963   975 D ThermaPlan->Batch: {"func":"Batch->add()","batch":{"what":"BATCH","start":624143935,"end":992076404,"flags":0,"flagsBinary":"0","oldStart":605813325,"oldEnd":1058493260}}
43424168-e44e-473a-bf12-dba8a4a4453a 2016-12-13 11:25:55.376390612 2623560 [56363.968261]   963   975 D ThermaPlan->Batch: {"func":"Batch->add()","batch":{"what":"BATCH","start":694490727,"end":992076404,"flags":0,"flagsBinary":"0","oldStart":624143935,"oldEnd":992076404}}
43424168-e44e-473a-bf12-dba8a4a4453a 2016-12-13 11:25:55.376390612 2623561 [56363.968540]   963   975 D ThermaPlan->Batch: {"func":"Batch->add()","batch":{"what":"BATCH","start":701674709,"end":992076404,"flags":0,"flagsBinary":"0","oldStart":694490727,"oldEnd":992076404}}
43424168-e44e-473a-bf12-dba8a4a4453a 2016-12-13 11:25:55.376390612 2623562 [56363.968931]   963   975 D ThermaPlan->Batch: {"func":"Batch->add()","batch":{"what":"BATCH","start":315360057206,"end":551880056972,"flags":0,"flagsBinary":"0","oldStart":315360056973,"oldEnd":551880056972}}
43424168-e44e-473a-bf12-dba8a4a4453a 2016-12-13 11:25:55.376390612 2623563 [56363.969118]   963   975 D ThermaPlan->Batch: {"func":"Batch->add()","batch":{"what":"BATCH","start":315360057236,"end":551880056972,"flags":0,"flagsBinary":"0","oldStart":315360057206,"oldEnd":551880056972}}
43424168-e44e-473a-bf12-dba8a4a4453a 2016-12-13 11:25:55.386390612 2623564 [56363.970200]   963   975 D ThermaPlan->Batch: {"func":"Batch->add()","batch":{"what":"BATCH","start":315360057240,"end":551880056972,"flags":0,"flagsBinary":"0","oldStart":315360057236,"oldEnd":551880056972}}
43424168-e44e-473a-bf12-dba8a4a4453a 2016-12-13 11:25:55.386390612 2623565 [56363.971133]   963   975 D ThermaPlan->Batch: {"func":"Batch->add()","batch":{"what":"BATCH","start":315360057254,"end":551880056972,"flags":0,"flagsBinary":"0","oldStart":315360057240,"oldEnd":551880056972}}
43424168-e44e-473a-bf12-dba8a4a4453a 2016-12-13 11:25:55.386390612 2623566 [56363.972022]   963   975 D ThermaPlan->Batch: {"func":"Batch->add()","batch":{"what":"BATCH","start":315360057257,"end":551880056972,"flags":0,"flagsBinary":"0","oldStart":315360057254,"oldEnd":551880056972}}
43424168-e44e-473a-bf12-dba8a4a4453a 2016-12-13 11:25:55.386390612 2623567 [56363.972835]   963   975 D ThermaPlan->Batch: {"func":"Batch->add()","batch":{"what":"BATCH","start":315360057259,"end":551880056972,"flags":0,"flagsBinary":"0","oldStart":315360057257,"oldEnd":551880056972}}
43424168-e44e-473a-bf12-dba8a4a4453a 2016-12-13 11:25:55.386390612 2623568 [56363.973634]   963   975 D ThermaPlan->Batch: {"func":"Batch->add()","batch":{"what":"BATCH","start":315360094195,"end":551880056972,"flags":0,"flagsBinary":"0","oldStart":315360057259,"oldEnd":551880056972}}
43424168-e44e-473a-bf12-dba8a4a4453a 2016-12-13 11:25:55.386390612 2623569 [56363.974424]   963   975 D ThermaPlan->Batch: {"func":"Batch->add()","batch":{"what":"BATCH","start":315360113203,"end":551880056972,"flags":0,"flagsBinary":"0","oldStart":315360094195,"oldEnd":551880056972}}
43424168-e44e-473a-bf12-dba8a4a4453a 2016-12-13 11:25:55.386390612 2623570 [56363.975225]   963   975 D ThermaPlan->Batch: {"func":"Batch->add()","batch":{"what":"BATCH","start":315399259724,"end":551880056972,"flags":0,"flagsBinary":"0","oldStart":315360113203,"oldEnd":551880056972}}
43424168-e44e-473a-bf12-dba8a4a4453a 2016-12-13 11:25:55.386390612 2623571 [56363.976068]   963   975 D ThermaPlan->Batch: {"func":"Batch->add()","batch":{"what":"BATCH","start":315399259747,"end":551880056972,"flags":0,"flagsBinary":"0","oldStart":315399259724,"oldEnd":551880056972}}
43424168-e44e-473a-bf12-dba8a4a4453a 2016-12-13 11:25:55.386390612 2623572 [56363.976865]   963   975 D ThermaPlan->Batch: {"func":"Batch->add()","batch":{"what":"BATCH","start":315572926898,"end":551880056972,"flags":0,"flagsBinary":"0","oldStart":315399259747,"oldEnd":551880056972}}
43424168-e44e-473a-bf12-dba8a4a4453a 2016-12-13 11:25:55.396390612 2623573 [56363.979864]   388   388 D Kernel-Trace:     kworker/1:2H-12491 [001] ...1 56363.889752: cpu_frequency: state=652800 cpu_id=1
43424168-e44e-473a-bf12-dba8a4a4453a 2016-12-13 11:25:55.396390612 2623574 [56363.979926]   388   388 D Kernel-Trace:     kworker/3:2H-12900 [003] ...1 56363.919650: cpu_frequency: state=300000 cpu_id=3
43424168-e44e-473a-bf12-dba8a4a4453a 2016-12-13 11:25:55.396390612 2623575 [56363.979955]   388   388 D Kernel-Trace:     kworker/1:2H-12491 [001] ...1 56363.929626: cpu_frequency: state=1497600 cpu_id=1
43424168-e44e-473a-bf12-dba8a4a4453a 2016-12-13 11:25:55.396390612 2623576 [56363.979983]   388   388 D Kernel-Trace:      kworker/0:1-18635 [000] ...1 56363.949402: thermal_temp: sensor_id=5 temp=47
43424168-e44e-473a-bf12-dba8a4a4453a 2016-12-13 11:25:55.396390612 2623577 [56363.980011]   388   388 D Kernel-Trace:     kworker/1:2H-12491 [001] ...1 56363.969815: cpu_frequency: state=422400 cpu_id=1
43424168-e44e-473a-bf12-dba8a4a4453a 2016-12-13 11:25:55.406390612 2623578 [56363.990838]   963  1896 D ThermaPlan->Batch: {"func":"Batch->add()","batch":{"what":"BATCH","start":213647783,"end":213647783,"flags":8,"flagsBinary":"1000","oldStart":213639889,"oldEnd":213684887}}
43424168-e44e-473a-bf12-dba8a4a4453a 2016-12-13 11:25:55.406390612 2623579 [56363.991828]   963  1896 D ThermaPlan->Batch: {"func":"Batch->add()","batch":{"what":"BATCH","start":213700771,"end":213730771,"flags":0,"flagsBinary":"0","oldStart":213650728,"oldEnd":213740728}}
43424168-e44e-473a-bf12-dba8a4a4453a 2016-12-13 11:25:55.406390612 2623580 [56363.992135]   963  1896 D ThermaPlan->Batch: {"func":"Batch->add()","batch":{"what":"BATCH","start":213711754,"end":213730771,"flags":8,"flagsBinary":"1000","oldStart":213700771,"oldEnd":213730771}}
43424168-e44e-473a-bf12-dba8a4a4453a 2016-12-13 11:25:55.406390612 2623581 [56363.993910]   963  1896 D ThermaPlan->Batch: {"func":"Batch->add()","batch":{"what":"BATCH","start":214276095,"end":214951095,"flags":8,"flagsBinary":"1000","oldStart":214251322,"oldEnd":215601322}}
43424168-e44e-473a-bf12-dba8a4a4453a 2016-12-13 11:25:55.406390612 2623582 [56363.994208]   963  1896 D ThermaPlan->Batch: {"func":"Batch->add()","batch":{"what":"BATCH","start":214278171,"end":214951095,"flags":8,"flagsBinary":"1000","oldStart":214276095,"oldEnd":214951095}}
43424168-e44e-473a-bf12-dba8a4a4453a 2016-12-13 11:25:55.406390612 2623583 [56363.994412]   963  1896 D ThermaPlan->Batch: {"func":"Batch->add()","batch":{"what":"BATCH","start":214278914,"end":214951095,"flags":8,"flagsBinary":"1000","oldStart":214278171,"oldEnd":214951095}}
43424168-e44e-473a-bf12-dba8a4a4453a 2016-12-13 11:25:55.406390612 2623584 [56363.994617]   963  1896 D ThermaPlan->Batch: {"func":"Batch->add()","batch":{"what":"BATCH","start":214278988,"end":214951095,"flags":8,"flagsBinary":"1000","oldStart":214278914,"oldEnd":214951095}}
43424168-e44e-473a-bf12-dba8a4a4453a 2016-12-13 11:25:55.406390612 2623585 [56363.994806]   963  1896 D ThermaPlan->Batch: {"func":"Batch->add()","batch":{"what":"BATCH","start":214281415,"end":214951095,"flags":8,"flagsBinary":"1000","oldStart":214278988,"oldEnd":214951095}}
43424168-e44e-473a-bf12-dba8a4a4453a 2016-12-13 11:25:55.406390612 2623586 [56363.994989]   963  1896 D ThermaPlan->Batch: {"func":"Batch->add()","batch":{"what":"BATCH","start":214281680,"end":214951095,"flags":8,"flagsBinary":"1000","oldStart":214281415,"oldEnd":214951095}}
43424168-e44e-473a-bf12-dba8a4a4453a 2016-12-13 11:25:55.406390612 2623587 [56363.995169]   963  1896 D ThermaPlan->Batch: {"func":"Batch->add()","batch":{"what":"BATCH","start":214282094,"end":214951095,"flags":8,"flagsBinary":"1000","oldStart":214281680,"oldEnd":214951095}}
43424168-e44e-473a-bf12-dba8a4a4453a 2016-12-13 11:25:55.406390612 2623588 [56363.995359]   963  1896 D ThermaPlan->Batch: {"func":"Batch->add()","batch":{"what":"BATCH","start":214282211,"end":214951095,"flags":8,"flagsBinary":"1000","oldStart":214282094,"oldEnd":214951095}}
43424168-e44e-473a-bf12-dba8a4a4453a 2016-12-13 11:25:55.406390612 2623589 [56363.995538]   963  1896 D ThermaPlan->Batch: {"func":"Batch->add()","batch":{"what":"BATCH","start":214282485,"end":214951095,"flags":8,"flagsBinary":"1000","oldStart":214282211,"oldEnd":214951095}}
43424168-e44e-473a-bf12-dba8a4a4453a 2016-12-13 11:25:55.406390612 2623590 [56363.995719]   963  1896 D ThermaPlan->Batch: {"func":"Batch->add()","batch":{"what":"BATCH","start":214294563,"end":214951095,"flags":8,"flagsBinary":"1000","oldStart":214282485,"oldEnd":214951095}}
43424168-e44e-473a-bf12-dba8a4a4453a 2016-12-13 11:25:55.406390612 2623591 [56363.995908]   963  1896 D ThermaPlan->Batch: {"func":"Batch->add()","batch":{"what":"BATCH","start":214733822,"end":214951095,"flags":8,"flagsBinary":"1000","oldStart":214294563,"oldEnd":214951095}}
43424168-e44e-473a-bf12-dba8a4a4453a 2016-12-13 11:25:55.406390612 2623592 [56363.996098]   963  1896 D ThermaPlan->Batch: {"func":"Batch->add()","batch":{"what":"BATCH","start":214750705,"end":214951095,"flags":8,"flagsBinary":"1000","oldStart":214733822,"oldEnd":214951095}}
43424168-e44e-473a-bf12-dba8a4a4453a 2016-12-13 11:25:55.406390612 2623593 [56363.997300]   963  1896 D ThermaPlan->Batch: {"func":"Batch->add()","batch":{"what":"BATCH","start":215759161,"end":219062073,"flags":8,"flagsBinary":"1000","oldStart":215226149,"oldEnd":219062073}}
43424168-e44e-473a-bf12-dba8a4a4453a 2016-12-13 11:25:55.406390612 2623594 [56363.997489]   963  1896 D ThermaPlan->Batch: {"func":"Batch->add()","batch":{"what":"BATCH","start":216082518,"end":218782518,"flags":8,"flagsBinary":"1000","oldStart":215759161,"oldEnd":219062073}}
43424168-e44e-473a-bf12-dba8a4a4453a 2016-12-13 11:25:55.406390612 2623595 [56363.997687]   963  1896 D ThermaPlan->Batch: {"func":"Batch->add()","batch":{"what":"BATCH","start":216144078,"end":218782518,"flags":8,"flagsBinary":"1000","oldStart":216082518,"oldEnd":218782518}}
43424168-e44e-473a-bf12-dba8a4a4453a 2016-12-13 11:25:55.406390612 2623596 [56363.997865]   963  1896 D ThermaPlan->Batch: {"func":"Batch->add()","batch":{"what":"BATCH","start":216526830,"end":218782518,"flags":8,"flagsBinary":"1000","oldStart":216144078,"oldEnd":218782518}}
43424168-e44e-473a-bf12-dba8a4a4453a 2016-12-13 11:25:55.406390612 2623597 [56363.998048]   963  1896 D ThermaPlan->Batch: {"func":"Batch->add()","batch":{"what":"BATCH","start":217737182,"end":218037182,"flags":8,"flagsBinary":"1000","oldStart":216526830,"oldEnd":218782518}}
43424168-e44e-473a-bf12-dba8a4a4453a 2016-12-13 11:25:55.406390612 2623598 [56363.998340]   963  1896 D ThermaPlan->Batch: {"func":"Batch->add()","batch":{"what":"BATCH","start":220150599,"end":224060131,"flags":0,"flagsBinary":"0","oldStart":219290727,"oldEnd":224060131}}
43424168-e44e-473a-bf12-dba8a4a4453a 2016-12-13 11:25:55.406390612 2623599 [56363.998517]   963  1896 D ThermaPlan->Batch: {"func":"Batch->add()","batch":{"what":"BATCH","start":220380550,"end":224060131,"flags":0,"flagsBinary":"0","oldStart":220150599,"oldEnd":224060131}}
43424168-e44e-473a-bf12-dba8a4a4453a 2016-12-13 11:25:55.406390612 2623600 [56363.998911]   963  1896 D ThermaPlan->Batch: {"func":"Batch->add()","batch":{"what":"BATCH","start":228290727,"end":239324426,"flags":0,"flagsBinary":"0","oldStart":224222674,"oldEnd":240422669}}
43424168-e44e-473a-bf12-dba8a4a4453a 2016-12-13 11:25:55.406390612 2623601 [56363.999076]   963  1896 D ThermaPlan->Batch: {"func":"Batch->add()","batch":{"what":"BATCH","start":230499939,"end":239324426,"flags":0,"flagsBinary":"0","oldStart":228290727,"oldEnd":239324426}}
43424168-e44e-473a-bf12-dba8a4a4453a 2016-12-13 11:25:55.406390612 2623602 [56363.999257]   963  1896 D ThermaPlan->Batch: {"func":"Batch->add()","batch":{"what":"BATCH","start":231188198,"end":239324426,"flags":0,"flagsBinary":"0","oldStart":230499939,"oldEnd":239324426}}
43424168-e44e-473a-bf12-dba8a4a4453a 2016-12-13 11:25:55.416390612 2623603 [56363.999542]   963  1896 D ThermaPlan->Batch: {"func":"Batch->add()","batch":{"what":"BATCH","start":231548285,"end":239324426,"flags":0,"flagsBinary":"0","oldStart":231188198,"oldEnd":239324426}}
43424168-e44e-473a-bf12-dba8a4a4453a 2016-12-13 11:25:55.416390612 2623604 [56364.000575]   963  1896 D ThermaPlan->Batch: {"func":"Batch->add()","batch":{"what":"BATCH","start":248330836,"end":285305189,"flags":8,"flagsBinary":"1000","oldStart":240305189,"oldEnd":285305189}}
43424168-e44e-473a-bf12-dba8a4a4453a 2016-12-13 11:25:55.416390612 2623605 [56364.000759]   963  1896 D ThermaPlan->Batch: {"func":"Batch->add()","batch":{"what":"BATCH","start":249541608,"end":282059671,"flags":8,"flagsBinary":"1000","oldStart":248330836,"oldEnd":285305189}}
43424168-e44e-473a-bf12-dba8a4a4453a 2016-12-13 11:25:55.416390612 2623606 [56364.000948]   963  1896 D ThermaPlan->Batch: {"func":"Batch->add()","batch":{"what":"BATCH","start":249641515,"end":280795765,"flags":8,"flagsBinary":"1000","oldStart":249541608,"oldEnd":282059671}}
43424168-e44e-473a-bf12-dba8a4a4453a 2016-12-13 11:25:55.416390612 2623607 [56364.001144]   963  1896 D ThermaPlan->Batch: {"func":"Batch->add()","batch":{"what":"BATCH","start":258890727,"end":280795765,"flags":8,"flagsBinary":"1000","oldStart":249641515,"oldEnd":280795765}}
43424168-e44e-473a-bf12-dba8a4a4453a 2016-12-13 11:25:55.416390612 2623608 [56364.001334]   963  1896 D ThermaPlan->Batch: {"func":"Batch->add()","batch":{"what":"BATCH","start":259200000,"end":280795765,"flags":8,"flagsBinary":"1000","oldStart":258890727,"oldEnd":280795765}}
43424168-e44e-473a-bf12-dba8a4a4453a 2016-12-13 11:25:55.416390612 2623609 [56364.001507]   963  1896 D ThermaPlan->Batch: {"func":"Batch->add()","batch":{"what":"BATCH","start":259252542,"end":280795765,"flags":8,"flagsBinary":"1000","oldStart":259200000,"oldEnd":280795765}}
43424168-e44e-473a-bf12-dba8a4a4453a 2016-12-13 11:25:55.416390612 2623610 [56364.001680]   963  1896 D ThermaPlan->Batch: {"func":"Batch->add()","batch":{"what":"BATCH","start":259281310,"end":280795765,"flags":8,"flagsBinary":"1000","oldStart":259252542,"oldEnd":280795765}}
43424168-e44e-473a-bf12-dba8a4a4453a 2016-12-13 11:25:55.416390612 2623611 [56364.001866]   963  1896 D ThermaPlan->Batch: {"func":"Batch->add()","batch":{"what":"BATCH","start":259345161,"end":280795765,"flags":8,"flagsBinary":"1000","oldStart":259281310,"oldEnd":280795765}}
43424168-e44e-473a-bf12-dba8a4a4453a 2016-12-13 11:25:55.416390612 2623612 [56364.002046]   963  1896 D ThermaPlan->Batch: {"func":"Batch->add()","batch":{"what":"BATCH","start":259786617,"end":280795765,"flags":8,"flagsBinary":"1000","oldStart":259345161,"oldEnd":280795765}}
43424168-e44e-473a-bf12-dba8a4a4453a 2016-12-13 11:25:55.416390612 2623613 [56364.002222]   963  1896 D ThermaPlan->Batch: {"func":"Batch->add()","batch":{"what":"BATCH","start":261333689,"end":280795765,"flags":8,"flagsBinary":"1000","oldStart":259786617,"oldEnd":280795765}}
43424168-e44e-473a-bf12-dba8a4a4453a 2016-12-13 11:25:55.416390612 2623614 [56364.002416]   963  1896 D ThermaPlan->Batch: {"func":"Batch->add()","batch":{"what":"BATCH","start":270989138,"end":280795765,"flags":8,"flagsBinary":"1000","oldStart":261333689,"oldEnd":280795765}}
43424168-e44e-473a-bf12-dba8a4a4453a 2016-12-13 11:25:55.416390612 2623615 [56364.004369]   963  1896 D ThermaPlan->Batch: {"func":"Batch->add()","batch":{"what":"BATCH","start":292490680,"end":331748773,"flags":0,"flagsBinary":"0","oldStart":280825099,"oldEnd":331748773}}
43424168-e44e-473a-bf12-dba8a4a4453a 2016-12-13 11:25:55.416390612 2623616 [56364.004563]   963  1896 D ThermaPlan->Batch: {"func":"Batch->add()","batch":{"what":"BATCH","start":296563797,"end":331748773,"flags":0,"flagsBinary":"0","oldStart":292490680,"oldEnd":331748773}}
43424168-e44e-473a-bf12-dba8a4a4453a 2016-12-13 11:25:55.416390612 2623617 [56364.004768]   963  1896 D ThermaPlan->Batch: {"func":"Batch->add()","batch":{"what":"BATCH","start":300045787,"end":331748773,"flags":8,"flagsBinary":"1000","oldStart":296563797,"oldEnd":331748773}}
43424168-e44e-473a-bf12-dba8a4a4453a 2016-12-13 11:25:55.416390612 2623618 [56364.005070]   963  1896 D ThermaPlan->Batch: {"func":"Batch->add()","batch":{"what":"BATCH","start":605813325,"end":1058493260,"flags":0,"flagsBinary":"0","oldStart":604893262,"oldEnd":1058493260}}
43424168-e44e-473a-bf12-dba8a4a4453a 2016-12-13 11:25:55.416390612 2623619 [56364.005253]   963  1896 D ThermaPlan->Batch: {"func":"Batch->add()","batch":{"what":"BATCH","start":624143935,"end":992076404,"flags":0,"flagsBinary":"0","oldStart":605813325,"oldEnd":1058493260}}
43424168-e44e-473a-bf12-dba8a4a4453a 2016-12-13 11:25:55.416390612 2623620 [56364.005434]   963  1896 D ThermaPlan->Batch: {"func":"Batch->add()","batch":{"what":"BATCH","start":694490727,"end":992076404,"flags":0,"flagsBinary":"0","oldStart":624143935,"oldEnd":992076404}}
43424168-e44e-473a-bf12-dba8a4a4453a 2016-12-13 11:25:55.416390612 2623621 [56364.005623]   963  1896 D ThermaPlan->Batch: {"func":"Batch->add()","batch":{"what":"BATCH","start":694490728,"end":992076404,"flags":0,"flagsBinary":"0","oldStart":694490727,"oldEnd":992076404}}
43424168-e44e-473a-bf12-dba8a4a4453a 2016-12-13 11:25:55.416390612 2623622 [56364.005808]   963  1896 D ThermaPlan->Batch: {"func":"Batch->add()","batch":{"what":"BATCH","start":701674709,"end":992076404,"flags":0,"flagsBinary":"0","oldStart":694490728,"oldEnd":992076404}}
43424168-e44e-473a-bf12-dba8a4a4453a 2016-12-13 11:25:55.416390612 2623623 [56364.006215]   963  1896 D ThermaPlan->Batch: {"func":"Batch->add()","batch":{"what":"BATCH","start":315360057206,"end":551880056972,"flags":0,"flagsBinary":"0","oldStart":315360056973,"oldEnd":551880056972}}
43424168-e44e-473a-bf12-dba8a4a4453a 2016-12-13 11:25:55.416390612 2623624 [56364.006410]   963  1896 D ThermaPlan->Batch: {"func":"Batch->add()","batch":{"what":"BATCH","start":315360057236,"end":551880056972,"flags":0,"flagsBinary":"0","oldStart":315360057206,"oldEnd":551880056972}}
43424168-e44e-473a-bf12-dba8a4a4453a 2016-12-13 11:25:55.416390612 2623625 [56364.006584]   963  1896 D ThermaPlan->Batch: {"func":"Batch->add()","batch":{"what":"BATCH","start":315360057240,"end":551880056972,"flags":0,"flagsBinary":"0","oldStart":315360057236,"oldEnd":551880056972}}
43424168-e44e-473a-bf12-dba8a4a4453a 2016-12-13 11:25:55.416390612 2623626 [56364.006771]   963  1896 D ThermaPlan->Batch: {"func":"Batch->add()","batch":{"what":"BATCH","start":315360057254,"end":551880056972,"flags":0,"flagsBinary":"0","oldStart":315360057240,"oldEnd":551880056972}}
43424168-e44e-473a-bf12-dba8a4a4453a 2016-12-13 11:25:55.416390612 2623627 [56364.006944]   963  1896 D ThermaPlan->Batch: {"func":"Batch->add()","batch":{"what":"BATCH","start":315360057257,"end":551880056972,"flags":0,"flagsBinary":"0","oldStart":315360057254,"oldEnd":551880056972}}
43424168-e44e-473a-bf12-dba8a4a4453a 2016-12-13 11:25:55.416390612 2623628 [56364.007131]   963  1896 D ThermaPlan->Batch: {"func":"Batch->add()","batch":{"what":"BATCH","start":315360057259,"end":551880056972,"flags":0,"flagsBinary":"0","oldStart":315360057257,"oldEnd":551880056972}}
43424168-e44e-473a-bf12-dba8a4a4453a 2016-12-13 11:25:55.416390612 2623629 [56364.007307]   963  1896 D ThermaPlan->Batch: {"func":"Batch->add()","batch":{"what":"BATCH","start":315360094195,"end":551880056972,"flags":0,"flagsBinary":"0","oldStart":315360057259,"oldEnd":551880056972}}
43424168-e44e-473a-bf12-dba8a4a4453a 2016-12-13 11:25:55.416390612 2623630 [56364.007488]   963  1896 D ThermaPlan->Batch: {"func":"Batch->add()","batch":{"what":"BATCH","start":315360113203,"end":551880056972,"flags":0,"flagsBinary":"0","oldStart":315360094195,"oldEnd":551880056972}}
43424168-e44e-473a-bf12-dba8a4a4453a 2016-12-13 11:25:55.416390612 2623631 [56364.007666]   963  1896 D ThermaPlan->Batch: {"func":"Batch->add()","batch":{"what":"BATCH","start":315399259724,"end":551880056972,"flags":0,"flagsBinary":"0","oldStart":315360113203,"oldEnd":551880056972}}
43424168-e44e-473a-bf12-dba8a4a4453a 2016-12-13 11:25:55.416390612 2623632 [56364.007861]   963  1896 D ThermaPlan->Batch: {"func":"Batch->add()","batch":{"what":"BATCH","start":315399259747,"end":551880056972,"flags":0,"flagsBinary":"0","oldStart":315399259724,"oldEnd":551880056972}}
43424168-e44e-473a-bf12-dba8a4a4453a 2016-12-13 11:25:55.416390612 2623633 [56364.008039]   963  1896 D ThermaPlan->Batch: {"func":"Batch->add()","batch":{"what":"BATCH","start":315572926898,"end":551880056972,"flags":0,"flagsBinary":"0","oldStart":315399259747,"oldEnd":551880056972}}
43424168-e44e-473a-bf12-dba8a4a4453a 2016-12-13 11:25:55.426390612 2623634 [56364.010627]   963  1914 D ThermaPlan->AlarmManagerService: {"func":"AlarmManagerService->mService->set","pid":1821,"uid":10014,"flagsBinary":"101","flags":5,"type":2,"triggerAtTime":214196156,"nowELAPSED":213646157,"rtc":1481646355430,"windowLength":0,"interval":0,"creatorPkg":"com.google.android.gms","targetPkg":"com.google.android.gms"}
43424168-e44e-473a-bf12-dba8a4a4453a 2016-12-13 11:25:55.436390612 2623635 [56364.026743]   963   974 I Power-Battery-PhoneLab: {"Action":"android.intent.action.BATTERY_CHANGED","Scale":100,"BatteryProperties":{"chargerAcOnline":false,"chargerUsbOnline":true,"chargerWirelessOnline":false,"Status":2,"Health":2,"Present":true,"Level":30,"Voltage":3668,"Temperature":258,"Technology":"Li-ion"},"timestamp":1481646355447,"uptimeNanos":213646174181908,"LogFormat":"1.1"}
43424168-e44e-473a-bf12-dba8a4a4453a 2016-12-13 11:25:55.456390612 2623636 [56364.042817]  3212  3212 D PhoneLabServices-PlatformUpdateTask: Intent fired, action is android.intent.action.BATTERY_CHANGED
43424168-e44e-473a-bf12-dba8a4a4453a 2016-12-13 11:25:55.456390612 2623637 [56364.042976]  3212  3212 I PhoneLabServices-PlatformUpdateTask-Battery: {"status":2,"level":30,"voltage":3668,"temperature":258,"plugged":2,"present":true,"health":2,"technology":"Li-ion"}
43424168-e44e-473a-bf12-dba8a4a4453a 2016-12-13 11:25:55.496390612 2623638 [56364.082136]   388   388 D Kernel-Trace:     kworker/1:2H-12491 [001] ...1 56363.989717: cpu_frequency: state=1497600 cpu_id=1
43424168-e44e-473a-bf12-dba8a4a4453a 2016-12-13 11:25:55.496390612 2623639 [56364.082153]   388   388 D Kernel-Trace:     kworker/1:2H-12491 [001] ...1 56364.032414: cpu_frequency: state=300000 cpu_id=1
43424168-e44e-473a-bf12-dba8a4a4453a 2016-12-13 11:25:55.496390612 2623640 [56364.082158]   388   388 D Kernel-Trace:     kworker/1:2H-12491 [001] ...1 56364.049651: cpu_frequency: state=1497600 cpu_id=1
43424168-e44e-473a-bf12-dba8a4a4453a 2016-12-13 11:25:55.506390612 2623641 [56364.091124]   963  1378 D IpReachabilityMonitor: watch: iface{wlan0/5}, v{4}, ntable=[192.168.1.1/NUD_REACHABLE]
43424168-e44e-473a-bf12-dba8a4a4453a 2016-12-13 11:25:55.506390612 2623642 [56364.093327]   963  1378 D IpReachabilityMonitor: watch: iface{wlan0/5}, v{5}, ntable=[fde5:bdee:339a::1/NUD_NONE, 192.168.1.1/NUD_REACHABLE]
43424168-e44e-473a-bf12-dba8a4a4453a 2016-12-13 11:25:55.596390612 2623643 [56364.179529]   388   388 D Kernel-Trace:     kworker/1:2H-12491 [001] ...1 56364.091805: cpu_frequency: state=300000 cpu_id=1
43424168-e44e-473a-bf12-dba8a4a4453a 2016-12-13 11:25:55.596390612 2623644 [56364.179563]   388   388 D Kernel-Trace:     kworker/3:2H-12900 [003] ...1 56364.099732: cpu_frequency: state=1497600 cpu_id=3
43424168-e44e-473a-bf12-dba8a4a4453a 2016-12-13 11:25:55.596390612 2623645 [56364.179576]   388   388 D Kernel-Trace:     kworker/0:0H-7043  [000] ...1 56364.109644: cpu_frequency: state=652800 cpu_id=0
43424168-e44e-473a-bf12-dba8a4a4453a 2016-12-13 11:25:55.596390612 2623646 [56364.179588]   388   388 D Kernel-Trace:     kworker/1:2H-12491 [001] ...1 56364.109945: cpu_frequency: state=1497600 cpu_id=1
43424168-e44e-473a-bf12-dba8a4a4453a 2016-12-13 11:25:55.596390612 2623647 [56364.179601]   388   388 D Kernel-Trace:     kworker/3:2H-12900 [003] ...1 56364.139792: cpu_frequency: state=652800 cpu_id=3
43424168-e44e-473a-bf12-dba8a4a4453a 2016-12-13 11:25:55.596390612 2623648 [56364.179615]   388   388 D Kernel-Trace:     kworker/1:2H-12491 [001] ...1 56364.149666: cpu_frequency: state=1728000 cpu_id=1
43424168-e44e-473a-bf12-dba8a4a4453a 2016-12-13 11:25:55.696390612 2623649 [56364.279484]   388   388 D Kernel-Trace:     kworker/0:0H-7043  [000] ...1 56364.189946: cpu_frequency: state=300000 cpu_id=0
43424168-e44e-473a-bf12-dba8a4a4453a 2016-12-13 11:25:55.696390612 2623650 [56364.279508]   388   388 D Kernel-Trace:     kworker/1:2H-12491 [001] ...1 56364.191041: cpu_frequency: state=422400 cpu_id=1
43424168-e44e-473a-bf12-dba8a4a4453a 2016-12-13 11:25:55.696390612 2623651 [56364.279514]   388   388 D Kernel-Trace:     kworker/3:2H-12900 [003] ...1 56364.200288: cpu_frequency: state=300000 cpu_id=3
43424168-e44e-473a-bf12-dba8a4a4453a 2016-12-13 11:25:55.696390612 2623652 [56364.279521]   388   388 D Kernel-Trace:      kworker/0:1-18635 [000] ...1 56364.200330: thermal_temp: sensor_id=5 temp=41
43424168-e44e-473a-bf12-dba8a4a4453a 2016-12-13 11:25:55.696390612 2623653 [56364.279527]   388   388 D Kernel-Trace:     kworker/0:0H-7043  [000] ...1 56364.210745: cpu_frequency: state=1497600 cpu_id=0
43424168-e44e-473a-bf12-dba8a4a4453a 2016-12-13 11:25:55.696390612 2623654 [56364.279533]   388   388 D Kernel-Trace:     kworker/3:2H-12900 [003] ...1 56364.219844: cpu_frequency: state=1497600 cpu_id=3
43424168-e44e-473a-bf12-dba8a4a4453a 2016-12-13 11:25:55.696390612 2623655 [56364.279539]   388   388 D Kernel-Trace:     kworker/1:2H-12491 [001] ...1 56364.259249: cpu_frequency: state=300000 cpu_id=1
43424168-e44e-473a-bf12-dba8a4a4453a 2016-12-13 11:25:55.796390612 2623656 [56364.379661]   388   388 D Kernel-Trace:     kworker/3:2H-12900 [003] ...1 56364.291697: cpu_frequency: state=729600 cpu_id=3
43424168-e44e-473a-bf12-dba8a4a4453a 2016-12-13 11:25:55.796390612 2623657 [56364.379687]   388   388 D Kernel-Trace:     kworker/0:0H-7043  [000] ...1 56364.329870: cpu_frequency: state=1267200 cpu_id=0
43424168-e44e-473a-bf12-dba8a4a4453a 2016-12-13 11:25:55.796390612 2623658 [56364.379695]   388   388 D Kernel-Trace:     kworker/1:2H-12491 [001] ...1 56364.339946: cpu_frequency: state=1497600 cpu_id=1
43424168-e44e-473a-bf12-dba8a4a4453a 2016-12-13 11:25:55.796390612 2623659 [56364.379702]   388   388 D Kernel-Trace:     kworker/3:2H-12900 [003] ...1 56364.340142: cpu_frequency: state=300000 cpu_id=3
43424168-e44e-473a-bf12-dba8a4a4453a 2016-12-13 11:25:55.896390612 2623660 [56364.479947]   388   388 D Kernel-Trace:     kworker/0:0H-7043  [000] ...1 56364.380456: cpu_frequency: state=300000 cpu_id=0
43424168-e44e-473a-bf12-dba8a4a4453a 2016-12-13 11:25:55.896390612 2623661 [56364.484522]   388   388 D Kernel-Trace:     kworker/3:2H-12900 [003] ...1 56364.380796: cpu_frequency: state=1497600 cpu_id=3
43424168-e44e-473a-bf12-dba8a4a4453a 2016-12-13 11:25:55.896390612 2623662 [56364.484529]   388   388 D Kernel-Trace:     kworker/0:0H-7043  [000] ...1 56364.419797: cpu_frequency: state=1497600 cpu_id=0
43424168-e44e-473a-bf12-dba8a4a4453a 2016-12-13 11:25:55.896390612 2623663 [56364.484536]   388   388 D Kernel-Trace:     kworker/1:2H-12491 [001] ...1 56364.420111: cpu_frequency: state=300000 cpu_id=1
43424168-e44e-473a-bf12-dba8a4a4453a 2016-12-13 11:25:55.896390612 2623664 [56364.484542]   388   388 D Kernel-Trace:     kworker/3:2H-12900 [003] ...1 56364.427806: cpu_frequency: state=652800 cpu_id=3
43424168-e44e-473a-bf12-dba8a4a4453a 2016-12-13 11:25:55.896390612 2623665 [56364.484548]   388   388 D Kernel-Trace:      kworker/0:1-18635 [000] ...1 56364.449591: thermal_temp: sensor_id=5 temp=41
43424168-e44e-473a-bf12-dba8a4a4453a 2016-12-13 11:25:55.896390612 2623666 [56364.484554]   388   388 D Kernel-Trace:     kworker/0:0H-7043  [000] ...1 56364.459928: cpu_frequency: state=300000 cpu_id=0
43424168-e44e-473a-bf12-dba8a4a4453a 2016-12-13 11:25:55.896390612 2623667 [56364.484560]   388   388 D Kernel-Trace:     kworker/1:2H-12491 [001] ...1 56364.460597: cpu_frequency: state=1497600 cpu_id=1
43424168-e44e-473a-bf12-dba8a4a4453a 2016-12-13 11:25:55.896390612 2623668 [56364.484595]   388   388 D Kernel-Trace:     kworker/0:0H-7043  [000] ...1 56364.484383: cpu_frequency: state=1497600 cpu_id=0
43424168-e44e-473a-bf12-dba8a4a4453a 2016-12-13 11:25:55.896390612 2623669 [56364.484620]   388   388 D Kernel-Trace:     kworker/3:2H-12900 [003] ...1 56364.484584: cpu_frequency: state=300000 cpu_id=3
43424168-e44e-473a-bf12-dba8a4a4453a 2016-12-13 11:25:55.936390612 2623670 [56364.520254]   963  1477 I Network-Telephony-PhoneLab: {"Action":"android.telephony.DATA_ACTIVITY_CHANGED","DataActivity":"DISCONNECTED","timestamp":1481646355940,"uptimeNanos":213646667687481,"LogFormat":"1.1"}
43424168-e44e-473a-bf12-dba8a4a4453a 2016-12-13 11:25:55.936390612 2623671 [56364.522206]   963   974 I Network-Telephony-PhoneLab: {"Action":"android.telephony.DATA_ACTIVITY_CHANGED","DataActivity":"DISCONNECTED","timestamp":1481646355942,"uptimeNanos":213646669661231,"LogFormat":"1.1"}
43424168-e44e-473a-bf12-dba8a4a4453a 2016-12-13 11:25:55.996390612 2623672 [56364.579847]   388   388 D Kernel-Trace:     kworker/3:2H-12900 [003] ...1 56364.499641: cpu_frequency: state=1497600 cpu_id=3
43424168-e44e-473a-bf12-dba8a4a4453a 2016-12-13 11:25:55.996390612 2623673 [56364.579905]   388   388 D Kernel-Trace:     kworker/0:0H-7043  [000] ...1 56364.539651: cpu_frequency: state=300000 cpu_id=0
43424168-e44e-473a-bf12-dba8a4a4453a 2016-12-13 11:25:55.996390612 2623674 [56364.579933]   388   388 D Kernel-Trace:     kworker/1:2H-12491 [001] ...1 56364.539898: cpu_frequency: state=2265600 cpu_id=1
43424168-e44e-473a-bf12-dba8a4a4453a 2016-12-13 11:25:55.996390612 2623675 [56364.579958]   388   388 D Kernel-Trace:     kworker/3:2H-12900 [003] ...1 56364.542950: cpu_frequency: state=1267200 cpu_id=3
43424168-e44e-473a-bf12-dba8a4a4453a 2016-12-13 11:25:56.96390612 2623676 [56364.680601]   388   388 D Kernel-Trace:     kworker/1:2H-12491 [001] ...1 56364.591428: cpu_frequency: state=300000 cpu_id=1
43424168-e44e-473a-bf12-dba8a4a4453a 2016-12-13 11:25:56.96390612 2623677 [56364.680664]   388   388 D Kernel-Trace:     kworker/3:2H-12900 [003] ...1 56364.600256: cpu_frequency: state=300000 cpu_id=3
43424168-e44e-473a-bf12-dba8a4a4453a 2016-12-13 11:25:56.96390612 2623678 [56364.680692]   388   388 D Kernel-Trace:     kworker/1:2H-12491 [001] ...1 56364.649819: cpu_frequency: state=1497600 cpu_id=1
43424168-e44e-473a-bf12-dba8a4a4453a 2016-12-13 11:25:56.96390612 2623679 [56364.680716]   388   388 D Kernel-Trace:     kworker/3:2H-12900 [003] ...1 56364.680018: cpu_frequency: state=1497600 cpu_id=3
43424168-e44e-473a-bf12-dba8a4a4453a 2016-12-13 11:25:56.136390612 2623680 [56364.728159]   963  1626 I Network-Telephony-PhoneLab: {"Action":"android.intent.action.ANY_DATA_STATE","State":"DISCONNECTED","IsDataConnectivityPossible":true,"Reason":"dataDisabled","APN":"n.ispsn","APNType":"default","IsRoaming":false,"timestamp":1481646356148,"uptimeNanos":213646875280033,"LogFormat":"1.1"}
43424168-e44e-473a-bf12-dba8a4a4453a 2016-12-13 11:25:56.146390612 2623681 [56364.737912]  1877  2432 D PhoneInterfaceManager: [PhoneIntfMgr] getDataEnabled: subId=1 phoneId=0
43424168-e44e-473a-bf12-dba8a4a4453a 2016-12-13 11:25:56.146390612 2623682 [56364.738071]  1877  2432 D PhoneInterfaceManager: [PhoneIntfMgr] getDataEnabled: subId=1 retVal=true
43424168-e44e-473a-bf12-dba8a4a4453a 2016-12-13 11:25:56.146390612 2623683 [56364.738452] 28055 28055 D TelephonyManager: getDataEnabled: retVal=true
43424168-e44e-473a-bf12-dba8a4a4453a 2016-12-13 11:25:56.196390612 2623684 [56364.779826]   388   388 D Kernel-Trace:     kworker/1:2H-12491 [001] ...1 56364.689872: cpu_frequency: state=300000 cpu_id=1
43424168-e44e-473a-bf12-dba8a4a4453a 2016-12-13 11:25:56.196390612 2623685 [56364.779853]   388   388 D Kernel-Trace:      kworker/0:1-18635 [000] ...1 56364.699502: thermal_temp: sensor_id=5 temp=40
43424168-e44e-473a-bf12-dba8a4a4453a 2016-12-13 11:25:56.196390612 2623686 [56364.779873]   388   388 D Kernel-Trace:     kworker/3:2H-12900 [003] ...1 56364.760510: cpu_frequency: state=422400 cpu_id=3
43424168-e44e-473a-bf12-dba8a4a4453a 2016-12-13 11:25:56.296390612 2623687 [56364.879753]   388   388 D Kernel-Trace:     kworker/3:2H-12900 [003] ...1 56364.850488: cpu_frequency: state=300000 cpu_id=3
43424168-e44e-473a-bf12-dba8a4a4453a 2016-12-13 11:25:56.396390612 2623688 [56364.979730]   388   388 D Kernel-Trace:      kworker/0:1-18635 [000] ...1 56364.949711: thermal_temp: sensor_id=5 temp=39
43424168-e44e-473a-bf12-dba8a4a4453a 2016-12-13 11:25:56.496390612 2623689 [56365.080088]   388   388 D Kernel-Trace:     kworker/1:2H-12491 [001] ...1 56364.999913: cpu_frequency: state=1497600 cpu_id=1
43424168-e44e-473a-bf12-dba8a4a4453a 2016-12-13 11:25:56.496390612 2623690 [56365.080157]   388   388 D Kernel-Trace:     kworker/0:0H-7043  [000] ...1 56365.019859: cpu_frequency: state=1497600 cpu_id=0
43424168-e44e-473a-bf12-dba8a4a4453a 2016-12-13 11:25:56.496390612 2623691 [56365.080185]   388   388 D Kernel-Trace:     kworker/1:2H-12491 [001] ...1 56365.047227: cpu_frequency: state=300000 cpu_id=1
43424168-e44e-473a-bf12-dba8a4a4453a 2016-12-13 11:25:56.496390612 2623692 [56365.080209]   388   388 D Kernel-Trace:     kworker/0:0H-7043  [000] ...1 56365.079749: cpu_frequency: state=652800 cpu_id=0
43424168-e44e-473a-bf12-dba8a4a4453a 2016-12-13 11:25:56.496390612 2623693 [56365.080303]   388   388 D Kernel-Trace:     kworker/1:2H-12491 [001] ...1 56365.080214: cpu_frequency: state=1497600 cpu_id=1
43424168-e44e-473a-bf12-dba8a4a4453a 2016-12-13 11:25:56.596390612 2623694 [56365.179928]   388   388 D Kernel-Trace:     kworker/1:2H-12491 [001] ...1 56365.120036: cpu_frequency: state=2265600 cpu_id=1
43424168-e44e-473a-bf12-dba8a4a4453a 2016-12-13 11:25:56.596390612 2623695 [56365.179995]   388   388 D Kernel-Trace:     kworker/2:2H-10277 [002] ...1 56365.130222: cpu_frequency: state=300000 cpu_id=2
43424168-e44e-473a-bf12-dba8a4a4453a 2016-12-13 11:25:56.596390612 2623696 [56365.180022]   388   388 D Kernel-Trace:     kworker/0:0H-7043  [000] ...1 56365.140026: cpu_frequency: state=300000 cpu_id=0
43424168-e44e-473a-bf12-dba8a4a4453a 2016-12-13 11:25:56.596390612 2623697 [56365.180050]   388   388 D Kernel-Trace:     kworker/1:2H-12491 [001] ...1 56365.140685: cpu_frequency: state=2649600 cpu_id=1
43424168-e44e-473a-bf12-dba8a4a4453a 2016-12-13 11:25:56.696390612 2623698 [56365.279777]   388   388 D Kernel-Trace:      kworker/0:1-18635 [000] ...1 56365.199697: thermal_temp: sensor_id=5 temp=39
43424168-e44e-473a-bf12-dba8a4a4453a 2016-12-13 11:25:56.896390612 2623699 [56365.479784]   388   388 D Kernel-Trace:      kworker/0:1-18635 [000] ...1 56365.449688: thermal_temp: sensor_id=5 temp=39
43424168-e44e-473a-bf12-dba8a4a4453a 2016-12-13 11:25:57.46390611 2623700 [56365.635948]   963  1357 D ThermaPlan->AlarmManagerService: {"func":"AlarmManagerService->deliverAlarmsLocked()","nowELAPSED":213647783,"rtc":1481646357056,"alarm":"{\"what\":\"ALARM\",\"type\":0,\"origWhen\":1481646357056,\"wakeup\":true,\"tag\":\"*walarm*:com.android.server.Wifi.action.TOGGLE_PNO\",\"flags\":8,\"uid\":1000,\"count\":1,\"when\":1481646357056,\"windowLength\":0,\"whenElapsed\":213647783,\"maxWhenElapsed\":213647783,\"repeatInterval\":0,\"pid\":963,\"operation\":\"PendingIntent{e336c90: PendingIntentRecord{e594989 android broadcastIntent}}\",\"creatorPkg\":\"android\",\"targetPkg\":\"android\"}"}
43424168-e44e-473a-bf12-dba8a4a4453a 2016-12-13 11:25:57.56390611 2623701 [56365.639954]   963  1357 D ThermaPlan->AlarmManagerService: {"func":"AlarmManagerService->deliverAlarmsLocked()","nowELAPSED":213647787,"rtc":1481646357060,"alarm":"{\"what\":\"ALARM\",\"type\":3,\"origWhen\":213639889,\"wakeup\":false,\"tag\":\"*alarm*:com.google.android.gms\\\/.lockbox.LockboxAlarmReceiver\",\"flags\":0,\"uid\":10014,\"count\":1,\"when\":213639889,\"windowLength\":44998,\"whenElapsed\":213639889,\"maxWhenElapsed\":213684887,\"repeatInterval\":0,\"pid\":1821,\"operation\":\"PendingIntent{eb4c60: PendingIntentRecord{a320483 com.google.android.gms broadcastIntent}}\",\"creatorPkg\":\"com.google.android.gms\",\"targetPkg\":\"com.google.android.gms\"}"}
43424168-e44e-473a-bf12-dba8a4a4453a 2016-12-13 11:25:57.76390611 2623702 [56365.659547]   387   387 D KernelPrintk: 6,349767,56365652889,-;CFG80211-ERROR) wl_cfg80211_sched_scan_stop : >>> SCHED SCAN STOP
43424168-e44e-473a-bf12-dba8a4a4453a 2016-12-13 11:25:57.76390611 2623703 [56365.659645]   387   387 D KernelPrintk: 4,349768,56365652946,-;dhd_pno_stop_for_ssid : LEGACY PNO MODE is not enabled
43424168-e44e-473a-bf12-dba8a4a4453a 2016-12-13 11:25:57.96390611 2623704 [56365.679806]   388   388 D Kernel-Trace:     kworker/0:0H-7043  [000] ...1 56365.651352: cpu_frequency: state=1497600 cpu_id=0
43424168-e44e-473a-bf12-dba8a4a4453a 2016-12-13 11:25:57.146390611 2623705 [56365.733282]   963   975 D ThermaPlan->AlarmManagerService: {"func":"AlarmManagerService->mService->set","pid":1821,"uid":10014,"flagsBinary":"0","flags":0,"type":3,"triggerAtTime":213707879,"nowELAPSED":213647880,"rtc":1481646357153,"windowLength":-1,"interval":0,"creatorPkg":"com.google.android.gms","targetPkg":"com.google.android.gms"}
43424168-e44e-473a-bf12-dba8a4a4453a 2016-12-13 11:25:57.196390611 2623706 [56365.779866]   388   388 D Kernel-Trace:     kworker/2:2H-10277 [002] ...1 56365.689669: cpu_frequency: state=422400 cpu_id=2
43424168-e44e-473a-bf12-dba8a4a4453a 2016-12-13 11:25:57.196390611 2623707 [56365.779934]   388   388 D Kernel-Trace:      kworker/0:1-18635 [000] ...1 56365.699774: thermal_temp: sensor_id=5 temp=42
43424168-e44e-473a-bf12-dba8a4a4453a 2016-12-13 11:25:57.196390611 2623708 [56365.779963]   388   388 D Kernel-Trace:     kworker/0:0H-7043  [000] ...1 56365.729722: cpu_frequency: state=1190400 cpu_id=0
43424168-e44e-473a-bf12-dba8a4a4453a 2016-12-13 11:25:57.196390611 2623709 [56365.779995]   388   388 D Kernel-Trace:     kworker/0:0H-7043  [000] ...1 56365.749544: cpu_frequency: state=1497600 cpu_id=0
43424168-e44e-473a-bf12-dba8a4a4453a 2016-12-13 11:25:57.296390611 2623710 [56365.879827]   388   388 D Kernel-Trace:     kworker/0:0H-7043  [000] ...1 56365.799910: cpu_frequency: state=729600 cpu_id=0
43424168-e44e-473a-bf12-dba8a4a4453a 2016-12-13 11:25:57.296390611 2623711 [56365.879899]   388   388 D Kernel-Trace:     kworker/2:2H-10277 [002] ...1 56365.800461: cpu_frequency: state=300000 cpu_id=2
43424168-e44e-473a-bf12-dba8a4a4453a 2016-12-13 11:25:57.396390611 2623712 [56365.979784]   388   388 D Kernel-Trace:     kworker/0:0H-7043  [000] ...1 56365.880643: cpu_frequency: state=300000 cpu_id=0
43424168-e44e-473a-bf12-dba8a4a4453a 2016-12-13 11:25:57.396390611 2623713 [56365.979850]   388   388 D Kernel-Trace:      kworker/0:1-18635 [000] ...1 56365.949643: thermal_temp: sensor_id=5 temp=40
43424168-e44e-473a-bf12-dba8a4a4453a 2016-12-13 11:25:57.696390611 2623714 [56366.279631]   388   388 D Kernel-Trace:      kworker/0:1-18635 [000] ...1 56366.199663: thermal_temp: sensor_id=5 temp=39
43424168-e44e-473a-bf12-dba8a4a4453a 2016-12-13 11:25:57.696390611 2623715 [56366.279657]   388   388 D Kernel-Trace:     kworker/0:0H-7043  [000] ...1 56366.250012: cpu_frequency: state=1497600 cpu_id=0
43424168-e44e-473a-bf12-dba8a4a4453a 2016-12-13 11:25:57.696390611 2623716 [56366.279664]   388   388 D Kernel-Trace:     kworker/3:2H-12900 [003] ...1 56366.250329: cpu_frequency: state=1497600 cpu_id=3
43424168-e44e-473a-bf12-dba8a4a4453a 2016-12-13 11:25:57.796390611 2623717 [56366.379615]   388   388 D Kernel-Trace:     kworker/0:0H-7043  [000] ...1 56366.290022: cpu_frequency: state=300000 cpu_id=0
43424168-e44e-473a-bf12-dba8a4a4453a 2016-12-13 11:25:57.896390611 2623718 [56366.479813]   388   388 D Kernel-Trace:     kworker/3:2H-12900 [003] ...1 56366.380029: cpu_frequency: state=300000 cpu_id=3
43424168-e44e-473a-bf12-dba8a4a4453a 2016-12-13 11:25:57.896390611 2623719 [56366.479881]   388   388 D Kernel-Trace:      kworker/0:1-18635 [000] ...1 56366.449704: thermal_temp: sensor_id=5 temp=39
43424168-e44e-473a-bf12-dba8a4a4453a 2016-12-13 11:25:58.196390611 2623720 [56366.779791]   388   388 D Kernel-Trace:      kworker/0:1-18635 [000] ...1 56366.699677: thermal_temp: sensor_id=5 temp=39
43424168-e44e-473a-bf12-dba8a4a4453a 2016-12-13 11:25:58.396390611 2623721 [56366.979765]   388   388 D Kernel-Trace:      kworker/0:1-18635 [000] ...1 56366.949798: thermal_temp: sensor_id=5 temp=39
43424168-e44e-473a-bf12-dba8a4a4453a 2016-12-13 11:25:58.696390611 2623722 [56367.279813]   388   388 D Kernel-Trace:      kworker/0:1-18635 [000] ...1 56367.199694: thermal_temp: sensor_id=5 temp=39
43424168-e44e-473a-bf12-dba8a4a4453a 2016-12-13 11:25:58.896390611 2623723 [56367.479780]   388   388 D Kernel-Trace:      kworker/0:1-18635 [000] ...1 56367.449695: thermal_temp: sensor_id=5 temp=39
43424168-e44e-473a-bf12-dba8a4a4453a 2016-12-13 11:25:59.196390611 2623724 [56367.779775]   388   388 D Kernel-Trace:      kworker/0:1-18635 [000] ...1 56367.699692: thermal_temp: sensor_id=5 temp=39
43424168-e44e-473a-bf12-dba8a4a4453a 2016-12-13 11:25:59.396390611 2623725 [56367.979766]   388   388 D Kernel-Trace:      kworker/0:1-18635 [000] ...1 56367.949737: thermal_temp: sensor_id=5 temp=39
43424168-e44e-473a-bf12-dba8a4a4453a 2016-12-13 11:25:59.696390610 2623726 [56368.279580]   388   388 D Kernel-Trace:      kworker/0:1-18635 [000] ...1 56368.199733: thermal_temp: sensor_id=5 temp=39
43424168-e44e-473a-bf12-dba8a4a4453a 2016-12-13 11:25:59.796390610 2623727 [56368.379652]   388   388 D Kernel-Trace:     kworker/3:2H-12900 [003] ...1 56368.370023: cpu_frequency: state=1497600 cpu_id=3
43424168-e44e-473a-bf12-dba8a4a4453a 2016-12-13 11:25:59.796390610 2623728 [56368.380630]   963  1477 I Network-Telephony-PhoneLab: {"Action":"android.intent.action.SIG_STR","SignalStrength":{"Type":"CDMA","Level":1,"Strength":-103,"Asu":1},"timestamp":1481646359800,"uptimeNanos":213650528098156,"LogFormat":"1.1"}
43424168-e44e-473a-bf12-dba8a4a4453a 2016-12-13 11:25:59.806390610 2623729 [56368.390643]   963  1892 I Network-Telephony-PhoneLab: {"Action":"android.intent.action.SIG_STR","SignalStrength":{"Type":"CDMA","Level":1,"Strength":-102,"Asu":1},"timestamp":1481646359810,"uptimeNanos":213650537868729,"LogFormat":"1.1"}
43424168-e44e-473a-bf12-dba8a4a4453a 2016-12-13 11:25:59.896390610 2623730 [56368.479667]   388   388 D Kernel-Trace:     kworker/3:2H-12900 [003] ...1 56368.440941: cpu_frequency: state=300000 cpu_id=3
43424168-e44e-473a-bf12-dba8a4a4453a 2016-12-13 11:25:59.896390610 2623731 [56368.479736]   388   388 D Kernel-Trace:      kworker/0:1-18635 [000] ...1 56368.449687: thermal_temp: sensor_id=5 temp=39
43424168-e44e-473a-bf12-dba8a4a4453a 2016-12-13 11:26:00.196390610 2623732 [56368.779773]   388   388 D Kernel-Trace:      kworker/0:1-18635 [000] ...1 56368.699676: thermal_temp: sensor_id=5 temp=39
43424168-e44e-473a-bf12-dba8a4a4453a 2016-12-13 11:26:00.396390610 2623733 [56368.979747]   388   388 D Kernel-Trace:      kworker/0:1-18635 [000] ...1 56368.949714: thermal_temp: sensor_id=5 temp=39
43424168-e44e-473a-bf12-dba8a4a4453a 2016-12-13 11:26:00.696390610 2623734 [56369.279743]   388   388 D Kernel-Trace:      kworker/0:1-18635 [000] ...1 56369.199692: thermal_temp: sensor_id=5 temp=39
43424168-e44e-473a-bf12-dba8a4a4453a 2016-12-13 11:26:00.896390610 2623735 [56369.479785]   388   388 D Kernel-Trace:      kworker/0:1-18635 [000] ...1 56369.449689: thermal_temp: sensor_id=5 temp=39
43424168-e44e-473a-bf12-dba8a4a4453a 2016-12-13 11:26:01.196390610 2623736 [56369.779801]   388   388 D Kernel-Trace:      kworker/0:1-18635 [000] ...1 56369.699684: thermal_temp: sensor_id=5 temp=39
43424168-e44e-473a-bf12-dba8a4a4453a 2016-12-13 11:26:01.356390610 2623737 [56369.942568]   963   975 I Network-Telephony-PhoneLab: {"Action":"android.intent.action.SIG_STR","SignalStrength":{"Type":"CDMA","Level":1,"Strength":-102,"Asu":1},"timestamp":1481646361362,"uptimeNanos":213652089771749,"LogFormat":"1.1"}
43424168-e44e-473a-bf12-dba8a4a4453a 2016-12-13 11:26:01.396390610 2623738 [56369.979768]   388   388 D Kernel-Trace:      kworker/0:1-18635 [000] ...1 56369.949647: thermal_temp: sensor_id=5 temp=39
43424168-e44e-473a-bf12-dba8a4a4453a 2016-12-13 11:26:01.696390610 2623739 [56370.279869]   388   388 D Kernel-Trace:      kworker/0:1-18635 [000] ...1 56370.199594: thermal_temp: sensor_id=5 temp=39
43424168-e44e-473a-bf12-dba8a4a4453a 2016-12-13 11:26:01.896390610 2623740 [56370.479795]   388   388 D Kernel-Trace:      kworker/0:1-18635 [000] ...1 56370.449693: thermal_temp: sensor_id=5 temp=39
43424168-e44e-473a-bf12-dba8a4a4453a 2016-12-13 11:26:02.196390609 2623741 [56370.779657]   388   388 D Kernel-Trace:      kworker/0:1-18635 [000] ...1 56370.699703: thermal_temp: sensor_id=5 temp=39
43424168-e44e-473a-bf12-dba8a4a4453a 2016-12-13 11:26:02.396390609 2623742 [56370.979794]   388   388 D Kernel-Trace:      kworker/0:1-18635 [000] ...1 56370.949687: thermal_temp: sensor_id=5 temp=39
43424168-e44e-473a-bf12-dba8a4a4453a 2016-12-13 11:26:02.696390609 2623743 [56371.279801]   388   388 D Kernel-Trace:      kworker/0:1-18635 [000] ...1 56371.199654: thermal_temp: sensor_id=5 temp=39
43424168-e44e-473a-bf12-dba8a4a4453a 2016-12-13 11:26:02.896390609 2623744 [56371.479856]   388   388 D Kernel-Trace:     kworker/0:0H-7043  [000] ...1 56371.440224: cpu_frequency: state=422400 cpu_id=0
43424168-e44e-473a-bf12-dba8a4a4453a 2016-12-13 11:26:02.896390609 2623745 [56371.479907]   388   388 D Kernel-Trace:      kworker/0:1-18635 [000] ...1 56371.449768: thermal_temp: sensor_id=5 temp=40
43424168-e44e-473a-bf12-dba8a4a4453a 2016-12-13 11:26:02.906390609 2623746 [56371.492277]   963  1523 I Network-Telephony-PhoneLab: {"Action":"android.telephony.CELL_LOCATION_CHANGED","CellLocation":{"BaseStationId":50691,"BaseStationLatitude":619392,"BaseStationLongitude":-1134600,"SystemId":4107,"NetworkId":201},"timestamp":1481646362912,"uptimeNanos":213653639404613,"LogFormat":"1.1"}
43424168-e44e-473a-bf12-dba8a4a4453a 2016-12-13 11:26:02.996390609 2623747 [56371.579774]   388   388 D Kernel-Trace:     kworker/0:0H-7043  [000] ...1 56371.480277: cpu_frequency: state=300000 cpu_id=0
43424168-e44e-473a-bf12-dba8a4a4453a 2016-12-13 11:26:03.196390609 2623748 [56371.779766]   388   388 D Kernel-Trace:      kworker/0:1-18635 [000] ...1 56371.699684: thermal_temp: sensor_id=5 temp=39
43424168-e44e-473a-bf12-dba8a4a4453a 2016-12-13 11:26:03.396390609 2623749 [56371.979755]   388   388 D Kernel-Trace:      kworker/0:1-18635 [000] ...1 56371.949650: thermal_temp: sensor_id=5 temp=39
43424168-e44e-473a-bf12-dba8a4a4453a 2016-12-13 11:26:03.696390609 2623750 [56372.279754]   388   388 D Kernel-Trace:      kworker/0:1-18635 [000] ...1 56372.199685: thermal_temp: sensor_id=5 temp=39
43424168-e44e-473a-bf12-dba8a4a4453a 2016-12-13 11:26:03.896390609 2623751 [56372.479828]   388   388 D Kernel-Trace:      kworker/0:1-18635 [000] ...1 56372.449681: thermal_temp: sensor_id=5 temp=39
43424168-e44e-473a-bf12-dba8a4a4453a 2016-12-13 11:26:03.926390609 2623752 [56372.510377]   963 29954 D NetlinkSocketObserver: NeighborEvent{elapsedMs=213654657, 192.168.1.1, [10FEEDE58C95], RTM_NEWNEIGH, NUD_STALE}
43424168-e44e-473a-bf12-dba8a4a4453a 2016-12-13 11:26:04.206390609 2623753 [56372.789807]   388   388 D Kernel-Trace:      kworker/0:1-18635 [000] ...1 56372.699642: thermal_temp: sensor_id=5 temp=39
43424168-e44e-473a-bf12-dba8a4a4453a 2016-12-13 11:26:04.406390609 2623754 [56372.989770]   388   388 D Kernel-Trace:      kworker/0:1-18635 [000] ...1 56372.949679: thermal_temp: sensor_id=5 temp=39
43424168-e44e-473a-bf12-dba8a4a4453a 2016-12-13 11:26:04.616390609 2623755 [56373.199890]   388   388 D Kernel-Trace:      kworker/0:1-18635 [000] ...1 56373.199710: thermal_temp: sensor_id=5 temp=39
43424168-e44e-473a-bf12-dba8a4a4453a 2016-12-13 11:26:04.916390608 2623756 [56373.499788]   388   388 D Kernel-Trace:      kworker/0:1-18635 [000] ...1 56373.449655: thermal_temp: sensor_id=5 temp=39
43424168-e44e-473a-bf12-dba8a4a4453a 2016-12-13 11:26:05.116390608 2623757 [56373.699947]   388   388 D Kernel-Trace:      kworker/0:1-18635 [000] ...1 56373.699771: thermal_temp: sensor_id=5 temp=39
43424168-e44e-473a-bf12-dba8a4a4453a 2016-12-13 11:26:05.236390608 2623758 [56373.823660]  2875  2875 W msgr.b  : The sessioned store is not available. Are you fetching sessioned quick experiment data while the user is logged out?
43424168-e44e-473a-bf12-dba8a4a4453a 2016-12-13 11:26:05.416390608 2623759 [56373.999796]   388   388 D Kernel-Trace:      kworker/0:1-18635 [000] ...1 56373.949635: thermal_temp: sensor_id=5 temp=39
43424168-e44e-473a-bf12-dba8a4a4453a 2016-12-13 11:26:05.616390608 2623760 [56374.199888]   388   388 D Kernel-Trace:      kworker/0:1-18635 [000] ...1 56374.199722: thermal_temp: sensor_id=5 temp=39
43424168-e44e-473a-bf12-dba8a4a4453a 2016-12-13 11:26:05.816390608 2623761 [56374.399644]   388   388 D Kernel-Trace:     kworker/0:0H-7043  [000] ...1 56374.350150: cpu_frequency: state=1497600 cpu_id=0
43424168-e44e-473a-bf12-dba8a4a4453a 2016-12-13 11:26:05.826390608 2623762 [56374.409751]   387   387 D KernelPrintk: 6,349769,56374405619,-;store_sar_wifi: set wifi tx power limit = 76
43424168-e44e-473a-bf12-dba8a4a4453a 2016-12-13 11:26:05.916390608 2623763 [56374.499856]   388   388 D Kernel-Trace:     kworker/0:0H-7043  [000] ...1 56374.400502: cpu_frequency: state=300000 cpu_id=0
43424168-e44e-473a-bf12-dba8a4a4453a 2016-12-13 11:26:05.916390608 2623764 [56374.499919]   388   388 D Kernel-Trace:      kworker/0:1-18635 [000] ...1 56374.449878: thermal_temp: sensor_id=5 temp=39
43424168-e44e-473a-bf12-dba8a4a4453a 2016-12-13 11:26:06.216390608 2623765 [56374.799798]   388   388 D Kernel-Trace:      kworker/0:1-18635 [000] ...1 56374.699759: thermal_temp: sensor_id=5 temp=39
43424168-e44e-473a-bf12-dba8a4a4453a 2016-12-13 11:26:06.416390608 2623766 [56374.999788]   388   388 D Kernel-Trace:      kworker/0:1-18635 [000] ...1 56374.949639: thermal_temp: sensor_id=5 temp=39
43424168-e44e-473a-bf12-dba8a4a4453a 2016-12-13 11:26:06.616390608 2623767 [56375.199899]   388   388 D Kernel-Trace:      kworker/0:1-18635 [000] ...1 56375.199714: thermal_temp: sensor_id=5 temp=39
